
> yash-soni-official@0.1.0 build
> next build

Γû▓ Next.js 16.1.1 (Turbopack)
- Experiments (use with caution):
  ┬╖ optimizePackageImports

  Creating an optimized production build ...
node.exe : 
At line:1 char:1
+ & "C:\Program Files\nodejs/node.exe" "C:\Program Files\nodejs/node_mo ...
+ ~~~~~~~~~~~~~~~~~~~~~~~~~~~~~~~~~~~~~~~~~~~~~~~~~~~~~~~~~~~~~~~~~~~~~
    + CategoryInfo          : NotSpecified: (:String) [], RemoteException
    + FullyQualifiedErrorId : NativeCommandError
 
> Build error occurred
Error: Turbopack build failed with 243 errors:
./app/anchor-in-agra/page.jsx:32:3
Ecmascript file had an error
[0m [90m 30 |[39m   useInView } [36mfrom[39m [32m"framer-motion"[39m[33m;[39m
 [90m 31 |[39m [36mimport[39m {
[31m[1m>[22m[39m[90m 32 |[39m   [33mMapPin[39m[33m,[39m
 [90m    |[39m   [31m[1m^[22m[39m[31m[1m^[22m[39m[31m[1m^[22m[39m[31m[1m^[22m[39m[31m[1m^[22m[39m
[31m[1m^[22m[39m
 [90m 33 |[39m   useRef[33m,[39m
 [90m 34 |[39m   useState
 [90m 35 |[39m } [36mfrom[39m [32m"lucide-react"[39m[33m;[39m[0m

the name `MapPin` is defined multiple times

Import traces:
  Client Component Browser:
    ./app/anchor-in-agra/page.jsx [Client Component Browser]
    ./app/anchor-in-agra/page.jsx [Server Component]

  Client Component SSR:
    ./app/anchor-in-agra/page.jsx [Client Component SSR]
    ./app/anchor-in-agra/page.jsx [Server Component]


./app/anchor-in-ajmer/page.jsx:34:3
Ecmascript file had an error
[0m [90m 32 |[39m   useInView } [36mfrom[39m [32m"framer-motion"[39m[33m;[39m
 [90m 33 |[39m [36mimport[39m {
[31m[1m>[22m[39m[90m 34 |[39m   [33mMapPin[39m[33m,[39m
 [90m    |[39m   [31m[1m^[22m[39m[31m[1m^[22m[39m[31m[1m^[22m[39m[31m[1m^[22m[39m[31m[1m^[22m[39m
[31m[1m^[22m[39m
 [90m 35 |[39m   useRef[33m,[39m
 [90m 36 |[39m   useState
 [90m 37 |[39m } [36mfrom[39m [32m"lucide-react"[39m[33m;[39m[0m

the name `MapPin` is defined multiple times

Import traces:
  Client Component Browser:
    ./app/anchor-in-ajmer/page.jsx [Client Component Browser]
    ./app/anchor-in-ajmer/page.jsx [Server Component]

  Client Component SSR:
    ./app/anchor-in-ajmer/page.jsx [Client Component SSR]
    ./app/anchor-in-ajmer/page.jsx [Server Component]


./app/anchor-in-alibaug/page.jsx:33:3
Ecmascript file had an error
[0m [90m 31 |[39m   useInView } [36mfrom[39m [32m"framer-motion"[39m[33m;[39m
 [90m 32 |[39m [36mimport[39m {
[31m[1m>[22m[39m[90m 33 |[39m   [33mMapPin[39m[33m,[39m
 [90m    |[39m   [31m[1m^[22m[39m[31m[1m^[22m[39m[31m[1m^[22m[39m[31m[1m^[22m[39m[31m[1m^[22m[39m
[31m[1m^[22m[39m
 [90m 34 |[39m   useRef[33m,[39m
 [90m 35 |[39m   useState
 [90m 36 |[39m } [36mfrom[39m [32m"lucide-react"[39m[33m;[39m[0m

the name `MapPin` is defined multiple times

Import traces:
  Client Component Browser:
    ./app/anchor-in-alibaug/page.jsx [Client Component Browser]
    ./app/anchor-in-alibaug/page.jsx [Server Component]

  Client Component SSR:
    ./app/anchor-in-alibaug/page.jsx [Client Component SSR]
    ./app/anchor-in-alibaug/page.jsx [Server Component]


./app/anchor-in-andaman/page.jsx:33:3
Ecmascript file had an error
[0m [90m 31 |[39m   useInView } [36mfrom[39m [32m"framer-motion"[39m[33m;[39m
 [90m 32 |[39m [36mimport[39m {
[31m[1m>[22m[39m[90m 33 |[39m   [33mMapPin[39m[33m,[39m
 [90m    |[39m   [31m[1m^[22m[39m[31m[1m^[22m[39m[31m[1m^[22m[39m[31m[1m^[22m[39m[31m[1m^[22m[39m
[31m[1m^[22m[39m
 [90m 34 |[39m   useRef[33m,[39m
 [90m 35 |[39m   useState
 [90m 36 |[39m } [36mfrom[39m [32m"lucide-react"[39m[33m;[39m[0m

the name `MapPin` is defined multiple times

Import traces:
  Client Component Browser:
    ./app/anchor-in-andaman/page.jsx [Client Component Browser]
    ./app/anchor-in-andaman/page.jsx [Server Component]

  Client Component SSR:
    ./app/anchor-in-andaman/page.jsx [Client Component SSR]
    ./app/anchor-in-andaman/page.jsx [Server Component]


./app/anchor-in-bangalore/page.jsx:31:3
Ecmascript file had an error
[0m [90m 29 |[39m   useInView } [36mfrom[39m [32m"framer-motion"[39m[33m;[39m
 [90m 30 |[39m [36mimport[39m {
[31m[1m>[22m[39m[90m 31 |[39m   [33mMapPin[39m[33m,[39m
 [90m    |[39m   [31m[1m^[22m[39m[31m[1m^[22m[39m[31m[1m^[22m[39m[31m[1m^[22m[39m[31m[1m^[22m[39m
[31m[1m^[22m[39m
 [90m 32 |[39m   useRef[33m,[39m
 [90m 33 |[39m   useState
 [90m 34 |[39m } [36mfrom[39m [32m"lucide-react"[39m[33m;[39m[0m

the name `MapPin` is defined multiple times

Import traces:
  Client Component Browser:
    ./app/anchor-in-bangalore/page.jsx [Client Component Browser]
    ./app/anchor-in-bangalore/page.jsx [Server Component]

  Client Component SSR:
    ./app/anchor-in-bangalore/page.jsx [Client Component SSR]
    ./app/anchor-in-bangalore/page.jsx [Server Component]


./app/anchor-in-bharatpur/page.jsx:31:3
Ecmascript file had an error
[0m [90m 29 |[39m   useInView } [36mfrom[39m [32m"framer-motion"[39m[33m;[39m
 [90m 30 |[39m [36mimport[39m {
[31m[1m>[22m[39m[90m 31 |[39m   [33mMapPin[39m[33m,[39m
 [90m    |[39m   [31m[1m^[22m[39m[31m[1m^[22m[39m[31m[1m^[22m[39m[31m[1m^[22m[39m[31m[1m^[22m[39m
[31m[1m^[22m[39m
 [90m 32 |[39m   useRef[33m,[39m
 [90m 33 |[39m   useState
 [90m 34 |[39m } [36mfrom[39m [32m"lucide-react"[39m[33m;[39m[0m

the name `MapPin` is defined multiple times

Import traces:
  Client Component Browser:
    ./app/anchor-in-bharatpur/page.jsx [Client Component Browser]
    ./app/anchor-in-bharatpur/page.jsx [Server Component]

  Client Component SSR:
    ./app/anchor-in-bharatpur/page.jsx [Client Component SSR]
    ./app/anchor-in-bharatpur/page.jsx [Server Component]


./app/anchor-in-bikaner/page.jsx:31:3
Ecmascript file had an error
[0m [90m 29 |[39m   useInView } [36mfrom[39m [32m"framer-motion"[39m[33m;[39m
 [90m 30 |[39m [36mimport[39m {
[31m[1m>[22m[39m[90m 31 |[39m   [33mMapPin[39m[33m,[39m
 [90m    |[39m   [31m[1m^[22m[39m[31m[1m^[22m[39m[31m[1m^[22m[39m[31m[1m^[22m[39m[31m[1m^[22m[39m
[31m[1m^[22m[39m
 [90m 32 |[39m   useRef[33m,[39m
 [90m 33 |[39m   useState
 [90m 34 |[39m } [36mfrom[39m [32m"lucide-react"[39m[33m;[39m[0m

the name `MapPin` is defined multiple times

Import traces:
  Client Component Browser:
    ./app/anchor-in-bikaner/page.jsx [Client Component Browser]
    ./app/anchor-in-bikaner/page.jsx [Server Component]

  Client Component SSR:
    ./app/anchor-in-bikaner/page.jsx [Client Component SSR]
    ./app/anchor-in-bikaner/page.jsx [Server Component]


./app/anchor-in-chennai/page.jsx:32:3
Ecmascript file had an error
[0m [90m 30 |[39m   useInView } [36mfrom[39m [32m"framer-motion"[39m[33m;[39m
 [90m 31 |[39m [36mimport[39m {
[31m[1m>[22m[39m[90m 32 |[39m   [33mMapPin[39m[33m,[39m
 [90m    |[39m   [31m[1m^[22m[39m[31m[1m^[22m[39m[31m[1m^[22m[39m[31m[1m^[22m[39m[31m[1m^[22m[39m
[31m[1m^[22m[39m
 [90m 33 |[39m   useRef[33m,[39m
 [90m 34 |[39m   useState
 [90m 35 |[39m } [36mfrom[39m [32m"lucide-react"[39m[33m;[39m[0m

the name `MapPin` is defined multiple times

Import traces:
  Client Component Browser:
    ./app/anchor-in-chennai/page.jsx [Client Component Browser]
    ./app/anchor-in-chennai/page.jsx [Server Component]

  Client Component SSR:
    ./app/anchor-in-chennai/page.jsx [Client Component SSR]
    ./app/anchor-in-chennai/page.jsx [Server Component]


./app/anchor-in-chittorgarh/page.jsx:31:3
Ecmascript file had an error
[0m [90m 29 |[39m   useInView } [36mfrom[39m [32m"framer-motion"[39m[33m;[39m
 [90m 30 |[39m [36mimport[39m {
[31m[1m>[22m[39m[90m 31 |[39m   [33mMapPin[39m[33m,[39m
 [90m    |[39m   [31m[1m^[22m[39m[31m[1m^[22m[39m[31m[1m^[22m[39m[31m[1m^[22m[39m[31m[1m^[22m[39m
[31m[1m^[22m[39m
 [90m 32 |[39m   useRef[33m,[39m
 [90m 33 |[39m   useState
 [90m 34 |[39m } [36mfrom[39m [32m"lucide-react"[39m[33m;[39m[0m

the name `MapPin` is defined multiple times

Import traces:
  Client Component Browser:
    ./app/anchor-in-chittorgarh/page.jsx [Client Component Browser]
    ./app/anchor-in-chittorgarh/page.jsx [Server Component]

  Client Component SSR:
    ./app/anchor-in-chittorgarh/page.jsx [Client Component SSR]
    ./app/anchor-in-chittorgarh/page.jsx [Server Component]


./app/anchor-in-coorg/page.jsx:32:3
Ecmascript file had an error
[0m [90m 30 |[39m   useInView } [36mfrom[39m [32m"framer-motion"[39m[33m;[39m
 [90m 31 |[39m [36mimport[39m {
[31m[1m>[22m[39m[90m 32 |[39m   [33mMapPin[39m[33m,[39m
 [90m    |[39m   [31m[1m^[22m[39m[31m[1m^[22m[39m[31m[1m^[22m[39m[31m[1m^[22m[39m[31m[1m^[22m[39m
[31m[1m^[22m[39m
 [90m 33 |[39m   useRef[33m,[39m
 [90m 34 |[39m   useState
 [90m 35 |[39m } [36mfrom[39m [32m"lucide-react"[39m[33m;[39m[0m

the name `MapPin` is defined multiple times

Import traces:
  Client Component Browser:
    ./app/anchor-in-coorg/page.jsx [Client Component Browser]
    ./app/anchor-in-coorg/page.jsx [Server Component]

  Client Component SSR:
    ./app/anchor-in-coorg/page.jsx [Client Component SSR]
    ./app/anchor-in-coorg/page.jsx [Server Component]


./app/anchor-in-dharamshala/page.jsx:32:3
Ecmascript file had an error
[0m [90m 30 |[39m   useInView } [36mfrom[39m [32m"framer-motion"[39m[33m;[39m
 [90m 31 |[39m [36mimport[39m {
[31m[1m>[22m[39m[90m 32 |[39m   [33mMapPin[39m[33m,[39m
 [90m    |[39m   [31m[1m^[22m[39m[31m[1m^[22m[39m[31m[1m^[22m[39m[31m[1m^[22m[39m[31m[1m^[22m[39m
[31m[1m^[22m[39m
 [90m 33 |[39m   useRef[33m,[39m
 [90m 34 |[39m   useState
 [90m 35 |[39m } [36mfrom[39m [32m"lucide-react"[39m[33m;[39m[0m

the name `MapPin` is defined multiple times

Import traces:
  Client Component Browser:
    ./app/anchor-in-dharamshala/page.jsx [Client Component Browser]
    ./app/anchor-in-dharamshala/page.jsx [Server Component]

  Client Component SSR:
    ./app/anchor-in-dharamshala/page.jsx [Client Component SSR]
    ./app/anchor-in-dharamshala/page.jsx [Server Component]


./app/anchor-in-goa/page.jsx:32:3
Ecmascript file had an error
[0m [90m 30 |[39m   useInView } [36mfrom[39m [32m"framer-motion"[39m[33m;[39m
 [90m 31 |[39m [36mimport[39m {
[31m[1m>[22m[39m[90m 32 |[39m   [33mMapPin[39m[33m,[39m
 [90m    |[39m   [31m[1m^[22m[39m[31m[1m^[22m[39m[31m[1m^[22m[39m[31m[1m^[22m[39m[31m[1m^[22m[39m
[31m[1m^[22m[39m
 [90m 33 |[39m   useRef[33m,[39m
 [90m 34 |[39m   useState
 [90m 35 |[39m } [36mfrom[39m [32m"lucide-react"[39m[33m;[39m[0m

the name `MapPin` is defined multiple times

Import traces:
  Client Component Browser:
    ./app/anchor-in-goa/page.jsx [Client Component Browser]
    ./app/anchor-in-goa/page.jsx [Server Component]

  Client Component SSR:
    ./app/anchor-in-goa/page.jsx [Client Component SSR]
    ./app/anchor-in-goa/page.jsx [Server Component]


./app/anchor-in-haridwar/page.jsx:32:3
Ecmascript file had an error
[0m [90m 30 |[39m   useInView } [36mfrom[39m [32m"framer-motion"[39m[33m;[39m
 [90m 31 |[39m [36mimport[39m {
[31m[1m>[22m[39m[90m 32 |[39m   [33mMapPin[39m[33m,[39m
 [90m    |[39m   [31m[1m^[22m[39m[31m[1m^[22m[39m[31m[1m^[22m[39m[31m[1m^[22m[39m[31m[1m^[22m[39m
[31m[1m^[22m[39m
 [90m 33 |[39m   useRef[33m,[39m
 [90m 34 |[39m   useState
 [90m 35 |[39m } [36mfrom[39m [32m"lucide-react"[39m[33m;[39m[0m

the name `MapPin` is defined multiple times

Import traces:
  Client Component Browser:
    ./app/anchor-in-haridwar/page.jsx [Client Component Browser]
    ./app/anchor-in-haridwar/page.jsx [Server Component]

  Client Component SSR:
    ./app/anchor-in-haridwar/page.jsx [Client Component SSR]
    ./app/anchor-in-haridwar/page.jsx [Server Component]


./app/anchor-in-hyderabad/page.jsx:33:3
Ecmascript file had an error
[0m [90m 31 |[39m   useInView } [36mfrom[39m [32m"framer-motion"[39m[33m;[39m
 [90m 32 |[39m [36mimport[39m {
[31m[1m>[22m[39m[90m 33 |[39m   [33mMapPin[39m[33m,[39m
 [90m    |[39m   [31m[1m^[22m[39m[31m[1m^[22m[39m[31m[1m^[22m[39m[31m[1m^[22m[39m[31m[1m^[22m[39m
[31m[1m^[22m[39m
 [90m 34 |[39m   useRef[33m,[39m
 [90m 35 |[39m   useState
 [90m 36 |[39m } [36mfrom[39m [32m"lucide-react"[39m[33m;[39m[0m

the name `MapPin` is defined multiple times

Import traces:
  Client Component Browser:
    ./app/anchor-in-hyderabad/page.jsx [Client Component Browser]
    ./app/anchor-in-hyderabad/page.jsx [Server Component]

  Client Component SSR:
    ./app/anchor-in-hyderabad/page.jsx [Client Component SSR]
    ./app/anchor-in-hyderabad/page.jsx [Server Component]


./app/anchor-in-jaisalmer/page.jsx:32:3
Ecmascript file had an error
[0m [90m 30 |[39m   useInView } [36mfrom[39m [32m"framer-motion"[39m[33m;[39m
 [90m 31 |[39m [36mimport[39m {
[31m[1m>[22m[39m[90m 32 |[39m   [33mMapPin[39m[33m,[39m
 [90m    |[39m   [31m[1m^[22m[39m[31m[1m^[22m[39m[31m[1m^[22m[39m[31m[1m^[22m[39m[31m[1m^[22m[39m
[31m[1m^[22m[39m
 [90m 33 |[39m   useRef[33m,[39m
 [90m 34 |[39m   useState
 [90m 35 |[39m } [36mfrom[39m [32m"lucide-react"[39m[33m;[39m[0m

the name `MapPin` is defined multiple times

Import traces:
  Client Component Browser:
    ./app/anchor-in-jaisalmer/page.jsx [Client Component Browser]
    ./app/anchor-in-jaisalmer/page.jsx [Server Component]

  Client Component SSR:
    ./app/anchor-in-jaisalmer/page.jsx [Client Component SSR]
    ./app/anchor-in-jaisalmer/page.jsx [Server Component]


./app/anchor-in-kolkata/page.jsx:33:3
Ecmascript file had an error
[0m [90m 31 |[39m   useInView } [36mfrom[39m [32m"framer-motion"[39m[33m;[39m
 [90m 32 |[39m [36mimport[39m {
[31m[1m>[22m[39m[90m 33 |[39m   [33mMapPin[39m[33m,[39m
 [90m    |[39m   [31m[1m^[22m[39m[31m[1m^[22m[39m[31m[1m^[22m[39m[31m[1m^[22m[39m[31m[1m^[22m[39m
[31m[1m^[22m[39m
 [90m 34 |[39m   useRef[33m,[39m
 [90m 35 |[39m   useState
 [90m 36 |[39m } [36mfrom[39m [32m"lucide-react"[39m[33m;[39m[0m

the name `MapPin` is defined multiple times

Import traces:
  Client Component Browser:
    ./app/anchor-in-kolkata/page.jsx [Client Component Browser]
    ./app/anchor-in-kolkata/page.jsx [Server Component]

  Client Component SSR:
    ./app/anchor-in-kolkata/page.jsx [Client Component SSR]
    ./app/anchor-in-kolkata/page.jsx [Server Component]


./app/anchor-in-kota/page.jsx:31:3
Ecmascript file had an error
[0m [90m 29 |[39m   useInView } [36mfrom[39m [32m"framer-motion"[39m[33m;[39m
 [90m 30 |[39m [36mimport[39m {
[31m[1m>[22m[39m[90m 31 |[39m   [33mMapPin[39m[33m,[39m
 [90m    |[39m   [31m[1m^[22m[39m[31m[1m^[22m[39m[31m[1m^[22m[39m[31m[1m^[22m[39m[31m[1m^[22m[39m
[31m[1m^[22m[39m
 [90m 32 |[39m   useRef[33m,[39m
 [90m 33 |[39m   useState
 [90m 34 |[39m } [36mfrom[39m [32m"lucide-react"[39m[33m;[39m[0m

the name `MapPin` is defined multiple times

Import traces:
  Client Component Browser:
    ./app/anchor-in-kota/page.jsx [Client Component Browser]
    ./app/anchor-in-kota/page.jsx [Server Component]

  Client Component SSR:
    ./app/anchor-in-kota/page.jsx [Client Component SSR]
    ./app/anchor-in-kota/page.jsx [Server Component]


./app/anchor-in-manali/page.jsx:32:3
Ecmascript file had an error
[0m [90m 30 |[39m   useInView } [36mfrom[39m [32m"framer-motion"[39m[33m;[39m
 [90m 31 |[39m [36mimport[39m {
[31m[1m>[22m[39m[90m 32 |[39m   [33mMapPin[39m[33m,[39m
 [90m    |[39m   [31m[1m^[22m[39m[31m[1m^[22m[39m[31m[1m^[22m[39m[31m[1m^[22m[39m[31m[1m^[22m[39m
[31m[1m^[22m[39m
 [90m 33 |[39m   useRef[33m,[39m
 [90m 34 |[39m   useState
 [90m 35 |[39m } [36mfrom[39m [32m"lucide-react"[39m[33m;[39m[0m

the name `MapPin` is defined multiple times

Import traces:
  Client Component Browser:
    ./app/anchor-in-manali/page.jsx [Client Component Browser]
    ./app/anchor-in-manali/page.jsx [Server Component]

  Client Component SSR:
    ./app/anchor-in-manali/page.jsx [Client Component SSR]
    ./app/anchor-in-manali/page.jsx [Server Component]


./app/anchor-in-mandawa/page.jsx:31:3
Ecmascript file had an error
[0m [90m 29 |[39m   useInView } [36mfrom[39m [32m"framer-motion"[39m[33m;[39m
 [90m 30 |[39m [36mimport[39m {
[31m[1m>[22m[39m[90m 31 |[39m   [33mMapPin[39m[33m,[39m
 [90m    |[39m   [31m[1m^[22m[39m[31m[1m^[22m[39m[31m[1m^[22m[39m[31m[1m^[22m[39m[31m[1m^[22m[39m
[31m[1m^[22m[39m
 [90m 32 |[39m   useRef[33m,[39m
 [90m 33 |[39m   useState
 [90m 34 |[39m } [36mfrom[39m [32m"lucide-react"[39m[33m;[39m[0m

the name `MapPin` is defined multiple times

Import traces:
  Client Component Browser:
    ./app/anchor-in-mandawa/page.jsx [Client Component Browser]
    ./app/anchor-in-mandawa/page.jsx [Server Component]

  Client Component SSR:
    ./app/anchor-in-mandawa/page.jsx [Client Component SSR]
    ./app/anchor-in-mandawa/page.jsx [Server Component]


./app/anchor-in-mount-abu/page.jsx:31:3
Ecmascript file had an error
[0m [90m 29 |[39m   useInView } [36mfrom[39m [32m"framer-motion"[39m[33m;[39m
 [90m 30 |[39m [36mimport[39m {
[31m[1m>[22m[39m[90m 31 |[39m   [33mMapPin[39m[33m,[39m
 [90m    |[39m   [31m[1m^[22m[39m[31m[1m^[22m[39m[31m[1m^[22m[39m[31m[1m^[22m[39m[31m[1m^[22m[39m
[31m[1m^[22m[39m
 [90m 32 |[39m   useRef[33m,[39m
 [90m 33 |[39m   useState
 [90m 34 |[39m } [36mfrom[39m [32m"lucide-react"[39m[33m;[39m[0m

the name `MapPin` is defined multiple times

Import traces:
  Client Component Browser:
    ./app/anchor-in-mount-abu/page.jsx [Client Component Browser]
    ./app/anchor-in-mount-abu/page.jsx [Server Component]

  Client Component SSR:
    ./app/anchor-in-mount-abu/page.jsx [Client Component SSR]
    ./app/anchor-in-mount-abu/page.jsx [Server Component]


./app/anchor-in-mussoorie/page.jsx:31:3
Ecmascript file had an error
[0m [90m 29 |[39m   useInView } [36mfrom[39m [32m"framer-motion"[39m[33m;[39m
 [90m 30 |[39m [36mimport[39m {
[31m[1m>[22m[39m[90m 31 |[39m   [33mMapPin[39m[33m,[39m
 [90m    |[39m   [31m[1m^[22m[39m[31m[1m^[22m[39m[31m[1m^[22m[39m[31m[1m^[22m[39m[31m[1m^[22m[39m
[31m[1m^[22m[39m
 [90m 32 |[39m   useRef[33m,[39m
 [90m 33 |[39m   useState
 [90m 34 |[39m } [36mfrom[39m [32m"lucide-react"[39m[33m;[39m[0m

the name `MapPin` is defined multiple times

Import traces:
  Client Component Browser:
    ./app/anchor-in-mussoorie/page.jsx [Client Component Browser]
    ./app/anchor-in-mussoorie/page.jsx [Server Component]

  Client Component SSR:
    ./app/anchor-in-mussoorie/page.jsx [Client Component SSR]
    ./app/anchor-in-mussoorie/page.jsx [Server Component]


./app/anchor-in-nainital/page.jsx:33:3
Ecmascript file had an error
[0m [90m 31 |[39m   useInView } [36mfrom[39m [32m"framer-motion"[39m[33m;[39m
 [90m 32 |[39m [36mimport[39m {
[31m[1m>[22m[39m[90m 33 |[39m   [33mMapPin[39m[33m,[39m
 [90m    |[39m   [31m[1m^[22m[39m[31m[1m^[22m[39m[31m[1m^[22m[39m[31m[1m^[22m[39m[31m[1m^[22m[39m
[31m[1m^[22m[39m
 [90m 34 |[39m   useRef[33m,[39m
 [90m 35 |[39m   useState
 [90m 36 |[39m } [36mfrom[39m [32m"lucide-react"[39m[33m;[39m[0m

the name `MapPin` is defined multiple times

Import traces:
  Client Component Browser:
    ./app/anchor-in-nainital/page.jsx [Client Component Browser]
    ./app/anchor-in-nainital/page.jsx [Server Component]

  Client Component SSR:
    ./app/anchor-in-nainital/page.jsx [Client Component SSR]
    ./app/anchor-in-nainital/page.jsx [Server Component]


./app/anchor-in-neemrana/page.jsx:33:3
Ecmascript file had an error
[0m [90m 31 |[39m   useInView } [36mfrom[39m [32m"framer-motion"[39m[33m;[39m
 [90m 32 |[39m [36mimport[39m {
[31m[1m>[22m[39m[90m 33 |[39m   [33mMapPin[39m[33m,[39m
 [90m    |[39m   [31m[1m^[22m[39m[31m[1m^[22m[39m[31m[1m^[22m[39m[31m[1m^[22m[39m[31m[1m^[22m[39m
[31m[1m^[22m[39m
 [90m 34 |[39m   useRef[33m,[39m
 [90m 35 |[39m   useState
 [90m 36 |[39m } [36mfrom[39m [32m"lucide-react"[39m[33m;[39m[0m

the name `MapPin` is defined multiple times

Import traces:
  Client Component Browser:
    ./app/anchor-in-neemrana/page.jsx [Client Component Browser]
    ./app/anchor-in-neemrana/page.jsx [Server Component]

  Client Component SSR:
    ./app/anchor-in-neemrana/page.jsx [Client Component SSR]
    ./app/anchor-in-neemrana/page.jsx [Server Component]


./app/anchor-in-ooty/page.jsx:32:3
Ecmascript file had an error
[0m [90m 30 |[39m   useInView } [36mfrom[39m [32m"framer-motion"[39m[33m;[39m
 [90m 31 |[39m [36mimport[39m {
[31m[1m>[22m[39m[90m 32 |[39m   [33mMapPin[39m[33m,[39m
 [90m    |[39m   [31m[1m^[22m[39m[31m[1m^[22m[39m[31m[1m^[22m[39m[31m[1m^[22m[39m[31m[1m^[22m[39m
[31m[1m^[22m[39m
 [90m 33 |[39m   useRef[33m,[39m
 [90m 34 |[39m   useState
 [90m 35 |[39m } [36mfrom[39m [32m"lucide-react"[39m[33m;[39m[0m

the name `MapPin` is defined multiple times

Import traces:
  Client Component Browser:
    ./app/anchor-in-ooty/page.jsx [Client Component Browser]
    ./app/anchor-in-ooty/page.jsx [Server Component]

  Client Component SSR:
    ./app/anchor-in-ooty/page.jsx [Client Component SSR]
    ./app/anchor-in-ooty/page.jsx [Server Component]


./app/anchor-in-pushkar/page.jsx:33:3
Ecmascript file had an error
[0m [90m 31 |[39m   useInView } [36mfrom[39m [32m"framer-motion"[39m[33m;[39m
 [90m 32 |[39m [36mimport[39m {
[31m[1m>[22m[39m[90m 33 |[39m   [33mMapPin[39m[33m,[39m
 [90m    |[39m   [31m[1m^[22m[39m[31m[1m^[22m[39m[31m[1m^[22m[39m[31m[1m^[22m[39m[31m[1m^[22m[39m
[31m[1m^[22m[39m
 [90m 34 |[39m   useRef[33m,[39m
 [90m 35 |[39m   useState
 [90m 36 |[39m } [36mfrom[39m [32m"lucide-react"[39m[33m;[39m[0m

the name `MapPin` is defined multiple times

Import traces:
  Client Component Browser:
    ./app/anchor-in-pushkar/page.jsx [Client Component Browser]
    ./app/anchor-in-pushkar/page.jsx [Server Component]

  Client Component SSR:
    ./app/anchor-in-pushkar/page.jsx [Client Component SSR]
    ./app/anchor-in-pushkar/page.jsx [Server Component]


./app/anchor-in-ranthambore/page.jsx:31:3
Ecmascript file had an error
[0m [90m 29 |[39m   useInView } [36mfrom[39m [32m"framer-motion"[39m[33m;[39m
 [90m 30 |[39m [36mimport[39m {
[31m[1m>[22m[39m[90m 31 |[39m   [33mMapPin[39m[33m,[39m
 [90m    |[39m   [31m[1m^[22m[39m[31m[1m^[22m[39m[31m[1m^[22m[39m[31m[1m^[22m[39m[31m[1m^[22m[39m
[31m[1m^[22m[39m
 [90m 32 |[39m   useRef[33m,[39m
 [90m 33 |[39m   useState
 [90m 34 |[39m } [36mfrom[39m [32m"lucide-react"[39m[33m;[39m[0m

the name `MapPin` is defined multiple times

Import traces:
  Client Component Browser:
    ./app/anchor-in-ranthambore/page.jsx [Client Component Browser]
    ./app/anchor-in-ranthambore/page.jsx [Server Component]

  Client Component SSR:
    ./app/anchor-in-ranthambore/page.jsx [Client Component SSR]
    ./app/anchor-in-ranthambore/page.jsx [Server Component]


./app/anchor-in-rishikesh/page.jsx:33:3
Ecmascript file had an error
[0m [90m 31 |[39m   useInView } [36mfrom[39m [32m"framer-motion"[39m[33m;[39m
 [90m 32 |[39m [36mimport[39m {
[31m[1m>[22m[39m[90m 33 |[39m   [33mMapPin[39m[33m,[39m
 [90m    |[39m   [31m[1m^[22m[39m[31m[1m^[22m[39m[31m[1m^[22m[39m[31m[1m^[22m[39m[31m[1m^[22m[39m
[31m[1m^[22m[39m
 [90m 34 |[39m   useRef[33m,[39m
 [90m 35 |[39m   useState
 [90m 36 |[39m } [36mfrom[39m [32m"lucide-react"[39m[33m;[39m[0m

the name `MapPin` is defined multiple times

Import traces:
  Client Component Browser:
    ./app/anchor-in-rishikesh/page.jsx [Client Component Browser]
    ./app/anchor-in-rishikesh/page.jsx [Server Component]

  Client Component SSR:
    ./app/anchor-in-rishikesh/page.jsx [Client Component SSR]
    ./app/anchor-in-rishikesh/page.jsx [Server Component]


./app/anchor-in-shimla/page.jsx:31:3
Ecmascript file had an error
[0m [90m 29 |[39m   useInView } [36mfrom[39m [32m"framer-motion"[39m[33m;[39m
 [90m 30 |[39m [36mimport[39m {
[31m[1m>[22m[39m[90m 31 |[39m   [33mMapPin[39m[33m,[39m
 [90m    |[39m   [31m[1m^[22m[39m[31m[1m^[22m[39m[31m[1m^[22m[39m[31m[1m^[22m[39m[31m[1m^[22m[39m
[31m[1m^[22m[39m
 [90m 32 |[39m   useRef[33m,[39m
 [90m 33 |[39m   useState
 [90m 34 |[39m } [36mfrom[39m [32m"lucide-react"[39m[33m;[39m[0m

the name `MapPin` is defined multiple times

Import traces:
  Client Component Browser:
    ./app/anchor-in-shimla/page.jsx [Client Component Browser]
    ./app/anchor-in-shimla/page.jsx [Server Component]

  Client Component SSR:
    ./app/anchor-in-shimla/page.jsx [Client Component SSR]
    ./app/anchor-in-shimla/page.jsx [Server Component]


./app/anchor-in-varanasi/page.jsx:32:3
Ecmascript file had an error
[0m [90m 30 |[39m   useInView } [36mfrom[39m [32m"framer-motion"[39m[33m;[39m
 [90m 31 |[39m [36mimport[39m {
[31m[1m>[22m[39m[90m 32 |[39m   [33mMapPin[39m[33m,[39m
 [90m    |[39m   [31m[1m^[22m[39m[31m[1m^[22m[39m[31m[1m^[22m[39m[31m[1m^[22m[39m[31m[1m^[22m[39m
[31m[1m^[22m[39m
 [90m 33 |[39m   useRef[33m,[39m
 [90m 34 |[39m   useState
 [90m 35 |[39m } [36mfrom[39m [32m"lucide-react"[39m[33m;[39m[0m

the name `MapPin` is defined multiple times

Import traces:
  Client Component Browser:
    ./app/anchor-in-varanasi/page.jsx [Client Component Browser]
    ./app/anchor-in-varanasi/page.jsx [Server Component]

  Client Component SSR:
    ./app/anchor-in-varanasi/page.jsx [Client Component SSR]
    ./app/anchor-in-varanasi/page.jsx [Server Component]


./app/award-night-anchor-jaipur/page.jsx:28:3
Ecmascript file had an error
[0m [90m 26 |[39m   useInView } [36mfrom[39m [32m"framer-motion"[39m[33m;[39m
 [90m 27 |[39m [36mimport[39m {
[31m[1m>[22m[39m[90m 28 |[39m   [33mMic2[39m[33m,[39m
 [90m    |[39m   [31m[1m^[22m[39m[31m[1m^[22m[39m[31m[1m^[22m[39m[31m[1m^[22m[39m
 [90m 29 |[39m   useRef[33m,[39m
 [90m 30 |[39m   useState
 [90m 31 |[39m } [36mfrom[39m [32m"lucide-react"[39m[33m;[39m[0m

the name `Mic2` is defined multiple times

Import traces:
  Client Component Browser:
    ./app/award-night-anchor-jaipur/page.jsx [Client Component Browser]
    ./app/award-night-anchor-jaipur/page.jsx [Server Component]

  Client Component SSR:
    ./app/award-night-anchor-jaipur/page.jsx [Client Component SSR]
    ./app/award-night-anchor-jaipur/page.jsx [Server Component]


./app/engagement-roka-ceremony-anchor/page.jsx:30:3
Ecmascript file had an error
[0m [90m 28 |[39m   useInView } [36mfrom[39m [32m"framer-motion"[39m[33m;[39m
 [90m 29 |[39m [36mimport[39m {
[31m[1m>[22m[39m[90m 30 |[39m   [33mMic2[39m[33m,[39m
 [90m    |[39m   [31m[1m^[22m[39m[31m[1m^[22m[39m[31m[1m^[22m[39m[31m[1m^[22m[39m
 [90m 31 |[39m   useRef[33m,[39m
 [90m 32 |[39m   useState
 [90m 33 |[39m } [36mfrom[39m [32m"lucide-react"[39m[33m;[39m[0m

the name `Mic2` is defined multiple times

Import traces:
  Client Component Browser:
    ./app/engagement-roka-ceremony-anchor/page.jsx [Client Component Browser]
    ./app/engagement-roka-ceremony-anchor/page.jsx [Server Component]

  Client Component SSR:
    ./app/engagement-roka-ceremony-anchor/page.jsx [Client Component SSR]
    ./app/engagement-roka-ceremony-anchor/page.jsx [Server Component]


./app/about/layout.jsx:1:1
Parsing ecmascript source code failed
[0m[31m[1m>[22m[39m[90m 1 |[39m [33m/[39m app[33m/[39mabout[33m/[39mlayout[33m.[39mjsx
 [90m   |[39m [31m[1m^[22m[39m[31m[1m^[22m[39m[31m[1m^[22m[39m[31m[1m^[22m[39m[31m[1m^[22m[39m[3
1m[1m^[22m[39m[31m[1m^[22m[39m[31m[1m^[22m[39m[31m[1m^[22m[39m[31m[1m^[22m[39m[31m[1m^[22m[39m
 [90m 2 |[39m [33m/[39m [33mSERVER[39m [33mCOMPONENT[39m ΓÇö all [33mSEO[39m metadata lives here
 [90m 3 |[39m
 [90m 4 |[39m [36mconst[39m personSchema [33m=[39m {[0m

Unknown regular expression flags.


./app/about/page.jsx:16:1
Parsing ecmascript source code failed
[0m [90m 14 |[39m } [36mfrom[39m [32m"lucide-react"[39m[33m;[39m
 [90m 15 |[39m
[31m[1m>[22m[39m[90m 16 |[39m [33m/[39m ΓöÇΓöÇΓöÇΓöÇΓöÇΓöÇΓöÇΓöÇΓöÇΓöÇΓöÇΓöÇΓöÇΓöÇΓöÇΓöÇΓöÇΓöÇΓöÇΓöÇΓöÇΓöÇΓöÇΓö
ÇΓöÇΓöÇΓöÇΓöÇΓöÇΓöÇΓöÇΓöÇΓöÇΓöÇΓöÇΓöÇΓöÇΓöÇΓöÇΓöÇΓöÇ
 [90m    |[39m [31m[1m^[22m[39m[31m[1m^[22m[39m[31m[1m^[22m[39m[31m[1m^[22m[39m[31m[1m^[22m[39m[
31m[1m^[22m[39m[31m[1m^[22m[39m[31m[1m^[22m[39m[31m[1m^[22m[39m[31m[1m^[22m[39m[31m[1m^[22m[39m
[31m[1m^[22m[39m[31m[1m^[22m[39m[31m[1m^[22m[39m[31m[1m^[22m[39m[31m[1m^[22m[39m[31m[1m^[22m[39m
[31m[1m^[22m[39m[31m[1m^[22m[39m[31m[1m^[22m[39m[31m[1m^[22m[39m[31m[1m^[22m[39m[31m[1m^[22m[39
m[31m[1m^[22m[39m[31m[1m^[22m[39m[31m[1m^[22m[39m[31m[1m^[22m[39m[31m[1m^[22m[39m[31m[1m^[22m[3
9m[31m[1m^[22m[39m[31m[1m^[22m[39m[31m[1m^[22m[39m[31m[1m^[22m[39m[31m[1m^[22m[39m[31m[1m^[22m[
39m[31m[1m^[22m[39m[31m[1m^[22m[39m[31m[1m^[22m[39m[31m[1m^[22m[39m[31m[1m^[22m[39m[31m[1m^[22m
[39m[31m[1m^[22m[39m[31m[1m^[22m[39m[31m[1m^[22m[39m[31m[1m^[22m[39m[31m[1m^[22m[39m[31m[1m^[22m
[39m[31m[1m^[22m[39m[31m[1m^[22m[39m[31m[1m^[22m[39m[31m[1m^[22m[39m[31m[1m^[22m[39m[31m[1m^[22
m[39m[31m[1m^[22m[39m[31m[1m^[22m[39m[31m[1m^[22m[39m[31m[1m^[22m[39m[31m[1m^[22m[39m[31m[1m^[2
2m[39m[31m[1m^[22m[39m[31m[1m^[22m[39m[31m[1m^[22m[39m[31m[1m^[22m[39m[31m[1m^[22m[39m[31m[1m^[
22m[39m[31m[1m^[22m[39m[31m[1m^[22m[39m[31m[1m^[22m[39m[31m[1m^[22m[39m[31m[1m^[22m[39m[31m[1m^
[22m[39m[31m[1m^[22m[39m[31m[1m^[22m[39m[31m[1m^[22m[39m[31m[1m^[22m[39m[31m[1m^[22m[39m[31m[1m^
[22m[39m[31m[1m^[22m[39m[31m[1m^[22m[39m[31m[1m^[22m[39m[31m[1m^[22m[39m[31m[1m^[22m[39m[31m[1m
^[22m[39m[31m[1m^[22m[39m[31m[1m^[22m[39m[31m[1m^[22m[39m[31m[1m^[22m[39m[31m[1m^[22m[39m[31m[1
m^[22m[39m[31m[1m^[22m[39m[31m[1m^[22m[39m[31m[1m^[22m[39m[31m[1m^[22m[39m[31m[1m^[22m[39m[31m[
1m^[22m[39m[31m[1m^[22m[39m[31m[1m^[22m[39m[31m[1m^[22m[39m[31m[1m^[22m[39m[31m[1m^[22m[39m[31m
[1m^[22m[39m[31m[1m^[22m[39m[31m[1m^[22m[39m[31m[1m^[22m[39m[31m[1m^[22m[39m[31m[1m^[22m[39m[31m
[1m^[22m[39m[31m[1m^[22m[39m[31m[1m^[22m[39m[31m[1m^[22m[39m[31m[1m^[22m[39m[31m[1m^[22m[39m[31
m[1m^[22m[39m[31m[1m^[22m[39m[31m[1m^[22m[39m[31m[1m^[22m[39m[31m[1m^[22m[39m[31m[1m^[22m[39m[3
1m[1m^[22m[39m[31m[1m^[22m[39m[31m[1m^[22m[39m[31m[1m^[22m[39m[31m[1m^[22m[39m[31m[1m^[22m[39m[
31m[1m^[22m[39m
 [90m 17 |[39m [33m/[39m [33mCONFIG[39m
 [90m 18 |[39m [33m/[39m ΓöÇΓöÇΓöÇΓöÇΓöÇΓöÇΓöÇΓöÇΓöÇΓöÇΓöÇΓöÇΓöÇΓöÇΓöÇΓöÇΓöÇΓöÇΓöÇΓöÇΓöÇΓöÇΓöÇΓöÇΓöÇΓöÇΓöÇΓöÇΓöÇΓöÇ
ΓöÇΓöÇΓöÇΓöÇΓöÇΓöÇΓöÇΓöÇΓöÇΓöÇΓöÇ
 [90m 19 |[39m [36mconst[39m [33mWA[39m [33m=[39m [32m"https://wa.me/917737877978?text=Hi%20Yash!%20I%20read%2
0your%20story%20and%20I%27d%20love%20to%20discuss%20my%20event."[39m[33m;[39m[0m

Unterminated regexp literal


./app/anchor-for-birthday-party-jaipur/layout.jsx:1:1
Parsing ecmascript source code failed
[0m[31m[1m>[22m[39m[90m 1 |[39m [33m/[39m app[33m/[39manchor[33m-[39m[36mfor[39m[33m-[39mbirthday[33m
-[39mparty[33m-[39mjaipur[33m/[39mlayout[33m.[39mjsx
 [90m   |[39m [31m[1m^[22m[39m[31m[1m^[22m[39m[31m[1m^[22m[39m[31m[1m^[22m[39m[31m[1m^[22m[39m[3
1m[1m^[22m[39m[31m[1m^[22m[39m[31m[1m^[22m[39m[31m[1m^[22m[39m[31m[1m^[22m[39m[31m[1m^[22m[39m[
31m[1m^[22m[39m
 [90m 2 |[39m [33m/[39m [33mSERVER[39m [33mCOMPONENT[39m ΓÇö metadata [33m+[39m all schemas
 [90m 3 |[39m
 [90m 4 |[39m [36mconst[39m serviceSchema [33m=[39m {[0m

Unknown regular expression flags.


./app/anchor-for-birthday-party-jaipur/page.jsx:35:1
Parsing ecmascript source code failed
[0m [90m 33 |[39m } [36mfrom[39m [32m"lucide-react"[39m[33m;[39m
 [90m 34 |[39m
[31m[1m>[22m[39m[90m 35 |[39m [33m/[39m ΓöÇΓöÇΓöÇΓöÇΓöÇΓöÇΓöÇΓöÇΓöÇΓöÇΓöÇΓöÇΓöÇΓöÇΓöÇΓöÇΓöÇΓöÇΓöÇΓöÇΓöÇΓöÇΓöÇΓö
ÇΓöÇΓöÇΓöÇΓöÇΓöÇΓöÇΓöÇΓöÇΓöÇΓöÇΓöÇΓöÇΓöÇΓöÇΓöÇΓöÇΓöÇΓöÇΓöÇΓöÇΓöÇ
 [90m    |[39m [31m[1m^[22m[39m[31m[1m^[22m[39m[31m[1m^[22m[39m[31m[1m^[22m[39m[31m[1m^[22m[39m[
31m[1m^[22m[39m[31m[1m^[22m[39m[31m[1m^[22m[39m[31m[1m^[22m[39m[31m[1m^[22m[39m[31m[1m^[22m[39m
[31m[1m^[22m[39m[31m[1m^[22m[39m[31m[1m^[22m[39m[31m[1m^[22m[39m[31m[1m^[22m[39m[31m[1m^[22m[39m
[31m[1m^[22m[39m[31m[1m^[22m[39m[31m[1m^[22m[39m[31m[1m^[22m[39m[31m[1m^[22m[39m[31m[1m^[22m[39
m[31m[1m^[22m[39m[31m[1m^[22m[39m[31m[1m^[22m[39m[31m[1m^[22m[39m[31m[1m^[22m[39m[31m[1m^[22m[3
9m[31m[1m^[22m[39m[31m[1m^[22m[39m[31m[1m^[22m[39m[31m[1m^[22m[39m[31m[1m^[22m[39m[31m[1m^[22m[
39m[31m[1m^[22m[39m[31m[1m^[22m[39m[31m[1m^[22m[39m[31m[1m^[22m[39m[31m[1m^[22m[39m[31m[1m^[22m
[39m[31m[1m^[22m[39m[31m[1m^[22m[39m[31m[1m^[22m[39m[31m[1m^[22m[39m[31m[1m^[22m[39m[31m[1m^[22m
[39m[31m[1m^[22m[39m[31m[1m^[22m[39m[31m[1m^[22m[39m[31m[1m^[22m[39m[31m[1m^[22m[39m[31m[1m^[22
m[39m[31m[1m^[22m[39m[31m[1m^[22m[39m[31m[1m^[22m[39m[31m[1m^[22m[39m[31m[1m^[22m[39m[31m[1m^[2
2m[39m[31m[1m^[22m[39m[31m[1m^[22m[39m[31m[1m^[22m[39m[31m[1m^[22m[39m[31m[1m^[22m[39m[31m[1m^[
22m[39m[31m[1m^[22m[39m[31m[1m^[22m[39m[31m[1m^[22m[39m[31m[1m^[22m[39m[31m[1m^[22m[39m[31m[1m^
[22m[39m[31m[1m^[22m[39m[31m[1m^[22m[39m[31m[1m^[22m[39m[31m[1m^[22m[39m[31m[1m^[22m[39m[31m[1m^
[22m[39m[31m[1m^[22m[39m[31m[1m^[22m[39m[31m[1m^[22m[39m[31m[1m^[22m[39m[31m[1m^[22m[39m[31m[1m
^[22m[39m[31m[1m^[22m[39m[31m[1m^[22m[39m[31m[1m^[22m[39m[31m[1m^[22m[39m[31m[1m^[22m[39m[31m[1
m^[22m[39m[31m[1m^[22m[39m[31m[1m^[22m[39m[31m[1m^[22m[39m[31m[1m^[22m[39m[31m[1m^[22m[39m[31m[
1m^[22m[39m[31m[1m^[22m[39m[31m[1m^[22m[39m[31m[1m^[22m[39m[31m[1m^[22m[39m[31m[1m^[22m[39m[31m
[1m^[22m[39m[31m[1m^[22m[39m[31m[1m^[22m[39m[31m[1m^[22m[39m[31m[1m^[22m[39m[31m[1m^[22m[39m[31m
[1m^[22m[39m[31m[1m^[22m[39m[31m[1m^[22m[39m[31m[1m^[22m[39m[31m[1m^[22m[39m[31m[1m^[22m[39m[31
m[1m^[22m[39m[31m[1m^[22m[39m[31m[1m^[22m[39m[31m[1m^[22m[39m[31m[1m^[22m[39m[31m[1m^[22m[39m[3
1m[1m^[22m[39m[31m[1m^[22m[39m[31m[1m^[22m[39m[31m[1m^[22m[39m[31m[1m^[22m[39m[31m[1m^[22m[39m[
31m[1m^[22m[39m[31m[1m^[22m[39m[31m[1m^[22m[39m[31m[1m^[22m[39m[31m[1m^[22m[39m[31m[1m^[22m[39m
[31m[1m^[22m[39m[31m[1m^[22m[39m[31m[1m^[22m[39m[31m[1m^[22m[39m[31m[1m^[22m[39m[31m[1m^[22m[39m
[31m[1m^[22m[39m
 [90m 36 |[39m [33m/[39m [33mTHEME[39m ΓÇö [33mBlack[39m [33mGold[39m ([33mAnchoring[39m pages)
 [90m 37 |[39m [33m/[39m ΓöÇΓöÇΓöÇΓöÇΓöÇΓöÇΓöÇΓöÇΓöÇΓöÇΓöÇΓöÇΓöÇΓöÇΓöÇΓöÇΓöÇΓöÇΓöÇΓöÇΓöÇΓöÇΓöÇΓöÇΓöÇΓöÇΓöÇΓöÇΓöÇΓöÇ
ΓöÇΓöÇΓöÇΓöÇΓöÇΓöÇΓöÇΓöÇΓöÇΓöÇΓöÇΓöÇΓöÇΓöÇΓöÇ
 [90m 38 |[39m [36mconst[39m [33mGOLD[39m [33m=[39m [32m"#D4AF37"[39m[33m;[39m[0m

Unterminated regexp literal


./app/anchor-in-agra/layout.jsx:1:1
Parsing ecmascript source code failed
[0m[31m[1m>[22m[39m[90m 1 |[39m [33m/[39m 
app[33m/[39manchor[33m-[39m[36min[39m[33m-[39magra[33m/[39mlayout[33m.[39mjsx
 [90m   |[39m [31m[1m^[22m[39m[31m[1m^[22m[39m[31m[1m^[22m[39m[31m[1m^[22m[39m[31m[1m^[22m[39m[3
1m[1m^[22m[39m[31m[1m^[22m[39m[31m[1m^[22m[39m[31m[1m^[22m[39m[31m[1m^[22m[39m[31m[1m^[22m[39m[
31m[1m^[22m[39m
 [90m 2 |[39m [33m/[39m [33mUltra[39m[33m-[39m[33mLuxury[39m [33mHeritage[39m [33m&[39m [33mTaj[39m 
[33mMahal[39m [33mDestination[39m [33mAnchor[39m [33mLayout[39m
 [90m 3 |[39m
 [90m 4 |[39m [36mconst[39m [33mCITY[39m     [33m=[39m [32m"Agra"[39m[33m;[39m[0m

Unknown regular expression flags.


./app/anchor-in-ajmer/layout.jsx:1:1
Parsing ecmascript source code failed
[0m[31m[1m>[22m[39m[90m 1 |[39m [33m/[39m 
app[33m/[39manchor[33m-[39m[36min[39m[33m-[39majmer[33m/[39mlayout[33m.[39mjsx
 [90m   |[39m [31m[1m^[22m[39m[31m[1m^[22m[39m[31m[1m^[22m[39m[31m[1m^[22m[39m[31m[1m^[22m[39m[3
1m[1m^[22m[39m[31m[1m^[22m[39m[31m[1m^[22m[39m[31m[1m^[22m[39m[31m[1m^[22m[39m[31m[1m^[22m[39m[
31m[1m^[22m[39m
 [90m 2 |[39m [33m/[39m [33mSufi[39m [33mHeritage[39m [33m&[39m [33mRegional[39m [33mPalace[39m 
[33mWedding[39m [33mAnchor[39m ΓÇö [33mFull[39m [33mSchema[39m [33m+[39m [33mSEO[39m [33mLayout[39m
 [90m 3 |[39m
 [90m 4 |[39m [36mconst[39m [33mCITY[39m     [33m=[39m [32m"Ajmer"[39m[33m;[39m[0m

Unknown regular expression flags.


./app/anchor-in-alibaug/layout.jsx:1:1
Parsing ecmascript source code failed
[0m[31m[1m>[22m[39m[90m 1 |[39m [33m/[39m 
app[33m/[39manchor[33m-[39m[36min[39m[33m-[39malibaug[33m/[39mlayout[33m.[39mjsx
 [90m   |[39m [31m[1m^[22m[39m[31m[1m^[22m[39m[31m[1m^[22m[39m[31m[1m^[22m[39m[31m[1m^[22m[39m[3
1m[1m^[22m[39m[31m[1m^[22m[39m[31m[1m^[22m[39m[31m[1m^[22m[39m[31m[1m^[22m[39m[31m[1m^[22m[39m[
31m[1m^[22m[39m
 [90m 2 |[39m [33m/[39m [33mMumbai[39m [33mElite[39m [33mWeekend[39m [33mDestination[39m [33m&[39m 
[33mUltra[39m[33m-[39m[33mLuxury[39m [33mCoastal[39m [33mAnchor[39m [33mLayout[39m
 [90m 3 |[39m
 [90m 4 |[39m [36mconst[39m [33mCITY[39m     [33m=[39m [32m"Alibaug"[39m[33m;[39m[0m

Unknown regular expression flags.


./app/anchor-in-alwar/layout.jsx:1:1
Parsing ecmascript source code failed
[0m[31m[1m>[22m[39m[90m 1 |[39m [33m/[39m 
app[33m/[39manchor[33m-[39m[36min[39m[33m-[39malwar[33m/[39mlayout[33m.[39mjsx
 [90m   |[39m [31m[1m^[22m[39m[31m[1m^[22m[39m[31m[1m^[22m[39m[31m[1m^[22m[39m[31m[1m^[22m[39m[3
1m[1m^[22m[39m[31m[1m^[22m[39m[31m[1m^[22m[39m[31m[1m^[22m[39m[31m[1m^[22m[39m[31m[1m^[22m[39m[
31m[1m^[22m[39m
 [90m 2 |[39m [36mconst[39m [33mCITY[39m     [33m=[39m [32m"Alwar"[39m[33m;[39m
 [90m 3 |[39m [36mconst[39m [33mSLUG[39m     [33m=[39m [32m"anchor-in-alwar"[39m[33m;[39m
 [90m 4 |[39m [36mconst[39m [33mDOMAIN[39m   [33m=[39m [32m"yashsoni.in"[39m[33m;[39m[0m

Unknown regular expression flags.


./app/anchor-in-alwar/page.jsx:37:1
Parsing ecmascript source code failed
[0m [90m 35 |[39m } [36mfrom[39m [32m"lucide-react"[39m[33m;[39m
 [90m 36 |[39m
[31m[1m>[22m[39m[90m 37 |[39m [33m/[39m ΓöÇΓöÇΓöÇΓöÇΓöÇΓöÇΓöÇΓöÇΓöÇΓöÇΓöÇΓöÇΓöÇΓöÇΓöÇΓöÇΓöÇΓöÇΓöÇΓöÇΓöÇΓöÇΓöÇΓö
ÇΓöÇΓöÇΓöÇΓöÇΓöÇΓöÇΓöÇΓöÇΓöÇΓöÇΓöÇΓöÇΓöÇΓöÇΓöÇΓöÇΓöÇΓöÇΓöÇΓöÇΓöÇ
 [90m    |[39m [31m[1m^[22m[39m[31m[1m^[22m[39m[31m[1m^[22m[39m[31m[1m^[22m[39m[31m[1m^[22m[39m[
31m[1m^[22m[39m[31m[1m^[22m[39m[31m[1m^[22m[39m[31m[1m^[22m[39m[31m[1m^[22m[39m[31m[1m^[22m[39m
[31m[1m^[22m[39m[31m[1m^[22m[39m[31m[1m^[22m[39m[31m[1m^[22m[39m[31m[1m^[22m[39m[31m[1m^[22m[39m
[31m[1m^[22m[39m[31m[1m^[22m[39m[31m[1m^[22m[39m[31m[1m^[22m[39m[31m[1m^[22m[39m[31m[1m^[22m[39
m[31m[1m^[22m[39m[31m[1m^[22m[39m[31m[1m^[22m[39m[31m[1m^[22m[39m[31m[1m^[22m[39m[31m[1m^[22m[3
9m[31m[1m^[22m[39m[31m[1m^[22m[39m[31m[1m^[22m[39m[31m[1m^[22m[39m[31m[1m^[22m[39m[31m[1m^[22m[
39m[31m[1m^[22m[39m[31m[1m^[22m[39m[31m[1m^[22m[39m[31m[1m^[22m[39m[31m[1m^[22m[39m[31m[1m^[22m
[39m[31m[1m^[22m[39m[31m[1m^[22m[39m[31m[1m^[22m[39m[31m[1m^[22m[39m[31m[1m^[22m[39m[31m[1m^[22m
[39m[31m[1m^[22m[39m[31m[1m^[22m[39m[31m[1m^[22m[39m[31m[1m^[22m[39m[31m[1m^[22m[39m[31m[1m^[22
m[39m[31m[1m^[22m[39m[31m[1m^[22m[39m[31m[1m^[22m[39m[31m[1m^[22m[39m[31m[1m^[22m[39m[31m[1m^[2
2m[39m[31m[1m^[22m[39m[31m[1m^[22m[39m[31m[1m^[22m[39m[31m[1m^[22m[39m[31m[1m^[22m[39m[31m[1m^[
22m[39m[31m[1m^[22m[39m[31m[1m^[22m[39m[31m[1m^[22m[39m[31m[1m^[22m[39m[31m[1m^[22m[39m[31m[1m^
[22m[39m[31m[1m^[22m[39m[31m[1m^[22m[39m[31m[1m^[22m[39m[31m[1m^[22m[39m[31m[1m^[22m[39m[31m[1m^
[22m[39m[31m[1m^[22m[39m[31m[1m^[22m[39m[31m[1m^[22m[39m[31m[1m^[22m[39m[31m[1m^[22m[39m[31m[1m
^[22m[39m[31m[1m^[22m[39m[31m[1m^[22m[39m[31m[1m^[22m[39m[31m[1m^[22m[39m[31m[1m^[22m[39m[31m[1
m^[22m[39m[31m[1m^[22m[39m[31m[1m^[22m[39m[31m[1m^[22m[39m[31m[1m^[22m[39m[31m[1m^[22m[39m[31m[
1m^[22m[39m[31m[1m^[22m[39m[31m[1m^[22m[39m[31m[1m^[22m[39m[31m[1m^[22m[39m[31m[1m^[22m[39m[31m
[1m^[22m[39m[31m[1m^[22m[39m[31m[1m^[22m[39m[31m[1m^[22m[39m[31m[1m^[22m[39m[31m[1m^[22m[39m[31m
[1m^[22m[39m[31m[1m^[22m[39m[31m[1m^[22m[39m[31m[1m^[22m[39m[31m[1m^[22m[39m[31m[1m^[22m[39m[31
m[1m^[22m[39m[31m[1m^[22m[39m[31m[1m^[22m[39m[31m[1m^[22m[39m[31m[1m^[22m[39m[31m[1m^[22m[39m[3
1m[1m^[22m[39m[31m[1m^[22m[39m[31m[1m^[22m[39m[31m[1m^[22m[39m[31m[1m^[22m[39m[31m[1m^[22m[39m[
31m[1m^[22m[39m[31m[1m^[22m[39m[31m[1m^[22m[39m[31m[1m^[22m[39m[31m[1m^[22m[39m[31m[1m^[22m[39m
[31m[1m^[22m[39m[31m[1m^[22m[39m[31m[1m^[22m[39m[31m[1m^[22m[39m[31m[1m^[22m[39m[31m[1m^[22m[39m
[31m[1m^[22m[39m
 [90m 38 |[39m [33m/[39m [33mCONSTANTS[39m
 [90m 39 |[39m [33m/[39m ΓöÇΓöÇΓöÇΓöÇΓöÇΓöÇΓöÇΓöÇΓöÇΓöÇΓöÇΓöÇΓöÇΓöÇΓöÇΓöÇΓöÇΓöÇΓöÇΓöÇΓöÇΓöÇΓöÇΓöÇΓöÇΓöÇΓöÇΓöÇΓöÇΓöÇ
ΓöÇΓöÇΓöÇΓöÇΓöÇΓöÇΓöÇΓöÇΓöÇΓöÇΓöÇΓöÇΓöÇΓöÇΓöÇ
 [90m 40 |[39m [36mconst[39m [33mCITY[39m [33m=[39m [32m"Alwar"[39m[33m;[39m[0m

Unterminated regexp literal


./app/anchor-in-andaman/layout.jsx:1:1
Parsing ecmascript source code failed
[0m[31m[1m>[22m[39m[90m 1 |[39m [33m/[39m 
app[33m/[39manchor[33m-[39m[36min[39m[33m-[39mandaman[33m/[39mlayout[33m.[39mjsx
 [90m   |[39m [31m[1m^[22m[39m[31m[1m^[22m[39m[31m[1m^[22m[39m[31m[1m^[22m[39m[31m[1m^[22m[39m[3
1m[1m^[22m[39m[31m[1m^[22m[39m[31m[1m^[22m[39m[31m[1m^[22m[39m[31m[1m^[22m[39m[31m[1m^[22m[39m[
31m[1m^[22m[39m
 [90m 2 |[39m [33m/[39m [33mUltra[39m[33m-[39m[33mLuxury[39m [33mRemote[39m [33mIsland[39m 
[33mDestination[39m [33mAnchor[39m [33mLayout[39m
 [90m 3 |[39m
 [90m 4 |[39m [36mconst[39m [33mCITY[39m     [33m=[39m [32m"Andaman"[39m[33m;[39m[0m

Unknown regular expression flags.


./app/anchor-in-bangalore/layout.jsx:1:1
Parsing ecmascript source code failed
[0m[31m[1m>[22m[39m[90m 1 |[39m [33m/[39m 
app[33m/[39manchor[33m-[39m[36min[39m[33m-[39mbangalore[33m/[39mlayout[33m.[39mjsx
 [90m   |[39m [31m[1m^[22m[39m[31m[1m^[22m[39m[31m[1m^[22m[39m[31m[1m^[22m[39m[31m[1m^[22m[39m[3
1m[1m^[22m[39m[31m[1m^[22m[39m[31m[1m^[22m[39m[31m[1m^[22m[39m[31m[1m^[22m[39m[31m[1m^[22m[39m[
31m[1m^[22m[39m
 [90m 2 |[39m [33m/[39m [33mSouth[39m [33mIndia[39m [33mUrban[39m [33mLuxury[39m [33m&[39m 
[33mPalace[39m [33mGrounds[39m [33mWedding[39m [33mAnchor[39m ΓÇö [33mFull[39m [33mSchema[39m [33m+[39m 
[33mRich[39m [33mSEO[39m [33mLayout[39m
 [90m 3 |[39m
 [90m 4 |[39m [36mconst[39m [33mCITY[39m     [33m=[39m [32m"Bangalore"[39m[33m;[39m[0m

Unknown regular expression flags.


./app/anchor-in-bharatpur/layout.jsx:1:1
Parsing ecmascript source code failed
[0m[31m[1m>[22m[39m[90m 1 |[39m [33m/[39m 
app[33m/[39manchor[33m-[39m[36min[39m[33m-[39mbharatpur[33m/[39mlayout[33m.[39mjsx
 [90m   |[39m [31m[1m^[22m[39m[31m[1m^[22m[39m[31m[1m^[22m[39m[31m[1m^[22m[39m[31m[1m^[22m[39m[3
1m[1m^[22m[39m[31m[1m^[22m[39m[31m[1m^[22m[39m[31m[1m^[22m[39m[31m[1m^[22m[39m[31m[1m^[22m[39m[
31m[1m^[22m[39m
 [90m 2 |[39m [33m/[39m [33mFort[39m [33mHeritage[39m [33m&[39m [33mGolden[39m [33mTriangle[39m 
[33mWedding[39m [33mAnchor[39m ΓÇö [33mFull[39m [33mSchema[39m [33m+[39m [33mRich[39m [33mSEO[39m 
[33mLayout[39m
 [90m 3 |[39m
 [90m 4 |[39m [36mconst[39m [33mCITY[39m     [33m=[39m [32m"Bharatpur"[39m[33m;[39m[0m

Unknown regular expression flags.


./app/anchor-in-bikaner/layout.jsx:1:1
Parsing ecmascript source code failed
[0m[31m[1m>[22m[39m[90m 1 |[39m [33m/[39m 
app[33m/[39manchor[33m-[39m[36min[39m[33m-[39mbikaner[33m/[39mlayout[33m.[39mjsx
 [90m   |[39m [31m[1m^[22m[39m[31m[1m^[22m[39m[31m[1m^[22m[39m[31m[1m^[22m[39m[31m[1m^[22m[39m[3
1m[1m^[22m[39m[31m[1m^[22m[39m[31m[1m^[22m[39m[31m[1m^[22m[39m[31m[1m^[22m[39m[31m[1m^[22m[39m[
31m[1m^[22m[39m
 [90m 2 |[39m [36mconst[39m [33mCITY[39m     [33m=[39m [32m"Bikaner"[39m[33m;[39m
 [90m 3 |[39m [36mconst[39m [33mSLUG[39m     [33m=[39m [32m"anchor-in-bikaner"[39m[33m;[39m
 [90m 4 |[39m [36mconst[39m [33mDOMAIN[39m   [33m=[39m [32m"yashsoni.in"[39m[33m;[39m[0m

Unknown regular expression flags.


./app/anchor-in-chennai/layout.jsx:1:1
Parsing ecmascript source code failed
[0m[31m[1m>[22m[39m[90m 1 |[39m [33m/[39m 
app[33m/[39manchor[33m-[39m[36min[39m[33m-[39mchennai[33m/[39mlayout[33m.[39mjsx
 [90m   |[39m [31m[1m^[22m[39m[31m[1m^[22m[39m[31m[1m^[22m[39m[31m[1m^[22m[39m[31m[1m^[22m[39m[3
1m[1m^[22m[39m[31m[1m^[22m[39m[31m[1m^[22m[39m[31m[1m^[22m[39m[31m[1m^[22m[39m[31m[1m^[22m[39m[
31m[1m^[22m[39m
 [90m 2 |[39m [33m/[39m [33mUltra[39m[33m-[39m[33mLuxury[39m [33mCoastal[39m [33mHeritage[39m 
[33mDestination[39m [33mAnchor[39m [33mLayout[39m
 [90m 3 |[39m
 [90m 4 |[39m [36mconst[39m [33mCITY[39m     [33m=[39m [32m"Chennai"[39m[33m;[39m[0m

Unknown regular expression flags.


./app/anchor-in-chittorgarh/layout.jsx:1:1
Parsing ecmascript source code failed
[0m[31m[1m>[22m[39m[90m 1 |[39m [33m/[39m 
app[33m/[39manchor[33m-[39m[36min[39m[33m-[39mchittorgarh[33m/[39mlayout[33m.[39mjsx
 [90m   |[39m [31m[1m^[22m[39m[31m[1m^[22m[39m[31m[1m^[22m[39m[31m[1m^[22m[39m[31m[1m^[22m[39m[3
1m[1m^[22m[39m[31m[1m^[22m[39m[31m[1m^[22m[39m[31m[1m^[22m[39m[31m[1m^[22m[39m[31m[1m^[22m[39m[
31m[1m^[22m[39m
 [90m 2 |[39m [36mconst[39m [33mCITY[39m     [33m=[39m [32m"Chittorgarh"[39m[33m;[39m
 [90m 3 |[39m [36mconst[39m [33mSLUG[39m     [33m=[39m [32m"anchor-in-chittorgarh"[39m[33m;[39m
 [90m 4 |[39m [36mconst[39m [33mDOMAIN[39m   [33m=[39m [32m"yashsoni.in"[39m[33m;[39m[0m

Unknown regular expression flags.


./app/anchor-in-coorg/layout.jsx:1:1
Parsing ecmascript source code failed
[0m[31m[1m>[22m[39m[90m 1 |[39m [33m/[39m 
app[33m/[39manchor[33m-[39m[36min[39m[33m-[39mcoorg[33m/[39mlayout[33m.[39mjsx
 [90m   |[39m [31m[1m^[22m[39m[31m[1m^[22m[39m[31m[1m^[22m[39m[31m[1m^[22m[39m[31m[1m^[22m[39m[3
1m[1m^[22m[39m[31m[1m^[22m[39m[31m[1m^[22m[39m[31m[1m^[22m[39m[31m[1m^[22m[39m[31m[1m^[22m[39m[
31m[1m^[22m[39m
 [90m 2 |[39m [33m/[39m [33mUltra[39m[33m-[39m[33mLuxury[39m [33mEco[39m[33m-[39m[33mEstate[39m 
[33mDestination[39m [33mAnchor[39m [33mLayout[39m
 [90m 3 |[39m
 [90m 4 |[39m [36mconst[39m [33mCITY[39m     [33m=[39m [32m"Coorg"[39m[33m;[39m[0m

Unknown regular expression flags.


./app/anchor-in-delhi/layout.jsx:1:1
Parsing ecmascript source code failed
[0m[31m[1m>[22m[39m[90m 1 |[39m [33m/[39m 
app[33m/[39manchor[33m-[39m[36min[39m[33m-[39mdelhi[33m/[39mlayout[33m.[39mjsx
 [90m   |[39m [31m[1m^[22m[39m[31m[1m^[22m[39m[31m[1m^[22m[39m[31m[1m^[22m[39m[31m[1m^[22m[39m[3
1m[1m^[22m[39m[31m[1m^[22m[39m[31m[1m^[22m[39m[31m[1m^[22m[39m[31m[1m^[22m[39m[31m[1m^[22m[39m[
31m[1m^[22m[39m
 [90m 2 |[39m [33m/[39m [33mSERVER[39m [33mCOMPONENT[39m ΓÇö [33mSEO[39m metadata only[33m.[39m 
[33mAll[39m [33mJSON[39m[33m-[39m[33mLD[39m schemas inside[33m.[39m
 [90m 3 |[39m
 [90m 4 |[39m [36mconst[39m [33mCITY[39m       [33m=[39m [32m"Delhi"[39m[33m;[39m[0m

Unknown regular expression flags.


./app/anchor-in-delhi/page.jsx:38:1
Parsing ecmascript source code failed
[0m [90m 36 |[39m } [36mfrom[39m [32m"lucide-react"[39m[33m;[39m
 [90m 37 |[39m
[31m[1m>[22m[39m[90m 38 |[39m [33m/[39m ΓöÇΓöÇΓöÇΓöÇΓöÇΓöÇΓöÇΓöÇΓöÇΓöÇΓöÇΓöÇΓöÇΓöÇΓöÇΓöÇΓöÇΓöÇΓöÇΓöÇΓöÇΓöÇΓöÇΓö
ÇΓöÇΓöÇΓöÇΓöÇΓöÇΓöÇΓöÇΓöÇΓöÇΓöÇΓöÇΓöÇΓöÇΓöÇΓöÇΓöÇΓöÇΓöÇΓöÇΓöÇΓöÇ
 [90m    |[39m [31m[1m^[22m[39m[31m[1m^[22m[39m[31m[1m^[22m[39m[31m[1m^[22m[39m[31m[1m^[22m[39m[
31m[1m^[22m[39m[31m[1m^[22m[39m[31m[1m^[22m[39m[31m[1m^[22m[39m[31m[1m^[22m[39m[31m[1m^[22m[39m
[31m[1m^[22m[39m[31m[1m^[22m[39m[31m[1m^[22m[39m[31m[1m^[22m[39m[31m[1m^[22m[39m[31m[1m^[22m[39m
[31m[1m^[22m[39m[31m[1m^[22m[39m[31m[1m^[22m[39m[31m[1m^[22m[39m[31m[1m^[22m[39m[31m[1m^[22m[39
m[31m[1m^[22m[39m[31m[1m^[22m[39m[31m[1m^[22m[39m[31m[1m^[22m[39m[31m[1m^[22m[39m[31m[1m^[22m[3
9m[31m[1m^[22m[39m[31m[1m^[22m[39m[31m[1m^[22m[39m[31m[1m^[22m[39m[31m[1m^[22m[39m[31m[1m^[22m[
39m[31m[1m^[22m[39m[31m[1m^[22m[39m[31m[1m^[22m[39m[31m[1m^[22m[39m[31m[1m^[22m[39m[31m[1m^[22m
[39m[31m[1m^[22m[39m[31m[1m^[22m[39m[31m[1m^[22m[39m[31m[1m^[22m[39m[31m[1m^[22m[39m[31m[1m^[22m
[39m[31m[1m^[22m[39m[31m[1m^[22m[39m[31m[1m^[22m[39m[31m[1m^[22m[39m[31m[1m^[22m[39m[31m[1m^[22
m[39m[31m[1m^[22m[39m[31m[1m^[22m[39m[31m[1m^[22m[39m[31m[1m^[22m[39m[31m[1m^[22m[39m[31m[1m^[2
2m[39m[31m[1m^[22m[39m[31m[1m^[22m[39m[31m[1m^[22m[39m[31m[1m^[22m[39m[31m[1m^[22m[39m[31m[1m^[
22m[39m[31m[1m^[22m[39m[31m[1m^[22m[39m[31m[1m^[22m[39m[31m[1m^[22m[39m[31m[1m^[22m[39m[31m[1m^
[22m[39m[31m[1m^[22m[39m[31m[1m^[22m[39m[31m[1m^[22m[39m[31m[1m^[22m[39m[31m[1m^[22m[39m[31m[1m^
[22m[39m[31m[1m^[22m[39m[31m[1m^[22m[39m[31m[1m^[22m[39m[31m[1m^[22m[39m[31m[1m^[22m[39m[31m[1m
^[22m[39m[31m[1m^[22m[39m[31m[1m^[22m[39m[31m[1m^[22m[39m[31m[1m^[22m[39m[31m[1m^[22m[39m[31m[1
m^[22m[39m[31m[1m^[22m[39m[31m[1m^[22m[39m[31m[1m^[22m[39m[31m[1m^[22m[39m[31m[1m^[22m[39m[31m[
1m^[22m[39m[31m[1m^[22m[39m[31m[1m^[22m[39m[31m[1m^[22m[39m[31m[1m^[22m[39m[31m[1m^[22m[39m[31m
[1m^[22m[39m[31m[1m^[22m[39m[31m[1m^[22m[39m[31m[1m^[22m[39m[31m[1m^[22m[39m[31m[1m^[22m[39m[31m
[1m^[22m[39m[31m[1m^[22m[39m[31m[1m^[22m[39m[31m[1m^[22m[39m[31m[1m^[22m[39m[31m[1m^[22m[39m[31
m[1m^[22m[39m[31m[1m^[22m[39m[31m[1m^[22m[39m[31m[1m^[22m[39m[31m[1m^[22m[39m[31m[1m^[22m[39m[3
1m[1m^[22m[39m[31m[1m^[22m[39m[31m[1m^[22m[39m[31m[1m^[22m[39m[31m[1m^[22m[39m[31m[1m^[22m[39m[
31m[1m^[22m[39m[31m[1m^[22m[39m[31m[1m^[22m[39m[31m[1m^[22m[39m[31m[1m^[22m[39m[31m[1m^[22m[39m
[31m[1m^[22m[39m[31m[1m^[22m[39m[31m[1m^[22m[39m[31m[1m^[22m[39m[31m[1m^[22m[39m[31m[1m^[22m[39m
[31m[1m^[22m[39m
 [90m 39 |[39m [33m/[39m [33mCONSTANTS[39m
 [90m 40 |[39m [33m/[39m ΓöÇΓöÇΓöÇΓöÇΓöÇΓöÇΓöÇΓöÇΓöÇΓöÇΓöÇΓöÇΓöÇΓöÇΓöÇΓöÇΓöÇΓöÇΓöÇΓöÇΓöÇΓöÇΓöÇΓöÇΓöÇΓöÇΓöÇΓöÇΓöÇΓöÇ
ΓöÇΓöÇΓöÇΓöÇΓöÇΓöÇΓöÇΓöÇΓöÇΓöÇΓöÇΓöÇΓöÇΓöÇΓöÇ
 [90m 41 |[39m [36mconst[39m [33mCITY[39m [33m=[39m [32m"Delhi"[39m[33m;[39m[0m

Unterminated regexp literal


./app/anchor-in-dharamshala/layout.jsx:1:1
Parsing ecmascript source code failed
[0m[31m[1m>[22m[39m[90m 1 |[39m [33m/[39m 
app[33m/[39manchor[33m-[39m[36min[39m[33m-[39mdharamshala[33m/[39mlayout[33m.[39mjsx
 [90m   |[39m [31m[1m^[22m[39m[31m[1m^[22m[39m[31m[1m^[22m[39m[31m[1m^[22m[39m[31m[1m^[22m[39m[3
1m[1m^[22m[39m[31m[1m^[22m[39m[31m[1m^[22m[39m[31m[1m^[22m[39m[31m[1m^[22m[39m[31m[1m^[22m[39m[
31m[1m^[22m[39m
 [90m 2 |[39m [33m/[39m [33mUltra[39m[33m-[39m[33mLuxury[39m [33mMountain[39m [33mRetreat[39m 
[33mDestination[39m [33mAnchor[39m [33mLayout[39m
 [90m 3 |[39m
 [90m 4 |[39m [36mconst[39m [33mCITY[39m     [33m=[39m [32m"Dharamshala"[39m[33m;[39m[0m

Unknown regular expression flags.


./app/anchor-in-goa/layout.jsx:1:1
Parsing ecmascript source code failed
[0m[31m[1m>[22m[39m[90m 1 |[39m [33m/[39m 
app[33m/[39manchor[33m-[39m[36min[39m[33m-[39mgoa[33m/[39mlayout[33m.[39mjsx
 [90m   |[39m [31m[1m^[22m[39m[31m[1m^[22m[39m[31m[1m^[22m[39m[31m[1m^[22m[39m[31m[1m^[22m[39m[3
1m[1m^[22m[39m[31m[1m^[22m[39m[31m[1m^[22m[39m[31m[1m^[22m[39m[31m[1m^[22m[39m[31m[1m^[22m[39m[
31m[1m^[22m[39m
 [90m 2 |[39m [33m/[39m [33mInternational[39m [33mBeach[39m [33mDestination[39m [33m&[39m [33mLuxury[39m 
[33mSangeet[39m [33mAnchor[39m [33mLayout[39m
 [90m 3 |[39m
 [90m 4 |[39m [36mconst[39m [33mCITY[39m     [33m=[39m [32m"Goa"[39m[33m;[39m[0m

Unknown regular expression flags.


./app/anchor-in-haridwar/layout.jsx:1:1
Parsing ecmascript source code failed
[0m[31m[1m>[22m[39m[90m 1 |[39m [33m/[39m 
app[33m/[39manchor[33m-[39m[36min[39m[33m-[39mharidwar[33m/[39mlayout[33m.[39mjsx
 [90m   |[39m [31m[1m^[22m[39m[31m[1m^[22m[39m[31m[1m^[22m[39m[31m[1m^[22m[39m[31m[1m^[22m[39m[3
1m[1m^[22m[39m[31m[1m^[22m[39m[31m[1m^[22m[39m[31m[1m^[22m[39m[31m[1m^[22m[39m[31m[1m^[22m[39m[
31m[1m^[22m[39m
 [90m 2 |[39m [33m/[39m [33mUltra[39m[33m-[39m[33mLuxury[39m [33mSpiritual[39m [33mHeritage[39m 
[33mDestination[39m [33mAnchor[39m [33mLayout[39m
 [90m 3 |[39m
 [90m 4 |[39m [36mconst[39m [33mCITY[39m     [33m=[39m [32m"Haridwar"[39m[33m;[39m[0m

Unknown regular expression flags.


./app/anchor-in-hyderabad/layout.jsx:1:1
Parsing ecmascript source code failed
[0m[31m[1m>[22m[39m[90m 1 |[39m [33m/[39m 
app[33m/[39manchor[33m-[39m[36min[39m[33m-[39mhyderabad[33m/[39mlayout[33m.[39mjsx
 [90m   |[39m [31m[1m^[22m[39m[31m[1m^[22m[39m[31m[1m^[22m[39m[31m[1m^[22m[39m[31m[1m^[22m[39m[3
1m[1m^[22m[39m[31m[1m^[22m[39m[31m[1m^[22m[39m[31m[1m^[22m[39m[31m[1m^[22m[39m[31m[1m^[22m[39m[
31m[1m^[22m[39m
 [90m 2 |[39m [33m/[39m [33mRoyal[39m [33mNizam[39m [33mHeritage[39m [33m&[39m [33mRamoji[39m 
[33mMega[39m [33mScale[39m [33mWedding[39m [33mAnchor[39m
 [90m 3 |[39m
 [90m 4 |[39m [36mconst[39m [33mCITY[39m     [33m=[39m [32m"Hyderabad"[39m[33m;[39m[0m

Unknown regular expression flags.


./app/anchor-in-jaipur/layout.jsx:1:1
Parsing ecmascript source code failed
[0m[31m[1m>[22m[39m[90m 1 |[39m [33m/[39m 
app[33m/[39manchor[33m-[39m[36min[39m[33m-[39mjaipur[33m/[39mlayout[33m.[39mjsx
 [90m   |[39m [31m[1m^[22m[39m[31m[1m^[22m[39m[31m[1m^[22m[39m[31m[1m^[22m[39m[31m[1m^[22m[39m[3
1m[1m^[22m[39m[31m[1m^[22m[39m[31m[1m^[22m[39m[31m[1m^[22m[39m[31m[1m^[22m[39m[31m[1m^[22m[39m[
31m[1m^[22m[39m
 [90m 2 |[39m [33m/[39m [33mSERVER[39m [33mCOMPONENT[39m ΓÇö metadata only[33m,[39m no head[33m/[39mscript 
tags
 [90m 3 |[39m
 [90m 4 |[39m [36mconst[39m localBusinessSchema [33m=[39m {[0m

Unknown regular expression flags.


./app/anchor-in-jaipur/page.jsx:35:1
Parsing ecmascript source code failed
[0m [90m 33 |[39m } [36mfrom[39m [32m"lucide-react"[39m[33m;[39m
 [90m 34 |[39m
[31m[1m>[22m[39m[90m 35 |[39m [33m/[39m ΓöÇΓöÇΓöÇΓöÇΓöÇΓöÇΓöÇΓöÇΓöÇΓöÇΓöÇΓöÇΓöÇΓöÇΓöÇΓöÇΓöÇΓöÇΓöÇΓöÇΓöÇΓöÇΓöÇΓö
ÇΓöÇΓöÇΓöÇΓöÇΓöÇΓöÇΓöÇΓöÇΓöÇΓöÇΓöÇΓöÇΓöÇΓöÇΓöÇΓöÇΓöÇΓöÇΓöÇΓöÇΓöÇ
 [90m    |[39m [31m[1m^[22m[39m[31m[1m^[22m[39m[31m[1m^[22m[39m[31m[1m^[22m[39m[31m[1m^[22m[39m[
31m[1m^[22m[39m[31m[1m^[22m[39m[31m[1m^[22m[39m[31m[1m^[22m[39m[31m[1m^[22m[39m[31m[1m^[22m[39m
[31m[1m^[22m[39m[31m[1m^[22m[39m[31m[1m^[22m[39m[31m[1m^[22m[39m[31m[1m^[22m[39m[31m[1m^[22m[39m
[31m[1m^[22m[39m[31m[1m^[22m[39m[31m[1m^[22m[39m[31m[1m^[22m[39m[31m[1m^[22m[39m[31m[1m^[22m[39
m[31m[1m^[22m[39m[31m[1m^[22m[39m[31m[1m^[22m[39m[31m[1m^[22m[39m[31m[1m^[22m[39m[31m[1m^[22m[3
9m[31m[1m^[22m[39m[31m[1m^[22m[39m[31m[1m^[22m[39m[31m[1m^[22m[39m[31m[1m^[22m[39m[31m[1m^[22m[
39m[31m[1m^[22m[39m[31m[1m^[22m[39m[31m[1m^[22m[39m[31m[1m^[22m[39m[31m[1m^[22m[39m[31m[1m^[22m
[39m[31m[1m^[22m[39m[31m[1m^[22m[39m[31m[1m^[22m[39m[31m[1m^[22m[39m[31m[1m^[22m[39m[31m[1m^[22m
[39m[31m[1m^[22m[39m[31m[1m^[22m[39m[31m[1m^[22m[39m[31m[1m^[22m[39m[31m[1m^[22m[39m[31m[1m^[22
m[39m[31m[1m^[22m[39m[31m[1m^[22m[39m[31m[1m^[22m[39m[31m[1m^[22m[39m[31m[1m^[22m[39m[31m[1m^[2
2m[39m[31m[1m^[22m[39m[31m[1m^[22m[39m[31m[1m^[22m[39m[31m[1m^[22m[39m[31m[1m^[22m[39m[31m[1m^[
22m[39m[31m[1m^[22m[39m[31m[1m^[22m[39m[31m[1m^[22m[39m[31m[1m^[22m[39m[31m[1m^[22m[39m[31m[1m^
[22m[39m[31m[1m^[22m[39m[31m[1m^[22m[39m[31m[1m^[22m[39m[31m[1m^[22m[39m[31m[1m^[22m[39m[31m[1m^
[22m[39m[31m[1m^[22m[39m[31m[1m^[22m[39m[31m[1m^[22m[39m[31m[1m^[22m[39m[31m[1m^[22m[39m[31m[1m
^[22m[39m[31m[1m^[22m[39m[31m[1m^[22m[39m[31m[1m^[22m[39m[31m[1m^[22m[39m[31m[1m^[22m[39m[31m[1
m^[22m[39m[31m[1m^[22m[39m[31m[1m^[22m[39m[31m[1m^[22m[39m[31m[1m^[22m[39m[31m[1m^[22m[39m[31m[
1m^[22m[39m[31m[1m^[22m[39m[31m[1m^[22m[39m[31m[1m^[22m[39m[31m[1m^[22m[39m[31m[1m^[22m[39m[31m
[1m^[22m[39m[31m[1m^[22m[39m[31m[1m^[22m[39m[31m[1m^[22m[39m[31m[1m^[22m[39m[31m[1m^[22m[39m[31m
[1m^[22m[39m[31m[1m^[22m[39m[31m[1m^[22m[39m[31m[1m^[22m[39m[31m[1m^[22m[39m[31m[1m^[22m[39m[31
m[1m^[22m[39m[31m[1m^[22m[39m[31m[1m^[22m[39m[31m[1m^[22m[39m[31m[1m^[22m[39m[31m[1m^[22m[39m[3
1m[1m^[22m[39m[31m[1m^[22m[39m[31m[1m^[22m[39m[31m[1m^[22m[39m[31m[1m^[22m[39m[31m[1m^[22m[39m[
31m[1m^[22m[39m[31m[1m^[22m[39m[31m[1m^[22m[39m[31m[1m^[22m[39m[31m[1m^[22m[39m[31m[1m^[22m[39m
[31m[1m^[22m[39m[31m[1m^[22m[39m[31m[1m^[22m[39m[31m[1m^[22m[39m[31m[1m^[22m[39m[31m[1m^[22m[39m
[31m[1m^[22m[39m
 [90m 36 |[39m [33m/[39m [33mCONFIG[39m
 [90m 37 |[39m [33m/[39m ΓöÇΓöÇΓöÇΓöÇΓöÇΓöÇΓöÇΓöÇΓöÇΓöÇΓöÇΓöÇΓöÇΓöÇΓöÇΓöÇΓöÇΓöÇΓöÇΓöÇΓöÇΓöÇΓöÇΓöÇΓöÇΓöÇΓöÇΓöÇΓöÇΓöÇ
ΓöÇΓöÇΓöÇΓöÇΓöÇΓöÇΓöÇΓöÇΓöÇΓöÇΓöÇΓöÇΓöÇΓöÇΓöÇ
 [90m 38 |[39m [36mconst[39m [33mWA[39m [33m=[39m [32m"https://wa.me/917737877978?text=Hi%20Yash!%20I%20found%
20you%20searching%20for%20an%20anchor%20in%20Jaipur.%20I%27d%20like%20to%20check%20availability%20for%20my%20event."[3
9m[33m;[39m[0m

Unterminated regexp literal


./app/anchor-in-jaisalmer/layout.jsx:1:1
Parsing ecmascript source code failed
[0m[31m[1m>[22m[39m[90m 1 |[39m [33m/[39m 
app[33m/[39manchor[33m-[39m[36min[39m[33m-[39mjaisalmer[33m/[39mlayout[33m.[39mjsx
 [90m   |[39m [31m[1m^[22m[39m[31m[1m^[22m[39m[31m[1m^[22m[39m[31m[1m^[22m[39m[31m[1m^[22m[39m[3
1m[1m^[22m[39m[31m[1m^[22m[39m[31m[1m^[22m[39m[31m[1m^[22m[39m[31m[1m^[22m[39m[31m[1m^[22m[39m[
31m[1m^[22m[39m
 [90m 2 |[39m [33m/[39m [33mGolden[39m [33mFort[39m [33m&[39m [33mDesert[39m [33mWedding[39m 
[33mAnchor[39m ΓÇö [33mFull[39m [33mTriple[39m [33mSchema[39m [33m+[39m [33mRich[39m [33mSEO[39m 
[33mLayout[39m
 [90m 3 |[39m
 [90m 4 |[39m [36mconst[39m [33mCITY[39m     [33m=[39m [32m"Jaisalmer"[39m[33m;[39m[0m

Unknown regular expression flags.


./app/anchor-in-jodhpur/layout.jsx:1:1
Parsing ecmascript source code failed
[0m[31m[1m>[22m[39m[90m 1 |[39m [33m/[39m 
app[33m/[39manchor[33m-[39m[36min[39m[33m-[39mjodhpur[33m/[39mlayout[33m.[39mjsx
 [90m   |[39m [31m[1m^[22m[39m[31m[1m^[22m[39m[31m[1m^[22m[39m[31m[1m^[22m[39m[31m[1m^[22m[39m[3
1m[1m^[22m[39m[31m[1m^[22m[39m[31m[1m^[22m[39m[31m[1m^[22m[39m[31m[1m^[22m[39m[31m[1m^[22m[39m[
31m[1m^[22m[39m
 [90m 2 |[39m [33m/[39m [33mSERVER[39m [33mCOMPONENT[39m ΓÇö [33mSEO[39m metadata only[33m.[39m 
[33mAll[39m [33mJSON[39m[33m-[39m[33mLD[39m schemas [36min[39m page[33m.[39mjsx[33m.[39m
 [90m 3 |[39m
 [90m 4 |[39m [36mconst[39m [33mCITY[39m       [33m=[39m [32m"Jodhpur"[39m[33m;[39m[0m

Unknown regular expression flags.


./app/anchor-in-jodhpur/page.jsx:37:1
Parsing ecmascript source code failed
[0m [90m 35 |[39m } [36mfrom[39m [32m"lucide-react"[39m[33m;[39m
 [90m 36 |[39m
[31m[1m>[22m[39m[90m 37 |[39m [33m/[39m ΓöÇΓöÇΓöÇΓöÇΓöÇΓöÇΓöÇΓöÇΓöÇΓöÇΓöÇΓöÇΓöÇΓöÇΓöÇΓöÇΓöÇΓöÇΓöÇΓöÇΓöÇΓöÇΓöÇΓö
ÇΓöÇΓöÇΓöÇΓöÇΓöÇΓöÇΓöÇΓöÇΓöÇΓöÇΓöÇΓöÇΓöÇΓöÇΓöÇΓöÇΓöÇΓöÇΓöÇΓöÇΓöÇ
 [90m    |[39m [31m[1m^[22m[39m[31m[1m^[22m[39m[31m[1m^[22m[39m[31m[1m^[22m[39m[31m[1m^[22m[39m[
31m[1m^[22m[39m[31m[1m^[22m[39m[31m[1m^[22m[39m[31m[1m^[22m[39m[31m[1m^[22m[39m[31m[1m^[22m[39m
[31m[1m^[22m[39m[31m[1m^[22m[39m[31m[1m^[22m[39m[31m[1m^[22m[39m[31m[1m^[22m[39m[31m[1m^[22m[39m
[31m[1m^[22m[39m[31m[1m^[22m[39m[31m[1m^[22m[39m[31m[1m^[22m[39m[31m[1m^[22m[39m[31m[1m^[22m[39
m[31m[1m^[22m[39m[31m[1m^[22m[39m[31m[1m^[22m[39m[31m[1m^[22m[39m[31m[1m^[22m[39m[31m[1m^[22m[3
9m[31m[1m^[22m[39m[31m[1m^[22m[39m[31m[1m^[22m[39m[31m[1m^[22m[39m[31m[1m^[22m[39m[31m[1m^[22m[
39m[31m[1m^[22m[39m[31m[1m^[22m[39m[31m[1m^[22m[39m[31m[1m^[22m[39m[31m[1m^[22m[39m[31m[1m^[22m
[39m[31m[1m^[22m[39m[31m[1m^[22m[39m[31m[1m^[22m[39m[31m[1m^[22m[39m[31m[1m^[22m[39m[31m[1m^[22m
[39m[31m[1m^[22m[39m[31m[1m^[22m[39m[31m[1m^[22m[39m[31m[1m^[22m[39m[31m[1m^[22m[39m[31m[1m^[22
m[39m[31m[1m^[22m[39m[31m[1m^[22m[39m[31m[1m^[22m[39m[31m[1m^[22m[39m[31m[1m^[22m[39m[31m[1m^[2
2m[39m[31m[1m^[22m[39m[31m[1m^[22m[39m[31m[1m^[22m[39m[31m[1m^[22m[39m[31m[1m^[22m[39m[31m[1m^[
22m[39m[31m[1m^[22m[39m[31m[1m^[22m[39m[31m[1m^[22m[39m[31m[1m^[22m[39m[31m[1m^[22m[39m[31m[1m^
[22m[39m[31m[1m^[22m[39m[31m[1m^[22m[39m[31m[1m^[22m[39m[31m[1m^[22m[39m[31m[1m^[22m[39m[31m[1m^
[22m[39m[31m[1m^[22m[39m[31m[1m^[22m[39m[31m[1m^[22m[39m[31m[1m^[22m[39m[31m[1m^[22m[39m[31m[1m
^[22m[39m[31m[1m^[22m[39m[31m[1m^[22m[39m[31m[1m^[22m[39m[31m[1m^[22m[39m[31m[1m^[22m[39m[31m[1
m^[22m[39m[31m[1m^[22m[39m[31m[1m^[22m[39m[31m[1m^[22m[39m[31m[1m^[22m[39m[31m[1m^[22m[39m[31m[
1m^[22m[39m[31m[1m^[22m[39m[31m[1m^[22m[39m[31m[1m^[22m[39m[31m[1m^[22m[39m[31m[1m^[22m[39m[31m
[1m^[22m[39m[31m[1m^[22m[39m[31m[1m^[22m[39m[31m[1m^[22m[39m[31m[1m^[22m[39m[31m[1m^[22m[39m[31m
[1m^[22m[39m[31m[1m^[22m[39m[31m[1m^[22m[39m[31m[1m^[22m[39m[31m[1m^[22m[39m[31m[1m^[22m[39m[31
m[1m^[22m[39m[31m[1m^[22m[39m[31m[1m^[22m[39m[31m[1m^[22m[39m[31m[1m^[22m[39m[31m[1m^[22m[39m[3
1m[1m^[22m[39m[31m[1m^[22m[39m[31m[1m^[22m[39m[31m[1m^[22m[39m[31m[1m^[22m[39m[31m[1m^[22m[39m[
31m[1m^[22m[39m[31m[1m^[22m[39m[31m[1m^[22m[39m[31m[1m^[22m[39m[31m[1m^[22m[39m[31m[1m^[22m[39m
[31m[1m^[22m[39m[31m[1m^[22m[39m[31m[1m^[22m[39m[31m[1m^[22m[39m[31m[1m^[22m[39m[31m[1m^[22m[39m
[31m[1m^[22m[39m
 [90m 38 |[39m [33m/[39m [33mCONSTANTS[39m
 [90m 39 |[39m [33m/[39m ΓöÇΓöÇΓöÇΓöÇΓöÇΓöÇΓöÇΓöÇΓöÇΓöÇΓöÇΓöÇΓöÇΓöÇΓöÇΓöÇΓöÇΓöÇΓöÇΓöÇΓöÇΓöÇΓöÇΓöÇΓöÇΓöÇΓöÇΓöÇΓöÇΓöÇ
ΓöÇΓöÇΓöÇΓöÇΓöÇΓöÇΓöÇΓöÇΓöÇΓöÇΓöÇΓöÇΓöÇΓöÇΓöÇ
 [90m 40 |[39m [36mconst[39m [33mCITY[39m [33m=[39m [32m"Jodhpur"[39m[33m;[39m[0m

Unterminated regexp literal


./app/anchor-in-kolkata/layout.jsx:1:1
Parsing ecmascript source code failed
[0m[31m[1m>[22m[39m[90m 1 |[39m [33m/[39m 
app[33m/[39manchor[33m-[39m[36min[39m[33m-[39mkolkata[33m/[39mlayout[33m.[39mjsx
 [90m   |[39m [31m[1m^[22m[39m[31m[1m^[22m[39m[31m[1m^[22m[39m[31m[1m^[22m[39m[31m[1m^[22m[39m[3
1m[1m^[22m[39m[31m[1m^[22m[39m[31m[1m^[22m[39m[31m[1m^[22m[39m[31m[1m^[22m[39m[31m[1m^[22m[39m[
31m[1m^[22m[39m
 [90m 2 |[39m [33m/[39m [33mEast[39m [33mIndia[39m [33mHeritage[39m [33m&[39m [33mElite[39m 
[33mMarwari[39m [33mWedding[39m [33mAnchor[39m
 [90m 3 |[39m
 [90m 4 |[39m [36mconst[39m [33mCITY[39m     [33m=[39m [32m"Kolkata"[39m[33m;[39m[0m

Unknown regular expression flags.


./app/anchor-in-kota/layout.jsx:1:1
Parsing ecmascript source code failed
[0m[31m[1m>[22m[39m[90m 1 |[39m [33m/[39m 
app[33m/[39manchor[33m-[39m[36min[39m[33m-[39mkota[33m/[39mlayout[33m.[39mjsx
 [90m   |[39m [31m[1m^[22m[39m[31m[1m^[22m[39m[31m[1m^[22m[39m[31m[1m^[22m[39m[31m[1m^[22m[39m[3
1m[1m^[22m[39m[31m[1m^[22m[39m[31m[1m^[22m[39m[31m[1m^[22m[39m[31m[1m^[22m[39m[31m[1m^[22m[39m[
31m[1m^[22m[39m
 [90m 2 |[39m [33m/[39m [33mChambal[39m [33mRiver[39m [33m&[39m [33mHeritage[39m [33mPalace[39m 
[33mWedding[39m [33mAnchor[39m ΓÇö [33mFull[39m [33mSchema[39m [33m+[39m [33mRich[39m [33mSEO[39m 
[33mLayout[39m
 [90m 3 |[39m
 [90m 4 |[39m [36mconst[39m [33mCITY[39m     [33m=[39m [32m"Kota"[39m[33m;[39m[0m

Unknown regular expression flags.


./app/anchor-in-kumbhalgarh/layout.jsx:1:1
Parsing ecmascript source code failed
[0m[31m[1m>[22m[39m[90m 1 |[39m [33m/[39m 
app[33m/[39manchor[33m-[39m[36min[39m[33m-[39mkumbhalgarh[33m/[39mlayout[33m.[39mjsx
 [90m   |[39m [31m[1m^[22m[39m[31m[1m^[22m[39m[31m[1m^[22m[39m[31m[1m^[22m[39m[31m[1m^[22m[39m[3
1m[1m^[22m[39m[31m[1m^[22m[39m[31m[1m^[22m[39m[31m[1m^[22m[39m[31m[1m^[22m[39m[31m[1m^[22m[39m[
31m[1m^[22m[39m
 [90m 2 |[39m [36mconst[39m [33mCITY[39m     [33m=[39m [32m"Kumbhalgarh"[39m[33m;[39m
 [90m 3 |[39m [36mconst[39m [33mSLUG[39m     [33m=[39m [32m"anchor-in-kumbhalgarh"[39m[33m;[39m
 [90m 4 |[39m [36mconst[39m [33mDOMAIN[39m   [33m=[39m [32m"yashsoni.in"[39m[33m;[39m[0m

Unknown regular expression flags.


./app/anchor-in-kumbhalgarh/page.jsx:37:1
Parsing ecmascript source code failed
[0m [90m 35 |[39m } [36mfrom[39m [32m"lucide-react"[39m[33m;[39m
 [90m 36 |[39m
[31m[1m>[22m[39m[90m 37 |[39m [33m/[39m ΓöÇΓöÇΓöÇΓöÇΓöÇΓöÇΓöÇΓöÇΓöÇΓöÇΓöÇΓöÇΓöÇΓöÇΓöÇΓöÇΓöÇΓöÇΓöÇΓöÇΓöÇΓöÇΓöÇΓö
ÇΓöÇΓöÇΓöÇΓöÇΓöÇΓöÇΓöÇΓöÇΓöÇΓöÇΓöÇΓöÇΓöÇΓöÇΓöÇΓöÇΓöÇΓöÇΓöÇΓöÇΓöÇ
 [90m    |[39m [31m[1m^[22m[39m[31m[1m^[22m[39m[31m[1m^[22m[39m[31m[1m^[22m[39m[31m[1m^[22m[39m[
31m[1m^[22m[39m[31m[1m^[22m[39m[31m[1m^[22m[39m[31m[1m^[22m[39m[31m[1m^[22m[39m[31m[1m^[22m[39m
[31m[1m^[22m[39m[31m[1m^[22m[39m[31m[1m^[22m[39m[31m[1m^[22m[39m[31m[1m^[22m[39m[31m[1m^[22m[39m
[31m[1m^[22m[39m[31m[1m^[22m[39m[31m[1m^[22m[39m[31m[1m^[22m[39m[31m[1m^[22m[39m[31m[1m^[22m[39
m[31m[1m^[22m[39m[31m[1m^[22m[39m[31m[1m^[22m[39m[31m[1m^[22m[39m[31m[1m^[22m[39m[31m[1m^[22m[3
9m[31m[1m^[22m[39m[31m[1m^[22m[39m[31m[1m^[22m[39m[31m[1m^[22m[39m[31m[1m^[22m[39m[31m[1m^[22m[
39m[31m[1m^[22m[39m[31m[1m^[22m[39m[31m[1m^[22m[39m[31m[1m^[22m[39m[31m[1m^[22m[39m[31m[1m^[22m
[39m[31m[1m^[22m[39m[31m[1m^[22m[39m[31m[1m^[22m[39m[31m[1m^[22m[39m[31m[1m^[22m[39m[31m[1m^[22m
[39m[31m[1m^[22m[39m[31m[1m^[22m[39m[31m[1m^[22m[39m[31m[1m^[22m[39m[31m[1m^[22m[39m[31m[1m^[22
m[39m[31m[1m^[22m[39m[31m[1m^[22m[39m[31m[1m^[22m[39m[31m[1m^[22m[39m[31m[1m^[22m[39m[31m[1m^[2
2m[39m[31m[1m^[22m[39m[31m[1m^[22m[39m[31m[1m^[22m[39m[31m[1m^[22m[39m[31m[1m^[22m[39m[31m[1m^[
22m[39m[31m[1m^[22m[39m[31m[1m^[22m[39m[31m[1m^[22m[39m[31m[1m^[22m[39m[31m[1m^[22m[39m[31m[1m^
[22m[39m[31m[1m^[22m[39m[31m[1m^[22m[39m[31m[1m^[22m[39m[31m[1m^[22m[39m[31m[1m^[22m[39m[31m[1m^
[22m[39m[31m[1m^[22m[39m[31m[1m^[22m[39m[31m[1m^[22m[39m[31m[1m^[22m[39m[31m[1m^[22m[39m[31m[1m
^[22m[39m[31m[1m^[22m[39m[31m[1m^[22m[39m[31m[1m^[22m[39m[31m[1m^[22m[39m[31m[1m^[22m[39m[31m[1
m^[22m[39m[31m[1m^[22m[39m[31m[1m^[22m[39m[31m[1m^[22m[39m[31m[1m^[22m[39m[31m[1m^[22m[39m[31m[
1m^[22m[39m[31m[1m^[22m[39m[31m[1m^[22m[39m[31m[1m^[22m[39m[31m[1m^[22m[39m[31m[1m^[22m[39m[31m
[1m^[22m[39m[31m[1m^[22m[39m[31m[1m^[22m[39m[31m[1m^[22m[39m[31m[1m^[22m[39m[31m[1m^[22m[39m[31m
[1m^[22m[39m[31m[1m^[22m[39m[31m[1m^[22m[39m[31m[1m^[22m[39m[31m[1m^[22m[39m[31m[1m^[22m[39m[31
m[1m^[22m[39m[31m[1m^[22m[39m[31m[1m^[22m[39m[31m[1m^[22m[39m[31m[1m^[22m[39m[31m[1m^[22m[39m[3
1m[1m^[22m[39m[31m[1m^[22m[39m[31m[1m^[22m[39m[31m[1m^[22m[39m[31m[1m^[22m[39m[31m[1m^[22m[39m[
31m[1m^[22m[39m[31m[1m^[22m[39m[31m[1m^[22m[39m[31m[1m^[22m[39m[31m[1m^[22m[39m[31m[1m^[22m[39m
[31m[1m^[22m[39m[31m[1m^[22m[39m[31m[1m^[22m[39m[31m[1m^[22m[39m[31m[1m^[22m[39m[31m[1m^[22m[39m
[31m[1m^[22m[39m
 [90m 38 |[39m [33m/[39m [33mCONSTANTS[39m
 [90m 39 |[39m [33m/[39m ΓöÇΓöÇΓöÇΓöÇΓöÇΓöÇΓöÇΓöÇΓöÇΓöÇΓöÇΓöÇΓöÇΓöÇΓöÇΓöÇΓöÇΓöÇΓöÇΓöÇΓöÇΓöÇΓöÇΓöÇΓöÇΓöÇΓöÇΓöÇΓöÇΓöÇ
ΓöÇΓöÇΓöÇΓöÇΓöÇΓöÇΓöÇΓöÇΓöÇΓöÇΓöÇΓöÇΓöÇΓöÇΓöÇ
 [90m 40 |[39m [36mconst[39m [33mCITY[39m [33m=[39m [32m"Kumbhalgarh"[39m[33m;[39m[0m

Unterminated regexp literal


./app/anchor-in-manali/layout.jsx:1:1
Parsing ecmascript source code failed
[0m[31m[1m>[22m[39m[90m 1 |[39m [33m/[39m 
app[33m/[39manchor[33m-[39m[36min[39m[33m-[39mmanali[33m/[39mlayout[33m.[39mjsx
 [90m   |[39m [31m[1m^[22m[39m[31m[1m^[22m[39m[31m[1m^[22m[39m[31m[1m^[22m[39m[31m[1m^[22m[39m[3
1m[1m^[22m[39m[31m[1m^[22m[39m[31m[1m^[22m[39m[31m[1m^[22m[39m[31m[1m^[22m[39m[31m[1m^[22m[39m[
31m[1m^[22m[39m
 [90m 2 |[39m [33m/[39m [33mUltra[39m[33m-[39m[33mLuxury[39m [33mAlpine[39m [33mResort[39m [33m&[39m 
[33mPunjabi[39m [33mHeritage[39m [33mDestination[39m [33mAnchor[39m [33mLayout[39m
 [90m 3 |[39m
 [90m 4 |[39m [36mconst[39m [33mCITY[39m     [33m=[39m [32m"Manali"[39m[33m;[39m[0m

Unknown regular expression flags.


./app/anchor-in-mandawa/layout.jsx:1:1
Parsing ecmascript source code failed
[0m[31m[1m>[22m[39m[90m 1 |[39m [33m/[39m 
app[33m/[39manchor[33m-[39m[36min[39m[33m-[39mmandawa[33m/[39mlayout[33m.[39mjsx
 [90m   |[39m [31m[1m^[22m[39m[31m[1m^[22m[39m[31m[1m^[22m[39m[31m[1m^[22m[39m[31m[1m^[22m[39m[3
1m[1m^[22m[39m[31m[1m^[22m[39m[31m[1m^[22m[39m[31m[1m^[22m[39m[31m[1m^[22m[39m[31m[1m^[22m[39m[
31m[1m^[22m[39m
 [90m 2 |[39m [33m/[39m [33mShekhawati[39m [33mHaveli[39m [33mWedding[39m [33mAnchor[39m ΓÇö 
[33mFull[39m [33mTriple[39m [33mSchema[39m [33m+[39m [33mRich[39m [33mSEO[39m [33mLayout[39m
 [90m 3 |[39m
 [90m 4 |[39m [36mconst[39m [33mCITY[39m     [33m=[39m [32m"Mandawa"[39m[33m;[39m[0m

Unknown regular expression flags.


./app/anchor-in-mount-abu/layout.jsx:1:1
Parsing ecmascript source code failed
[0m[31m[1m>[22m[39m[90m 1 |[39m [33m/[39m 
app[33m/[39manchor[33m-[39m[36min[39m[33m-[39mmount[33m-[39mabu[33m/[39mlayout[33m.[39mjsx
 [90m   |[39m [31m[1m^[22m[39m[31m[1m^[22m[39m[31m[1m^[22m[39m[31m[1m^[22m[39m[31m[1m^[22m[39m[3
1m[1m^[22m[39m[31m[1m^[22m[39m[31m[1m^[22m[39m[31m[1m^[22m[39m[31m[1m^[22m[39m[31m[1m^[22m[39m[
31m[1m^[22m[39m
 [90m 2 |[39m [33m/[39m [33mHill[39m [33mStation[39m [33mWedding[39m [33mAnchor[39m ΓÇö [33mFull[39m 
[33mTriple[39m [33mSchema[39m [33m+[39m [33mRich[39m [33mSEO[39m [33mLayout[39m
 [90m 3 |[39m
 [90m 4 |[39m [36mconst[39m [33mCITY[39m     [33m=[39m [32m"Mount Abu"[39m[33m;[39m[0m

Unknown regular expression flags.


./app/anchor-in-mumbai/layout.jsx:1:1
Parsing ecmascript source code failed
[0m[31m[1m>[22m[39m[90m 1 |[39m [33m/[39m 
app[33m/[39manchor[33m-[39m[36min[39m[33m-[39mmumbai[33m/[39mlayout[33m.[39mjsx
 [90m   |[39m [31m[1m^[22m[39m[31m[1m^[22m[39m[31m[1m^[22m[39m[31m[1m^[22m[39m[31m[1m^[22m[39m[3
1m[1m^[22m[39m[31m[1m^[22m[39m[31m[1m^[22m[39m[31m[1m^[22m[39m[31m[1m^[22m[39m[31m[1m^[22m[39m[
31m[1m^[22m[39m
 [90m 2 |[39m [33m/[39m [33mSERVER[39m [33mCOMPONENT[39m ΓÇö [33mSEO[39m metadata only[33m.[39m 
[33mAll[39m [33mJSON[39m[33m-[39m[33mLD[39m schemas inside[33m.[39m
 [90m 3 |[39m
 [90m 4 |[39m [36mconst[39m [33mCITY[39m       [33m=[39m [32m"Mumbai"[39m[33m;[39m[0m

Unknown regular expression flags.


./app/anchor-in-mumbai/page.jsx:38:1
Parsing ecmascript source code failed
[0m [90m 36 |[39m } [36mfrom[39m [32m"lucide-react"[39m[33m;[39m
 [90m 37 |[39m
[31m[1m>[22m[39m[90m 38 |[39m [33m/[39m ΓöÇΓöÇΓöÇΓöÇΓöÇΓöÇΓöÇΓöÇΓöÇΓöÇΓöÇΓöÇΓöÇΓöÇΓöÇΓöÇΓöÇΓöÇΓöÇΓöÇΓöÇΓöÇΓöÇΓö
ÇΓöÇΓöÇΓöÇΓöÇΓöÇΓöÇΓöÇΓöÇΓöÇΓöÇΓöÇΓöÇΓöÇΓöÇΓöÇΓöÇΓöÇΓöÇΓöÇΓöÇΓöÇ
 [90m    |[39m [31m[1m^[22m[39m[31m[1m^[22m[39m[31m[1m^[22m[39m[31m[1m^[22m[39m[31m[1m^[22m[39m[
31m[1m^[22m[39m[31m[1m^[22m[39m[31m[1m^[22m[39m[31m[1m^[22m[39m[31m[1m^[22m[39m[31m[1m^[22m[39m
[31m[1m^[22m[39m[31m[1m^[22m[39m[31m[1m^[22m[39m[31m[1m^[22m[39m[31m[1m^[22m[39m[31m[1m^[22m[39m
[31m[1m^[22m[39m[31m[1m^[22m[39m[31m[1m^[22m[39m[31m[1m^[22m[39m[31m[1m^[22m[39m[31m[1m^[22m[39
m[31m[1m^[22m[39m[31m[1m^[22m[39m[31m[1m^[22m[39m[31m[1m^[22m[39m[31m[1m^[22m[39m[31m[1m^[22m[3
9m[31m[1m^[22m[39m[31m[1m^[22m[39m[31m[1m^[22m[39m[31m[1m^[22m[39m[31m[1m^[22m[39m[31m[1m^[22m[
39m[31m[1m^[22m[39m[31m[1m^[22m[39m[31m[1m^[22m[39m[31m[1m^[22m[39m[31m[1m^[22m[39m[31m[1m^[22m
[39m[31m[1m^[22m[39m[31m[1m^[22m[39m[31m[1m^[22m[39m[31m[1m^[22m[39m[31m[1m^[22m[39m[31m[1m^[22m
[39m[31m[1m^[22m[39m[31m[1m^[22m[39m[31m[1m^[22m[39m[31m[1m^[22m[39m[31m[1m^[22m[39m[31m[1m^[22
m[39m[31m[1m^[22m[39m[31m[1m^[22m[39m[31m[1m^[22m[39m[31m[1m^[22m[39m[31m[1m^[22m[39m[31m[1m^[2
2m[39m[31m[1m^[22m[39m[31m[1m^[22m[39m[31m[1m^[22m[39m[31m[1m^[22m[39m[31m[1m^[22m[39m[31m[1m^[
22m[39m[31m[1m^[22m[39m[31m[1m^[22m[39m[31m[1m^[22m[39m[31m[1m^[22m[39m[31m[1m^[22m[39m[31m[1m^
[22m[39m[31m[1m^[22m[39m[31m[1m^[22m[39m[31m[1m^[22m[39m[31m[1m^[22m[39m[31m[1m^[22m[39m[31m[1m^
[22m[39m[31m[1m^[22m[39m[31m[1m^[22m[39m[31m[1m^[22m[39m[31m[1m^[22m[39m[31m[1m^[22m[39m[31m[1m
^[22m[39m[31m[1m^[22m[39m[31m[1m^[22m[39m[31m[1m^[22m[39m[31m[1m^[22m[39m[31m[1m^[22m[39m[31m[1
m^[22m[39m[31m[1m^[22m[39m[31m[1m^[22m[39m[31m[1m^[22m[39m[31m[1m^[22m[39m[31m[1m^[22m[39m[31m[
1m^[22m[39m[31m[1m^[22m[39m[31m[1m^[22m[39m[31m[1m^[22m[39m[31m[1m^[22m[39m[31m[1m^[22m[39m[31m
[1m^[22m[39m[31m[1m^[22m[39m[31m[1m^[22m[39m[31m[1m^[22m[39m[31m[1m^[22m[39m[31m[1m^[22m[39m[31m
[1m^[22m[39m[31m[1m^[22m[39m[31m[1m^[22m[39m[31m[1m^[22m[39m[31m[1m^[22m[39m[31m[1m^[22m[39m[31
m[1m^[22m[39m[31m[1m^[22m[39m[31m[1m^[22m[39m[31m[1m^[22m[39m[31m[1m^[22m[39m[31m[1m^[22m[39m[3
1m[1m^[22m[39m[31m[1m^[22m[39m[31m[1m^[22m[39m[31m[1m^[22m[39m[31m[1m^[22m[39m[31m[1m^[22m[39m[
31m[1m^[22m[39m[31m[1m^[22m[39m[31m[1m^[22m[39m[31m[1m^[22m[39m[31m[1m^[22m[39m[31m[1m^[22m[39m
[31m[1m^[22m[39m[31m[1m^[22m[39m[31m[1m^[22m[39m[31m[1m^[22m[39m[31m[1m^[22m[39m[31m[1m^[22m[39m
[31m[1m^[22m[39m
 [90m 39 |[39m [33m/[39m [33mCONSTANTS[39m
 [90m 40 |[39m [33m/[39m ΓöÇΓöÇΓöÇΓöÇΓöÇΓöÇΓöÇΓöÇΓöÇΓöÇΓöÇΓöÇΓöÇΓöÇΓöÇΓöÇΓöÇΓöÇΓöÇΓöÇΓöÇΓöÇΓöÇΓöÇΓöÇΓöÇΓöÇΓöÇΓöÇΓöÇ
ΓöÇΓöÇΓöÇΓöÇΓöÇΓöÇΓöÇΓöÇΓöÇΓöÇΓöÇΓöÇΓöÇΓöÇΓöÇ
 [90m 41 |[39m [36mconst[39m [33mCITY[39m [33m=[39m [32m"Mumbai"[39m[33m;[39m[0m

Unterminated regexp literal


./app/anchor-in-mussoorie/layout.jsx:1:1
Parsing ecmascript source code failed
[0m[31m[1m>[22m[39m[90m 1 |[39m [33m/[39m 
app[33m/[39manchor[33m-[39m[36min[39m[33m-[39mmussoorie[33m/[39mlayout[33m.[39mjsx
 [90m   |[39m [31m[1m^[22m[39m[31m[1m^[22m[39m[31m[1m^[22m[39m[31m[1m^[22m[39m[31m[1m^[22m[39m[3
1m[1m^[22m[39m[31m[1m^[22m[39m[31m[1m^[22m[39m[31m[1m^[22m[39m[31m[1m^[22m[39m[31m[1m^[22m[39m[
31m[1m^[22m[39m
 [90m 2 |[39m [33m/[39m [33mUltra[39m[33m-[39m[33mLuxury[39m [33mHeritage[39m [33mDoon[39m 
[33mValley[39m [33mDestination[39m [33mAnchor[39m [33mLayout[39m
 [90m 3 |[39m
 [90m 4 |[39m [36mconst[39m [33mCITY[39m     [33m=[39m [32m"Mussoorie"[39m[33m;[39m[0m

Unknown regular expression flags.


./app/anchor-in-nainital/layout.jsx:1:1
Parsing ecmascript source code failed
[0m[31m[1m>[22m[39m[90m 1 |[39m [33m/[39m 
app[33m/[39manchor[33m-[39m[36min[39m[33m-[39mnainital[33m/[39mlayout[33m.[39mjsx
 [90m   |[39m [31m[1m^[22m[39m[31m[1m^[22m[39m[31m[1m^[22m[39m[31m[1m^[22m[39m[31m[1m^[22m[39m[3
1m[1m^[22m[39m[31m[1m^[22m[39m[31m[1m^[22m[39m[31m[1m^[22m[39m[31m[1m^[22m[39m[31m[1m^[22m[39m[
31m[1m^[22m[39m
 [90m 2 |[39m [33m/[39m [33mUltra[39m[33m-[39m[33mLuxury[39m [33mLakeside[39m [33mHeritage[39m 
[33mDestination[39m [33mAnchor[39m [33mLayout[39m
 [90m 3 |[39m
 [90m 4 |[39m [36mconst[39m [33mCITY[39m     [33m=[39m [32m"Nainital"[39m[33m;[39m[0m

Unknown regular expression flags.


./app/anchor-in-neemrana/layout.jsx:1:1
Parsing ecmascript source code failed
[0m[31m[1m>[22m[39m[90m 1 |[39m [33m/[39m 
app[33m/[39manchor[33m-[39m[36min[39m[33m-[39mneemrana[33m/[39mlayout[33m.[39mjsx
 [90m   |[39m [31m[1m^[22m[39m[31m[1m^[22m[39m[31m[1m^[22m[39m[31m[1m^[22m[39m[31m[1m^[22m[39m[3
1m[1m^[22m[39m[31m[1m^[22m[39m[31m[1m^[22m[39m[31m[1m^[22m[39m[31m[1m^[22m[39m[31m[1m^[22m[39m[
31m[1m^[22m[39m
 [90m 2 |[39m [33m/[39m [33mDelhi[39m [33mNCR[39m [33mWeekend[39m [33mHeritage[39m [33m&[39m 
[33mCorporate[39m [33mRetreat[39m [33mAnchor[39m [33mLayout[39m
 [90m 3 |[39m
 [90m 4 |[39m [36mconst[39m [33mCITY[39m     [33m=[39m [32m"Neemrana"[39m[33m;[39m[0m

Unknown regular expression flags.


./app/anchor-in-ooty/layout.jsx:1:1
Parsing ecmascript source code failed
[0m[31m[1m>[22m[39m[90m 1 |[39m [33m/[39m 
app[33m/[39manchor[33m-[39m[36min[39m[33m-[39mooty[33m/[39mlayout[33m.[39mjsx
 [90m   |[39m [31m[1m^[22m[39m[31m[1m^[22m[39m[31m[1m^[22m[39m[31m[1m^[22m[39m[31m[1m^[22m[39m[3
1m[1m^[22m[39m[31m[1m^[22m[39m[31m[1m^[22m[39m[31m[1m^[22m[39m[31m[1m^[22m[39m[31m[1m^[22m[39m[
31m[1m^[22m[39m
 [90m 2 |[39m [33m/[39m [33mUltra[39m[33m-[39m[33mLuxury[39m [33mHeritage[39m [33mHill[39m 
[33mDestination[39m [33mAnchor[39m [33mLayout[39m
 [90m 3 |[39m
 [90m 4 |[39m [36mconst[39m [33mCITY[39m     [33m=[39m [32m"Ooty"[39m[33m;[39m[0m

Unknown regular expression flags.


./app/anchor-in-pushkar/layout.jsx:1:1
Parsing ecmascript source code failed
[0m[31m[1m>[22m[39m[90m 1 |[39m [33m/[39m 
app[33m/[39manchor[33m-[39m[36min[39m[33m-[39mpushkar[33m/[39mlayout[33m.[39mjsx
 [90m   |[39m [31m[1m^[22m[39m[31m[1m^[22m[39m[31m[1m^[22m[39m[31m[1m^[22m[39m[31m[1m^[22m[39m[3
1m[1m^[22m[39m[31m[1m^[22m[39m[31m[1m^[22m[39m[31m[1m^[22m[39m[31m[1m^[22m[39m[31m[1m^[22m[39m[
31m[1m^[22m[39m
 [90m 2 |[39m [33m/[39m [33mInternational[39m [33mNRI[39m [33mWedding[39m [33m&[39m [33mHeritage[39m 
[33mDesert[39m [33mAnchor[39m [33mLayout[39m
 [90m 3 |[39m
 [90m 4 |[39m [36mconst[39m [33mCITY[39m     [33m=[39m [32m"Pushkar"[39m[33m;[39m[0m

Unknown regular expression flags.


./app/anchor-in-rajasthan/layout.jsx:1:1
Parsing ecmascript source code failed
[0m[31m[1m>[22m[39m[90m 1 |[39m [33m/[39m 
app[33m/[39manchor[33m-[39m[36min[39m[33m-[39mrajasthan[33m/[39mlayout[33m.[39mjsx
 [90m   |[39m [31m[1m^[22m[39m[31m[1m^[22m[39m[31m[1m^[22m[39m[31m[1m^[22m[39m[31m[1m^[22m[39m[3
1m[1m^[22m[39m[31m[1m^[22m[39m[31m[1m^[22m[39m[31m[1m^[22m[39m[31m[1m^[22m[39m[31m[1m^[22m[39m[
31m[1m^[22m[39m
 [90m 2 |[39m [33m/[39m [33mSERVER[39m [33mCOMPONENT[39m ΓÇö metadata [33m+[39m schema only
 [90m 3 |[39m
 [90m 4 |[39m [36mconst[39m serviceSchema [33m=[39m {[0m

Unknown regular expression flags.


./app/anchor-in-rajasthan/page.jsx:36:1
Parsing ecmascript source code failed
[0m [90m 34 |[39m } [36mfrom[39m [32m"lucide-react"[39m[33m;[39m
 [90m 35 |[39m
[31m[1m>[22m[39m[90m 36 |[39m [33m/[39m ΓöÇΓöÇΓöÇΓöÇΓöÇΓöÇΓöÇΓöÇΓöÇΓöÇΓöÇΓöÇΓöÇΓöÇΓöÇΓöÇΓöÇΓöÇΓöÇΓöÇΓöÇΓöÇΓöÇΓö
ÇΓöÇΓöÇΓöÇΓöÇΓöÇΓöÇΓöÇΓöÇΓöÇΓöÇΓöÇΓöÇΓöÇΓöÇΓöÇΓöÇΓöÇΓöÇΓöÇΓöÇΓöÇ
 [90m    |[39m [31m[1m^[22m[39m[31m[1m^[22m[39m[31m[1m^[22m[39m[31m[1m^[22m[39m[31m[1m^[22m[39m[
31m[1m^[22m[39m[31m[1m^[22m[39m[31m[1m^[22m[39m[31m[1m^[22m[39m[31m[1m^[22m[39m[31m[1m^[22m[39m
[31m[1m^[22m[39m[31m[1m^[22m[39m[31m[1m^[22m[39m[31m[1m^[22m[39m[31m[1m^[22m[39m[31m[1m^[22m[39m
[31m[1m^[22m[39m[31m[1m^[22m[39m[31m[1m^[22m[39m[31m[1m^[22m[39m[31m[1m^[22m[39m[31m[1m^[22m[39
m[31m[1m^[22m[39m[31m[1m^[22m[39m[31m[1m^[22m[39m[31m[1m^[22m[39m[31m[1m^[22m[39m[31m[1m^[22m[3
9m[31m[1m^[22m[39m[31m[1m^[22m[39m[31m[1m^[22m[39m[31m[1m^[22m[39m[31m[1m^[22m[39m[31m[1m^[22m[
39m[31m[1m^[22m[39m[31m[1m^[22m[39m[31m[1m^[22m[39m[31m[1m^[22m[39m[31m[1m^[22m[39m[31m[1m^[22m
[39m[31m[1m^[22m[39m[31m[1m^[22m[39m[31m[1m^[22m[39m[31m[1m^[22m[39m[31m[1m^[22m[39m[31m[1m^[22m
[39m[31m[1m^[22m[39m[31m[1m^[22m[39m[31m[1m^[22m[39m[31m[1m^[22m[39m[31m[1m^[22m[39m[31m[1m^[22
m[39m[31m[1m^[22m[39m[31m[1m^[22m[39m[31m[1m^[22m[39m[31m[1m^[22m[39m[31m[1m^[22m[39m[31m[1m^[2
2m[39m[31m[1m^[22m[39m[31m[1m^[22m[39m[31m[1m^[22m[39m[31m[1m^[22m[39m[31m[1m^[22m[39m[31m[1m^[
22m[39m[31m[1m^[22m[39m[31m[1m^[22m[39m[31m[1m^[22m[39m[31m[1m^[22m[39m[31m[1m^[22m[39m[31m[1m^
[22m[39m[31m[1m^[22m[39m[31m[1m^[22m[39m[31m[1m^[22m[39m[31m[1m^[22m[39m[31m[1m^[22m[39m[31m[1m^
[22m[39m[31m[1m^[22m[39m[31m[1m^[22m[39m[31m[1m^[22m[39m[31m[1m^[22m[39m[31m[1m^[22m[39m[31m[1m
^[22m[39m[31m[1m^[22m[39m[31m[1m^[22m[39m[31m[1m^[22m[39m[31m[1m^[22m[39m[31m[1m^[22m[39m[31m[1
m^[22m[39m[31m[1m^[22m[39m[31m[1m^[22m[39m[31m[1m^[22m[39m[31m[1m^[22m[39m[31m[1m^[22m[39m[31m[
1m^[22m[39m[31m[1m^[22m[39m[31m[1m^[22m[39m[31m[1m^[22m[39m[31m[1m^[22m[39m[31m[1m^[22m[39m[31m
[1m^[22m[39m[31m[1m^[22m[39m[31m[1m^[22m[39m[31m[1m^[22m[39m[31m[1m^[22m[39m[31m[1m^[22m[39m[31m
[1m^[22m[39m[31m[1m^[22m[39m[31m[1m^[22m[39m[31m[1m^[22m[39m[31m[1m^[22m[39m[31m[1m^[22m[39m[31
m[1m^[22m[39m[31m[1m^[22m[39m[31m[1m^[22m[39m[31m[1m^[22m[39m[31m[1m^[22m[39m[31m[1m^[22m[39m[3
1m[1m^[22m[39m[31m[1m^[22m[39m[31m[1m^[22m[39m[31m[1m^[22m[39m[31m[1m^[22m[39m[31m[1m^[22m[39m[
31m[1m^[22m[39m[31m[1m^[22m[39m[31m[1m^[22m[39m[31m[1m^[22m[39m[31m[1m^[22m[39m[31m[1m^[22m[39m
[31m[1m^[22m[39m[31m[1m^[22m[39m[31m[1m^[22m[39m[31m[1m^[22m[39m[31m[1m^[22m[39m[31m[1m^[22m[39m
[31m[1m^[22m[39m
 [90m 37 |[39m [33m/[39m [33mTHEME[39m ΓÇö [33mBlack[39m [33mGold[39m ([33mAnchoring[39m pages)
 [90m 38 |[39m [33m/[39m ΓöÇΓöÇΓöÇΓöÇΓöÇΓöÇΓöÇΓöÇΓöÇΓöÇΓöÇΓöÇΓöÇΓöÇΓöÇΓöÇΓöÇΓöÇΓöÇΓöÇΓöÇΓöÇΓöÇΓöÇΓöÇΓöÇΓöÇΓöÇΓöÇΓöÇ
ΓöÇΓöÇΓöÇΓöÇΓöÇΓöÇΓöÇΓöÇΓöÇΓöÇΓöÇΓöÇΓöÇΓöÇΓöÇ
 [90m 39 |[39m [36mconst[39m [33mGOLD[39m [33m=[39m [32m"#D4AF37"[39m[33m;[39m[0m

Unterminated regexp literal


./app/anchor-in-ranthambore/layout.jsx:1:1
Parsing ecmascript source code failed
[0m[31m[1m>[22m[39m[90m 1 |[39m [33m/[39m 
app[33m/[39manchor[33m-[39m[36min[39m[33m-[39mranthambore[33m/[39mlayout[33m.[39mjsx
 [90m   |[39m [31m[1m^[22m[39m[31m[1m^[22m[39m[31m[1m^[22m[39m[31m[1m^[22m[39m[31m[1m^[22m[39m[3
1m[1m^[22m[39m[31m[1m^[22m[39m[31m[1m^[22m[39m[31m[1m^[22m[39m[31m[1m^[22m[39m[31m[1m^[22m[39m[
31m[1m^[22m[39m
 [90m 2 |[39m [36mconst[39m [33mCITY[39m     [33m=[39m [32m"Ranthambore"[39m[33m;[39m
 [90m 3 |[39m [36mconst[39m [33mSLUG[39m     [33m=[39m [32m"anchor-in-ranthambore"[39m[33m;[39m
 [90m 4 |[39m [36mconst[39m [33mDOMAIN[39m   [33m=[39m [32m"yashsoni.in"[39m[33m;[39m[0m

Unknown regular expression flags.


./app/anchor-in-rishikesh/layout.jsx:1:1
Parsing ecmascript source code failed
[0m[31m[1m>[22m[39m[90m 1 |[39m [33m/[39m 
app[33m/[39manchor[33m-[39m[36min[39m[33m-[39mrishikesh[33m/[39mlayout[33m.[39mjsx
 [90m   |[39m [31m[1m^[22m[39m[31m[1m^[22m[39m[31m[1m^[22m[39m[31m[1m^[22m[39m[31m[1m^[22m[39m[3
1m[1m^[22m[39m[31m[1m^[22m[39m[31m[1m^[22m[39m[31m[1m^[22m[39m[31m[1m^[22m[39m[31m[1m^[22m[39m[
31m[1m^[22m[39m
 [90m 2 |[39m [33m/[39m [33mUltra[39m[33m-[39m[33mLuxury[39m [33mSatvik[39m [33mDestination[39m 
[33m&[39m [33mHimalayan[39m [33mFoothills[39m [33mAnchor[39m [33mLayout[39m
 [90m 3 |[39m
 [90m 4 |[39m [36mconst[39m [33mCITY[39m     [33m=[39m [32m"Rishikesh"[39m[33m;[39m[0m

Unknown regular expression flags.


./app/anchor-in-shimla/layout.jsx:1:1
Parsing ecmascript source code failed
[0m[31m[1m>[22m[39m[90m 1 |[39m [33m/[39m 
app[33m/[39manchor[33m-[39m[36min[39m[33m-[39mshimla[33m/[39mlayout[33m.[39mjsx
 [90m   |[39m [31m[1m^[22m[39m[31m[1m^[22m[39m[31m[1m^[22m[39m[31m[1m^[22m[39m[31m[1m^[22m[39m[3
1m[1m^[22m[39m[31m[1m^[22m[39m[31m[1m^[22m[39m[31m[1m^[22m[39m[31m[1m^[22m[39m[31m[1m^[22m[39m[
31m[1m^[22m[39m
 [90m 2 |[39m [33m/[39m [33mUltra[39m[33m-[39m[33mLuxury[39m [33mHigh[39m[33m-[39m[33mAltitude[39m 
[33mHeritage[39m [33mDestination[39m [33mAnchor[39m [33mLayout[39m
 [90m 3 |[39m
 [90m 4 |[39m [36mconst[39m [33mCITY[39m     [33m=[39m [32m"Shimla"[39m[33m;[39m[0m

Unknown regular expression flags.


./app/anchor-in-udaipur/layout.jsx:1:1
Parsing ecmascript source code failed
[0m[31m[1m>[22m[39m[90m 1 |[39m [33m/[39m 
app[33m/[39manchor[33m-[39m[36min[39m[33m-[39mudaipur[33m/[39mlayout[33m.[39mjsx
 [90m   |[39m [31m[1m^[22m[39m[31m[1m^[22m[39m[31m[1m^[22m[39m[31m[1m^[22m[39m[31m[1m^[22m[39m[3
1m[1m^[22m[39m[31m[1m^[22m[39m[31m[1m^[22m[39m[31m[1m^[22m[39m[31m[1m^[22m[39m[31m[1m^[22m[39m[
31m[1m^[22m[39m
 [90m 2 |[39m [33m/[39m [33mSERVER[39m [33mCOMPONENT[39m ΓÇö [33mSEO[39m metadata only[33m.[39m 
[33mAll[39m [33mJSON[39m[33m-[39m[33mLD[39m schemas [36min[39m page[33m.[39mjsx[33m.[39m
 [90m 3 |[39m
 [90m 4 |[39m [36mconst[39m [33mCITY[39m        [33m=[39m [32m"Udaipur"[39m[33m;[39m[0m

Unknown regular expression flags.


./app/anchor-in-udaipur/page.jsx:36:1
Parsing ecmascript source code failed
[0m [90m 34 |[39m } [36mfrom[39m [32m"lucide-react"[39m[33m;[39m
 [90m 35 |[39m
[31m[1m>[22m[39m[90m 36 |[39m [33m/[39m ΓöÇΓöÇΓöÇΓöÇΓöÇΓöÇΓöÇΓöÇΓöÇΓöÇΓöÇΓöÇΓöÇΓöÇΓöÇΓöÇΓöÇΓöÇΓöÇΓöÇΓöÇΓöÇΓöÇΓö
ÇΓöÇΓöÇΓöÇΓöÇΓöÇΓöÇΓöÇΓöÇΓöÇΓöÇΓöÇΓöÇΓöÇΓöÇΓöÇΓöÇΓöÇΓöÇΓöÇΓöÇΓöÇ
 [90m    |[39m [31m[1m^[22m[39m[31m[1m^[22m[39m[31m[1m^[22m[39m[31m[1m^[22m[39m[31m[1m^[22m[39m[
31m[1m^[22m[39m[31m[1m^[22m[39m[31m[1m^[22m[39m[31m[1m^[22m[39m[31m[1m^[22m[39m[31m[1m^[22m[39m
[31m[1m^[22m[39m[31m[1m^[22m[39m[31m[1m^[22m[39m[31m[1m^[22m[39m[31m[1m^[22m[39m[31m[1m^[22m[39m
[31m[1m^[22m[39m[31m[1m^[22m[39m[31m[1m^[22m[39m[31m[1m^[22m[39m[31m[1m^[22m[39m[31m[1m^[22m[39
m[31m[1m^[22m[39m[31m[1m^[22m[39m[31m[1m^[22m[39m[31m[1m^[22m[39m[31m[1m^[22m[39m[31m[1m^[22m[3
9m[31m[1m^[22m[39m[31m[1m^[22m[39m[31m[1m^[22m[39m[31m[1m^[22m[39m[31m[1m^[22m[39m[31m[1m^[22m[
39m[31m[1m^[22m[39m[31m[1m^[22m[39m[31m[1m^[22m[39m[31m[1m^[22m[39m[31m[1m^[22m[39m[31m[1m^[22m
[39m[31m[1m^[22m[39m[31m[1m^[22m[39m[31m[1m^[22m[39m[31m[1m^[22m[39m[31m[1m^[22m[39m[31m[1m^[22m
[39m[31m[1m^[22m[39m[31m[1m^[22m[39m[31m[1m^[22m[39m[31m[1m^[22m[39m[31m[1m^[22m[39m[31m[1m^[22
m[39m[31m[1m^[22m[39m[31m[1m^[22m[39m[31m[1m^[22m[39m[31m[1m^[22m[39m[31m[1m^[22m[39m[31m[1m^[2
2m[39m[31m[1m^[22m[39m[31m[1m^[22m[39m[31m[1m^[22m[39m[31m[1m^[22m[39m[31m[1m^[22m[39m[31m[1m^[
22m[39m[31m[1m^[22m[39m[31m[1m^[22m[39m[31m[1m^[22m[39m[31m[1m^[22m[39m[31m[1m^[22m[39m[31m[1m^
[22m[39m[31m[1m^[22m[39m[31m[1m^[22m[39m[31m[1m^[22m[39m[31m[1m^[22m[39m[31m[1m^[22m[39m[31m[1m^
[22m[39m[31m[1m^[22m[39m[31m[1m^[22m[39m[31m[1m^[22m[39m[31m[1m^[22m[39m[31m[1m^[22m[39m[31m[1m
^[22m[39m[31m[1m^[22m[39m[31m[1m^[22m[39m[31m[1m^[22m[39m[31m[1m^[22m[39m[31m[1m^[22m[39m[31m[1
m^[22m[39m[31m[1m^[22m[39m[31m[1m^[22m[39m[31m[1m^[22m[39m[31m[1m^[22m[39m[31m[1m^[22m[39m[31m[
1m^[22m[39m[31m[1m^[22m[39m[31m[1m^[22m[39m[31m[1m^[22m[39m[31m[1m^[22m[39m[31m[1m^[22m[39m[31m
[1m^[22m[39m[31m[1m^[22m[39m[31m[1m^[22m[39m[31m[1m^[22m[39m[31m[1m^[22m[39m[31m[1m^[22m[39m[31m
[1m^[22m[39m[31m[1m^[22m[39m[31m[1m^[22m[39m[31m[1m^[22m[39m[31m[1m^[22m[39m[31m[1m^[22m[39m[31
m[1m^[22m[39m[31m[1m^[22m[39m[31m[1m^[22m[39m[31m[1m^[22m[39m[31m[1m^[22m[39m[31m[1m^[22m[39m[3
1m[1m^[22m[39m[31m[1m^[22m[39m[31m[1m^[22m[39m[31m[1m^[22m[39m[31m[1m^[22m[39m[31m[1m^[22m[39m[
31m[1m^[22m[39m[31m[1m^[22m[39m[31m[1m^[22m[39m[31m[1m^[22m[39m[31m[1m^[22m[39m[31m[1m^[22m[39m
[31m[1m^[22m[39m[31m[1m^[22m[39m[31m[1m^[22m[39m[31m[1m^[22m[39m[31m[1m^[22m[39m[31m[1m^[22m[39m
[31m[1m^[22m[39m
 [90m 37 |[39m [33m/[39m [33mCONSTANTS[39m
 [90m 38 |[39m [33m/[39m ΓöÇΓöÇΓöÇΓöÇΓöÇΓöÇΓöÇΓöÇΓöÇΓöÇΓöÇΓöÇΓöÇΓöÇΓöÇΓöÇΓöÇΓöÇΓöÇΓöÇΓöÇΓöÇΓöÇΓöÇΓöÇΓöÇΓöÇΓöÇΓöÇΓöÇ
ΓöÇΓöÇΓöÇΓöÇΓöÇΓöÇΓöÇΓöÇΓöÇΓöÇΓöÇΓöÇΓöÇΓöÇΓöÇ
 [90m 39 |[39m [36mconst[39m [33mCITY[39m [33m=[39m [32m"Udaipur"[39m[33m;[39m[0m

Unterminated regexp literal


./app/anchor-in-varanasi/layout.jsx:1:1
Parsing ecmascript source code failed
[0m[31m[1m>[22m[39m[90m 1 |[39m [33m/[39m 
app[33m/[39manchor[33m-[39m[36min[39m[33m-[39mvaranasi[33m/[39mlayout[33m.[39mjsx
 [90m   |[39m [31m[1m^[22m[39m[31m[1m^[22m[39m[31m[1m^[22m[39m[31m[1m^[22m[39m[31m[1m^[22m[39m[3
1m[1m^[22m[39m[31m[1m^[22m[39m[31m[1m^[22m[39m[31m[1m^[22m[39m[31m[1m^[22m[39m[31m[1m^[22m[39m[
31m[1m^[22m[39m
 [90m 2 |[39m [33m/[39m [33mUltra[39m[33m-[39m[33mLuxury[39m [33mHeritage[39m [33m&[39m 
[33mSpiritual[39m [33mDestination[39m [33mAnchor[39m [33mLayout[39m
 [90m 3 |[39m
 [90m 4 |[39m [36mconst[39m [33mCITY[39m     [33m=[39m [32m"Varanasi"[39m[33m;[39m[0m

Unknown regular expression flags.


./app/artist-management-jaipur/page.jsx:30:1
Parsing ecmascript source code failed
[0m [90m 28 |[39m } [36mfrom[39m [32m"lucide-react"[39m[33m;[39m
 [90m 29 |[39m
[31m[1m>[22m[39m[90m 30 |[39m [33m/[39m [33m--[39m[33m-[39m [33mDATA[39m[33m:[39m [33mTALENT[39m 
[33mCATEGORIES[39m [33m&[39m [33mLOGISTICS[39m [33m--[39m[33m-[39m
 [90m    |[39m [31m[1m^[22m[39m[31m[1m^[22m[39m[31m[1m^[22m[39m[31m[1m^[22m[39m[31m[1m^[22m[39m[
31m[1m^[22m[39m[31m[1m^[22m[39m[31m[1m^[22m[39m[31m[1m^[22m[39m[31m[1m^[22m[39m[31m[1m^[22m[39m
[31m[1m^[22m[39m[31m[1m^[22m[39m[31m[1m^[22m[39m[31m[1m^[22m[39m[31m[1m^[22m[39m[31m[1m^[22m[39m
[31m[1m^[22m[39m[31m[1m^[22m[39m[31m[1m^[22m[39m[31m[1m^[22m[39m[31m[1m^[22m[39m[31m[1m^[22m[39
m[31m[1m^[22m[39m[31m[1m^[22m[39m[31m[1m^[22m[39m[31m[1m^[22m[39m[31m[1m^[22m[39m[31m[1m^[22m[3
9m[31m[1m^[22m[39m[31m[1m^[22m[39m[31m[1m^[22m[39m[31m[1m^[22m[39m[31m[1m^[22m[39m[31m[1m^[22m[
39m[31m[1m^[22m[39m[31m[1m^[22m[39m[31m[1m^[22m[39m[31m[1m^[22m[39m[31m[1m^[22m[39m[31m[1m^[22m
[39m[31m[1m^[22m[39m[31m[1m^[22m[39m[31m[1m^[22m[39m[31m[1m^[22m[39m
 [90m 31 |[39m [36mconst[39m talentRoster [33m=[39m [
 [90m 32 |[39m   {
 [90m 33 |[39m     title[33m:[39m [32m"Anchors & Emcees"[39m[33m,[39m[0m

Unterminated regexp literal


./app/award-night-anchor-jaipur/layout.jsx:1:1
Parsing ecmascript source code failed
[0m[31m[1m>[22m[39m[90m 1 |[39m [33m/[39m 
app[33m/[39maward[33m-[39mnight[33m-[39manchor[33m-[39mjaipur[33m/[39mlayout[33m.[39mjsx
 [90m   |[39m [31m[1m^[22m[39m[31m[1m^[22m[39m[31m[1m^[22m[39m[31m[1m^[22m[39m[31m[1m^[22m[39m[3
1m[1m^[22m[39m[31m[1m^[22m[39m[31m[1m^[22m[39m[31m[1m^[22m[39m[31m[1m^[22m[39m[31m[1m^[22m[39m
 [90m 2 |[39m
 [90m 3 |[39m [36mconst[39m serviceSchema [33m=[39m {
 [90m 4 |[39m   [32m"@context"[39m[33m:[39m [32m"https://schema.org"[39m[33m,[39m[0m

Unknown regular expression flags.


./app/best-anchor-in-jaipur/layout.jsx:1:1
Parsing ecmascript source code failed
[0m[31m[1m>[22m[39m[90m 1 |[39m [33m/[39m 
app[33m/[39mbest[33m-[39manchor[33m-[39m[36min[39m[33m-[39mjaipur[33m/[39mlayout[33m.[39mjsx
 [90m   |[39m [31m[1m^[22m[39m[31m[1m^[22m[39m[31m[1m^[22m[39m[31m[1m^[22m[39m[31m[1m^[22m[39m[3
1m[1m^[22m[39m[31m[1m^[22m[39m[31m[1m^[22m[39m[31m[1m^[22m[39m[31m[1m^[22m[39m
 [90m 2 |[39m [33m/[39m [33mSERVER[39m [33mCOMPONENT[39m
 [90m 3 |[39m [33m/[39m [33mRULE[39m[33m:[39m [33mThis[39m file [33mONLY[39m exports metadata [33m+[39m 
a simple layout wrapper[33m.[39m
 [90m 4 |[39m [33m/[39m [33mNO[39m [33m<[39m[33mhead[39m[33m>[39m tags[33m.[39m [33mNO[39m 
[33m<[39m[33mscript[39m[33m>[39m tags[33m.[39m [33mNO[39m dangerouslySetInnerHTML[33m.[39m[0m

Unknown regular expression flags.


./app/best-anchor-in-jaipur/page.jsx:42:1
Parsing ecmascript source code failed
[0m [90m 40 |[39m } [36mfrom[39m [32m"lucide-react"[39m[33m;[39m
 [90m 41 |[39m
[31m[1m>[22m[39m[90m 42 |[39m [33m/[39m ΓöÇΓöÇΓöÇΓöÇΓöÇΓöÇΓöÇΓöÇΓöÇΓöÇΓöÇΓöÇΓöÇΓöÇΓöÇΓöÇΓöÇΓöÇΓöÇΓöÇΓöÇΓöÇΓöÇΓö
ÇΓöÇΓöÇΓöÇΓöÇΓöÇΓöÇΓöÇΓöÇΓöÇΓöÇΓöÇΓöÇΓöÇΓöÇΓöÇΓöÇΓöÇΓöÇΓöÇΓöÇΓöÇ
 [90m    |[39m [31m[1m^[22m[39m[31m[1m^[22m[39m[31m[1m^[22m[39m[31m[1m^[22m[39m[31m[1m^[22m[39m[
31m[1m^[22m[39m[31m[1m^[22m[39m[31m[1m^[22m[39m[31m[1m^[22m[39m[31m[1m^[22m[39m[31m[1m^[22m[39m
[31m[1m^[22m[39m[31m[1m^[22m[39m[31m[1m^[22m[39m[31m[1m^[22m[39m[31m[1m^[22m[39m[31m[1m^[22m[39m
[31m[1m^[22m[39m[31m[1m^[22m[39m[31m[1m^[22m[39m[31m[1m^[22m[39m[31m[1m^[22m[39m[31m[1m^[22m[39
m[31m[1m^[22m[39m[31m[1m^[22m[39m[31m[1m^[22m[39m[31m[1m^[22m[39m[31m[1m^[22m[39m[31m[1m^[22m[3
9m[31m[1m^[22m[39m[31m[1m^[22m[39m[31m[1m^[22m[39m[31m[1m^[22m[39m[31m[1m^[22m[39m[31m[1m^[22m[
39m[31m[1m^[22m[39m[31m[1m^[22m[39m[31m[1m^[22m[39m[31m[1m^[22m[39m[31m[1m^[22m[39m[31m[1m^[22m
[39m[31m[1m^[22m[39m[31m[1m^[22m[39m[31m[1m^[22m[39m[31m[1m^[22m[39m[31m[1m^[22m[39m[31m[1m^[22m
[39m[31m[1m^[22m[39m[31m[1m^[22m[39m[31m[1m^[22m[39m[31m[1m^[22m[39m[31m[1m^[22m[39m[31m[1m^[22
m[39m[31m[1m^[22m[39m[31m[1m^[22m[39m[31m[1m^[22m[39m[31m[1m^[22m[39m[31m[1m^[22m[39m[31m[1m^[2
2m[39m[31m[1m^[22m[39m[31m[1m^[22m[39m[31m[1m^[22m[39m[31m[1m^[22m[39m[31m[1m^[22m[39m[31m[1m^[
22m[39m[31m[1m^[22m[39m[31m[1m^[22m[39m[31m[1m^[22m[39m[31m[1m^[22m[39m[31m[1m^[22m[39m[31m[1m^
[22m[39m[31m[1m^[22m[39m[31m[1m^[22m[39m[31m[1m^[22m[39m[31m[1m^[22m[39m[31m[1m^[22m[39m[31m[1m^
[22m[39m[31m[1m^[22m[39m[31m[1m^[22m[39m[31m[1m^[22m[39m[31m[1m^[22m[39m[31m[1m^[22m[39m[31m[1m
^[22m[39m[31m[1m^[22m[39m[31m[1m^[22m[39m[31m[1m^[22m[39m[31m[1m^[22m[39m[31m[1m^[22m[39m[31m[1
m^[22m[39m[31m[1m^[22m[39m[31m[1m^[22m[39m[31m[1m^[22m[39m[31m[1m^[22m[39m[31m[1m^[22m[39m[31m[
1m^[22m[39m[31m[1m^[22m[39m[31m[1m^[22m[39m[31m[1m^[22m[39m[31m[1m^[22m[39m[31m[1m^[22m[39m[31m
[1m^[22m[39m[31m[1m^[22m[39m[31m[1m^[22m[39m[31m[1m^[22m[39m[31m[1m^[22m[39m[31m[1m^[22m[39m[31m
[1m^[22m[39m[31m[1m^[22m[39m[31m[1m^[22m[39m[31m[1m^[22m[39m[31m[1m^[22m[39m[31m[1m^[22m[39m[31
m[1m^[22m[39m[31m[1m^[22m[39m[31m[1m^[22m[39m[31m[1m^[22m[39m[31m[1m^[22m[39m[31m[1m^[22m[39m[3
1m[1m^[22m[39m[31m[1m^[22m[39m[31m[1m^[22m[39m[31m[1m^[22m[39m[31m[1m^[22m[39m[31m[1m^[22m[39m[
31m[1m^[22m[39m[31m[1m^[22m[39m[31m[1m^[22m[39m[31m[1m^[22m[39m[31m[1m^[22m[39m[31m[1m^[22m[39m
[31m[1m^[22m[39m[31m[1m^[22m[39m[31m[1m^[22m[39m[31m[1m^[22m[39m[31m[1m^[22m[39m[31m[1m^[22m[39m
[31m[1m^[22m[39m
 [90m 43 |[39m [33m/[39m [33mCONSTANTS[39m
 [90m 44 |[39m [33m/[39m ΓöÇΓöÇΓöÇΓöÇΓöÇΓöÇΓöÇΓöÇΓöÇΓöÇΓöÇΓöÇΓöÇΓöÇΓöÇΓöÇΓöÇΓöÇΓöÇΓöÇΓöÇΓöÇΓöÇΓöÇΓöÇΓöÇΓöÇΓöÇΓöÇΓöÇ
ΓöÇΓöÇΓöÇΓöÇΓöÇΓöÇΓöÇΓöÇΓöÇΓöÇΓöÇΓöÇΓöÇΓöÇΓöÇ
 [90m 45 |[39m [36mconst[39m [33mWA[39m [33m=[39m [32m"https://wa.me/917737877978?text=Hi%20Yash!%20I%20found%
20your%20page%20for%20best%20anchor%20in%20Jaipur.%20I%27d%20like%20to%20check%20availability%20for%20my%20event."[39m
[33m;[39m[0m

Unterminated regexp literal


./app/blog/[slug]/layout.jsx:14:24
Parsing ecmascript source code failed
[0m [90m 12 |[39m
 [90m 13 |[39m   [36mreturn[39m {
[31m[1m>[22m[39m[90m 14 |[39m     title[33m:[39m post[33m.[39mtitle[33m,[39m [33m/[39m 
[33m<[39m[33m--[39m[33m-[39m [33mFIXED[39m[33m:[39m [33mRemoved[39m the extra text here[33m![39m
 [90m    |[39m                        [31m[1m^[22m[39m
 [90m 15 |[39m     description[33m:[39m post[33m.[39mdesc[33m,[39m
 [90m 16 |[39m     openGraph[33m:[39m {
 [90m 17 |[39m       title[33m:[39m post[33m.[39mtitle[33m,[39m[0m

Expression expected


./app/blog/[slug]/page.jsx:14:1
Parsing ecmascript source code failed
[0m [90m 12 |[39m [36mimport[39m { [33mBLOG_POSTS[39m } [36mfrom[39m 
[32m"../../../data/blogs"[39m[33m;[39m 
 [90m 13 |[39m
[31m[1m>[22m[39m[90m 14 |[39m [33m/[39m [33m--[39m[33m-[39m [35m1.[39m [33mDYNAMIC[39m [33mSEO[39m 
[33mMETADATA[39m [33m--[39m[33m-[39m
 [90m    |[39m [31m[1m^[22m[39m[31m[1m^[22m[39m[31m[1m^[22m[39m[31m[1m^[22m[39m[31m[1m^[22m[39m[
31m[1m^[22m[39m[31m[1m^[22m[39m[31m[1m^[22m[39m[31m[1m^[22m[39m[31m[1m^[22m[39m[31m[1m^[22m[39m
[31m[1m^[22m[39m[31m[1m^[22m[39m[31m[1m^[22m[39m[31m[1m^[22m[39m[31m[1m^[22m[39m[31m[1m^[22m[39m
[31m[1m^[22m[39m[31m[1m^[22m[39m[31m[1m^[22m[39m[31m[1m^[22m[39m[31m[1m^[22m[39m[31m[1m^[22m[39
m[31m[1m^[22m[39m[31m[1m^[22m[39m[31m[1m^[22m[39m[31m[1m^[22m[39m[31m[1m^[22m[39m[31m[1m^[22m[3
9m[31m[1m^[22m[39m[31m[1m^[22m[39m[31m[1m^[22m[39m[31m[1m^[22m[39m
 [90m 15 |[39m [36mexport[39m [36masync[39m [36mfunction[39m generateMetadata({ params }) {
 [90m 16 |[39m   [36mconst[39m resolvedParams [33m=[39m [36mawait[39m params[33m;[39m
 [90m 17 |[39m   [36mconst[39m post [33m=[39m [33mBLOG_POSTS[39m[33m.[39mfind(p [33m=>[39m 
p[33m.[39mslug [33m===[39m resolvedParams[33m.[39mslug)[33m;[39m[0m

Unterminated regexp literal


./app/blog/page.jsx:3:33
Parsing ecmascript source code failed
[0m [90m 1 |[39m [36mimport[39m [33mReact[39m [36mfrom[39m [32m"react"[39m[33m;[39m
 [90m 2 |[39m [36mimport[39m [33mLink[39m [36mfrom[39m [32m"next/link"[39m[33m;[39m
[31m[1m>[22m[39m[90m 3 |[39m [36mimport[39m [33mImage[39m [36mfrom[39m [32m"next/image"[39m[33m;[39m 
[33m/[39m [33mReplaced[39m standard img [36mfor[39m [33mLCP[39m optimization
 [90m   |[39m                                 [31m[1m^[22m[39m[31m[1m^[22m[39m[31m[1m^[22m[39m[31m[1m^
[22m[39m[31m[1m^[22m[39m[31m[1m^[22m[39m[31m[1m^[22m[39m[31m[1m^[22m[39m[31m[1m^[22m[39m[31m[1m^
[22m[39m[31m[1m^[22m[39m[31m[1m^[22m[39m[31m[1m^[22m[39m[31m[1m^[22m[39m[31m[1m^[22m[39m[31m[1m
^[22m[39m[31m[1m^[22m[39m[31m[1m^[22m[39m[31m[1m^[22m[39m[31m[1m^[22m[39m[31m[1m^[22m[39m[31m[1
m^[22m[39m[31m[1m^[22m[39m[31m[1m^[22m[39m[31m[1m^[22m[39m[31m[1m^[22m[39m[31m[1m^[22m[39m[31m[
1m^[22m[39m[31m[1m^[22m[39m[31m[1m^[22m[39m[31m[1m^[22m[39m[31m[1m^[22m[39m[31m[1m^[22m[39m[31m
[1m^[22m[39m[31m[1m^[22m[39m[31m[1m^[22m[39m[31m[1m^[22m[39m[31m[1m^[22m[39m[31m[1m^[22m[39m[31m
[1m^[22m[39m[31m[1m^[22m[39m[31m[1m^[22m[39m[31m[1m^[22m[39m[31m[1m^[22m[39m
 [90m 4 |[39m [36mimport[39m {
 [90m 5 |[39m   [33mArrowRight[39m[33m,[39m
 [90m 6 |[39m   [33mBLOG_POSTS[39m } [36mfrom[39m [32m"../../data/blogs"[39m[33m;[39m [0m

Unterminated regexp literal


./app/celebrity-public-events-host/layout.jsx:1:1
Parsing ecmascript source code failed
[0m[31m[1m>[22m[39m[90m 1 |[39m [33m/[39m 
app[33m/[39mcelebrity[33m-[39m[36mpublic[39m[33m-[39mevents[33m-[39mhost[33m/[39mlayout[33m.[39mjsx
 [90m   |[39m [31m[1m^[22m[39m[31m[1m^[22m[39m[31m[1m^[22m[39m[31m[1m^[22m[39m[31m[1m^[22m[39m[3
1m[1m^[22m[39m[31m[1m^[22m[39m[31m[1m^[22m[39m[31m[1m^[22m[39m[31m[1m^[22m[39m[31m[1m^[22m[39m[
31m[1m^[22m[39m[31m[1m^[22m[39m[31m[1m^[22m[39m[31m[1m^[22m[39m
 [90m 2 |[39m [33m/[39m [33mSERVER[39m [33mCOMPONENT[39m ΓÇö metadata only[33m,[39m no head[33m/[39mscript 
tags
 [90m 3 |[39m
 [90m 4 |[39m [36mconst[39m serviceSchema [33m=[39m {[0m

Unknown regular expression flags.


./app/celebrity-public-events-host/page.jsx:33:1
Parsing ecmascript source code failed
[0m [90m 31 |[39m } [36mfrom[39m [32m"lucide-react"[39m[33m;[39m
 [90m 32 |[39m
[31m[1m>[22m[39m[90m 33 |[39m [33m/[39m ΓöÇΓöÇΓöÇΓöÇΓöÇΓöÇΓöÇΓöÇΓöÇΓöÇΓöÇΓöÇΓöÇΓöÇΓöÇΓöÇΓöÇΓöÇΓöÇΓöÇΓöÇΓöÇΓöÇΓö
ÇΓöÇΓöÇΓöÇΓöÇΓöÇΓöÇΓöÇΓöÇΓöÇΓöÇΓöÇΓöÇΓöÇΓöÇΓöÇΓöÇΓöÇΓöÇΓöÇΓöÇΓöÇ
 [90m    |[39m [31m[1m^[22m[39m[31m[1m^[22m[39m[31m[1m^[22m[39m[31m[1m^[22m[39m[31m[1m^[22m[39m[
31m[1m^[22m[39m[31m[1m^[22m[39m[31m[1m^[22m[39m[31m[1m^[22m[39m[31m[1m^[22m[39m[31m[1m^[22m[39m
[31m[1m^[22m[39m[31m[1m^[22m[39m[31m[1m^[22m[39m[31m[1m^[22m[39m[31m[1m^[22m[39m[31m[1m^[22m[39m
[31m[1m^[22m[39m[31m[1m^[22m[39m[31m[1m^[22m[39m[31m[1m^[22m[39m[31m[1m^[22m[39m[31m[1m^[22m[39
m[31m[1m^[22m[39m[31m[1m^[22m[39m[31m[1m^[22m[39m[31m[1m^[22m[39m[31m[1m^[22m[39m[31m[1m^[22m[3
9m[31m[1m^[22m[39m[31m[1m^[22m[39m[31m[1m^[22m[39m[31m[1m^[22m[39m[31m[1m^[22m[39m[31m[1m^[22m[
39m[31m[1m^[22m[39m[31m[1m^[22m[39m[31m[1m^[22m[39m[31m[1m^[22m[39m[31m[1m^[22m[39m[31m[1m^[22m
[39m[31m[1m^[22m[39m[31m[1m^[22m[39m[31m[1m^[22m[39m[31m[1m^[22m[39m[31m[1m^[22m[39m[31m[1m^[22m
[39m[31m[1m^[22m[39m[31m[1m^[22m[39m[31m[1m^[22m[39m[31m[1m^[22m[39m[31m[1m^[22m[39m[31m[1m^[22
m[39m[31m[1m^[22m[39m[31m[1m^[22m[39m[31m[1m^[22m[39m[31m[1m^[22m[39m[31m[1m^[22m[39m[31m[1m^[2
2m[39m[31m[1m^[22m[39m[31m[1m^[22m[39m[31m[1m^[22m[39m[31m[1m^[22m[39m[31m[1m^[22m[39m[31m[1m^[
22m[39m[31m[1m^[22m[39m[31m[1m^[22m[39m[31m[1m^[22m[39m[31m[1m^[22m[39m[31m[1m^[22m[39m[31m[1m^
[22m[39m[31m[1m^[22m[39m[31m[1m^[22m[39m[31m[1m^[22m[39m[31m[1m^[22m[39m[31m[1m^[22m[39m[31m[1m^
[22m[39m[31m[1m^[22m[39m[31m[1m^[22m[39m[31m[1m^[22m[39m[31m[1m^[22m[39m[31m[1m^[22m[39m[31m[1m
^[22m[39m[31m[1m^[22m[39m[31m[1m^[22m[39m[31m[1m^[22m[39m[31m[1m^[22m[39m[31m[1m^[22m[39m[31m[1
m^[22m[39m[31m[1m^[22m[39m[31m[1m^[22m[39m[31m[1m^[22m[39m[31m[1m^[22m[39m[31m[1m^[22m[39m[31m[
1m^[22m[39m[31m[1m^[22m[39m[31m[1m^[22m[39m[31m[1m^[22m[39m[31m[1m^[22m[39m[31m[1m^[22m[39m[31m
[1m^[22m[39m[31m[1m^[22m[39m[31m[1m^[22m[39m[31m[1m^[22m[39m[31m[1m^[22m[39m[31m[1m^[22m[39m[31m
[1m^[22m[39m[31m[1m^[22m[39m[31m[1m^[22m[39m[31m[1m^[22m[39m[31m[1m^[22m[39m[31m[1m^[22m[39m[31
m[1m^[22m[39m[31m[1m^[22m[39m[31m[1m^[22m[39m[31m[1m^[22m[39m[31m[1m^[22m[39m[31m[1m^[22m[39m[3
1m[1m^[22m[39m[31m[1m^[22m[39m[31m[1m^[22m[39m[31m[1m^[22m[39m[31m[1m^[22m[39m[31m[1m^[22m[39m[
31m[1m^[22m[39m[31m[1m^[22m[39m[31m[1m^[22m[39m[31m[1m^[22m[39m[31m[1m^[22m[39m[31m[1m^[22m[39m
[31m[1m^[22m[39m[31m[1m^[22m[39m[31m[1m^[22m[39m[31m[1m^[22m[39m[31m[1m^[22m[39m[31m[1m^[22m[39m
[31m[1m^[22m[39m
 [90m 34 |[39m [33m/[39m [33mCONFIG[39m
 [90m 35 |[39m [33m/[39m ΓöÇΓöÇΓöÇΓöÇΓöÇΓöÇΓöÇΓöÇΓöÇΓöÇΓöÇΓöÇΓöÇΓöÇΓöÇΓöÇΓöÇΓöÇΓöÇΓöÇΓöÇΓöÇΓöÇΓöÇΓöÇΓöÇΓöÇΓöÇΓöÇΓöÇ
ΓöÇΓöÇΓöÇΓöÇΓöÇΓöÇΓöÇΓöÇΓöÇΓöÇΓöÇΓöÇΓöÇΓöÇΓöÇ
 [90m 36 |[39m [36mconst[39m [33mWA[39m [33m=[39m [32m"https://wa.me/917737877978?text=Hi%20Yash!%20I%27m%20lo
oking%20for%20a%20celebrity%20or%20public%20event%20host%20in%20Jaipur.%20I%27d%20like%20to%20check%20availability."[3
9m[33m;[39m[0m

Unterminated regexp literal


./app/contact/layout.jsx:1:1
Parsing ecmascript source code failed
[0m[31m[1m>[22m[39m[90m 1 |[39m [33m/[39m app[33m/[39mcontact[33m/[39mlayout[33m.[39mjsx
 [90m   |[39m [31m[1m^[22m[39m[31m[1m^[22m[39m[31m[1m^[22m[39m[31m[1m^[22m[39m[31m[1m^[22m[39m[3
1m[1m^[22m[39m[31m[1m^[22m[39m[31m[1m^[22m[39m[31m[1m^[22m[39m[31m[1m^[22m[39m[31m[1m^[22m[39m[
31m[1m^[22m[39m[31m[1m^[22m[39m
 [90m 2 |[39m [33m/[39m [33mSERVER[39m [33mCOMPONENT[39m ΓÇö metadata only
 [90m 3 |[39m
 [90m 4 |[39m [36mconst[39m localBusinessSchema [33m=[39m {[0m

Unknown regular expression flags.


./app/contact/page.jsx:22:1
Parsing ecmascript source code failed
[0m [90m 20 |[39m [36mimport[39m { motion[33m,[39m [33mAnimatePresence[39m } [36mfrom[39m 
[32m"framer-motion"[39m[33m;[39m
 [90m 21 |[39m
[31m[1m>[22m[39m[90m 22 |[39m [33m/[39m [33m--[39m[33m-[39m [35m1.[39m [33mLUXURY[39m 
[33mTEXTURE[39m [33mASSETS[39m [33m--[39m[33m-[39m
 [90m    |[39m [31m[1m^[22m[39m[31m[1m^[22m[39m[31m[1m^[22m[39m[31m[1m^[22m[39m[31m[1m^[22m[39m[
31m[1m^[22m[39m[31m[1m^[22m[39m[31m[1m^[22m[39m[31m[1m^[22m[39m[31m[1m^[22m[39m[31m[1m^[22m[39m
[31m[1m^[22m[39m[31m[1m^[22m[39m[31m[1m^[22m[39m[31m[1m^[22m[39m[31m[1m^[22m[39m[31m[1m^[22m[39m
[31m[1m^[22m[39m[31m[1m^[22m[39m[31m[1m^[22m[39m[31m[1m^[22m[39m[31m[1m^[22m[39m[31m[1m^[22m[39
m[31m[1m^[22m[39m[31m[1m^[22m[39m[31m[1m^[22m[39m[31m[1m^[22m[39m[31m[1m^[22m[39m[31m[1m^[22m[3
9m[31m[1m^[22m[39m[31m[1m^[22m[39m[31m[1m^[22m[39m[31m[1m^[22m[39m[31m[1m^[22m[39m
 [90m 23 |[39m [36mconst[39m [33mGoldTextureText[39m [33m=[39m ({ children[33m,[39m className }) 
[33m=>[39m (
 [90m 24 |[39m   [33m<[39m[33mspan[39m 
 [90m 25 |[39m     className[33m=[39m{[32m`bg-clip-text text-transparent bg-cover bg-center ${className || 
""}`[39m}[0m

Unterminated regexp literal


./app/corporate-event-anchor-jaipur/layout.jsx:1:1
Parsing ecmascript source code failed
[0m[31m[1m>[22m[39m[90m 1 |[39m [33m/[39m 
app[33m/[39mcorporate[33m-[39mevent[33m-[39manchor[33m-[39mjaipur[33m/[39mlayout[33m.[39mjsx
 [90m   |[39m [31m[1m^[22m[39m[31m[1m^[22m[39m[31m[1m^[22m[39m[31m[1m^[22m[39m[31m[1m^[22m[39m[3
1m[1m^[22m[39m[31m[1m^[22m[39m[31m[1m^[22m[39m[31m[1m^[22m[39m[31m[1m^[22m[39m[31m[1m^[22m[39m[
31m[1m^[22m[39m[31m[1m^[22m[39m[31m[1m^[22m[39m[31m[1m^[22m[39m
 [90m 2 |[39m [33m/[39m [33mSERVER[39m [33mCOMPONENT[39m ΓÇö metadata only
 [90m 3 |[39m
 [90m 4 |[39m [36mconst[39m serviceSchema [33m=[39m {[0m

Unknown regular expression flags.


./app/corporate-event-anchor-jaipur/page.jsx:35:1
Parsing ecmascript source code failed
[0m [90m 33 |[39m } [36mfrom[39m [32m"lucide-react"[39m[33m;[39m
 [90m 34 |[39m
[31m[1m>[22m[39m[90m 35 |[39m [33m/[39m ΓöÇΓöÇΓöÇΓöÇΓöÇΓöÇΓöÇΓöÇΓöÇΓöÇΓöÇΓöÇΓöÇΓöÇΓöÇΓöÇΓöÇΓöÇΓöÇΓöÇΓöÇΓöÇΓöÇΓö
ÇΓöÇΓöÇΓöÇΓöÇΓöÇΓöÇΓöÇΓöÇΓöÇΓöÇΓöÇΓöÇΓöÇΓöÇΓöÇΓöÇΓöÇΓöÇΓöÇΓöÇΓöÇ
 [90m    |[39m [31m[1m^[22m[39m[31m[1m^[22m[39m[31m[1m^[22m[39m[31m[1m^[22m[39m[31m[1m^[22m[39m[
31m[1m^[22m[39m[31m[1m^[22m[39m[31m[1m^[22m[39m[31m[1m^[22m[39m[31m[1m^[22m[39m[31m[1m^[22m[39m
[31m[1m^[22m[39m[31m[1m^[22m[39m[31m[1m^[22m[39m[31m[1m^[22m[39m[31m[1m^[22m[39m[31m[1m^[22m[39m
[31m[1m^[22m[39m[31m[1m^[22m[39m[31m[1m^[22m[39m[31m[1m^[22m[39m[31m[1m^[22m[39m[31m[1m^[22m[39
m[31m[1m^[22m[39m[31m[1m^[22m[39m[31m[1m^[22m[39m[31m[1m^[22m[39m[31m[1m^[22m[39m[31m[1m^[22m[3
9m[31m[1m^[22m[39m[31m[1m^[22m[39m[31m[1m^[22m[39m[31m[1m^[22m[39m[31m[1m^[22m[39m[31m[1m^[22m[
39m[31m[1m^[22m[39m[31m[1m^[22m[39m[31m[1m^[22m[39m[31m[1m^[22m[39m[31m[1m^[22m[39m[31m[1m^[22m
[39m[31m[1m^[22m[39m[31m[1m^[22m[39m[31m[1m^[22m[39m[31m[1m^[22m[39m[31m[1m^[22m[39m[31m[1m^[22m
[39m[31m[1m^[22m[39m[31m[1m^[22m[39m[31m[1m^[22m[39m[31m[1m^[22m[39m[31m[1m^[22m[39m[31m[1m^[22
m[39m[31m[1m^[22m[39m[31m[1m^[22m[39m[31m[1m^[22m[39m[31m[1m^[22m[39m[31m[1m^[22m[39m[31m[1m^[2
2m[39m[31m[1m^[22m[39m[31m[1m^[22m[39m[31m[1m^[22m[39m[31m[1m^[22m[39m[31m[1m^[22m[39m[31m[1m^[
22m[39m[31m[1m^[22m[39m[31m[1m^[22m[39m[31m[1m^[22m[39m[31m[1m^[22m[39m[31m[1m^[22m[39m[31m[1m^
[22m[39m[31m[1m^[22m[39m[31m[1m^[22m[39m[31m[1m^[22m[39m[31m[1m^[22m[39m[31m[1m^[22m[39m[31m[1m^
[22m[39m[31m[1m^[22m[39m[31m[1m^[22m[39m[31m[1m^[22m[39m[31m[1m^[22m[39m[31m[1m^[22m[39m[31m[1m
^[22m[39m[31m[1m^[22m[39m[31m[1m^[22m[39m[31m[1m^[22m[39m[31m[1m^[22m[39m[31m[1m^[22m[39m[31m[1
m^[22m[39m[31m[1m^[22m[39m[31m[1m^[22m[39m[31m[1m^[22m[39m[31m[1m^[22m[39m[31m[1m^[22m[39m[31m[
1m^[22m[39m[31m[1m^[22m[39m[31m[1m^[22m[39m[31m[1m^[22m[39m[31m[1m^[22m[39m[31m[1m^[22m[39m[31m
[1m^[22m[39m[31m[1m^[22m[39m[31m[1m^[22m[39m[31m[1m^[22m[39m[31m[1m^[22m[39m[31m[1m^[22m[39m[31m
[1m^[22m[39m[31m[1m^[22m[39m[31m[1m^[22m[39m[31m[1m^[22m[39m[31m[1m^[22m[39m[31m[1m^[22m[39m[31
m[1m^[22m[39m[31m[1m^[22m[39m[31m[1m^[22m[39m[31m[1m^[22m[39m[31m[1m^[22m[39m[31m[1m^[22m[39m[3
1m[1m^[22m[39m[31m[1m^[22m[39m[31m[1m^[22m[39m[31m[1m^[22m[39m[31m[1m^[22m[39m[31m[1m^[22m[39m[
31m[1m^[22m[39m[31m[1m^[22m[39m[31m[1m^[22m[39m[31m[1m^[22m[39m[31m[1m^[22m[39m[31m[1m^[22m[39m
[31m[1m^[22m[39m[31m[1m^[22m[39m[31m[1m^[22m[39m[31m[1m^[22m[39m[31m[1m^[22m[39m[31m[1m^[22m[39m
[31m[1m^[22m[39m
 [90m 36 |[39m [33m/[39m [33mCONFIG[39m
 [90m 37 |[39m [33m/[39m ΓöÇΓöÇΓöÇΓöÇΓöÇΓöÇΓöÇΓöÇΓöÇΓöÇΓöÇΓöÇΓöÇΓöÇΓöÇΓöÇΓöÇΓöÇΓöÇΓöÇΓöÇΓöÇΓöÇΓöÇΓöÇΓöÇΓöÇΓöÇΓöÇΓöÇ
ΓöÇΓöÇΓöÇΓöÇΓöÇΓöÇΓöÇΓöÇΓöÇΓöÇΓöÇΓöÇΓöÇΓöÇΓöÇ
 [90m 38 |[39m [36mconst[39m [33mWA[39m [33m=[39m [32m"https://wa.me/917737877978?text=Hi%20Yash!%20I%27m%20lo
oking%20for%20a%20corporate%20event%20anchor%20in%20Jaipur.%20I%27d%20like%20to%20check%20availability."[39m[33m;[39
m[0m

Unterminated regexp literal


./app/destination-wedding-anchor/layout.jsx:1:1
Parsing ecmascript source code failed
[0m[31m[1m>[22m[39m[90m 1 |[39m [33m/[39m 
app[33m/[39mdestination[33m-[39mwedding[33m-[39manchor[33m/[39mlayout[33m.[39mjsx
 [90m   |[39m [31m[1m^[22m[39m[31m[1m^[22m[39m[31m[1m^[22m[39m[31m[1m^[22m[39m[31m[1m^[22m[39m[3
1m[1m^[22m[39m[31m[1m^[22m[39m[31m[1m^[22m[39m[31m[1m^[22m[39m[31m[1m^[22m[39m[31m[1m^[22m[39m[
31m[1m^[22m[39m[31m[1m^[22m[39m[31m[1m^[22m[39m[31m[1m^[22m[39m[31m[1m^[22m[39m[31m[1m^[22m[39m
 [90m 2 |[39m [33m/[39m [33mSERVER[39m [33mCOMPONENT[39m ΓÇö national[33m-[39mrank [33mSEO[39m metadata
 [90m 3 |[39m
 [90m 4 |[39m [36mconst[39m serviceSchema [33m=[39m {[0m

Duplicated regular expression flag 'i'.


./app/destination-wedding-anchor/layout.jsx:1:1
Parsing ecmascript source code failed
[0m[31m[1m>[22m[39m[90m 1 |[39m [33m/[39m 
app[33m/[39mdestination[33m-[39mwedding[33m-[39manchor[33m/[39mlayout[33m.[39mjsx
 [90m   |[39m [31m[1m^[22m[39m[31m[1m^[22m[39m[31m[1m^[22m[39m[31m[1m^[22m[39m[31m[1m^[22m[39m[3
1m[1m^[22m[39m[31m[1m^[22m[39m[31m[1m^[22m[39m[31m[1m^[22m[39m[31m[1m^[22m[39m[31m[1m^[22m[39m[
31m[1m^[22m[39m[31m[1m^[22m[39m[31m[1m^[22m[39m[31m[1m^[22m[39m[31m[1m^[22m[39m[31m[1m^[22m[39m
 [90m 2 |[39m [33m/[39m [33mSERVER[39m [33mCOMPONENT[39m ΓÇö national[33m-[39mrank [33mSEO[39m metadata
 [90m 3 |[39m
 [90m 4 |[39m [36mconst[39m serviceSchema [33m=[39m {[0m

Unknown regular expression flags.


./app/destination-wedding-anchor/page.jsx:32:1
Parsing ecmascript source code failed
[0m [90m 30 |[39m } [36mfrom[39m [32m"lucide-react"[39m[33m;[39m
 [90m 31 |[39m
[31m[1m>[22m[39m[90m 32 |[39m [33m/[39m ΓöÇΓöÇΓöÇΓöÇΓöÇΓöÇΓöÇΓöÇΓöÇΓöÇΓöÇΓöÇΓöÇΓöÇΓöÇΓöÇΓöÇΓöÇΓöÇΓöÇΓöÇΓöÇΓöÇΓö
ÇΓöÇΓöÇΓöÇΓöÇΓöÇΓöÇΓöÇΓöÇΓöÇΓöÇΓöÇΓöÇΓöÇΓöÇΓöÇΓöÇΓöÇΓöÇΓöÇΓöÇΓöÇ
 [90m    |[39m [31m[1m^[22m[39m[31m[1m^[22m[39m[31m[1m^[22m[39m[31m[1m^[22m[39m[31m[1m^[22m[39m[
31m[1m^[22m[39m[31m[1m^[22m[39m[31m[1m^[22m[39m[31m[1m^[22m[39m[31m[1m^[22m[39m[31m[1m^[22m[39m
[31m[1m^[22m[39m[31m[1m^[22m[39m[31m[1m^[22m[39m[31m[1m^[22m[39m[31m[1m^[22m[39m[31m[1m^[22m[39m
[31m[1m^[22m[39m[31m[1m^[22m[39m[31m[1m^[22m[39m[31m[1m^[22m[39m[31m[1m^[22m[39m[31m[1m^[22m[39
m[31m[1m^[22m[39m[31m[1m^[22m[39m[31m[1m^[22m[39m[31m[1m^[22m[39m[31m[1m^[22m[39m[31m[1m^[22m[3
9m[31m[1m^[22m[39m[31m[1m^[22m[39m[31m[1m^[22m[39m[31m[1m^[22m[39m[31m[1m^[22m[39m[31m[1m^[22m[
39m[31m[1m^[22m[39m[31m[1m^[22m[39m[31m[1m^[22m[39m[31m[1m^[22m[39m[31m[1m^[22m[39m[31m[1m^[22m
[39m[31m[1m^[22m[39m[31m[1m^[22m[39m[31m[1m^[22m[39m[31m[1m^[22m[39m[31m[1m^[22m[39m[31m[1m^[22m
[39m[31m[1m^[22m[39m[31m[1m^[22m[39m[31m[1m^[22m[39m[31m[1m^[22m[39m[31m[1m^[22m[39m[31m[1m^[22
m[39m[31m[1m^[22m[39m[31m[1m^[22m[39m[31m[1m^[22m[39m[31m[1m^[22m[39m[31m[1m^[22m[39m[31m[1m^[2
2m[39m[31m[1m^[22m[39m[31m[1m^[22m[39m[31m[1m^[22m[39m[31m[1m^[22m[39m[31m[1m^[22m[39m[31m[1m^[
22m[39m[31m[1m^[22m[39m[31m[1m^[22m[39m[31m[1m^[22m[39m[31m[1m^[22m[39m[31m[1m^[22m[39m[31m[1m^
[22m[39m[31m[1m^[22m[39m[31m[1m^[22m[39m[31m[1m^[22m[39m[31m[1m^[22m[39m[31m[1m^[22m[39m[31m[1m^
[22m[39m[31m[1m^[22m[39m[31m[1m^[22m[39m[31m[1m^[22m[39m[31m[1m^[22m[39m[31m[1m^[22m[39m[31m[1m
^[22m[39m[31m[1m^[22m[39m[31m[1m^[22m[39m[31m[1m^[22m[39m[31m[1m^[22m[39m[31m[1m^[22m[39m[31m[1
m^[22m[39m[31m[1m^[22m[39m[31m[1m^[22m[39m[31m[1m^[22m[39m[31m[1m^[22m[39m[31m[1m^[22m[39m[31m[
1m^[22m[39m[31m[1m^[22m[39m[31m[1m^[22m[39m[31m[1m^[22m[39m[31m[1m^[22m[39m[31m[1m^[22m[39m[31m
[1m^[22m[39m[31m[1m^[22m[39m[31m[1m^[22m[39m[31m[1m^[22m[39m[31m[1m^[22m[39m[31m[1m^[22m[39m[31m
[1m^[22m[39m[31m[1m^[22m[39m[31m[1m^[22m[39m[31m[1m^[22m[39m[31m[1m^[22m[39m[31m[1m^[22m[39m[31
m[1m^[22m[39m[31m[1m^[22m[39m[31m[1m^[22m[39m[31m[1m^[22m[39m[31m[1m^[22m[39m[31m[1m^[22m[39m[3
1m[1m^[22m[39m[31m[1m^[22m[39m[31m[1m^[22m[39m[31m[1m^[22m[39m[31m[1m^[22m[39m[31m[1m^[22m[39m[
31m[1m^[22m[39m[31m[1m^[22m[39m[31m[1m^[22m[39m[31m[1m^[22m[39m[31m[1m^[22m[39m[31m[1m^[22m[39m
[31m[1m^[22m[39m[31m[1m^[22m[39m[31m[1m^[22m[39m[31m[1m^[22m[39m[31m[1m^[22m[39m[31m[1m^[22m[39m
[31m[1m^[22m[39m
 [90m 33 |[39m [33m/[39m [33mCONFIG[39m
 [90m 34 |[39m [33m/[39m ΓöÇΓöÇΓöÇΓöÇΓöÇΓöÇΓöÇΓöÇΓöÇΓöÇΓöÇΓöÇΓöÇΓöÇΓöÇΓöÇΓöÇΓöÇΓöÇΓöÇΓöÇΓöÇΓöÇΓöÇΓöÇΓöÇΓöÇΓöÇΓöÇΓöÇ
ΓöÇΓöÇΓöÇΓöÇΓöÇΓöÇΓöÇΓöÇΓöÇΓöÇΓöÇΓöÇΓöÇΓöÇΓöÇ
 [90m 35 |[39m [36mconst[39m [33mWA[39m [33m=[39m [32m"https://wa.me/917737877978?text=Hi%20Yash!%20I%27m%20pl
anning%20a%20destination%20wedding%20and%20I%27d%20love%20to%20check%20your%20availability."[39m[33m;[39m[0m

Unterminated regexp literal


./app/engagement-roka-ceremony-anchor/layout.jsx:1:1
Parsing ecmascript source code failed
[0m[31m[1m>[22m[39m[90m 1 |[39m [33m/[39m 
app[33m/[39mengagement[33m-[39mroka[33m-[39mceremony[33m-[39manchor[33m/[39mlayout[33m.[39mjsx
 [90m   |[39m [31m[1m^[22m[39m[31m[1m^[22m[39m[31m[1m^[22m[39m[31m[1m^[22m[39m[31m[1m^[22m[39m[3
1m[1m^[22m[39m[31m[1m^[22m[39m[31m[1m^[22m[39m[31m[1m^[22m[39m[31m[1m^[22m[39m[31m[1m^[22m[39m[
31m[1m^[22m[39m[31m[1m^[22m[39m[31m[1m^[22m[39m[31m[1m^[22m[39m[31m[1m^[22m[39m
 [90m 2 |[39m
 [90m 3 |[39m [36mconst[39m serviceSchema [33m=[39m {
 [90m 4 |[39m   [32m"@context"[39m[33m:[39m [32m"https://schema.org"[39m[33m,[39m[0m

Duplicated regular expression flag 'g'.


./app/engagement-roka-ceremony-anchor/layout.jsx:1:1
Parsing ecmascript source code failed
[0m[31m[1m>[22m[39m[90m 1 |[39m [33m/[39m 
app[33m/[39mengagement[33m-[39mroka[33m-[39mceremony[33m-[39manchor[33m/[39mlayout[33m.[39mjsx
 [90m   |[39m [31m[1m^[22m[39m[31m[1m^[22m[39m[31m[1m^[22m[39m[31m[1m^[22m[39m[31m[1m^[22m[39m[3
1m[1m^[22m[39m[31m[1m^[22m[39m[31m[1m^[22m[39m[31m[1m^[22m[39m[31m[1m^[22m[39m[31m[1m^[22m[39m[
31m[1m^[22m[39m[31m[1m^[22m[39m[31m[1m^[22m[39m[31m[1m^[22m[39m[31m[1m^[22m[39m
 [90m 2 |[39m
 [90m 3 |[39m [36mconst[39m serviceSchema [33m=[39m {
 [90m 4 |[39m   [32m"@context"[39m[33m:[39m [32m"https://schema.org"[39m[33m,[39m[0m

Unknown regular expression flags.


./app/event-designing/layout.jsx:1:1
Parsing ecmascript source code failed
[0m[31m[1m>[22m[39m[90m 1 |[39m [33m/[39m 
app[33m/[39mevent[33m-[39mdesigning[33m/[39mlayout[33m.[39mjsx
 [90m   |[39m [31m[1m^[22m[39m[31m[1m^[22m[39m[31m[1m^[22m[39m[31m[1m^[22m[39m[31m[1m^[22m[39m[3
1m[1m^[22m[39m[31m[1m^[22m[39m[31m[1m^[22m[39m[31m[1m^[22m[39m[31m[1m^[22m[39m[31m[1m^[22m[39m
 [90m 2 |[39m [33m/[39m [33mSERVER[39m [33mCOMPONENT[39m ΓÇö metadata only
 [90m 3 |[39m
 [90m 4 |[39m [36mconst[39m serviceSchema [33m=[39m {[0m

Unknown regular expression flags.


./app/event-designing/page.jsx:33:1
Parsing ecmascript source code failed
[0m [90m 31 |[39m } [36mfrom[39m [32m"lucide-react"[39m[33m;[39m
 [90m 32 |[39m
[31m[1m>[22m[39m[90m 33 |[39m [33m/[39m ΓöÇΓöÇΓöÇΓöÇΓöÇΓöÇΓöÇΓöÇΓöÇΓöÇΓöÇΓöÇΓöÇΓöÇΓöÇΓöÇΓöÇΓöÇΓöÇΓöÇΓöÇΓöÇΓöÇΓö
ÇΓöÇΓöÇΓöÇΓöÇΓöÇΓöÇΓöÇΓöÇΓöÇΓöÇΓöÇΓöÇΓöÇΓöÇΓöÇΓöÇΓöÇΓöÇΓöÇΓöÇΓöÇ
 [90m    |[39m [31m[1m^[22m[39m[31m[1m^[22m[39m[31m[1m^[22m[39m[31m[1m^[22m[39m[31m[1m^[22m[39m[
31m[1m^[22m[39m[31m[1m^[22m[39m[31m[1m^[22m[39m[31m[1m^[22m[39m[31m[1m^[22m[39m[31m[1m^[22m[39m
[31m[1m^[22m[39m[31m[1m^[22m[39m[31m[1m^[22m[39m[31m[1m^[22m[39m[31m[1m^[22m[39m[31m[1m^[22m[39m
[31m[1m^[22m[39m[31m[1m^[22m[39m[31m[1m^[22m[39m[31m[1m^[22m[39m[31m[1m^[22m[39m[31m[1m^[22m[39
m[31m[1m^[22m[39m[31m[1m^[22m[39m[31m[1m^[22m[39m[31m[1m^[22m[39m[31m[1m^[22m[39m[31m[1m^[22m[3
9m[31m[1m^[22m[39m[31m[1m^[22m[39m[31m[1m^[22m[39m[31m[1m^[22m[39m[31m[1m^[22m[39m[31m[1m^[22m[
39m[31m[1m^[22m[39m[31m[1m^[22m[39m[31m[1m^[22m[39m[31m[1m^[22m[39m[31m[1m^[22m[39m[31m[1m^[22m
[39m[31m[1m^[22m[39m[31m[1m^[22m[39m[31m[1m^[22m[39m[31m[1m^[22m[39m[31m[1m^[22m[39m[31m[1m^[22m
[39m[31m[1m^[22m[39m[31m[1m^[22m[39m[31m[1m^[22m[39m[31m[1m^[22m[39m[31m[1m^[22m[39m[31m[1m^[22
m[39m[31m[1m^[22m[39m[31m[1m^[22m[39m[31m[1m^[22m[39m[31m[1m^[22m[39m[31m[1m^[22m[39m[31m[1m^[2
2m[39m[31m[1m^[22m[39m[31m[1m^[22m[39m[31m[1m^[22m[39m[31m[1m^[22m[39m[31m[1m^[22m[39m[31m[1m^[
22m[39m[31m[1m^[22m[39m[31m[1m^[22m[39m[31m[1m^[22m[39m[31m[1m^[22m[39m[31m[1m^[22m[39m[31m[1m^
[22m[39m[31m[1m^[22m[39m[31m[1m^[22m[39m[31m[1m^[22m[39m[31m[1m^[22m[39m[31m[1m^[22m[39m[31m[1m^
[22m[39m[31m[1m^[22m[39m[31m[1m^[22m[39m[31m[1m^[22m[39m[31m[1m^[22m[39m[31m[1m^[22m[39m[31m[1m
^[22m[39m[31m[1m^[22m[39m[31m[1m^[22m[39m[31m[1m^[22m[39m[31m[1m^[22m[39m[31m[1m^[22m[39m[31m[1
m^[22m[39m[31m[1m^[22m[39m[31m[1m^[22m[39m[31m[1m^[22m[39m[31m[1m^[22m[39m[31m[1m^[22m[39m[31m[
1m^[22m[39m[31m[1m^[22m[39m[31m[1m^[22m[39m[31m[1m^[22m[39m[31m[1m^[22m[39m[31m[1m^[22m[39m[31m
[1m^[22m[39m[31m[1m^[22m[39m[31m[1m^[22m[39m[31m[1m^[22m[39m[31m[1m^[22m[39m[31m[1m^[22m[39m[31m
[1m^[22m[39m[31m[1m^[22m[39m[31m[1m^[22m[39m[31m[1m^[22m[39m[31m[1m^[22m[39m[31m[1m^[22m[39m[31
m[1m^[22m[39m[31m[1m^[22m[39m[31m[1m^[22m[39m[31m[1m^[22m[39m[31m[1m^[22m[39m[31m[1m^[22m[39m[3
1m[1m^[22m[39m[31m[1m^[22m[39m[31m[1m^[22m[39m[31m[1m^[22m[39m[31m[1m^[22m[39m[31m[1m^[22m[39m[
31m[1m^[22m[39m[31m[1m^[22m[39m[31m[1m^[22m[39m[31m[1m^[22m[39m[31m[1m^[22m[39m[31m[1m^[22m[39m
[31m[1m^[22m[39m[31m[1m^[22m[39m[31m[1m^[22m[39m[31m[1m^[22m[39m[31m[1m^[22m[39m[31m[1m^[22m[39m
[31m[1m^[22m[39m
 [90m 34 |[39m [33m/[39m [33mCONFIG[39m ΓÇö brand[33m-[39mconsistent[33m,[39m no pink
 [90m 35 |[39m [33m/[39m ΓöÇΓöÇΓöÇΓöÇΓöÇΓöÇΓöÇΓöÇΓöÇΓöÇΓöÇΓöÇΓöÇΓöÇΓöÇΓöÇΓöÇΓöÇΓöÇΓöÇΓöÇΓöÇΓöÇΓöÇΓöÇΓöÇΓöÇΓöÇΓöÇΓöÇ
ΓöÇΓöÇΓöÇΓöÇΓöÇΓöÇΓöÇΓöÇΓöÇΓöÇΓöÇΓöÇΓöÇΓöÇΓöÇ
 [90m 36 |[39m [36mconst[39m [33mWA[39m [33m=[39m [32m"https://wa.me/917737877978?text=Hi%20Yash!%20I%27m%20in
terested%20in%20luxury%20event%20designing%20in%20Jaipur.%20I%27d%20like%20to%20discuss%20a%20concept."[39m[33m;[39m
[0m

Unterminated regexp literal


./app/event-management-jaipur/layout.jsx:1:1
Parsing ecmascript source code failed
[0m[31m[1m>[22m[39m[90m 1 |[39m [33m/[39m 
app[33m/[39mevent[33m-[39mmanagement[33m-[39mjaipur[33m/[39mlayout[33m.[39mjsx
 [90m   |[39m [31m[1m^[22m[39m[31m[1m^[22m[39m[31m[1m^[22m[39m[31m[1m^[22m[39m[31m[1m^[22m[39m[3
1m[1m^[22m[39m[31m[1m^[22m[39m[31m[1m^[22m[39m[31m[1m^[22m[39m[31m[1m^[22m[39m[31m[1m^[22m[39m
 [90m 2 |[39m [33m/[39m [33mSERVER[39m [33mCOMPONENT[39m ΓÇö metadata only
 [90m 3 |[39m
 [90m 4 |[39m [36mconst[39m serviceSchema [33m=[39m {[0m

Unknown regular expression flags.


./app/event-management-jaipur/page.jsx:31:1
Parsing ecmascript source code failed
[0m [90m 29 |[39m } [36mfrom[39m [32m"lucide-react"[39m[33m;[39m
 [90m 30 |[39m
[31m[1m>[22m[39m[90m 31 |[39m [33m/[39m ΓöÇΓöÇΓöÇΓöÇΓöÇΓöÇΓöÇΓöÇΓöÇΓöÇΓöÇΓöÇΓöÇΓöÇΓöÇΓöÇΓöÇΓöÇΓöÇΓöÇΓöÇΓöÇΓöÇΓö
ÇΓöÇΓöÇΓöÇΓöÇΓöÇΓöÇΓöÇΓöÇΓöÇΓöÇΓöÇΓöÇΓöÇΓöÇΓöÇΓöÇΓöÇΓöÇΓöÇΓöÇΓöÇ
 [90m    |[39m [31m[1m^[22m[39m[31m[1m^[22m[39m[31m[1m^[22m[39m[31m[1m^[22m[39m[31m[1m^[22m[39m[
31m[1m^[22m[39m[31m[1m^[22m[39m[31m[1m^[22m[39m[31m[1m^[22m[39m[31m[1m^[22m[39m[31m[1m^[22m[39m
[31m[1m^[22m[39m[31m[1m^[22m[39m[31m[1m^[22m[39m[31m[1m^[22m[39m[31m[1m^[22m[39m[31m[1m^[22m[39m
[31m[1m^[22m[39m[31m[1m^[22m[39m[31m[1m^[22m[39m[31m[1m^[22m[39m[31m[1m^[22m[39m[31m[1m^[22m[39
m[31m[1m^[22m[39m[31m[1m^[22m[39m[31m[1m^[22m[39m[31m[1m^[22m[39m[31m[1m^[22m[39m[31m[1m^[22m[3
9m[31m[1m^[22m[39m[31m[1m^[22m[39m[31m[1m^[22m[39m[31m[1m^[22m[39m[31m[1m^[22m[39m[31m[1m^[22m[
39m[31m[1m^[22m[39m[31m[1m^[22m[39m[31m[1m^[22m[39m[31m[1m^[22m[39m[31m[1m^[22m[39m[31m[1m^[22m
[39m[31m[1m^[22m[39m[31m[1m^[22m[39m[31m[1m^[22m[39m[31m[1m^[22m[39m[31m[1m^[22m[39m[31m[1m^[22m
[39m[31m[1m^[22m[39m[31m[1m^[22m[39m[31m[1m^[22m[39m[31m[1m^[22m[39m[31m[1m^[22m[39m[31m[1m^[22
m[39m[31m[1m^[22m[39m[31m[1m^[22m[39m[31m[1m^[22m[39m[31m[1m^[22m[39m[31m[1m^[22m[39m[31m[1m^[2
2m[39m[31m[1m^[22m[39m[31m[1m^[22m[39m[31m[1m^[22m[39m[31m[1m^[22m[39m[31m[1m^[22m[39m[31m[1m^[
22m[39m[31m[1m^[22m[39m[31m[1m^[22m[39m[31m[1m^[22m[39m[31m[1m^[22m[39m[31m[1m^[22m[39m[31m[1m^
[22m[39m[31m[1m^[22m[39m[31m[1m^[22m[39m[31m[1m^[22m[39m[31m[1m^[22m[39m[31m[1m^[22m[39m[31m[1m^
[22m[39m[31m[1m^[22m[39m[31m[1m^[22m[39m[31m[1m^[22m[39m[31m[1m^[22m[39m[31m[1m^[22m[39m[31m[1m
^[22m[39m[31m[1m^[22m[39m[31m[1m^[22m[39m[31m[1m^[22m[39m[31m[1m^[22m[39m[31m[1m^[22m[39m[31m[1
m^[22m[39m[31m[1m^[22m[39m[31m[1m^[22m[39m[31m[1m^[22m[39m[31m[1m^[22m[39m[31m[1m^[22m[39m[31m[
1m^[22m[39m[31m[1m^[22m[39m[31m[1m^[22m[39m[31m[1m^[22m[39m[31m[1m^[22m[39m[31m[1m^[22m[39m[31m
[1m^[22m[39m[31m[1m^[22m[39m[31m[1m^[22m[39m[31m[1m^[22m[39m[31m[1m^[22m[39m[31m[1m^[22m[39m[31m
[1m^[22m[39m[31m[1m^[22m[39m[31m[1m^[22m[39m[31m[1m^[22m[39m[31m[1m^[22m[39m[31m[1m^[22m[39m[31
m[1m^[22m[39m[31m[1m^[22m[39m[31m[1m^[22m[39m[31m[1m^[22m[39m[31m[1m^[22m[39m[31m[1m^[22m[39m[3
1m[1m^[22m[39m[31m[1m^[22m[39m[31m[1m^[22m[39m[31m[1m^[22m[39m[31m[1m^[22m[39m[31m[1m^[22m[39m[
31m[1m^[22m[39m[31m[1m^[22m[39m[31m[1m^[22m[39m[31m[1m^[22m[39m[31m[1m^[22m[39m[31m[1m^[22m[39m
[31m[1m^[22m[39m[31m[1m^[22m[39m[31m[1m^[22m[39m[31m[1m^[22m[39m[31m[1m^[22m[39m[31m[1m^[22m[39m
[31m[1m^[22m[39m
 [90m 32 |[39m [33m/[39m [33mCONFIG[39m
 [90m 33 |[39m [33m/[39m ΓöÇΓöÇΓöÇΓöÇΓöÇΓöÇΓöÇΓöÇΓöÇΓöÇΓöÇΓöÇΓöÇΓöÇΓöÇΓöÇΓöÇΓöÇΓöÇΓöÇΓöÇΓöÇΓöÇΓöÇΓöÇΓöÇΓöÇΓöÇΓöÇΓöÇ
ΓöÇΓöÇΓöÇΓöÇΓöÇΓöÇΓöÇΓöÇΓöÇΓöÇΓöÇΓöÇΓöÇΓöÇΓöÇ
 [90m 34 |[39m [36mconst[39m [33mWA[39m [33m=[39m [32m"https://wa.me/917737877978?text=Hi%20Yash!%20I%27m%20lo
oking%20for%20premium%20event%20management%20in%20Jaipur.%20I%27d%20like%20to%20discuss%20my%20event."[39m[33m;[39m
[0m

Unterminated regexp literal


./app/event-planning-jaipur/page.jsx:19:33
Parsing ecmascript source code failed
[0m [90m 17 |[39m   useState } [36mfrom[39m [32m"react"[39m[33m;[39m
 [90m 18 |[39m [36mimport[39m [33mLink[39m [36mfrom[39m [32m"next/link"[39m[33m;[39m
[31m[1m>[22m[39m[90m 19 |[39m [36mimport[39m [33mImage[39m [36mfrom[39m [32m"next/image"[39m[33m;[39m 
[33m/[39m [33m<[39m[33m--[39m [33mAdded[39m [33mNext[39m[33m.[39mjs [33mImage[39m [33mOptimization[39m
 [90m    |[39m                                 [31m[1m^[22m[39m[31m[1m^[22m[39m[31m[1m^[22m[39m[31m[1m^
[22m[39m[31m[1m^[22m[39m[31m[1m^[22m[39m[31m[1m^[22m[39m[31m[1m^[22m[39m[31m[1m^[22m[39m[31m[1m
^[22m[39m[31m[1m^[22m[39m[31m[1m^[22m[39m[31m[1m^[22m[39m[31m[1m^[22m[39m[31m[1m^[22m[39m[31m[1
m^[22m[39m[31m[1m^[22m[39m[31m[1m^[22m[39m[31m[1m^[22m[39m[31m[1m^[22m[39m[31m[1m^[22m[39m[31m[
1m^[22m[39m[31m[1m^[22m[39m[31m[1m^[22m[39m[31m[1m^[22m[39m[31m[1m^[22m[39m[31m[1m^[22m[39m[31m
[1m^[22m[39m[31m[1m^[22m[39m[31m[1m^[22m[39m[31m[1m^[22m[39m[31m[1m^[22m[39m[31m[1m^[22m[39m[31m
[1m^[22m[39m[31m[1m^[22m[39m[31m[1m^[22m[39m[31m[1m^[22m[39m[31m[1m^[22m[39m
 [90m 20 |[39m [36mimport[39m { motion
 [90m 21 |[39m } [36mfrom[39m [32m"lucide-react"[39m[33m;[39m
 [90m 22 |[39m[0m

Unterminated regexp literal


./app/haldi-anchor-jaipur/page.jsx:31:1
Parsing ecmascript source code failed
[0m [90m 29 |[39m } [36mfrom[39m [32m"lucide-react"[39m[33m;[39m
 [90m 30 |[39m
[31m[1m>[22m[39m[90m 31 |[39m [33m/[39m [33m--[39m[33m-[39m [35m1.[39m [33mCUSTOM[39m 
[33mTEXTURE[39m [33mFOR[39m [33mHALDI[39m [33mVIBE[39m ([33mUltra[39m[33m-[39m[33mVibrant[39m 
[33mGradient[39m) [33m--[39m[33m-[39m
 [90m    |[39m [31m[1m^[22m[39m[31m[1m^[22m[39m[31m[1m^[22m[39m[31m[1m^[22m[39m[31m[1m^[22m[39m[
31m[1m^[22m[39m[31m[1m^[22m[39m[31m[1m^[22m[39m[31m[1m^[22m[39m[31m[1m^[22m[39m[31m[1m^[22m[39m
[31m[1m^[22m[39m[31m[1m^[22m[39m[31m[1m^[22m[39m[31m[1m^[22m[39m[31m[1m^[22m[39m[31m[1m^[22m[39m
[31m[1m^[22m[39m[31m[1m^[22m[39m[31m[1m^[22m[39m[31m[1m^[22m[39m[31m[1m^[22m[39m[31m[1m^[22m[39
m[31m[1m^[22m[39m[31m[1m^[22m[39m[31m[1m^[22m[39m[31m[1m^[22m[39m[31m[1m^[22m[39m[31m[1m^[22m[3
9m[31m[1m^[22m[39m[31m[1m^[22m[39m[31m[1m^[22m[39m[31m[1m^[22m[39m[31m[1m^[22m[39m[31m[1m^[22m[
39m[31m[1m^[22m[39m[31m[1m^[22m[39m[31m[1m^[22m[39m[31m[1m^[22m[39m[31m[1m^[22m[39m[31m[1m^[22m
[39m[31m[1m^[22m[39m[31m[1m^[22m[39m[31m[1m^[22m[39m[31m[1m^[22m[39m[31m[1m^[22m[39m[31m[1m^[22m
[39m[31m[1m^[22m[39m[31m[1m^[22m[39m[31m[1m^[22m[39m[31m[1m^[22m[39m[31m[1m^[22m[39m[31m[1m^[22
m[39m[31m[1m^[22m[39m[31m[1m^[22m[39m[31m[1m^[22m[39m[31m[1m^[22m[39m[31m[1m^[22m[39m[31m[1m^[2
2m[39m[31m[1m^[22m[39m[31m[1m^[22m[39m[31m[1m^[22m[39m[31m[1m^[22m[39m[31m[1m^[22m[39m[31m[1m^[
22m[39m[31m[1m^[22m[39m[31m[1m^[22m[39m
 [90m 32 |[39m [36mconst[39m [33mFestivalText[39m [33m=[39m ({ children[33m,[39m className }) [33m=>[39m (
 [90m 33 |[39m   [33m<[39m[33mspan[39m 
 [90m 34 |[39m     className[33m=[39m{[32m`bg-clip-text text-transparent bg-gradient-to-r from-yellow-400 
via-orange-500 to-pink-500 drop-shadow-md ${className || ""}`[39m}[0m

Unterminated regexp literal


./app/layout.tsx:1:1
Parsing ecmascript source code failed
[0m[31m[1m>[22m[39m[90m 1 |[39m [33m/[39m [33m@[39mts[33m-[39mnocheck
 [90m   |[39m [31m[1m^[22m[39m[31m[1m^[22m[39m[31m[1m^[22m[39m[31m[1m^[22m[39m[31m[1m^[22m[39m[3
1m[1m^[22m[39m[31m[1m^[22m[39m[31m[1m^[22m[39m[31m[1m^[22m[39m[31m[1m^[22m[39m[31m[1m^[22m[39m[
31m[1m^[22m[39m[31m[1m^[22m[39m
 [90m 2 |[39m [36mimport[39m [32m"./globals.css"[39m[33m;[39m
 [90m 3 |[39m [36mimport[39m [33mNavbar[39m [36mfrom[39m [32m"../components/Navbar"[39m[33m;[39m
 [90m 4 |[39m [36mimport[39m [33mFooter[39m [36mfrom[39m [32m"../components/Footer"[39m[33m;[39m[0m

Unterminated regexp literal


./app/mehendi-anchor-jaipur/layout.jsx:1:1
Parsing ecmascript source code failed
[0m[31m[1m>[22m[39m[90m 1 |[39m [33m/[39m 
app[33m/[39mmehendi[33m-[39manchor[33m-[39mjaipur[33m/[39mlayout[33m.[39mjsx
 [90m   |[39m [31m[1m^[22m[39m[31m[1m^[22m[39m[31m[1m^[22m[39m[31m[1m^[22m[39m[31m[1m^[22m[39m[3
1m[1m^[22m[39m[31m[1m^[22m[39m[31m[1m^[22m[39m[31m[1m^[22m[39m[31m[1m^[22m[39m[31m[1m^[22m[39m[
31m[1m^[22m[39m[31m[1m^[22m[39m
 [90m 2 |[39m [33m/[39m [33mSERVER[39m [33mCOMPONENT[39m ΓÇö metadata only
 [90m 3 |[39m
 [90m 4 |[39m [36mconst[39m serviceSchema [33m=[39m {[0m

Unknown regular expression flags.


./app/mehendi-anchor-jaipur/page.jsx:34:1
Parsing ecmascript source code failed
[0m [90m 32 |[39m } [36mfrom[39m [32m"lucide-react"[39m[33m;[39m
 [90m 33 |[39m
[31m[1m>[22m[39m[90m 34 |[39m [33m/[39m ΓöÇΓöÇΓöÇΓöÇΓöÇΓöÇΓöÇΓöÇΓöÇΓöÇΓöÇΓöÇΓöÇΓöÇΓöÇΓöÇΓöÇΓöÇΓöÇΓöÇΓöÇΓöÇΓöÇΓö
ÇΓöÇΓöÇΓöÇΓöÇΓöÇΓöÇΓöÇΓöÇΓöÇΓöÇΓöÇΓöÇΓöÇΓöÇΓöÇΓöÇΓöÇΓöÇΓöÇΓöÇΓöÇ
 [90m    |[39m [31m[1m^[22m[39m[31m[1m^[22m[39m[31m[1m^[22m[39m[31m[1m^[22m[39m[31m[1m^[22m[39m[
31m[1m^[22m[39m[31m[1m^[22m[39m[31m[1m^[22m[39m[31m[1m^[22m[39m[31m[1m^[22m[39m[31m[1m^[22m[39m
[31m[1m^[22m[39m[31m[1m^[22m[39m[31m[1m^[22m[39m[31m[1m^[22m[39m[31m[1m^[22m[39m[31m[1m^[22m[39m
[31m[1m^[22m[39m[31m[1m^[22m[39m[31m[1m^[22m[39m[31m[1m^[22m[39m[31m[1m^[22m[39m[31m[1m^[22m[39
m[31m[1m^[22m[39m[31m[1m^[22m[39m[31m[1m^[22m[39m[31m[1m^[22m[39m[31m[1m^[22m[39m[31m[1m^[22m[3
9m[31m[1m^[22m[39m[31m[1m^[22m[39m[31m[1m^[22m[39m[31m[1m^[22m[39m[31m[1m^[22m[39m[31m[1m^[22m[
39m[31m[1m^[22m[39m[31m[1m^[22m[39m[31m[1m^[22m[39m[31m[1m^[22m[39m[31m[1m^[22m[39m[31m[1m^[22m
[39m[31m[1m^[22m[39m[31m[1m^[22m[39m[31m[1m^[22m[39m[31m[1m^[22m[39m[31m[1m^[22m[39m[31m[1m^[22m
[39m[31m[1m^[22m[39m[31m[1m^[22m[39m[31m[1m^[22m[39m[31m[1m^[22m[39m[31m[1m^[22m[39m[31m[1m^[22
m[39m[31m[1m^[22m[39m[31m[1m^[22m[39m[31m[1m^[22m[39m[31m[1m^[22m[39m[31m[1m^[22m[39m[31m[1m^[2
2m[39m[31m[1m^[22m[39m[31m[1m^[22m[39m[31m[1m^[22m[39m[31m[1m^[22m[39m[31m[1m^[22m[39m[31m[1m^[
22m[39m[31m[1m^[22m[39m[31m[1m^[22m[39m[31m[1m^[22m[39m[31m[1m^[22m[39m[31m[1m^[22m[39m[31m[1m^
[22m[39m[31m[1m^[22m[39m[31m[1m^[22m[39m[31m[1m^[22m[39m[31m[1m^[22m[39m[31m[1m^[22m[39m[31m[1m^
[22m[39m[31m[1m^[22m[39m[31m[1m^[22m[39m[31m[1m^[22m[39m[31m[1m^[22m[39m[31m[1m^[22m[39m[31m[1m
^[22m[39m[31m[1m^[22m[39m[31m[1m^[22m[39m[31m[1m^[22m[39m[31m[1m^[22m[39m[31m[1m^[22m[39m[31m[1
m^[22m[39m[31m[1m^[22m[39m[31m[1m^[22m[39m[31m[1m^[22m[39m[31m[1m^[22m[39m[31m[1m^[22m[39m[31m[
1m^[22m[39m[31m[1m^[22m[39m[31m[1m^[22m[39m[31m[1m^[22m[39m[31m[1m^[22m[39m[31m[1m^[22m[39m[31m
[1m^[22m[39m[31m[1m^[22m[39m[31m[1m^[22m[39m[31m[1m^[22m[39m[31m[1m^[22m[39m[31m[1m^[22m[39m[31m
[1m^[22m[39m[31m[1m^[22m[39m[31m[1m^[22m[39m[31m[1m^[22m[39m[31m[1m^[22m[39m[31m[1m^[22m[39m[31
m[1m^[22m[39m[31m[1m^[22m[39m[31m[1m^[22m[39m[31m[1m^[22m[39m[31m[1m^[22m[39m[31m[1m^[22m[39m[3
1m[1m^[22m[39m[31m[1m^[22m[39m[31m[1m^[22m[39m[31m[1m^[22m[39m[31m[1m^[22m[39m[31m[1m^[22m[39m[
31m[1m^[22m[39m[31m[1m^[22m[39m[31m[1m^[22m[39m[31m[1m^[22m[39m[31m[1m^[22m[39m[31m[1m^[22m[39m
[31m[1m^[22m[39m[31m[1m^[22m[39m[31m[1m^[22m[39m[31m[1m^[22m[39m[31m[1m^[22m[39m[31m[1m^[22m[39m
[31m[1m^[22m[39m
 [90m 35 |[39m [33m/[39m [33mCONFIG[39m
 [90m 36 |[39m [33m/[39m ΓöÇΓöÇΓöÇΓöÇΓöÇΓöÇΓöÇΓöÇΓöÇΓöÇΓöÇΓöÇΓöÇΓöÇΓöÇΓöÇΓöÇΓöÇΓöÇΓöÇΓöÇΓöÇΓöÇΓöÇΓöÇΓöÇΓöÇΓöÇΓöÇΓöÇ
ΓöÇΓöÇΓöÇΓöÇΓöÇΓöÇΓöÇΓöÇΓöÇΓöÇΓöÇΓöÇΓöÇΓöÇΓöÇ
 [90m 37 |[39m [36mconst[39m [33mWA[39m [33m=[39m [32m"https://wa.me/917737877978?text=Hi%20Yash!%20I%27m%20lo
oking%20for%20a%20Mehendi%20anchor%20in%20Jaipur.%20I%27d%20like%20to%20check%20availability%20for%20my%20event."[39m
[33m;[39m[0m

Unterminated regexp literal


./app/page.jsx:28:1
Parsing ecmascript source code failed
[0m [90m 26 |[39m } [36mfrom[39m [32m"lucide-react"[39m[33m;[39m
 [90m 27 |[39m
[31m[1m>[22m[39m[90m 28 |[39m [33m/[39m ΓöÇΓöÇΓöÇΓöÇΓöÇΓöÇΓöÇΓöÇΓöÇΓöÇΓöÇΓöÇΓöÇΓöÇΓöÇΓöÇΓöÇΓöÇΓöÇΓöÇΓöÇΓöÇΓöÇΓö
ÇΓöÇΓöÇΓöÇΓöÇΓöÇΓöÇΓöÇΓöÇΓöÇΓöÇΓöÇΓöÇΓöÇΓöÇΓöÇΓöÇΓöÇΓöÇΓöÇΓöÇΓöÇ
 [90m    |[39m [31m[1m^[22m[39m[31m[1m^[22m[39m[31m[1m^[22m[39m[31m[1m^[22m[39m[31m[1m^[22m[39m[
31m[1m^[22m[39m[31m[1m^[22m[39m[31m[1m^[22m[39m[31m[1m^[22m[39m[31m[1m^[22m[39m[31m[1m^[22m[39m
[31m[1m^[22m[39m[31m[1m^[22m[39m[31m[1m^[22m[39m[31m[1m^[22m[39m[31m[1m^[22m[39m[31m[1m^[22m[39m
[31m[1m^[22m[39m[31m[1m^[22m[39m[31m[1m^[22m[39m[31m[1m^[22m[39m[31m[1m^[22m[39m[31m[1m^[22m[39
m[31m[1m^[22m[39m[31m[1m^[22m[39m[31m[1m^[22m[39m[31m[1m^[22m[39m[31m[1m^[22m[39m[31m[1m^[22m[3
9m[31m[1m^[22m[39m[31m[1m^[22m[39m[31m[1m^[22m[39m[31m[1m^[22m[39m[31m[1m^[22m[39m[31m[1m^[22m[
39m[31m[1m^[22m[39m[31m[1m^[22m[39m[31m[1m^[22m[39m[31m[1m^[22m[39m[31m[1m^[22m[39m[31m[1m^[22m
[39m[31m[1m^[22m[39m[31m[1m^[22m[39m[31m[1m^[22m[39m[31m[1m^[22m[39m[31m[1m^[22m[39m[31m[1m^[22m
[39m[31m[1m^[22m[39m[31m[1m^[22m[39m[31m[1m^[22m[39m[31m[1m^[22m[39m[31m[1m^[22m[39m[31m[1m^[22
m[39m[31m[1m^[22m[39m[31m[1m^[22m[39m[31m[1m^[22m[39m[31m[1m^[22m[39m[31m[1m^[22m[39m[31m[1m^[2
2m[39m[31m[1m^[22m[39m[31m[1m^[22m[39m[31m[1m^[22m[39m[31m[1m^[22m[39m[31m[1m^[22m[39m[31m[1m^[
22m[39m[31m[1m^[22m[39m[31m[1m^[22m[39m[31m[1m^[22m[39m[31m[1m^[22m[39m[31m[1m^[22m[39m[31m[1m^
[22m[39m[31m[1m^[22m[39m[31m[1m^[22m[39m[31m[1m^[22m[39m[31m[1m^[22m[39m[31m[1m^[22m[39m[31m[1m^
[22m[39m[31m[1m^[22m[39m[31m[1m^[22m[39m[31m[1m^[22m[39m[31m[1m^[22m[39m[31m[1m^[22m[39m[31m[1m
^[22m[39m[31m[1m^[22m[39m[31m[1m^[22m[39m[31m[1m^[22m[39m[31m[1m^[22m[39m[31m[1m^[22m[39m[31m[1
m^[22m[39m[31m[1m^[22m[39m[31m[1m^[22m[39m[31m[1m^[22m[39m[31m[1m^[22m[39m[31m[1m^[22m[39m[31m[
1m^[22m[39m[31m[1m^[22m[39m[31m[1m^[22m[39m[31m[1m^[22m[39m[31m[1m^[22m[39m[31m[1m^[22m[39m[31m
[1m^[22m[39m[31m[1m^[22m[39m[31m[1m^[22m[39m[31m[1m^[22m[39m[31m[1m^[22m[39m[31m[1m^[22m[39m[31m
[1m^[22m[39m[31m[1m^[22m[39m[31m[1m^[22m[39m[31m[1m^[22m[39m[31m[1m^[22m[39m[31m[1m^[22m[39m[31
m[1m^[22m[39m[31m[1m^[22m[39m[31m[1m^[22m[39m[31m[1m^[22m[39m[31m[1m^[22m[39m[31m[1m^[22m[39m[3
1m[1m^[22m[39m[31m[1m^[22m[39m[31m[1m^[22m[39m[31m[1m^[22m[39m[31m[1m^[22m[39m[31m[1m^[22m[39m[
31m[1m^[22m[39m[31m[1m^[22m[39m[31m[1m^[22m[39m[31m[1m^[22m[39m[31m[1m^[22m[39m[31m[1m^[22m[39m
[31m[1m^[22m[39m[31m[1m^[22m[39m[31m[1m^[22m[39m[31m[1m^[22m[39m[31m[1m^[22m[39m[31m[1m^[22m[39m
[31m[1m^[22m[39m
 [90m 29 |[39m [33m/[39m [33mCONFIG[39m
 [90m 30 |[39m [33m/[39m ΓöÇΓöÇΓöÇΓöÇΓöÇΓöÇΓöÇΓöÇΓöÇΓöÇΓöÇΓöÇΓöÇΓöÇΓöÇΓöÇΓöÇΓöÇΓöÇΓöÇΓöÇΓöÇΓöÇΓöÇΓöÇΓöÇΓöÇΓöÇΓöÇΓöÇ
ΓöÇΓöÇΓöÇΓöÇΓöÇΓöÇΓöÇΓöÇΓöÇΓöÇΓöÇΓöÇΓöÇΓöÇΓöÇ
 [90m 31 |[39m [36mconst[39m [33mGOLD[39m [33m=[39m [32m"#D4AF37"[39m[33m;[39m[0m

Unterminated regexp literal


./app/portfolio/page.jsx:17:1
Parsing ecmascript source code failed
[0m [90m 15 |[39m } [36mfrom[39m [32m"lucide-react"[39m[33m;[39m
 [90m 16 |[39m
[31m[1m>[22m[39m[90m 17 |[39m [33m/[39m [33m--[39m[33m-[39m [35m1.[39m [33mLUXURY[39m 
[33mTEXTURE[39m [33mASSETS[39m [33m--[39m[33m-[39m
 [90m    |[39m [31m[1m^[22m[39m[31m[1m^[22m[39m[31m[1m^[22m[39m[31m[1m^[22m[39m[31m[1m^[22m[39m[
31m[1m^[22m[39m[31m[1m^[22m[39m[31m[1m^[22m[39m[31m[1m^[22m[39m[31m[1m^[22m[39m[31m[1m^[22m[39m
[31m[1m^[22m[39m[31m[1m^[22m[39m[31m[1m^[22m[39m[31m[1m^[22m[39m[31m[1m^[22m[39m[31m[1m^[22m[39m
[31m[1m^[22m[39m[31m[1m^[22m[39m[31m[1m^[22m[39m[31m[1m^[22m[39m[31m[1m^[22m[39m[31m[1m^[22m[39
m[31m[1m^[22m[39m[31m[1m^[22m[39m[31m[1m^[22m[39m[31m[1m^[22m[39m[31m[1m^[22m[39m[31m[1m^[22m[3
9m[31m[1m^[22m[39m[31m[1m^[22m[39m[31m[1m^[22m[39m[31m[1m^[22m[39m[31m[1m^[22m[39m
 [90m 18 |[39m [36mconst[39m [33mGoldTextureText[39m [33m=[39m ({ children[33m,[39m className }) 
[33m=>[39m (
 [90m 19 |[39m   [33m<[39m[33mspan[39m 
 [90m 20 |[39m     className[33m=[39m{[32m`bg-clip-text text-transparent bg-cover bg-center ${className || 
""}`[39m}[0m

Unterminated regexp literal


./app/sangeet-anchor-jaipur/layout.jsx:1:1
Parsing ecmascript source code failed
[0m[31m[1m>[22m[39m[90m 1 |[39m [33m/[39m 
app[33m/[39msangeet[33m-[39manchor[33m-[39mjaipur[33m/[39mlayout[33m.[39mjsx
 [90m   |[39m [31m[1m^[22m[39m[31m[1m^[22m[39m[31m[1m^[22m[39m[31m[1m^[22m[39m[31m[1m^[22m[39m[3
1m[1m^[22m[39m[31m[1m^[22m[39m[31m[1m^[22m[39m[31m[1m^[22m[39m[31m[1m^[22m[39m[31m[1m^[22m[39m[
31m[1m^[22m[39m[31m[1m^[22m[39m
 [90m 2 |[39m [33m/[39m [33mSERVER[39m [33mCOMPONENT[39m ΓÇö no head tags[33m,[39m no scripts[33m,[39m 
metadata only
 [90m 3 |[39m
 [90m 4 |[39m [36mconst[39m serviceSchema [33m=[39m {[0m

Unknown regular expression flags.


./app/sangeet-anchor-jaipur/page.jsx:33:1
Parsing ecmascript source code failed
[0m [90m 31 |[39m } [36mfrom[39m [32m"lucide-react"[39m[33m;[39m
 [90m 32 |[39m
[31m[1m>[22m[39m[90m 33 |[39m [33m/[39m ΓöÇΓöÇΓöÇΓöÇΓöÇΓöÇΓöÇΓöÇΓöÇΓöÇΓöÇΓöÇΓöÇΓöÇΓöÇΓöÇΓöÇΓöÇΓöÇΓöÇΓöÇΓöÇΓöÇΓö
ÇΓöÇΓöÇΓöÇΓöÇΓöÇΓöÇΓöÇΓöÇΓöÇΓöÇΓöÇΓöÇΓöÇΓöÇΓöÇΓöÇΓöÇΓöÇΓöÇΓöÇΓöÇ
 [90m    |[39m [31m[1m^[22m[39m[31m[1m^[22m[39m[31m[1m^[22m[39m[31m[1m^[22m[39m[31m[1m^[22m[39m[
31m[1m^[22m[39m[31m[1m^[22m[39m[31m[1m^[22m[39m[31m[1m^[22m[39m[31m[1m^[22m[39m[31m[1m^[22m[39m
[31m[1m^[22m[39m[31m[1m^[22m[39m[31m[1m^[22m[39m[31m[1m^[22m[39m[31m[1m^[22m[39m[31m[1m^[22m[39m
[31m[1m^[22m[39m[31m[1m^[22m[39m[31m[1m^[22m[39m[31m[1m^[22m[39m[31m[1m^[22m[39m[31m[1m^[22m[39
m[31m[1m^[22m[39m[31m[1m^[22m[39m[31m[1m^[22m[39m[31m[1m^[22m[39m[31m[1m^[22m[39m[31m[1m^[22m[3
9m[31m[1m^[22m[39m[31m[1m^[22m[39m[31m[1m^[22m[39m[31m[1m^[22m[39m[31m[1m^[22m[39m[31m[1m^[22m[
39m[31m[1m^[22m[39m[31m[1m^[22m[39m[31m[1m^[22m[39m[31m[1m^[22m[39m[31m[1m^[22m[39m[31m[1m^[22m
[39m[31m[1m^[22m[39m[31m[1m^[22m[39m[31m[1m^[22m[39m[31m[1m^[22m[39m[31m[1m^[22m[39m[31m[1m^[22m
[39m[31m[1m^[22m[39m[31m[1m^[22m[39m[31m[1m^[22m[39m[31m[1m^[22m[39m[31m[1m^[22m[39m[31m[1m^[22
m[39m[31m[1m^[22m[39m[31m[1m^[22m[39m[31m[1m^[22m[39m[31m[1m^[22m[39m[31m[1m^[22m[39m[31m[1m^[2
2m[39m[31m[1m^[22m[39m[31m[1m^[22m[39m[31m[1m^[22m[39m[31m[1m^[22m[39m[31m[1m^[22m[39m[31m[1m^[
22m[39m[31m[1m^[22m[39m[31m[1m^[22m[39m[31m[1m^[22m[39m[31m[1m^[22m[39m[31m[1m^[22m[39m[31m[1m^
[22m[39m[31m[1m^[22m[39m[31m[1m^[22m[39m[31m[1m^[22m[39m[31m[1m^[22m[39m[31m[1m^[22m[39m[31m[1m^
[22m[39m[31m[1m^[22m[39m[31m[1m^[22m[39m[31m[1m^[22m[39m[31m[1m^[22m[39m[31m[1m^[22m[39m[31m[1m
^[22m[39m[31m[1m^[22m[39m[31m[1m^[22m[39m[31m[1m^[22m[39m[31m[1m^[22m[39m[31m[1m^[22m[39m[31m[1
m^[22m[39m[31m[1m^[22m[39m[31m[1m^[22m[39m[31m[1m^[22m[39m[31m[1m^[22m[39m[31m[1m^[22m[39m[31m[
1m^[22m[39m[31m[1m^[22m[39m[31m[1m^[22m[39m[31m[1m^[22m[39m[31m[1m^[22m[39m[31m[1m^[22m[39m[31m
[1m^[22m[39m[31m[1m^[22m[39m[31m[1m^[22m[39m[31m[1m^[22m[39m[31m[1m^[22m[39m[31m[1m^[22m[39m[31m
[1m^[22m[39m[31m[1m^[22m[39m[31m[1m^[22m[39m[31m[1m^[22m[39m[31m[1m^[22m[39m[31m[1m^[22m[39m[31
m[1m^[22m[39m[31m[1m^[22m[39m[31m[1m^[22m[39m[31m[1m^[22m[39m[31m[1m^[22m[39m[31m[1m^[22m[39m[3
1m[1m^[22m[39m[31m[1m^[22m[39m[31m[1m^[22m[39m[31m[1m^[22m[39m[31m[1m^[22m[39m[31m[1m^[22m[39m[
31m[1m^[22m[39m[31m[1m^[22m[39m[31m[1m^[22m[39m[31m[1m^[22m[39m[31m[1m^[22m[39m[31m[1m^[22m[39m
[31m[1m^[22m[39m[31m[1m^[22m[39m[31m[1m^[22m[39m[31m[1m^[22m[39m[31m[1m^[22m[39m[31m[1m^[22m[39m
[31m[1m^[22m[39m
 [90m 34 |[39m [33m/[39m [33mCONFIG[39m
 [90m 35 |[39m [33m/[39m ΓöÇΓöÇΓöÇΓöÇΓöÇΓöÇΓöÇΓöÇΓöÇΓöÇΓöÇΓöÇΓöÇΓöÇΓöÇΓöÇΓöÇΓöÇΓöÇΓöÇΓöÇΓöÇΓöÇΓöÇΓöÇΓöÇΓöÇΓöÇΓöÇΓöÇ
ΓöÇΓöÇΓöÇΓöÇΓöÇΓöÇΓöÇΓöÇΓöÇΓöÇΓöÇΓöÇΓöÇΓöÇΓöÇ
 [90m 36 |[39m [36mconst[39m [33mWA[39m [33m=[39m [32m"https://wa.me/917737877978?text=Hi%20Yash!%20I%27m%20lo
oking%20for%20a%20Sangeet%20anchor%20in%20Jaipur.%20I%27d%20like%20to%20check%20availability%20for%20my%20event."[39m
[33m;[39m[0m

Unterminated regexp literal


./app/team-building-host/layout.jsx:1:1
Parsing ecmascript source code failed
[0m[31m[1m>[22m[39m[90m 1 |[39m [33m/[39m 
app[33m/[39mteam[33m-[39mbuilding[33m-[39mhost[33m/[39mlayout[33m.[39mjsx
 [90m   |[39m [31m[1m^[22m[39m[31m[1m^[22m[39m[31m[1m^[22m[39m[31m[1m^[22m[39m[31m[1m^[22m[39m[3
1m[1m^[22m[39m[31m[1m^[22m[39m[31m[1m^[22m[39m[31m[1m^[22m[39m[31m[1m^[22m[39m
 [90m 2 |[39m [33m/[39m [33mSERVER[39m [33mCOMPONENT[39m ΓÇö metadata only
 [90m 3 |[39m
 [90m 4 |[39m [36mconst[39m serviceSchema [33m=[39m {[0m

Unknown regular expression flags.


./app/team-building-host/page.jsx:30:1
Parsing ecmascript source code failed
[0m [90m 28 |[39m } [36mfrom[39m [32m"lucide-react"[39m[33m;[39m
 [90m 29 |[39m
[31m[1m>[22m[39m[90m 30 |[39m [33m/[39m ΓöÇΓöÇΓöÇΓöÇΓöÇΓöÇΓöÇΓöÇΓöÇΓöÇΓöÇΓöÇΓöÇΓöÇΓöÇΓöÇΓöÇΓöÇΓöÇΓöÇΓöÇΓöÇΓöÇΓö
ÇΓöÇΓöÇΓöÇΓöÇΓöÇΓöÇΓöÇΓöÇΓöÇΓöÇΓöÇΓöÇΓöÇΓöÇΓöÇΓöÇΓöÇΓöÇΓöÇΓöÇΓöÇ
 [90m    |[39m [31m[1m^[22m[39m[31m[1m^[22m[39m[31m[1m^[22m[39m[31m[1m^[22m[39m[31m[1m^[22m[39m[
31m[1m^[22m[39m[31m[1m^[22m[39m[31m[1m^[22m[39m[31m[1m^[22m[39m[31m[1m^[22m[39m[31m[1m^[22m[39m
[31m[1m^[22m[39m[31m[1m^[22m[39m[31m[1m^[22m[39m[31m[1m^[22m[39m[31m[1m^[22m[39m[31m[1m^[22m[39m
[31m[1m^[22m[39m[31m[1m^[22m[39m[31m[1m^[22m[39m[31m[1m^[22m[39m[31m[1m^[22m[39m[31m[1m^[22m[39
m[31m[1m^[22m[39m[31m[1m^[22m[39m[31m[1m^[22m[39m[31m[1m^[22m[39m[31m[1m^[22m[39m[31m[1m^[22m[3
9m[31m[1m^[22m[39m[31m[1m^[22m[39m[31m[1m^[22m[39m[31m[1m^[22m[39m[31m[1m^[22m[39m[31m[1m^[22m[
39m[31m[1m^[22m[39m[31m[1m^[22m[39m[31m[1m^[22m[39m[31m[1m^[22m[39m[31m[1m^[22m[39m[31m[1m^[22m
[39m[31m[1m^[22m[39m[31m[1m^[22m[39m[31m[1m^[22m[39m[31m[1m^[22m[39m[31m[1m^[22m[39m[31m[1m^[22m
[39m[31m[1m^[22m[39m[31m[1m^[22m[39m[31m[1m^[22m[39m[31m[1m^[22m[39m[31m[1m^[22m[39m[31m[1m^[22
m[39m[31m[1m^[22m[39m[31m[1m^[22m[39m[31m[1m^[22m[39m[31m[1m^[22m[39m[31m[1m^[22m[39m[31m[1m^[2
2m[39m[31m[1m^[22m[39m[31m[1m^[22m[39m[31m[1m^[22m[39m[31m[1m^[22m[39m[31m[1m^[22m[39m[31m[1m^[
22m[39m[31m[1m^[22m[39m[31m[1m^[22m[39m[31m[1m^[22m[39m[31m[1m^[22m[39m[31m[1m^[22m[39m[31m[1m^
[22m[39m[31m[1m^[22m[39m[31m[1m^[22m[39m[31m[1m^[22m[39m[31m[1m^[22m[39m[31m[1m^[22m[39m[31m[1m^
[22m[39m[31m[1m^[22m[39m[31m[1m^[22m[39m[31m[1m^[22m[39m[31m[1m^[22m[39m[31m[1m^[22m[39m[31m[1m
^[22m[39m[31m[1m^[22m[39m[31m[1m^[22m[39m[31m[1m^[22m[39m[31m[1m^[22m[39m[31m[1m^[22m[39m[31m[1
m^[22m[39m[31m[1m^[22m[39m[31m[1m^[22m[39m[31m[1m^[22m[39m[31m[1m^[22m[39m[31m[1m^[22m[39m[31m[
1m^[22m[39m[31m[1m^[22m[39m[31m[1m^[22m[39m[31m[1m^[22m[39m[31m[1m^[22m[39m[31m[1m^[22m[39m[31m
[1m^[22m[39m[31m[1m^[22m[39m[31m[1m^[22m[39m[31m[1m^[22m[39m[31m[1m^[22m[39m[31m[1m^[22m[39m[31m
[1m^[22m[39m[31m[1m^[22m[39m[31m[1m^[22m[39m[31m[1m^[22m[39m[31m[1m^[22m[39m[31m[1m^[22m[39m[31
m[1m^[22m[39m[31m[1m^[22m[39m[31m[1m^[22m[39m[31m[1m^[22m[39m[31m[1m^[22m[39m[31m[1m^[22m[39m[3
1m[1m^[22m[39m[31m[1m^[22m[39m[31m[1m^[22m[39m[31m[1m^[22m[39m[31m[1m^[22m[39m[31m[1m^[22m[39m[
31m[1m^[22m[39m[31m[1m^[22m[39m[31m[1m^[22m[39m[31m[1m^[22m[39m[31m[1m^[22m[39m[31m[1m^[22m[39m
[31m[1m^[22m[39m[31m[1m^[22m[39m[31m[1m^[22m[39m[31m[1m^[22m[39m[31m[1m^[22m[39m[31m[1m^[22m[39m
[31m[1m^[22m[39m
 [90m 31 |[39m [33m/[39m [33mCONFIG[39m
 [90m 32 |[39m [33m/[39m ΓöÇΓöÇΓöÇΓöÇΓöÇΓöÇΓöÇΓöÇΓöÇΓöÇΓöÇΓöÇΓöÇΓöÇΓöÇΓöÇΓöÇΓöÇΓöÇΓöÇΓöÇΓöÇΓöÇΓöÇΓöÇΓöÇΓöÇΓöÇΓöÇΓöÇ
ΓöÇΓöÇΓöÇΓöÇΓöÇΓöÇΓöÇΓöÇΓöÇΓöÇΓöÇΓöÇΓöÇΓöÇΓöÇ
 [90m 33 |[39m [36mconst[39m [33mWA[39m [33m=[39m [32m"https://wa.me/917737877978?text=Hi%20Yash!%20I%27m%20lo
oking%20for%20a%20corporate%20team%20building%20host%20in%20Jaipur.%20I%27d%20like%20to%20check%20availability."[39m[
33m;[39m[0m

Unterminated regexp literal


./app/wedding-anchor-jaipur/layout.jsx:1:1
Parsing ecmascript source code failed
[0m[31m[1m>[22m[39m[90m 1 |[39m [33m/[39m 
app[33m/[39mwedding[33m-[39manchor[33m-[39mjaipur[33m/[39mlayout[33m.[39mjsx
 [90m   |[39m [31m[1m^[22m[39m[31m[1m^[22m[39m[31m[1m^[22m[39m[31m[1m^[22m[39m[31m[1m^[22m[39m[3
1m[1m^[22m[39m[31m[1m^[22m[39m[31m[1m^[22m[39m[31m[1m^[22m[39m[31m[1m^[22m[39m[31m[1m^[22m[39m[
31m[1m^[22m[39m[31m[1m^[22m[39m
 [90m 2 |[39m [33m/[39m [33mSERVER[39m [33mCOMPONENT[39m ΓÇö complete [33mSEO[39m metadata
 [90m 3 |[39m
 [90m 4 |[39m [36mconst[39m localBusinessSchema [33m=[39m {[0m

Duplicated regular expression flag 'd'.


./app/wedding-anchor-jaipur/layout.jsx:1:1
Parsing ecmascript source code failed
[0m[31m[1m>[22m[39m[90m 1 |[39m [33m/[39m 
app[33m/[39mwedding[33m-[39manchor[33m-[39mjaipur[33m/[39mlayout[33m.[39mjsx
 [90m   |[39m [31m[1m^[22m[39m[31m[1m^[22m[39m[31m[1m^[22m[39m[31m[1m^[22m[39m[31m[1m^[22m[39m[3
1m[1m^[22m[39m[31m[1m^[22m[39m[31m[1m^[22m[39m[31m[1m^[22m[39m[31m[1m^[22m[39m[31m[1m^[22m[39m[
31m[1m^[22m[39m[31m[1m^[22m[39m
 [90m 2 |[39m [33m/[39m [33mSERVER[39m [33mCOMPONENT[39m ΓÇö complete [33mSEO[39m metadata
 [90m 3 |[39m
 [90m 4 |[39m [36mconst[39m localBusinessSchema [33m=[39m {[0m

Unknown regular expression flags.


./app/wedding-anchor-jaipur/page.jsx:30:1
Parsing ecmascript source code failed
[0m [90m 28 |[39m } [36mfrom[39m [32m"lucide-react"[39m[33m;[39m
 [90m 29 |[39m
[31m[1m>[22m[39m[90m 30 |[39m [33m/[39m ΓöÇΓöÇΓöÇΓöÇΓöÇΓöÇΓöÇΓöÇΓöÇΓöÇΓöÇΓöÇΓöÇΓöÇΓöÇΓöÇΓöÇΓöÇΓöÇΓöÇΓöÇΓöÇΓöÇΓö
ÇΓöÇΓöÇΓöÇΓöÇΓöÇΓöÇΓöÇΓöÇΓöÇΓöÇΓöÇΓöÇΓöÇΓöÇΓöÇΓöÇΓöÇΓöÇΓöÇΓöÇΓöÇ
 [90m    |[39m [31m[1m^[22m[39m[31m[1m^[22m[39m[31m[1m^[22m[39m[31m[1m^[22m[39m[31m[1m^[22m[39m[
31m[1m^[22m[39m[31m[1m^[22m[39m[31m[1m^[22m[39m[31m[1m^[22m[39m[31m[1m^[22m[39m[31m[1m^[22m[39m
[31m[1m^[22m[39m[31m[1m^[22m[39m[31m[1m^[22m[39m[31m[1m^[22m[39m[31m[1m^[22m[39m[31m[1m^[22m[39m
[31m[1m^[22m[39m[31m[1m^[22m[39m[31m[1m^[22m[39m[31m[1m^[22m[39m[31m[1m^[22m[39m[31m[1m^[22m[39
m[31m[1m^[22m[39m[31m[1m^[22m[39m[31m[1m^[22m[39m[31m[1m^[22m[39m[31m[1m^[22m[39m[31m[1m^[22m[3
9m[31m[1m^[22m[39m[31m[1m^[22m[39m[31m[1m^[22m[39m[31m[1m^[22m[39m[31m[1m^[22m[39m[31m[1m^[22m[
39m[31m[1m^[22m[39m[31m[1m^[22m[39m[31m[1m^[22m[39m[31m[1m^[22m[39m[31m[1m^[22m[39m[31m[1m^[22m
[39m[31m[1m^[22m[39m[31m[1m^[22m[39m[31m[1m^[22m[39m[31m[1m^[22m[39m[31m[1m^[22m[39m[31m[1m^[22m
[39m[31m[1m^[22m[39m[31m[1m^[22m[39m[31m[1m^[22m[39m[31m[1m^[22m[39m[31m[1m^[22m[39m[31m[1m^[22
m[39m[31m[1m^[22m[39m[31m[1m^[22m[39m[31m[1m^[22m[39m[31m[1m^[22m[39m[31m[1m^[22m[39m[31m[1m^[2
2m[39m[31m[1m^[22m[39m[31m[1m^[22m[39m[31m[1m^[22m[39m[31m[1m^[22m[39m[31m[1m^[22m[39m[31m[1m^[
22m[39m[31m[1m^[22m[39m[31m[1m^[22m[39m[31m[1m^[22m[39m[31m[1m^[22m[39m[31m[1m^[22m[39m[31m[1m^
[22m[39m[31m[1m^[22m[39m[31m[1m^[22m[39m[31m[1m^[22m[39m[31m[1m^[22m[39m[31m[1m^[22m[39m[31m[1m^
[22m[39m[31m[1m^[22m[39m[31m[1m^[22m[39m[31m[1m^[22m[39m[31m[1m^[22m[39m[31m[1m^[22m[39m[31m[1m
^[22m[39m[31m[1m^[22m[39m[31m[1m^[22m[39m[31m[1m^[22m[39m[31m[1m^[22m[39m[31m[1m^[22m[39m[31m[1
m^[22m[39m[31m[1m^[22m[39m[31m[1m^[22m[39m[31m[1m^[22m[39m[31m[1m^[22m[39m[31m[1m^[22m[39m[31m[
1m^[22m[39m[31m[1m^[22m[39m[31m[1m^[22m[39m[31m[1m^[22m[39m[31m[1m^[22m[39m[31m[1m^[22m[39m[31m
[1m^[22m[39m[31m[1m^[22m[39m[31m[1m^[22m[39m[31m[1m^[22m[39m[31m[1m^[22m[39m[31m[1m^[22m[39m[31m
[1m^[22m[39m[31m[1m^[22m[39m[31m[1m^[22m[39m[31m[1m^[22m[39m[31m[1m^[22m[39m[31m[1m^[22m[39m[31
m[1m^[22m[39m[31m[1m^[22m[39m[31m[1m^[22m[39m[31m[1m^[22m[39m[31m[1m^[22m[39m[31m[1m^[22m[39m[3
1m[1m^[22m[39m[31m[1m^[22m[39m[31m[1m^[22m[39m[31m[1m^[22m[39m[31m[1m^[22m[39m[31m[1m^[22m[39m[
31m[1m^[22m[39m[31m[1m^[22m[39m[31m[1m^[22m[39m[31m[1m^[22m[39m[31m[1m^[22m[39m[31m[1m^[22m[39m
[31m[1m^[22m[39m[31m[1m^[22m[39m[31m[1m^[22m[39m[31m[1m^[22m[39m[31m[1m^[22m[39m[31m[1m^[22m[39m
[31m[1m^[22m[39m
 [90m 31 |[39m [33m/[39m [33mCONFIG[39m
 [90m 32 |[39m [33m/[39m ΓöÇΓöÇΓöÇΓöÇΓöÇΓöÇΓöÇΓöÇΓöÇΓöÇΓöÇΓöÇΓöÇΓöÇΓöÇΓöÇΓöÇΓöÇΓöÇΓöÇΓöÇΓöÇΓöÇΓöÇΓöÇΓöÇΓöÇΓöÇΓöÇΓöÇ
ΓöÇΓöÇΓöÇΓöÇΓöÇΓöÇΓöÇΓöÇΓöÇΓöÇΓöÇΓöÇΓöÇΓöÇΓöÇ
 [90m 33 |[39m [36mconst[39m [33mWA[39m [33m=[39m [32m"https://wa.me/917737877978?text=Hi%20Yash!%20I%27m%20lo
oking%20for%20a%20wedding%20anchor%20in%20Jaipur.%20I%27d%20like%20to%20check%20availability%20for%20my%20event."[39m
[33m;[39m[0m

Unterminated regexp literal


./app/wedding-planning-jaipur/layout.jsx:1:1
Parsing ecmascript source code failed
[0m[31m[1m>[22m[39m[90m 1 |[39m [33m/[39m 
app[33m/[39mwedding[33m-[39mplanning[33m-[39mjaipur[33m/[39mlayout[33m.[39mjsx
 [90m   |[39m [31m[1m^[22m[39m[31m[1m^[22m[39m[31m[1m^[22m[39m[31m[1m^[22m[39m[31m[1m^[22m[39m[3
1m[1m^[22m[39m[31m[1m^[22m[39m[31m[1m^[22m[39m[31m[1m^[22m[39m[31m[1m^[22m[39m[31m[1m^[22m[39m[
31m[1m^[22m[39m[31m[1m^[22m[39m
 [90m 2 |[39m [33m/[39m [33mSERVER[39m [33mCOMPONENT[39m ΓÇö metadata only
 [90m 3 |[39m
 [90m 4 |[39m [36mconst[39m serviceSchema [33m=[39m {[0m

Duplicated regular expression flag 'd'.


./app/wedding-planning-jaipur/layout.jsx:1:1
Parsing ecmascript source code failed
[0m[31m[1m>[22m[39m[90m 1 |[39m [33m/[39m 
app[33m/[39mwedding[33m-[39mplanning[33m-[39mjaipur[33m/[39mlayout[33m.[39mjsx
 [90m   |[39m [31m[1m^[22m[39m[31m[1m^[22m[39m[31m[1m^[22m[39m[31m[1m^[22m[39m[31m[1m^[22m[39m[3
1m[1m^[22m[39m[31m[1m^[22m[39m[31m[1m^[22m[39m[31m[1m^[22m[39m[31m[1m^[22m[39m[31m[1m^[22m[39m[
31m[1m^[22m[39m[31m[1m^[22m[39m
 [90m 2 |[39m [33m/[39m [33mSERVER[39m [33mCOMPONENT[39m ΓÇö metadata only
 [90m 3 |[39m
 [90m 4 |[39m [36mconst[39m serviceSchema [33m=[39m {[0m

Unknown regular expression flags.


./app/wedding-planning-jaipur/page.jsx:34:1
Parsing ecmascript source code failed
[0m [90m 32 |[39m } [36mfrom[39m [32m"lucide-react"[39m[33m;[39m
 [90m 33 |[39m
[31m[1m>[22m[39m[90m 34 |[39m [33m/[39m ΓöÇΓöÇΓöÇΓöÇΓöÇΓöÇΓöÇΓöÇΓöÇΓöÇΓöÇΓöÇΓöÇΓöÇΓöÇΓöÇΓöÇΓöÇΓöÇΓöÇΓöÇΓöÇΓöÇΓö
ÇΓöÇΓöÇΓöÇΓöÇΓöÇΓöÇΓöÇΓöÇΓöÇΓöÇΓöÇΓöÇΓöÇΓöÇΓöÇΓöÇΓöÇΓöÇΓöÇΓöÇΓöÇ
 [90m    |[39m [31m[1m^[22m[39m[31m[1m^[22m[39m[31m[1m^[22m[39m[31m[1m^[22m[39m[31m[1m^[22m[39m[
31m[1m^[22m[39m[31m[1m^[22m[39m[31m[1m^[22m[39m[31m[1m^[22m[39m[31m[1m^[22m[39m[31m[1m^[22m[39m
[31m[1m^[22m[39m[31m[1m^[22m[39m[31m[1m^[22m[39m[31m[1m^[22m[39m[31m[1m^[22m[39m[31m[1m^[22m[39m
[31m[1m^[22m[39m[31m[1m^[22m[39m[31m[1m^[22m[39m[31m[1m^[22m[39m[31m[1m^[22m[39m[31m[1m^[22m[39
m[31m[1m^[22m[39m[31m[1m^[22m[39m[31m[1m^[22m[39m[31m[1m^[22m[39m[31m[1m^[22m[39m[31m[1m^[22m[3
9m[31m[1m^[22m[39m[31m[1m^[22m[39m[31m[1m^[22m[39m[31m[1m^[22m[39m[31m[1m^[22m[39m[31m[1m^[22m[
39m[31m[1m^[22m[39m[31m[1m^[22m[39m[31m[1m^[22m[39m[31m[1m^[22m[39m[31m[1m^[22m[39m[31m[1m^[22m
[39m[31m[1m^[22m[39m[31m[1m^[22m[39m[31m[1m^[22m[39m[31m[1m^[22m[39m[31m[1m^[22m[39m[31m[1m^[22m
[39m[31m[1m^[22m[39m[31m[1m^[22m[39m[31m[1m^[22m[39m[31m[1m^[22m[39m[31m[1m^[22m[39m[31m[1m^[22
m[39m[31m[1m^[22m[39m[31m[1m^[22m[39m[31m[1m^[22m[39m[31m[1m^[22m[39m[31m[1m^[22m[39m[31m[1m^[2
2m[39m[31m[1m^[22m[39m[31m[1m^[22m[39m[31m[1m^[22m[39m[31m[1m^[22m[39m[31m[1m^[22m[39m[31m[1m^[
22m[39m[31m[1m^[22m[39m[31m[1m^[22m[39m[31m[1m^[22m[39m[31m[1m^[22m[39m[31m[1m^[22m[39m[31m[1m^
[22m[39m[31m[1m^[22m[39m[31m[1m^[22m[39m[31m[1m^[22m[39m[31m[1m^[22m[39m[31m[1m^[22m[39m[31m[1m^
[22m[39m[31m[1m^[22m[39m[31m[1m^[22m[39m[31m[1m^[22m[39m[31m[1m^[22m[39m[31m[1m^[22m[39m[31m[1m
^[22m[39m[31m[1m^[22m[39m[31m[1m^[22m[39m[31m[1m^[22m[39m[31m[1m^[22m[39m[31m[1m^[22m[39m[31m[1
m^[22m[39m[31m[1m^[22m[39m[31m[1m^[22m[39m[31m[1m^[22m[39m[31m[1m^[22m[39m[31m[1m^[22m[39m[31m[
1m^[22m[39m[31m[1m^[22m[39m[31m[1m^[22m[39m[31m[1m^[22m[39m[31m[1m^[22m[39m[31m[1m^[22m[39m[31m
[1m^[22m[39m[31m[1m^[22m[39m[31m[1m^[22m[39m[31m[1m^[22m[39m[31m[1m^[22m[39m[31m[1m^[22m[39m[31m
[1m^[22m[39m[31m[1m^[22m[39m[31m[1m^[22m[39m[31m[1m^[22m[39m[31m[1m^[22m[39m[31m[1m^[22m[39m[31
m[1m^[22m[39m[31m[1m^[22m[39m[31m[1m^[22m[39m[31m[1m^[22m[39m[31m[1m^[22m[39m[31m[1m^[22m[39m[3
1m[1m^[22m[39m[31m[1m^[22m[39m[31m[1m^[22m[39m[31m[1m^[22m[39m[31m[1m^[22m[39m[31m[1m^[22m[39m[
31m[1m^[22m[39m[31m[1m^[22m[39m[31m[1m^[22m[39m[31m[1m^[22m[39m[31m[1m^[22m[39m[31m[1m^[22m[39m
[31m[1m^[22m[39m[31m[1m^[22m[39m[31m[1m^[22m[39m[31m[1m^[22m[39m[31m[1m^[22m[39m[31m[1m^[22m[39m
[31m[1m^[22m[39m
 [90m 35 |[39m [33m/[39m [33mDESIGN[39m [33mTOKENS[39m ΓÇö [33mThe[39m [33mGem[39m [33mPalette[39m
 [90m 36 |[39m [33m/[39m ΓöÇΓöÇΓöÇΓöÇΓöÇΓöÇΓöÇΓöÇΓöÇΓöÇΓöÇΓöÇΓöÇΓöÇΓöÇΓöÇΓöÇΓöÇΓöÇΓöÇΓöÇΓöÇΓöÇΓöÇΓöÇΓöÇΓöÇΓöÇΓöÇΓöÇ
ΓöÇΓöÇΓöÇΓöÇΓöÇΓöÇΓöÇΓöÇΓöÇΓöÇΓöÇΓöÇΓöÇΓöÇΓöÇ
 [90m 37 |[39m [36mconst[39m [33mC[39m [33m=[39m {[0m

Unterminated regexp literal


./app/anchor-in-agra/page.jsx:31:1
Export useRef doesn't exist in target module
[0m [90m 29 |[39m [36mimport[39m { motion[33m,[39m
 [90m 30 |[39m   useInView } [36mfrom[39m [32m"framer-motion"[39m[33m;[39m
[31m[1m>[22m[39m[90m 31 |[39m [36mimport[39m {
 [90m    |[39m [31m[1m^[22m[39m[31m[1m^[22m[39m[31m[1m^[22m[39m[31m[1m^[22m[39m[31m[1m^[22m[39m[
31m[1m^[22m[39m[31m[1m^[22m[39m[31m[1m^[22m[39m
[31m[1m>[22m[39m[90m 32 |[39m   [33mMapPin[39m[33m,[39m
 [90m    |[39m [31m[1m^[22m[39m[31m[1m^[22m[39m[31m[1m^[22m[39m[31m[1m^[22m[39m[31m[1m^[22m[39m[
31m[1m^[22m[39m[31m[1m^[22m[39m[31m[1m^[22m[39m[31m[1m^[22m[39m
[31m[1m>[22m[39m[90m 33 |[39m   useRef[33m,[39m
 [90m    |[39m [31m[1m^[22m[39m[31m[1m^[22m[39m[31m[1m^[22m[39m[31m[1m^[22m[39m[31m[1m^[22m[39m[
31m[1m^[22m[39m[31m[1m^[22m[39m[31m[1m^[22m[39m[31m[1m^[22m[39m
[31m[1m>[22m[39m[90m 34 |[39m   useState
 [90m    |[39m [31m[1m^[22m[39m[31m[1m^[22m[39m[31m[1m^[22m[39m[31m[1m^[22m[39m[31m[1m^[22m[39m[
31m[1m^[22m[39m[31m[1m^[22m[39m[31m[1m^[22m[39m[31m[1m^[22m[39m
[31m[1m>[22m[39m[90m 35 |[39m } [36mfrom[39m [32m"lucide-react"[39m[33m;[39m
 [90m    |[39m [31m[1m^[22m[39m[31m[1m^[22m[39m[31m[1m^[22m[39m[31m[1m^[22m[39m[31m[1m^[22m[39m[
31m[1m^[22m[39m[31m[1m^[22m[39m[31m[1m^[22m[39m[31m[1m^[22m[39m[31m[1m^[22m[39m[31m[1m^[22m[39m
[31m[1m^[22m[39m[31m[1m^[22m[39m[31m[1m^[22m[39m[31m[1m^[22m[39m[31m[1m^[22m[39m[31m[1m^[22m[39m
[31m[1m^[22m[39m[31m[1m^[22m[39m[31m[1m^[22m[39m[31m[1m^[22m[39m[31m[1m^[22m[39m[31m[1m^[22m[39
m
 [90m 36 |[39m
 [90m 37 |[39m [36mconst[39m [33mGOLD[39m [33m=[39m [32m"#D4AF37"[39m[33m;[39m
 [90m 38 |[39m [36mconst[39m [33mWA[39m [33m=[39m [32m"https://wa.me/917737877978?text=Hi%20Yash!%20I%27m%20pl
anning%20a%20destination%20wedding%20in%20Agra.%20Can%20you%20check%20availability%3F"[39m[33m;[39m[0m

The export useRef was not found in module [project]/node_modules/lucide-react/dist/esm/lucide-react.js [app-client] 
(ecmascript).
Did you mean to import Beef?
All exports of the module are statically known (It doesn't have dynamic exports). So it's known statically that the 
requested export doesn't exist.

Import traces:
  Client Component Browser:
    ./app/anchor-in-agra/page.jsx [Client Component Browser]
    ./app/anchor-in-agra/page.jsx [Server Component]

  Client Component SSR:
    ./app/anchor-in-agra/page.jsx [Client Component SSR]
    ./app/anchor-in-agra/page.jsx [Server Component]


./app/anchor-in-agra/page.jsx:31:1
Export useRef doesn't exist in target module
[0m [90m 29 |[39m [36mimport[39m { motion[33m,[39m
 [90m 30 |[39m   useInView } [36mfrom[39m [32m"framer-motion"[39m[33m;[39m
[31m[1m>[22m[39m[90m 31 |[39m [36mimport[39m {
 [90m    |[39m [31m[1m^[22m[39m[31m[1m^[22m[39m[31m[1m^[22m[39m[31m[1m^[22m[39m[31m[1m^[22m[39m[
31m[1m^[22m[39m[31m[1m^[22m[39m[31m[1m^[22m[39m
[31m[1m>[22m[39m[90m 32 |[39m   [33mMapPin[39m[33m,[39m
 [90m    |[39m [31m[1m^[22m[39m[31m[1m^[22m[39m[31m[1m^[22m[39m[31m[1m^[22m[39m[31m[1m^[22m[39m[
31m[1m^[22m[39m[31m[1m^[22m[39m[31m[1m^[22m[39m[31m[1m^[22m[39m
[31m[1m>[22m[39m[90m 33 |[39m   useRef[33m,[39m
 [90m    |[39m [31m[1m^[22m[39m[31m[1m^[22m[39m[31m[1m^[22m[39m[31m[1m^[22m[39m[31m[1m^[22m[39m[
31m[1m^[22m[39m[31m[1m^[22m[39m[31m[1m^[22m[39m[31m[1m^[22m[39m
[31m[1m>[22m[39m[90m 34 |[39m   useState
 [90m    |[39m [31m[1m^[22m[39m[31m[1m^[22m[39m[31m[1m^[22m[39m[31m[1m^[22m[39m[31m[1m^[22m[39m[
31m[1m^[22m[39m[31m[1m^[22m[39m[31m[1m^[22m[39m[31m[1m^[22m[39m
[31m[1m>[22m[39m[90m 35 |[39m } [36mfrom[39m [32m"lucide-react"[39m[33m;[39m
 [90m    |[39m [31m[1m^[22m[39m[31m[1m^[22m[39m[31m[1m^[22m[39m[31m[1m^[22m[39m[31m[1m^[22m[39m[
31m[1m^[22m[39m[31m[1m^[22m[39m[31m[1m^[22m[39m[31m[1m^[22m[39m[31m[1m^[22m[39m[31m[1m^[22m[39m
[31m[1m^[22m[39m[31m[1m^[22m[39m[31m[1m^[22m[39m[31m[1m^[22m[39m[31m[1m^[22m[39m[31m[1m^[22m[39m
[31m[1m^[22m[39m[31m[1m^[22m[39m[31m[1m^[22m[39m[31m[1m^[22m[39m[31m[1m^[22m[39m[31m[1m^[22m[39
m
 [90m 36 |[39m
 [90m 37 |[39m [36mconst[39m [33mGOLD[39m [33m=[39m [32m"#D4AF37"[39m[33m;[39m
 [90m 38 |[39m [36mconst[39m [33mWA[39m [33m=[39m [32m"https://wa.me/917737877978?text=Hi%20Yash!%20I%27m%20pl
anning%20a%20destination%20wedding%20in%20Agra.%20Can%20you%20check%20availability%3F"[39m[33m;[39m[0m

The export useRef was not found in module [project]/node_modules/lucide-react/dist/esm/lucide-react.js [app-ssr] 
(ecmascript).
Did you mean to import Beef?
All exports of the module are statically known (It doesn't have dynamic exports). So it's known statically that the 
requested export doesn't exist.

Import traces:
  Client Component Browser:
    ./app/anchor-in-agra/page.jsx [Client Component Browser]
    ./app/anchor-in-agra/page.jsx [Server Component]

  Client Component SSR:
    ./app/anchor-in-agra/page.jsx [Client Component SSR]
    ./app/anchor-in-agra/page.jsx [Server Component]


./app/anchor-in-ajmer/page.jsx:33:1
Export useRef doesn't exist in target module
[0m [90m 31 |[39m [36mimport[39m { motion[33m,[39m
 [90m 32 |[39m   useInView } [36mfrom[39m [32m"framer-motion"[39m[33m;[39m
[31m[1m>[22m[39m[90m 33 |[39m [36mimport[39m {
 [90m    |[39m [31m[1m^[22m[39m[31m[1m^[22m[39m[31m[1m^[22m[39m[31m[1m^[22m[39m[31m[1m^[22m[39m[
31m[1m^[22m[39m[31m[1m^[22m[39m[31m[1m^[22m[39m
[31m[1m>[22m[39m[90m 34 |[39m   [33mMapPin[39m[33m,[39m
 [90m    |[39m [31m[1m^[22m[39m[31m[1m^[22m[39m[31m[1m^[22m[39m[31m[1m^[22m[39m[31m[1m^[22m[39m[
31m[1m^[22m[39m[31m[1m^[22m[39m[31m[1m^[22m[39m[31m[1m^[22m[39m
[31m[1m>[22m[39m[90m 35 |[39m   useRef[33m,[39m
 [90m    |[39m [31m[1m^[22m[39m[31m[1m^[22m[39m[31m[1m^[22m[39m[31m[1m^[22m[39m[31m[1m^[22m[39m[
31m[1m^[22m[39m[31m[1m^[22m[39m[31m[1m^[22m[39m[31m[1m^[22m[39m
[31m[1m>[22m[39m[90m 36 |[39m   useState
 [90m    |[39m [31m[1m^[22m[39m[31m[1m^[22m[39m[31m[1m^[22m[39m[31m[1m^[22m[39m[31m[1m^[22m[39m[
31m[1m^[22m[39m[31m[1m^[22m[39m[31m[1m^[22m[39m[31m[1m^[22m[39m
[31m[1m>[22m[39m[90m 37 |[39m } [36mfrom[39m [32m"lucide-react"[39m[33m;[39m
 [90m    |[39m [31m[1m^[22m[39m[31m[1m^[22m[39m[31m[1m^[22m[39m[31m[1m^[22m[39m[31m[1m^[22m[39m[
31m[1m^[22m[39m[31m[1m^[22m[39m[31m[1m^[22m[39m[31m[1m^[22m[39m[31m[1m^[22m[39m[31m[1m^[22m[39m
[31m[1m^[22m[39m[31m[1m^[22m[39m[31m[1m^[22m[39m[31m[1m^[22m[39m[31m[1m^[22m[39m[31m[1m^[22m[39m
[31m[1m^[22m[39m[31m[1m^[22m[39m[31m[1m^[22m[39m[31m[1m^[22m[39m[31m[1m^[22m[39m[31m[1m^[22m[39
m
 [90m 38 |[39m
 [90m 39 |[39m [36mconst[39m [33mGOLD[39m [33m=[39m [32m"#D4AF37"[39m[33m;[39m
 [90m 40 |[39m [36mconst[39m [33mWA[39m [33m=[39m [32m"https://wa.me/917737877978?text=Hi%20Yash!%20I%27m%20pl
anning%20a%20destination%20wedding%20in%20Ajmer.%20Can%20you%20check%20availability%3F"[39m[33m;[39m[0m

The export useRef was not found in module [project]/node_modules/lucide-react/dist/esm/lucide-react.js [app-client] 
(ecmascript).
Did you mean to import Beef?
All exports of the module are statically known (It doesn't have dynamic exports). So it's known statically that the 
requested export doesn't exist.

Import traces:
  Client Component Browser:
    ./app/anchor-in-ajmer/page.jsx [Client Component Browser]
    ./app/anchor-in-ajmer/page.jsx [Server Component]

  Client Component SSR:
    ./app/anchor-in-ajmer/page.jsx [Client Component SSR]
    ./app/anchor-in-ajmer/page.jsx [Server Component]


./app/anchor-in-ajmer/page.jsx:33:1
Export useRef doesn't exist in target module
[0m [90m 31 |[39m [36mimport[39m { motion[33m,[39m
 [90m 32 |[39m   useInView } [36mfrom[39m [32m"framer-motion"[39m[33m;[39m
[31m[1m>[22m[39m[90m 33 |[39m [36mimport[39m {
 [90m    |[39m [31m[1m^[22m[39m[31m[1m^[22m[39m[31m[1m^[22m[39m[31m[1m^[22m[39m[31m[1m^[22m[39m[
31m[1m^[22m[39m[31m[1m^[22m[39m[31m[1m^[22m[39m
[31m[1m>[22m[39m[90m 34 |[39m   [33mMapPin[39m[33m,[39m
 [90m    |[39m [31m[1m^[22m[39m[31m[1m^[22m[39m[31m[1m^[22m[39m[31m[1m^[22m[39m[31m[1m^[22m[39m[
31m[1m^[22m[39m[31m[1m^[22m[39m[31m[1m^[22m[39m[31m[1m^[22m[39m
[31m[1m>[22m[39m[90m 35 |[39m   useRef[33m,[39m
 [90m    |[39m [31m[1m^[22m[39m[31m[1m^[22m[39m[31m[1m^[22m[39m[31m[1m^[22m[39m[31m[1m^[22m[39m[
31m[1m^[22m[39m[31m[1m^[22m[39m[31m[1m^[22m[39m[31m[1m^[22m[39m
[31m[1m>[22m[39m[90m 36 |[39m   useState
 [90m    |[39m [31m[1m^[22m[39m[31m[1m^[22m[39m[31m[1m^[22m[39m[31m[1m^[22m[39m[31m[1m^[22m[39m[
31m[1m^[22m[39m[31m[1m^[22m[39m[31m[1m^[22m[39m[31m[1m^[22m[39m
[31m[1m>[22m[39m[90m 37 |[39m } [36mfrom[39m [32m"lucide-react"[39m[33m;[39m
 [90m    |[39m [31m[1m^[22m[39m[31m[1m^[22m[39m[31m[1m^[22m[39m[31m[1m^[22m[39m[31m[1m^[22m[39m[
31m[1m^[22m[39m[31m[1m^[22m[39m[31m[1m^[22m[39m[31m[1m^[22m[39m[31m[1m^[22m[39m[31m[1m^[22m[39m
[31m[1m^[22m[39m[31m[1m^[22m[39m[31m[1m^[22m[39m[31m[1m^[22m[39m[31m[1m^[22m[39m[31m[1m^[22m[39m
[31m[1m^[22m[39m[31m[1m^[22m[39m[31m[1m^[22m[39m[31m[1m^[22m[39m[31m[1m^[22m[39m[31m[1m^[22m[39
m
 [90m 38 |[39m
 [90m 39 |[39m [36mconst[39m [33mGOLD[39m [33m=[39m [32m"#D4AF37"[39m[33m;[39m
 [90m 40 |[39m [36mconst[39m [33mWA[39m [33m=[39m [32m"https://wa.me/917737877978?text=Hi%20Yash!%20I%27m%20pl
anning%20a%20destination%20wedding%20in%20Ajmer.%20Can%20you%20check%20availability%3F"[39m[33m;[39m[0m

The export useRef was not found in module [project]/node_modules/lucide-react/dist/esm/lucide-react.js [app-ssr] 
(ecmascript).
Did you mean to import Beef?
All exports of the module are statically known (It doesn't have dynamic exports). So it's known statically that the 
requested export doesn't exist.

Import traces:
  Client Component Browser:
    ./app/anchor-in-ajmer/page.jsx [Client Component Browser]
    ./app/anchor-in-ajmer/page.jsx [Server Component]

  Client Component SSR:
    ./app/anchor-in-ajmer/page.jsx [Client Component SSR]
    ./app/anchor-in-ajmer/page.jsx [Server Component]


./app/anchor-in-alibaug/page.jsx:32:1
Export useRef doesn't exist in target module
[0m [90m 30 |[39m [36mimport[39m { motion[33m,[39m
 [90m 31 |[39m   useInView } [36mfrom[39m [32m"framer-motion"[39m[33m;[39m
[31m[1m>[22m[39m[90m 32 |[39m [36mimport[39m {
 [90m    |[39m [31m[1m^[22m[39m[31m[1m^[22m[39m[31m[1m^[22m[39m[31m[1m^[22m[39m[31m[1m^[22m[39m[
31m[1m^[22m[39m[31m[1m^[22m[39m[31m[1m^[22m[39m
[31m[1m>[22m[39m[90m 33 |[39m   [33mMapPin[39m[33m,[39m
 [90m    |[39m [31m[1m^[22m[39m[31m[1m^[22m[39m[31m[1m^[22m[39m[31m[1m^[22m[39m[31m[1m^[22m[39m[
31m[1m^[22m[39m[31m[1m^[22m[39m[31m[1m^[22m[39m[31m[1m^[22m[39m
[31m[1m>[22m[39m[90m 34 |[39m   useRef[33m,[39m
 [90m    |[39m [31m[1m^[22m[39m[31m[1m^[22m[39m[31m[1m^[22m[39m[31m[1m^[22m[39m[31m[1m^[22m[39m[
31m[1m^[22m[39m[31m[1m^[22m[39m[31m[1m^[22m[39m[31m[1m^[22m[39m
[31m[1m>[22m[39m[90m 35 |[39m   useState
 [90m    |[39m [31m[1m^[22m[39m[31m[1m^[22m[39m[31m[1m^[22m[39m[31m[1m^[22m[39m[31m[1m^[22m[39m[
31m[1m^[22m[39m[31m[1m^[22m[39m[31m[1m^[22m[39m[31m[1m^[22m[39m
[31m[1m>[22m[39m[90m 36 |[39m } [36mfrom[39m [32m"lucide-react"[39m[33m;[39m
 [90m    |[39m [31m[1m^[22m[39m[31m[1m^[22m[39m[31m[1m^[22m[39m[31m[1m^[22m[39m[31m[1m^[22m[39m[
31m[1m^[22m[39m[31m[1m^[22m[39m[31m[1m^[22m[39m[31m[1m^[22m[39m[31m[1m^[22m[39m[31m[1m^[22m[39m
[31m[1m^[22m[39m[31m[1m^[22m[39m[31m[1m^[22m[39m[31m[1m^[22m[39m[31m[1m^[22m[39m[31m[1m^[22m[39m
[31m[1m^[22m[39m[31m[1m^[22m[39m[31m[1m^[22m[39m[31m[1m^[22m[39m[31m[1m^[22m[39m[31m[1m^[22m[39
m
 [90m 37 |[39m
 [90m 38 |[39m [36mconst[39m [33mGOLD[39m [33m=[39m [32m"#D4AF37"[39m[33m;[39m
 [90m 39 |[39m [36mconst[39m [33mWA[39m [33m=[39m [32m"https://wa.me/917737877978?text=Hi%20Yash!%20I%27m%20pl
anning%20a%20destination%20wedding%20in%20Alibaug.%20Can%20you%20check%20availability%3F"[39m[33m;[39m[0m

The export useRef was not found in module [project]/node_modules/lucide-react/dist/esm/lucide-react.js [app-client] 
(ecmascript).
Did you mean to import Beef?
All exports of the module are statically known (It doesn't have dynamic exports). So it's known statically that the 
requested export doesn't exist.

Import traces:
  Client Component Browser:
    ./app/anchor-in-alibaug/page.jsx [Client Component Browser]
    ./app/anchor-in-alibaug/page.jsx [Server Component]

  Client Component SSR:
    ./app/anchor-in-alibaug/page.jsx [Client Component SSR]
    ./app/anchor-in-alibaug/page.jsx [Server Component]


./app/anchor-in-alibaug/page.jsx:32:1
Export useRef doesn't exist in target module
[0m [90m 30 |[39m [36mimport[39m { motion[33m,[39m
 [90m 31 |[39m   useInView } [36mfrom[39m [32m"framer-motion"[39m[33m;[39m
[31m[1m>[22m[39m[90m 32 |[39m [36mimport[39m {
 [90m    |[39m [31m[1m^[22m[39m[31m[1m^[22m[39m[31m[1m^[22m[39m[31m[1m^[22m[39m[31m[1m^[22m[39m[
31m[1m^[22m[39m[31m[1m^[22m[39m[31m[1m^[22m[39m
[31m[1m>[22m[39m[90m 33 |[39m   [33mMapPin[39m[33m,[39m
 [90m    |[39m [31m[1m^[22m[39m[31m[1m^[22m[39m[31m[1m^[22m[39m[31m[1m^[22m[39m[31m[1m^[22m[39m[
31m[1m^[22m[39m[31m[1m^[22m[39m[31m[1m^[22m[39m[31m[1m^[22m[39m
[31m[1m>[22m[39m[90m 34 |[39m   useRef[33m,[39m
 [90m    |[39m [31m[1m^[22m[39m[31m[1m^[22m[39m[31m[1m^[22m[39m[31m[1m^[22m[39m[31m[1m^[22m[39m[
31m[1m^[22m[39m[31m[1m^[22m[39m[31m[1m^[22m[39m[31m[1m^[22m[39m
[31m[1m>[22m[39m[90m 35 |[39m   useState
 [90m    |[39m [31m[1m^[22m[39m[31m[1m^[22m[39m[31m[1m^[22m[39m[31m[1m^[22m[39m[31m[1m^[22m[39m[
31m[1m^[22m[39m[31m[1m^[22m[39m[31m[1m^[22m[39m[31m[1m^[22m[39m
[31m[1m>[22m[39m[90m 36 |[39m } [36mfrom[39m [32m"lucide-react"[39m[33m;[39m
 [90m    |[39m [31m[1m^[22m[39m[31m[1m^[22m[39m[31m[1m^[22m[39m[31m[1m^[22m[39m[31m[1m^[22m[39m[
31m[1m^[22m[39m[31m[1m^[22m[39m[31m[1m^[22m[39m[31m[1m^[22m[39m[31m[1m^[22m[39m[31m[1m^[22m[39m
[31m[1m^[22m[39m[31m[1m^[22m[39m[31m[1m^[22m[39m[31m[1m^[22m[39m[31m[1m^[22m[39m[31m[1m^[22m[39m
[31m[1m^[22m[39m[31m[1m^[22m[39m[31m[1m^[22m[39m[31m[1m^[22m[39m[31m[1m^[22m[39m[31m[1m^[22m[39
m
 [90m 37 |[39m
 [90m 38 |[39m [36mconst[39m [33mGOLD[39m [33m=[39m [32m"#D4AF37"[39m[33m;[39m
 [90m 39 |[39m [36mconst[39m [33mWA[39m [33m=[39m [32m"https://wa.me/917737877978?text=Hi%20Yash!%20I%27m%20pl
anning%20a%20destination%20wedding%20in%20Alibaug.%20Can%20you%20check%20availability%3F"[39m[33m;[39m[0m

The export useRef was not found in module [project]/node_modules/lucide-react/dist/esm/lucide-react.js [app-ssr] 
(ecmascript).
Did you mean to import Beef?
All exports of the module are statically known (It doesn't have dynamic exports). So it's known statically that the 
requested export doesn't exist.

Import traces:
  Client Component Browser:
    ./app/anchor-in-alibaug/page.jsx [Client Component Browser]
    ./app/anchor-in-alibaug/page.jsx [Server Component]

  Client Component SSR:
    ./app/anchor-in-alibaug/page.jsx [Client Component SSR]
    ./app/anchor-in-alibaug/page.jsx [Server Component]


./app/anchor-in-andaman/page.jsx:32:1
Export useRef doesn't exist in target module
[0m [90m 30 |[39m [36mimport[39m { motion[33m,[39m
 [90m 31 |[39m   useInView } [36mfrom[39m [32m"framer-motion"[39m[33m;[39m
[31m[1m>[22m[39m[90m 32 |[39m [36mimport[39m {
 [90m    |[39m [31m[1m^[22m[39m[31m[1m^[22m[39m[31m[1m^[22m[39m[31m[1m^[22m[39m[31m[1m^[22m[39m[
31m[1m^[22m[39m[31m[1m^[22m[39m[31m[1m^[22m[39m
[31m[1m>[22m[39m[90m 33 |[39m   [33mMapPin[39m[33m,[39m
 [90m    |[39m [31m[1m^[22m[39m[31m[1m^[22m[39m[31m[1m^[22m[39m[31m[1m^[22m[39m[31m[1m^[22m[39m[
31m[1m^[22m[39m[31m[1m^[22m[39m[31m[1m^[22m[39m[31m[1m^[22m[39m
[31m[1m>[22m[39m[90m 34 |[39m   useRef[33m,[39m
 [90m    |[39m [31m[1m^[22m[39m[31m[1m^[22m[39m[31m[1m^[22m[39m[31m[1m^[22m[39m[31m[1m^[22m[39m[
31m[1m^[22m[39m[31m[1m^[22m[39m[31m[1m^[22m[39m[31m[1m^[22m[39m
[31m[1m>[22m[39m[90m 35 |[39m   useState
 [90m    |[39m [31m[1m^[22m[39m[31m[1m^[22m[39m[31m[1m^[22m[39m[31m[1m^[22m[39m[31m[1m^[22m[39m[
31m[1m^[22m[39m[31m[1m^[22m[39m[31m[1m^[22m[39m[31m[1m^[22m[39m
[31m[1m>[22m[39m[90m 36 |[39m } [36mfrom[39m [32m"lucide-react"[39m[33m;[39m
 [90m    |[39m [31m[1m^[22m[39m[31m[1m^[22m[39m[31m[1m^[22m[39m[31m[1m^[22m[39m[31m[1m^[22m[39m[
31m[1m^[22m[39m[31m[1m^[22m[39m[31m[1m^[22m[39m[31m[1m^[22m[39m[31m[1m^[22m[39m[31m[1m^[22m[39m
[31m[1m^[22m[39m[31m[1m^[22m[39m[31m[1m^[22m[39m[31m[1m^[22m[39m[31m[1m^[22m[39m[31m[1m^[22m[39m
[31m[1m^[22m[39m[31m[1m^[22m[39m[31m[1m^[22m[39m[31m[1m^[22m[39m[31m[1m^[22m[39m[31m[1m^[22m[39
m
 [90m 37 |[39m
 [90m 38 |[39m [36mconst[39m [33mGOLD[39m [33m=[39m [32m"#D4AF37"[39m[33m;[39m
 [90m 39 |[39m [36mconst[39m [33mWA[39m [33m=[39m [32m"https://wa.me/917737877978?text=Hi%20Yash!%20I%27m%20pl
anning%20a%20destination%20wedding%20in%20Andaman.%20Can%20you%20check%20availability%3F"[39m[33m;[39m[0m

The export useRef was not found in module [project]/node_modules/lucide-react/dist/esm/lucide-react.js [app-client] 
(ecmascript).
Did you mean to import Beef?
All exports of the module are statically known (It doesn't have dynamic exports). So it's known statically that the 
requested export doesn't exist.

Import traces:
  Client Component Browser:
    ./app/anchor-in-andaman/page.jsx [Client Component Browser]
    ./app/anchor-in-andaman/page.jsx [Server Component]

  Client Component SSR:
    ./app/anchor-in-andaman/page.jsx [Client Component SSR]
    ./app/anchor-in-andaman/page.jsx [Server Component]


./app/anchor-in-andaman/page.jsx:32:1
Export useRef doesn't exist in target module
[0m [90m 30 |[39m [36mimport[39m { motion[33m,[39m
 [90m 31 |[39m   useInView } [36mfrom[39m [32m"framer-motion"[39m[33m;[39m
[31m[1m>[22m[39m[90m 32 |[39m [36mimport[39m {
 [90m    |[39m [31m[1m^[22m[39m[31m[1m^[22m[39m[31m[1m^[22m[39m[31m[1m^[22m[39m[31m[1m^[22m[39m[
31m[1m^[22m[39m[31m[1m^[22m[39m[31m[1m^[22m[39m
[31m[1m>[22m[39m[90m 33 |[39m   [33mMapPin[39m[33m,[39m
 [90m    |[39m [31m[1m^[22m[39m[31m[1m^[22m[39m[31m[1m^[22m[39m[31m[1m^[22m[39m[31m[1m^[22m[39m[
31m[1m^[22m[39m[31m[1m^[22m[39m[31m[1m^[22m[39m[31m[1m^[22m[39m
[31m[1m>[22m[39m[90m 34 |[39m   useRef[33m,[39m
 [90m    |[39m [31m[1m^[22m[39m[31m[1m^[22m[39m[31m[1m^[22m[39m[31m[1m^[22m[39m[31m[1m^[22m[39m[
31m[1m^[22m[39m[31m[1m^[22m[39m[31m[1m^[22m[39m[31m[1m^[22m[39m
[31m[1m>[22m[39m[90m 35 |[39m   useState
 [90m    |[39m [31m[1m^[22m[39m[31m[1m^[22m[39m[31m[1m^[22m[39m[31m[1m^[22m[39m[31m[1m^[22m[39m[
31m[1m^[22m[39m[31m[1m^[22m[39m[31m[1m^[22m[39m[31m[1m^[22m[39m
[31m[1m>[22m[39m[90m 36 |[39m } [36mfrom[39m [32m"lucide-react"[39m[33m;[39m
 [90m    |[39m [31m[1m^[22m[39m[31m[1m^[22m[39m[31m[1m^[22m[39m[31m[1m^[22m[39m[31m[1m^[22m[39m[
31m[1m^[22m[39m[31m[1m^[22m[39m[31m[1m^[22m[39m[31m[1m^[22m[39m[31m[1m^[22m[39m[31m[1m^[22m[39m
[31m[1m^[22m[39m[31m[1m^[22m[39m[31m[1m^[22m[39m[31m[1m^[22m[39m[31m[1m^[22m[39m[31m[1m^[22m[39m
[31m[1m^[22m[39m[31m[1m^[22m[39m[31m[1m^[22m[39m[31m[1m^[22m[39m[31m[1m^[22m[39m[31m[1m^[22m[39
m
 [90m 37 |[39m
 [90m 38 |[39m [36mconst[39m [33mGOLD[39m [33m=[39m [32m"#D4AF37"[39m[33m;[39m
 [90m 39 |[39m [36mconst[39m [33mWA[39m [33m=[39m [32m"https://wa.me/917737877978?text=Hi%20Yash!%20I%27m%20pl
anning%20a%20destination%20wedding%20in%20Andaman.%20Can%20you%20check%20availability%3F"[39m[33m;[39m[0m

The export useRef was not found in module [project]/node_modules/lucide-react/dist/esm/lucide-react.js [app-ssr] 
(ecmascript).
Did you mean to import Beef?
All exports of the module are statically known (It doesn't have dynamic exports). So it's known statically that the 
requested export doesn't exist.

Import traces:
  Client Component Browser:
    ./app/anchor-in-andaman/page.jsx [Client Component Browser]
    ./app/anchor-in-andaman/page.jsx [Server Component]

  Client Component SSR:
    ./app/anchor-in-andaman/page.jsx [Client Component SSR]
    ./app/anchor-in-andaman/page.jsx [Server Component]


./app/anchor-in-bangalore/page.jsx:30:1
Export useRef doesn't exist in target module
[0m [90m 28 |[39m [36mimport[39m { motion[33m,[39m
 [90m 29 |[39m   useInView } [36mfrom[39m [32m"framer-motion"[39m[33m;[39m
[31m[1m>[22m[39m[90m 30 |[39m [36mimport[39m {
 [90m    |[39m [31m[1m^[22m[39m[31m[1m^[22m[39m[31m[1m^[22m[39m[31m[1m^[22m[39m[31m[1m^[22m[39m[
31m[1m^[22m[39m[31m[1m^[22m[39m[31m[1m^[22m[39m
[31m[1m>[22m[39m[90m 31 |[39m   [33mMapPin[39m[33m,[39m
 [90m    |[39m [31m[1m^[22m[39m[31m[1m^[22m[39m[31m[1m^[22m[39m[31m[1m^[22m[39m[31m[1m^[22m[39m[
31m[1m^[22m[39m[31m[1m^[22m[39m[31m[1m^[22m[39m[31m[1m^[22m[39m
[31m[1m>[22m[39m[90m 32 |[39m   useRef[33m,[39m
 [90m    |[39m [31m[1m^[22m[39m[31m[1m^[22m[39m[31m[1m^[22m[39m[31m[1m^[22m[39m[31m[1m^[22m[39m[
31m[1m^[22m[39m[31m[1m^[22m[39m[31m[1m^[22m[39m[31m[1m^[22m[39m
[31m[1m>[22m[39m[90m 33 |[39m   useState
 [90m    |[39m [31m[1m^[22m[39m[31m[1m^[22m[39m[31m[1m^[22m[39m[31m[1m^[22m[39m[31m[1m^[22m[39m[
31m[1m^[22m[39m[31m[1m^[22m[39m[31m[1m^[22m[39m[31m[1m^[22m[39m
[31m[1m>[22m[39m[90m 34 |[39m } [36mfrom[39m [32m"lucide-react"[39m[33m;[39m
 [90m    |[39m [31m[1m^[22m[39m[31m[1m^[22m[39m[31m[1m^[22m[39m[31m[1m^[22m[39m[31m[1m^[22m[39m[
31m[1m^[22m[39m[31m[1m^[22m[39m[31m[1m^[22m[39m[31m[1m^[22m[39m[31m[1m^[22m[39m[31m[1m^[22m[39m
[31m[1m^[22m[39m[31m[1m^[22m[39m[31m[1m^[22m[39m[31m[1m^[22m[39m[31m[1m^[22m[39m[31m[1m^[22m[39m
[31m[1m^[22m[39m[31m[1m^[22m[39m[31m[1m^[22m[39m[31m[1m^[22m[39m[31m[1m^[22m[39m[31m[1m^[22m[39
m
 [90m 35 |[39m
 [90m 36 |[39m [36mconst[39m [33mGOLD[39m [33m=[39m [32m"#D4AF37"[39m[33m;[39m
 [90m 37 |[39m [36mconst[39m [33mWA[39m [33m=[39m [32m"https://wa.me/917737877978?text=Hi%20Yash!%20I%27m%20pl
anning%20an%20event%20in%20Bangalore.%20Can%20you%20check%20availability%3F"[39m[33m;[39m[0m

The export useRef was not found in module [project]/node_modules/lucide-react/dist/esm/lucide-react.js [app-client] 
(ecmascript).
Did you mean to import Beef?
All exports of the module are statically known (It doesn't have dynamic exports). So it's known statically that the 
requested export doesn't exist.

Import traces:
  Client Component Browser:
    ./app/anchor-in-bangalore/page.jsx [Client Component Browser]
    ./app/anchor-in-bangalore/page.jsx [Server Component]

  Client Component SSR:
    ./app/anchor-in-bangalore/page.jsx [Client Component SSR]
    ./app/anchor-in-bangalore/page.jsx [Server Component]


./app/anchor-in-bangalore/page.jsx:30:1
Export useRef doesn't exist in target module
[0m [90m 28 |[39m [36mimport[39m { motion[33m,[39m
 [90m 29 |[39m   useInView } [36mfrom[39m [32m"framer-motion"[39m[33m;[39m
[31m[1m>[22m[39m[90m 30 |[39m [36mimport[39m {
 [90m    |[39m [31m[1m^[22m[39m[31m[1m^[22m[39m[31m[1m^[22m[39m[31m[1m^[22m[39m[31m[1m^[22m[39m[
31m[1m^[22m[39m[31m[1m^[22m[39m[31m[1m^[22m[39m
[31m[1m>[22m[39m[90m 31 |[39m   [33mMapPin[39m[33m,[39m
 [90m    |[39m [31m[1m^[22m[39m[31m[1m^[22m[39m[31m[1m^[22m[39m[31m[1m^[22m[39m[31m[1m^[22m[39m[
31m[1m^[22m[39m[31m[1m^[22m[39m[31m[1m^[22m[39m[31m[1m^[22m[39m
[31m[1m>[22m[39m[90m 32 |[39m   useRef[33m,[39m
 [90m    |[39m [31m[1m^[22m[39m[31m[1m^[22m[39m[31m[1m^[22m[39m[31m[1m^[22m[39m[31m[1m^[22m[39m[
31m[1m^[22m[39m[31m[1m^[22m[39m[31m[1m^[22m[39m[31m[1m^[22m[39m
[31m[1m>[22m[39m[90m 33 |[39m   useState
 [90m    |[39m [31m[1m^[22m[39m[31m[1m^[22m[39m[31m[1m^[22m[39m[31m[1m^[22m[39m[31m[1m^[22m[39m[
31m[1m^[22m[39m[31m[1m^[22m[39m[31m[1m^[22m[39m[31m[1m^[22m[39m
[31m[1m>[22m[39m[90m 34 |[39m } [36mfrom[39m [32m"lucide-react"[39m[33m;[39m
 [90m    |[39m [31m[1m^[22m[39m[31m[1m^[22m[39m[31m[1m^[22m[39m[31m[1m^[22m[39m[31m[1m^[22m[39m[
31m[1m^[22m[39m[31m[1m^[22m[39m[31m[1m^[22m[39m[31m[1m^[22m[39m[31m[1m^[22m[39m[31m[1m^[22m[39m
[31m[1m^[22m[39m[31m[1m^[22m[39m[31m[1m^[22m[39m[31m[1m^[22m[39m[31m[1m^[22m[39m[31m[1m^[22m[39m
[31m[1m^[22m[39m[31m[1m^[22m[39m[31m[1m^[22m[39m[31m[1m^[22m[39m[31m[1m^[22m[39m[31m[1m^[22m[39
m
 [90m 35 |[39m
 [90m 36 |[39m [36mconst[39m [33mGOLD[39m [33m=[39m [32m"#D4AF37"[39m[33m;[39m
 [90m 37 |[39m [36mconst[39m [33mWA[39m [33m=[39m [32m"https://wa.me/917737877978?text=Hi%20Yash!%20I%27m%20pl
anning%20an%20event%20in%20Bangalore.%20Can%20you%20check%20availability%3F"[39m[33m;[39m[0m

The export useRef was not found in module [project]/node_modules/lucide-react/dist/esm/lucide-react.js [app-ssr] 
(ecmascript).
Did you mean to import Beef?
All exports of the module are statically known (It doesn't have dynamic exports). So it's known statically that the 
requested export doesn't exist.

Import traces:
  Client Component Browser:
    ./app/anchor-in-bangalore/page.jsx [Client Component Browser]
    ./app/anchor-in-bangalore/page.jsx [Server Component]

  Client Component SSR:
    ./app/anchor-in-bangalore/page.jsx [Client Component SSR]
    ./app/anchor-in-bangalore/page.jsx [Server Component]


./app/anchor-in-bharatpur/page.jsx:30:1
Export useRef doesn't exist in target module
[0m [90m 28 |[39m [36mimport[39m { motion[33m,[39m
 [90m 29 |[39m   useInView } [36mfrom[39m [32m"framer-motion"[39m[33m;[39m
[31m[1m>[22m[39m[90m 30 |[39m [36mimport[39m {
 [90m    |[39m [31m[1m^[22m[39m[31m[1m^[22m[39m[31m[1m^[22m[39m[31m[1m^[22m[39m[31m[1m^[22m[39m[
31m[1m^[22m[39m[31m[1m^[22m[39m[31m[1m^[22m[39m
[31m[1m>[22m[39m[90m 31 |[39m   [33mMapPin[39m[33m,[39m
 [90m    |[39m [31m[1m^[22m[39m[31m[1m^[22m[39m[31m[1m^[22m[39m[31m[1m^[22m[39m[31m[1m^[22m[39m[
31m[1m^[22m[39m[31m[1m^[22m[39m[31m[1m^[22m[39m[31m[1m^[22m[39m
[31m[1m>[22m[39m[90m 32 |[39m   useRef[33m,[39m
 [90m    |[39m [31m[1m^[22m[39m[31m[1m^[22m[39m[31m[1m^[22m[39m[31m[1m^[22m[39m[31m[1m^[22m[39m[
31m[1m^[22m[39m[31m[1m^[22m[39m[31m[1m^[22m[39m[31m[1m^[22m[39m
[31m[1m>[22m[39m[90m 33 |[39m   useState
 [90m    |[39m [31m[1m^[22m[39m[31m[1m^[22m[39m[31m[1m^[22m[39m[31m[1m^[22m[39m[31m[1m^[22m[39m[
31m[1m^[22m[39m[31m[1m^[22m[39m[31m[1m^[22m[39m[31m[1m^[22m[39m
[31m[1m>[22m[39m[90m 34 |[39m } [36mfrom[39m [32m"lucide-react"[39m[33m;[39m
 [90m    |[39m [31m[1m^[22m[39m[31m[1m^[22m[39m[31m[1m^[22m[39m[31m[1m^[22m[39m[31m[1m^[22m[39m[
31m[1m^[22m[39m[31m[1m^[22m[39m[31m[1m^[22m[39m[31m[1m^[22m[39m[31m[1m^[22m[39m[31m[1m^[22m[39m
[31m[1m^[22m[39m[31m[1m^[22m[39m[31m[1m^[22m[39m[31m[1m^[22m[39m[31m[1m^[22m[39m[31m[1m^[22m[39m
[31m[1m^[22m[39m[31m[1m^[22m[39m[31m[1m^[22m[39m[31m[1m^[22m[39m[31m[1m^[22m[39m[31m[1m^[22m[39
m
 [90m 35 |[39m
 [90m 36 |[39m [36mconst[39m [33mGOLD[39m [33m=[39m [32m"#D4AF37"[39m[33m;[39m
 [90m 37 |[39m [36mconst[39m [33mWA[39m [33m=[39m [32m"https://wa.me/917737877978?text=Hi%20Yash!%20I%27m%20pl
anning%20a%20destination%20wedding%20in%20Bharatpur.%20Can%20you%20check%20availability%3F"[39m[33m;[39m[0m

The export useRef was not found in module [project]/node_modules/lucide-react/dist/esm/lucide-react.js [app-client] 
(ecmascript).
Did you mean to import Beef?
All exports of the module are statically known (It doesn't have dynamic exports). So it's known statically that the 
requested export doesn't exist.

Import traces:
  Client Component Browser:
    ./app/anchor-in-bharatpur/page.jsx [Client Component Browser]
    ./app/anchor-in-bharatpur/page.jsx [Server Component]

  Client Component SSR:
    ./app/anchor-in-bharatpur/page.jsx [Client Component SSR]
    ./app/anchor-in-bharatpur/page.jsx [Server Component]


./app/anchor-in-bharatpur/page.jsx:30:1
Export useRef doesn't exist in target module
[0m [90m 28 |[39m [36mimport[39m { motion[33m,[39m
 [90m 29 |[39m   useInView } [36mfrom[39m [32m"framer-motion"[39m[33m;[39m
[31m[1m>[22m[39m[90m 30 |[39m [36mimport[39m {
 [90m    |[39m [31m[1m^[22m[39m[31m[1m^[22m[39m[31m[1m^[22m[39m[31m[1m^[22m[39m[31m[1m^[22m[39m[
31m[1m^[22m[39m[31m[1m^[22m[39m[31m[1m^[22m[39m
[31m[1m>[22m[39m[90m 31 |[39m   [33mMapPin[39m[33m,[39m
 [90m    |[39m [31m[1m^[22m[39m[31m[1m^[22m[39m[31m[1m^[22m[39m[31m[1m^[22m[39m[31m[1m^[22m[39m[
31m[1m^[22m[39m[31m[1m^[22m[39m[31m[1m^[22m[39m[31m[1m^[22m[39m
[31m[1m>[22m[39m[90m 32 |[39m   useRef[33m,[39m
 [90m    |[39m [31m[1m^[22m[39m[31m[1m^[22m[39m[31m[1m^[22m[39m[31m[1m^[22m[39m[31m[1m^[22m[39m[
31m[1m^[22m[39m[31m[1m^[22m[39m[31m[1m^[22m[39m[31m[1m^[22m[39m
[31m[1m>[22m[39m[90m 33 |[39m   useState
 [90m    |[39m [31m[1m^[22m[39m[31m[1m^[22m[39m[31m[1m^[22m[39m[31m[1m^[22m[39m[31m[1m^[22m[39m[
31m[1m^[22m[39m[31m[1m^[22m[39m[31m[1m^[22m[39m[31m[1m^[22m[39m
[31m[1m>[22m[39m[90m 34 |[39m } [36mfrom[39m [32m"lucide-react"[39m[33m;[39m
 [90m    |[39m [31m[1m^[22m[39m[31m[1m^[22m[39m[31m[1m^[22m[39m[31m[1m^[22m[39m[31m[1m^[22m[39m[
31m[1m^[22m[39m[31m[1m^[22m[39m[31m[1m^[22m[39m[31m[1m^[22m[39m[31m[1m^[22m[39m[31m[1m^[22m[39m
[31m[1m^[22m[39m[31m[1m^[22m[39m[31m[1m^[22m[39m[31m[1m^[22m[39m[31m[1m^[22m[39m[31m[1m^[22m[39m
[31m[1m^[22m[39m[31m[1m^[22m[39m[31m[1m^[22m[39m[31m[1m^[22m[39m[31m[1m^[22m[39m[31m[1m^[22m[39
m
 [90m 35 |[39m
 [90m 36 |[39m [36mconst[39m [33mGOLD[39m [33m=[39m [32m"#D4AF37"[39m[33m;[39m
 [90m 37 |[39m [36mconst[39m [33mWA[39m [33m=[39m [32m"https://wa.me/917737877978?text=Hi%20Yash!%20I%27m%20pl
anning%20a%20destination%20wedding%20in%20Bharatpur.%20Can%20you%20check%20availability%3F"[39m[33m;[39m[0m

The export useRef was not found in module [project]/node_modules/lucide-react/dist/esm/lucide-react.js [app-ssr] 
(ecmascript).
Did you mean to import Beef?
All exports of the module are statically known (It doesn't have dynamic exports). So it's known statically that the 
requested export doesn't exist.

Import traces:
  Client Component Browser:
    ./app/anchor-in-bharatpur/page.jsx [Client Component Browser]
    ./app/anchor-in-bharatpur/page.jsx [Server Component]

  Client Component SSR:
    ./app/anchor-in-bharatpur/page.jsx [Client Component SSR]
    ./app/anchor-in-bharatpur/page.jsx [Server Component]


./app/anchor-in-bikaner/page.jsx:30:1
Export useRef doesn't exist in target module
[0m [90m 28 |[39m [36mimport[39m { motion[33m,[39m
 [90m 29 |[39m   useInView } [36mfrom[39m [32m"framer-motion"[39m[33m;[39m
[31m[1m>[22m[39m[90m 30 |[39m [36mimport[39m {
 [90m    |[39m [31m[1m^[22m[39m[31m[1m^[22m[39m[31m[1m^[22m[39m[31m[1m^[22m[39m[31m[1m^[22m[39m[
31m[1m^[22m[39m[31m[1m^[22m[39m[31m[1m^[22m[39m
[31m[1m>[22m[39m[90m 31 |[39m   [33mMapPin[39m[33m,[39m
 [90m    |[39m [31m[1m^[22m[39m[31m[1m^[22m[39m[31m[1m^[22m[39m[31m[1m^[22m[39m[31m[1m^[22m[39m[
31m[1m^[22m[39m[31m[1m^[22m[39m[31m[1m^[22m[39m[31m[1m^[22m[39m
[31m[1m>[22m[39m[90m 32 |[39m   useRef[33m,[39m
 [90m    |[39m [31m[1m^[22m[39m[31m[1m^[22m[39m[31m[1m^[22m[39m[31m[1m^[22m[39m[31m[1m^[22m[39m[
31m[1m^[22m[39m[31m[1m^[22m[39m[31m[1m^[22m[39m[31m[1m^[22m[39m
[31m[1m>[22m[39m[90m 33 |[39m   useState
 [90m    |[39m [31m[1m^[22m[39m[31m[1m^[22m[39m[31m[1m^[22m[39m[31m[1m^[22m[39m[31m[1m^[22m[39m[
31m[1m^[22m[39m[31m[1m^[22m[39m[31m[1m^[22m[39m[31m[1m^[22m[39m
[31m[1m>[22m[39m[90m 34 |[39m } [36mfrom[39m [32m"lucide-react"[39m[33m;[39m
 [90m    |[39m [31m[1m^[22m[39m[31m[1m^[22m[39m[31m[1m^[22m[39m[31m[1m^[22m[39m[31m[1m^[22m[39m[
31m[1m^[22m[39m[31m[1m^[22m[39m[31m[1m^[22m[39m[31m[1m^[22m[39m[31m[1m^[22m[39m[31m[1m^[22m[39m
[31m[1m^[22m[39m[31m[1m^[22m[39m[31m[1m^[22m[39m[31m[1m^[22m[39m[31m[1m^[22m[39m[31m[1m^[22m[39m
[31m[1m^[22m[39m[31m[1m^[22m[39m[31m[1m^[22m[39m[31m[1m^[22m[39m[31m[1m^[22m[39m[31m[1m^[22m[39
m
 [90m 35 |[39m
 [90m 36 |[39m [36mconst[39m [33mGOLD[39m [33m=[39m [32m"#D4AF37"[39m[33m;[39m
 [90m 37 |[39m [36mconst[39m [33mWA[39m [33m=[39m [32m"https://wa.me/917737877978?text=Hi%20Yash!%20I%27m%20pl
anning%20a%20heritage%20wedding%20in%20Bikaner.%20Can%20you%20check%20availability%3F"[39m[33m;[39m[0m

The export useRef was not found in module [project]/node_modules/lucide-react/dist/esm/lucide-react.js [app-client] 
(ecmascript).
Did you mean to import Beef?
All exports of the module are statically known (It doesn't have dynamic exports). So it's known statically that the 
requested export doesn't exist.

Import traces:
  Client Component Browser:
    ./app/anchor-in-bikaner/page.jsx [Client Component Browser]
    ./app/anchor-in-bikaner/page.jsx [Server Component]

  Client Component SSR:
    ./app/anchor-in-bikaner/page.jsx [Client Component SSR]
    ./app/anchor-in-bikaner/page.jsx [Server Component]


./app/anchor-in-bikaner/page.jsx:30:1
Export useRef doesn't exist in target module
[0m [90m 28 |[39m [36mimport[39m { motion[33m,[39m
 [90m 29 |[39m   useInView } [36mfrom[39m [32m"framer-motion"[39m[33m;[39m
[31m[1m>[22m[39m[90m 30 |[39m [36mimport[39m {
 [90m    |[39m [31m[1m^[22m[39m[31m[1m^[22m[39m[31m[1m^[22m[39m[31m[1m^[22m[39m[31m[1m^[22m[39m[
31m[1m^[22m[39m[31m[1m^[22m[39m[31m[1m^[22m[39m
[31m[1m>[22m[39m[90m 31 |[39m   [33mMapPin[39m[33m,[39m
 [90m    |[39m [31m[1m^[22m[39m[31m[1m^[22m[39m[31m[1m^[22m[39m[31m[1m^[22m[39m[31m[1m^[22m[39m[
31m[1m^[22m[39m[31m[1m^[22m[39m[31m[1m^[22m[39m[31m[1m^[22m[39m
[31m[1m>[22m[39m[90m 32 |[39m   useRef[33m,[39m
 [90m    |[39m [31m[1m^[22m[39m[31m[1m^[22m[39m[31m[1m^[22m[39m[31m[1m^[22m[39m[31m[1m^[22m[39m[
31m[1m^[22m[39m[31m[1m^[22m[39m[31m[1m^[22m[39m[31m[1m^[22m[39m
[31m[1m>[22m[39m[90m 33 |[39m   useState
 [90m    |[39m [31m[1m^[22m[39m[31m[1m^[22m[39m[31m[1m^[22m[39m[31m[1m^[22m[39m[31m[1m^[22m[39m[
31m[1m^[22m[39m[31m[1m^[22m[39m[31m[1m^[22m[39m[31m[1m^[22m[39m
[31m[1m>[22m[39m[90m 34 |[39m } [36mfrom[39m [32m"lucide-react"[39m[33m;[39m
 [90m    |[39m [31m[1m^[22m[39m[31m[1m^[22m[39m[31m[1m^[22m[39m[31m[1m^[22m[39m[31m[1m^[22m[39m[
31m[1m^[22m[39m[31m[1m^[22m[39m[31m[1m^[22m[39m[31m[1m^[22m[39m[31m[1m^[22m[39m[31m[1m^[22m[39m
[31m[1m^[22m[39m[31m[1m^[22m[39m[31m[1m^[22m[39m[31m[1m^[22m[39m[31m[1m^[22m[39m[31m[1m^[22m[39m
[31m[1m^[22m[39m[31m[1m^[22m[39m[31m[1m^[22m[39m[31m[1m^[22m[39m[31m[1m^[22m[39m[31m[1m^[22m[39
m
 [90m 35 |[39m
 [90m 36 |[39m [36mconst[39m [33mGOLD[39m [33m=[39m [32m"#D4AF37"[39m[33m;[39m
 [90m 37 |[39m [36mconst[39m [33mWA[39m [33m=[39m [32m"https://wa.me/917737877978?text=Hi%20Yash!%20I%27m%20pl
anning%20a%20heritage%20wedding%20in%20Bikaner.%20Can%20you%20check%20availability%3F"[39m[33m;[39m[0m

The export useRef was not found in module [project]/node_modules/lucide-react/dist/esm/lucide-react.js [app-ssr] 
(ecmascript).
Did you mean to import Beef?
All exports of the module are statically known (It doesn't have dynamic exports). So it's known statically that the 
requested export doesn't exist.

Import traces:
  Client Component Browser:
    ./app/anchor-in-bikaner/page.jsx [Client Component Browser]
    ./app/anchor-in-bikaner/page.jsx [Server Component]

  Client Component SSR:
    ./app/anchor-in-bikaner/page.jsx [Client Component SSR]
    ./app/anchor-in-bikaner/page.jsx [Server Component]


./app/anchor-in-chennai/page.jsx:31:1
Export useRef doesn't exist in target module
[0m [90m 29 |[39m [36mimport[39m { motion[33m,[39m
 [90m 30 |[39m   useInView } [36mfrom[39m [32m"framer-motion"[39m[33m;[39m
[31m[1m>[22m[39m[90m 31 |[39m [36mimport[39m {
 [90m    |[39m [31m[1m^[22m[39m[31m[1m^[22m[39m[31m[1m^[22m[39m[31m[1m^[22m[39m[31m[1m^[22m[39m[
31m[1m^[22m[39m[31m[1m^[22m[39m[31m[1m^[22m[39m
[31m[1m>[22m[39m[90m 32 |[39m   [33mMapPin[39m[33m,[39m
 [90m    |[39m [31m[1m^[22m[39m[31m[1m^[22m[39m[31m[1m^[22m[39m[31m[1m^[22m[39m[31m[1m^[22m[39m[
31m[1m^[22m[39m[31m[1m^[22m[39m[31m[1m^[22m[39m[31m[1m^[22m[39m
[31m[1m>[22m[39m[90m 33 |[39m   useRef[33m,[39m
 [90m    |[39m [31m[1m^[22m[39m[31m[1m^[22m[39m[31m[1m^[22m[39m[31m[1m^[22m[39m[31m[1m^[22m[39m[
31m[1m^[22m[39m[31m[1m^[22m[39m[31m[1m^[22m[39m[31m[1m^[22m[39m
[31m[1m>[22m[39m[90m 34 |[39m   useState
 [90m    |[39m [31m[1m^[22m[39m[31m[1m^[22m[39m[31m[1m^[22m[39m[31m[1m^[22m[39m[31m[1m^[22m[39m[
31m[1m^[22m[39m[31m[1m^[22m[39m[31m[1m^[22m[39m[31m[1m^[22m[39m
[31m[1m>[22m[39m[90m 35 |[39m } [36mfrom[39m [32m"lucide-react"[39m[33m;[39m
 [90m    |[39m [31m[1m^[22m[39m[31m[1m^[22m[39m[31m[1m^[22m[39m[31m[1m^[22m[39m[31m[1m^[22m[39m[
31m[1m^[22m[39m[31m[1m^[22m[39m[31m[1m^[22m[39m[31m[1m^[22m[39m[31m[1m^[22m[39m[31m[1m^[22m[39m
[31m[1m^[22m[39m[31m[1m^[22m[39m[31m[1m^[22m[39m[31m[1m^[22m[39m[31m[1m^[22m[39m[31m[1m^[22m[39m
[31m[1m^[22m[39m[31m[1m^[22m[39m[31m[1m^[22m[39m[31m[1m^[22m[39m[31m[1m^[22m[39m[31m[1m^[22m[39
m
 [90m 36 |[39m
 [90m 37 |[39m [36mconst[39m [33mGOLD[39m [33m=[39m [32m"#D4AF37"[39m[33m;[39m
 [90m 38 |[39m [36mconst[39m [33mWA[39m [33m=[39m [32m"https://wa.me/917737877978?text=Hi%20Yash!%20I%27m%20pl
anning%20a%20destination%20wedding%20in%20Chennai.%20Can%20you%20check%20availability%3F"[39m[33m;[39m[0m

The export useRef was not found in module [project]/node_modules/lucide-react/dist/esm/lucide-react.js [app-client] 
(ecmascript).
Did you mean to import Beef?
All exports of the module are statically known (It doesn't have dynamic exports). So it's known statically that the 
requested export doesn't exist.

Import traces:
  Client Component Browser:
    ./app/anchor-in-chennai/page.jsx [Client Component Browser]
    ./app/anchor-in-chennai/page.jsx [Server Component]

  Client Component SSR:
    ./app/anchor-in-chennai/page.jsx [Client Component SSR]
    ./app/anchor-in-chennai/page.jsx [Server Component]


./app/anchor-in-chennai/page.jsx:31:1
Export useRef doesn't exist in target module
[0m [90m 29 |[39m [36mimport[39m { motion[33m,[39m
 [90m 30 |[39m   useInView } [36mfrom[39m [32m"framer-motion"[39m[33m;[39m
[31m[1m>[22m[39m[90m 31 |[39m [36mimport[39m {
 [90m    |[39m [31m[1m^[22m[39m[31m[1m^[22m[39m[31m[1m^[22m[39m[31m[1m^[22m[39m[31m[1m^[22m[39m[
31m[1m^[22m[39m[31m[1m^[22m[39m[31m[1m^[22m[39m
[31m[1m>[22m[39m[90m 32 |[39m   [33mMapPin[39m[33m,[39m
 [90m    |[39m [31m[1m^[22m[39m[31m[1m^[22m[39m[31m[1m^[22m[39m[31m[1m^[22m[39m[31m[1m^[22m[39m[
31m[1m^[22m[39m[31m[1m^[22m[39m[31m[1m^[22m[39m[31m[1m^[22m[39m
[31m[1m>[22m[39m[90m 33 |[39m   useRef[33m,[39m
 [90m    |[39m [31m[1m^[22m[39m[31m[1m^[22m[39m[31m[1m^[22m[39m[31m[1m^[22m[39m[31m[1m^[22m[39m[
31m[1m^[22m[39m[31m[1m^[22m[39m[31m[1m^[22m[39m[31m[1m^[22m[39m
[31m[1m>[22m[39m[90m 34 |[39m   useState
 [90m    |[39m [31m[1m^[22m[39m[31m[1m^[22m[39m[31m[1m^[22m[39m[31m[1m^[22m[39m[31m[1m^[22m[39m[
31m[1m^[22m[39m[31m[1m^[22m[39m[31m[1m^[22m[39m[31m[1m^[22m[39m
[31m[1m>[22m[39m[90m 35 |[39m } [36mfrom[39m [32m"lucide-react"[39m[33m;[39m
 [90m    |[39m [31m[1m^[22m[39m[31m[1m^[22m[39m[31m[1m^[22m[39m[31m[1m^[22m[39m[31m[1m^[22m[39m[
31m[1m^[22m[39m[31m[1m^[22m[39m[31m[1m^[22m[39m[31m[1m^[22m[39m[31m[1m^[22m[39m[31m[1m^[22m[39m
[31m[1m^[22m[39m[31m[1m^[22m[39m[31m[1m^[22m[39m[31m[1m^[22m[39m[31m[1m^[22m[39m[31m[1m^[22m[39m
[31m[1m^[22m[39m[31m[1m^[22m[39m[31m[1m^[22m[39m[31m[1m^[22m[39m[31m[1m^[22m[39m[31m[1m^[22m[39
m
 [90m 36 |[39m
 [90m 37 |[39m [36mconst[39m [33mGOLD[39m [33m=[39m [32m"#D4AF37"[39m[33m;[39m
 [90m 38 |[39m [36mconst[39m [33mWA[39m [33m=[39m [32m"https://wa.me/917737877978?text=Hi%20Yash!%20I%27m%20pl
anning%20a%20destination%20wedding%20in%20Chennai.%20Can%20you%20check%20availability%3F"[39m[33m;[39m[0m

The export useRef was not found in module [project]/node_modules/lucide-react/dist/esm/lucide-react.js [app-ssr] 
(ecmascript).
Did you mean to import Beef?
All exports of the module are statically known (It doesn't have dynamic exports). So it's known statically that the 
requested export doesn't exist.

Import traces:
  Client Component Browser:
    ./app/anchor-in-chennai/page.jsx [Client Component Browser]
    ./app/anchor-in-chennai/page.jsx [Server Component]

  Client Component SSR:
    ./app/anchor-in-chennai/page.jsx [Client Component SSR]
    ./app/anchor-in-chennai/page.jsx [Server Component]


./app/anchor-in-chittorgarh/page.jsx:30:1
Export useRef doesn't exist in target module
[0m [90m 28 |[39m [36mimport[39m { motion[33m,[39m
 [90m 29 |[39m   useInView } [36mfrom[39m [32m"framer-motion"[39m[33m;[39m
[31m[1m>[22m[39m[90m 30 |[39m [36mimport[39m {
 [90m    |[39m [31m[1m^[22m[39m[31m[1m^[22m[39m[31m[1m^[22m[39m[31m[1m^[22m[39m[31m[1m^[22m[39m[
31m[1m^[22m[39m[31m[1m^[22m[39m[31m[1m^[22m[39m
[31m[1m>[22m[39m[90m 31 |[39m   [33mMapPin[39m[33m,[39m
 [90m    |[39m [31m[1m^[22m[39m[31m[1m^[22m[39m[31m[1m^[22m[39m[31m[1m^[22m[39m[31m[1m^[22m[39m[
31m[1m^[22m[39m[31m[1m^[22m[39m[31m[1m^[22m[39m[31m[1m^[22m[39m
[31m[1m>[22m[39m[90m 32 |[39m   useRef[33m,[39m
 [90m    |[39m [31m[1m^[22m[39m[31m[1m^[22m[39m[31m[1m^[22m[39m[31m[1m^[22m[39m[31m[1m^[22m[39m[
31m[1m^[22m[39m[31m[1m^[22m[39m[31m[1m^[22m[39m[31m[1m^[22m[39m
[31m[1m>[22m[39m[90m 33 |[39m   useState
 [90m    |[39m [31m[1m^[22m[39m[31m[1m^[22m[39m[31m[1m^[22m[39m[31m[1m^[22m[39m[31m[1m^[22m[39m[
31m[1m^[22m[39m[31m[1m^[22m[39m[31m[1m^[22m[39m[31m[1m^[22m[39m
[31m[1m>[22m[39m[90m 34 |[39m } [36mfrom[39m [32m"lucide-react"[39m[33m;[39m
 [90m    |[39m [31m[1m^[22m[39m[31m[1m^[22m[39m[31m[1m^[22m[39m[31m[1m^[22m[39m[31m[1m^[22m[39m[
31m[1m^[22m[39m[31m[1m^[22m[39m[31m[1m^[22m[39m[31m[1m^[22m[39m[31m[1m^[22m[39m[31m[1m^[22m[39m
[31m[1m^[22m[39m[31m[1m^[22m[39m[31m[1m^[22m[39m[31m[1m^[22m[39m[31m[1m^[22m[39m[31m[1m^[22m[39m
[31m[1m^[22m[39m[31m[1m^[22m[39m[31m[1m^[22m[39m[31m[1m^[22m[39m[31m[1m^[22m[39m[31m[1m^[22m[39
m
 [90m 35 |[39m
 [90m 36 |[39m [36mconst[39m [33mGOLD[39m [33m=[39m [32m"#D4AF37"[39m[33m;[39m
 [90m 37 |[39m [36mconst[39m [33mWA[39m [33m=[39m [32m"https://wa.me/917737877978?text=Hi%20Yash!%20I%27m%20pl
anning%20a%20heritage%20wedding%20near%20Chittorgarh.%20Can%20you%20check%20availability%3F"[39m[33m;[39m[0m

The export useRef was not found in module [project]/node_modules/lucide-react/dist/esm/lucide-react.js [app-client] 
(ecmascript).
Did you mean to import Beef?
All exports of the module are statically known (It doesn't have dynamic exports). So it's known statically that the 
requested export doesn't exist.

Import traces:
  Client Component Browser:
    ./app/anchor-in-chittorgarh/page.jsx [Client Component Browser]
    ./app/anchor-in-chittorgarh/page.jsx [Server Component]

  Client Component SSR:
    ./app/anchor-in-chittorgarh/page.jsx [Client Component SSR]
    ./app/anchor-in-chittorgarh/page.jsx [Server Component]


./app/anchor-in-chittorgarh/page.jsx:30:1
Export useRef doesn't exist in target module
[0m [90m 28 |[39m [36mimport[39m { motion[33m,[39m
 [90m 29 |[39m   useInView } [36mfrom[39m [32m"framer-motion"[39m[33m;[39m
[31m[1m>[22m[39m[90m 30 |[39m [36mimport[39m {
 [90m    |[39m [31m[1m^[22m[39m[31m[1m^[22m[39m[31m[1m^[22m[39m[31m[1m^[22m[39m[31m[1m^[22m[39m[
31m[1m^[22m[39m[31m[1m^[22m[39m[31m[1m^[22m[39m
[31m[1m>[22m[39m[90m 31 |[39m   [33mMapPin[39m[33m,[39m
 [90m    |[39m [31m[1m^[22m[39m[31m[1m^[22m[39m[31m[1m^[22m[39m[31m[1m^[22m[39m[31m[1m^[22m[39m[
31m[1m^[22m[39m[31m[1m^[22m[39m[31m[1m^[22m[39m[31m[1m^[22m[39m
[31m[1m>[22m[39m[90m 32 |[39m   useRef[33m,[39m
 [90m    |[39m [31m[1m^[22m[39m[31m[1m^[22m[39m[31m[1m^[22m[39m[31m[1m^[22m[39m[31m[1m^[22m[39m[
31m[1m^[22m[39m[31m[1m^[22m[39m[31m[1m^[22m[39m[31m[1m^[22m[39m
[31m[1m>[22m[39m[90m 33 |[39m   useState
 [90m    |[39m [31m[1m^[22m[39m[31m[1m^[22m[39m[31m[1m^[22m[39m[31m[1m^[22m[39m[31m[1m^[22m[39m[
31m[1m^[22m[39m[31m[1m^[22m[39m[31m[1m^[22m[39m[31m[1m^[22m[39m
[31m[1m>[22m[39m[90m 34 |[39m } [36mfrom[39m [32m"lucide-react"[39m[33m;[39m
 [90m    |[39m [31m[1m^[22m[39m[31m[1m^[22m[39m[31m[1m^[22m[39m[31m[1m^[22m[39m[31m[1m^[22m[39m[
31m[1m^[22m[39m[31m[1m^[22m[39m[31m[1m^[22m[39m[31m[1m^[22m[39m[31m[1m^[22m[39m[31m[1m^[22m[39m
[31m[1m^[22m[39m[31m[1m^[22m[39m[31m[1m^[22m[39m[31m[1m^[22m[39m[31m[1m^[22m[39m[31m[1m^[22m[39m
[31m[1m^[22m[39m[31m[1m^[22m[39m[31m[1m^[22m[39m[31m[1m^[22m[39m[31m[1m^[22m[39m[31m[1m^[22m[39
m
 [90m 35 |[39m
 [90m 36 |[39m [36mconst[39m [33mGOLD[39m [33m=[39m [32m"#D4AF37"[39m[33m;[39m
 [90m 37 |[39m [36mconst[39m [33mWA[39m [33m=[39m [32m"https://wa.me/917737877978?text=Hi%20Yash!%20I%27m%20pl
anning%20a%20heritage%20wedding%20near%20Chittorgarh.%20Can%20you%20check%20availability%3F"[39m[33m;[39m[0m

The export useRef was not found in module [project]/node_modules/lucide-react/dist/esm/lucide-react.js [app-ssr] 
(ecmascript).
Did you mean to import Beef?
All exports of the module are statically known (It doesn't have dynamic exports). So it's known statically that the 
requested export doesn't exist.

Import traces:
  Client Component Browser:
    ./app/anchor-in-chittorgarh/page.jsx [Client Component Browser]
    ./app/anchor-in-chittorgarh/page.jsx [Server Component]

  Client Component SSR:
    ./app/anchor-in-chittorgarh/page.jsx [Client Component SSR]
    ./app/anchor-in-chittorgarh/page.jsx [Server Component]


./app/anchor-in-coorg/page.jsx:31:1
Export useRef doesn't exist in target module
[0m [90m 29 |[39m [36mimport[39m { motion[33m,[39m
 [90m 30 |[39m   useInView } [36mfrom[39m [32m"framer-motion"[39m[33m;[39m
[31m[1m>[22m[39m[90m 31 |[39m [36mimport[39m {
 [90m    |[39m [31m[1m^[22m[39m[31m[1m^[22m[39m[31m[1m^[22m[39m[31m[1m^[22m[39m[31m[1m^[22m[39m[
31m[1m^[22m[39m[31m[1m^[22m[39m[31m[1m^[22m[39m
[31m[1m>[22m[39m[90m 32 |[39m   [33mMapPin[39m[33m,[39m
 [90m    |[39m [31m[1m^[22m[39m[31m[1m^[22m[39m[31m[1m^[22m[39m[31m[1m^[22m[39m[31m[1m^[22m[39m[
31m[1m^[22m[39m[31m[1m^[22m[39m[31m[1m^[22m[39m[31m[1m^[22m[39m
[31m[1m>[22m[39m[90m 33 |[39m   useRef[33m,[39m
 [90m    |[39m [31m[1m^[22m[39m[31m[1m^[22m[39m[31m[1m^[22m[39m[31m[1m^[22m[39m[31m[1m^[22m[39m[
31m[1m^[22m[39m[31m[1m^[22m[39m[31m[1m^[22m[39m[31m[1m^[22m[39m
[31m[1m>[22m[39m[90m 34 |[39m   useState
 [90m    |[39m [31m[1m^[22m[39m[31m[1m^[22m[39m[31m[1m^[22m[39m[31m[1m^[22m[39m[31m[1m^[22m[39m[
31m[1m^[22m[39m[31m[1m^[22m[39m[31m[1m^[22m[39m[31m[1m^[22m[39m
[31m[1m>[22m[39m[90m 35 |[39m } [36mfrom[39m [32m"lucide-react"[39m[33m;[39m
 [90m    |[39m [31m[1m^[22m[39m[31m[1m^[22m[39m[31m[1m^[22m[39m[31m[1m^[22m[39m[31m[1m^[22m[39m[
31m[1m^[22m[39m[31m[1m^[22m[39m[31m[1m^[22m[39m[31m[1m^[22m[39m[31m[1m^[22m[39m[31m[1m^[22m[39m
[31m[1m^[22m[39m[31m[1m^[22m[39m[31m[1m^[22m[39m[31m[1m^[22m[39m[31m[1m^[22m[39m[31m[1m^[22m[39m
[31m[1m^[22m[39m[31m[1m^[22m[39m[31m[1m^[22m[39m[31m[1m^[22m[39m[31m[1m^[22m[39m[31m[1m^[22m[39
m
 [90m 36 |[39m
 [90m 37 |[39m [36mconst[39m [33mGOLD[39m [33m=[39m [32m"#D4AF37"[39m[33m;[39m
 [90m 38 |[39m [36mconst[39m [33mWA[39m [33m=[39m [32m"https://wa.me/917737877978?text=Hi%20Yash!%20I%27m%20pl
anning%20a%20destination%20wedding%20in%20Coorg.%20Can%20you%20check%20availability%3F"[39m[33m;[39m[0m

The export useRef was not found in module [project]/node_modules/lucide-react/dist/esm/lucide-react.js [app-client] 
(ecmascript).
Did you mean to import Beef?
All exports of the module are statically known (It doesn't have dynamic exports). So it's known statically that the 
requested export doesn't exist.

Import traces:
  Client Component Browser:
    ./app/anchor-in-coorg/page.jsx [Client Component Browser]
    ./app/anchor-in-coorg/page.jsx [Server Component]

  Client Component SSR:
    ./app/anchor-in-coorg/page.jsx [Client Component SSR]
    ./app/anchor-in-coorg/page.jsx [Server Component]


./app/anchor-in-coorg/page.jsx:31:1
Export useRef doesn't exist in target module
[0m [90m 29 |[39m [36mimport[39m { motion[33m,[39m
 [90m 30 |[39m   useInView } [36mfrom[39m [32m"framer-motion"[39m[33m;[39m
[31m[1m>[22m[39m[90m 31 |[39m [36mimport[39m {
 [90m    |[39m [31m[1m^[22m[39m[31m[1m^[22m[39m[31m[1m^[22m[39m[31m[1m^[22m[39m[31m[1m^[22m[39m[
31m[1m^[22m[39m[31m[1m^[22m[39m[31m[1m^[22m[39m
[31m[1m>[22m[39m[90m 32 |[39m   [33mMapPin[39m[33m,[39m
 [90m    |[39m [31m[1m^[22m[39m[31m[1m^[22m[39m[31m[1m^[22m[39m[31m[1m^[22m[39m[31m[1m^[22m[39m[
31m[1m^[22m[39m[31m[1m^[22m[39m[31m[1m^[22m[39m[31m[1m^[22m[39m
[31m[1m>[22m[39m[90m 33 |[39m   useRef[33m,[39m
 [90m    |[39m [31m[1m^[22m[39m[31m[1m^[22m[39m[31m[1m^[22m[39m[31m[1m^[22m[39m[31m[1m^[22m[39m[
31m[1m^[22m[39m[31m[1m^[22m[39m[31m[1m^[22m[39m[31m[1m^[22m[39m
[31m[1m>[22m[39m[90m 34 |[39m   useState
 [90m    |[39m [31m[1m^[22m[39m[31m[1m^[22m[39m[31m[1m^[22m[39m[31m[1m^[22m[39m[31m[1m^[22m[39m[
31m[1m^[22m[39m[31m[1m^[22m[39m[31m[1m^[22m[39m[31m[1m^[22m[39m
[31m[1m>[22m[39m[90m 35 |[39m } [36mfrom[39m [32m"lucide-react"[39m[33m;[39m
 [90m    |[39m [31m[1m^[22m[39m[31m[1m^[22m[39m[31m[1m^[22m[39m[31m[1m^[22m[39m[31m[1m^[22m[39m[
31m[1m^[22m[39m[31m[1m^[22m[39m[31m[1m^[22m[39m[31m[1m^[22m[39m[31m[1m^[22m[39m[31m[1m^[22m[39m
[31m[1m^[22m[39m[31m[1m^[22m[39m[31m[1m^[22m[39m[31m[1m^[22m[39m[31m[1m^[22m[39m[31m[1m^[22m[39m
[31m[1m^[22m[39m[31m[1m^[22m[39m[31m[1m^[22m[39m[31m[1m^[22m[39m[31m[1m^[22m[39m[31m[1m^[22m[39
m
 [90m 36 |[39m
 [90m 37 |[39m [36mconst[39m [33mGOLD[39m [33m=[39m [32m"#D4AF37"[39m[33m;[39m
 [90m 38 |[39m [36mconst[39m [33mWA[39m [33m=[39m [32m"https://wa.me/917737877978?text=Hi%20Yash!%20I%27m%20pl
anning%20a%20destination%20wedding%20in%20Coorg.%20Can%20you%20check%20availability%3F"[39m[33m;[39m[0m

The export useRef was not found in module [project]/node_modules/lucide-react/dist/esm/lucide-react.js [app-ssr] 
(ecmascript).
Did you mean to import Beef?
All exports of the module are statically known (It doesn't have dynamic exports). So it's known statically that the 
requested export doesn't exist.

Import traces:
  Client Component Browser:
    ./app/anchor-in-coorg/page.jsx [Client Component Browser]
    ./app/anchor-in-coorg/page.jsx [Server Component]

  Client Component SSR:
    ./app/anchor-in-coorg/page.jsx [Client Component SSR]
    ./app/anchor-in-coorg/page.jsx [Server Component]


./app/anchor-in-dharamshala/page.jsx:31:1
Export useRef doesn't exist in target module
[0m [90m 29 |[39m [36mimport[39m { motion[33m,[39m
 [90m 30 |[39m   useInView } [36mfrom[39m [32m"framer-motion"[39m[33m;[39m
[31m[1m>[22m[39m[90m 31 |[39m [36mimport[39m {
 [90m    |[39m [31m[1m^[22m[39m[31m[1m^[22m[39m[31m[1m^[22m[39m[31m[1m^[22m[39m[31m[1m^[22m[39m[
31m[1m^[22m[39m[31m[1m^[22m[39m[31m[1m^[22m[39m
[31m[1m>[22m[39m[90m 32 |[39m   [33mMapPin[39m[33m,[39m
 [90m    |[39m [31m[1m^[22m[39m[31m[1m^[22m[39m[31m[1m^[22m[39m[31m[1m^[22m[39m[31m[1m^[22m[39m[
31m[1m^[22m[39m[31m[1m^[22m[39m[31m[1m^[22m[39m[31m[1m^[22m[39m
[31m[1m>[22m[39m[90m 33 |[39m   useRef[33m,[39m
 [90m    |[39m [31m[1m^[22m[39m[31m[1m^[22m[39m[31m[1m^[22m[39m[31m[1m^[22m[39m[31m[1m^[22m[39m[
31m[1m^[22m[39m[31m[1m^[22m[39m[31m[1m^[22m[39m[31m[1m^[22m[39m
[31m[1m>[22m[39m[90m 34 |[39m   useState
 [90m    |[39m [31m[1m^[22m[39m[31m[1m^[22m[39m[31m[1m^[22m[39m[31m[1m^[22m[39m[31m[1m^[22m[39m[
31m[1m^[22m[39m[31m[1m^[22m[39m[31m[1m^[22m[39m[31m[1m^[22m[39m
[31m[1m>[22m[39m[90m 35 |[39m } [36mfrom[39m [32m"lucide-react"[39m[33m;[39m
 [90m    |[39m [31m[1m^[22m[39m[31m[1m^[22m[39m[31m[1m^[22m[39m[31m[1m^[22m[39m[31m[1m^[22m[39m[
31m[1m^[22m[39m[31m[1m^[22m[39m[31m[1m^[22m[39m[31m[1m^[22m[39m[31m[1m^[22m[39m[31m[1m^[22m[39m
[31m[1m^[22m[39m[31m[1m^[22m[39m[31m[1m^[22m[39m[31m[1m^[22m[39m[31m[1m^[22m[39m[31m[1m^[22m[39m
[31m[1m^[22m[39m[31m[1m^[22m[39m[31m[1m^[22m[39m[31m[1m^[22m[39m[31m[1m^[22m[39m[31m[1m^[22m[39
m
 [90m 36 |[39m
 [90m 37 |[39m [36mconst[39m [33mGOLD[39m [33m=[39m [32m"#D4AF37"[39m[33m;[39m
 [90m 38 |[39m [36mconst[39m [33mWA[39m [33m=[39m [32m"https://wa.me/917737877978?text=Hi%20Yash!%20I%27m%20pl
anning%20a%20destination%20wedding%20in%20Dharamshala.%20Can%20you%20check%20availability%3F"[39m[33m;[39m[0m

The export useRef was not found in module [project]/node_modules/lucide-react/dist/esm/lucide-react.js [app-client] 
(ecmascript).
Did you mean to import Beef?
All exports of the module are statically known (It doesn't have dynamic exports). So it's known statically that the 
requested export doesn't exist.

Import traces:
  Client Component Browser:
    ./app/anchor-in-dharamshala/page.jsx [Client Component Browser]
    ./app/anchor-in-dharamshala/page.jsx [Server Component]

  Client Component SSR:
    ./app/anchor-in-dharamshala/page.jsx [Client Component SSR]
    ./app/anchor-in-dharamshala/page.jsx [Server Component]


./app/anchor-in-dharamshala/page.jsx:31:1
Export useRef doesn't exist in target module
[0m [90m 29 |[39m [36mimport[39m { motion[33m,[39m
 [90m 30 |[39m   useInView } [36mfrom[39m [32m"framer-motion"[39m[33m;[39m
[31m[1m>[22m[39m[90m 31 |[39m [36mimport[39m {
 [90m    |[39m [31m[1m^[22m[39m[31m[1m^[22m[39m[31m[1m^[22m[39m[31m[1m^[22m[39m[31m[1m^[22m[39m[
31m[1m^[22m[39m[31m[1m^[22m[39m[31m[1m^[22m[39m
[31m[1m>[22m[39m[90m 32 |[39m   [33mMapPin[39m[33m,[39m
 [90m    |[39m [31m[1m^[22m[39m[31m[1m^[22m[39m[31m[1m^[22m[39m[31m[1m^[22m[39m[31m[1m^[22m[39m[
31m[1m^[22m[39m[31m[1m^[22m[39m[31m[1m^[22m[39m[31m[1m^[22m[39m
[31m[1m>[22m[39m[90m 33 |[39m   useRef[33m,[39m
 [90m    |[39m [31m[1m^[22m[39m[31m[1m^[22m[39m[31m[1m^[22m[39m[31m[1m^[22m[39m[31m[1m^[22m[39m[
31m[1m^[22m[39m[31m[1m^[22m[39m[31m[1m^[22m[39m[31m[1m^[22m[39m
[31m[1m>[22m[39m[90m 34 |[39m   useState
 [90m    |[39m [31m[1m^[22m[39m[31m[1m^[22m[39m[31m[1m^[22m[39m[31m[1m^[22m[39m[31m[1m^[22m[39m[
31m[1m^[22m[39m[31m[1m^[22m[39m[31m[1m^[22m[39m[31m[1m^[22m[39m
[31m[1m>[22m[39m[90m 35 |[39m } [36mfrom[39m [32m"lucide-react"[39m[33m;[39m
 [90m    |[39m [31m[1m^[22m[39m[31m[1m^[22m[39m[31m[1m^[22m[39m[31m[1m^[22m[39m[31m[1m^[22m[39m[
31m[1m^[22m[39m[31m[1m^[22m[39m[31m[1m^[22m[39m[31m[1m^[22m[39m[31m[1m^[22m[39m[31m[1m^[22m[39m
[31m[1m^[22m[39m[31m[1m^[22m[39m[31m[1m^[22m[39m[31m[1m^[22m[39m[31m[1m^[22m[39m[31m[1m^[22m[39m
[31m[1m^[22m[39m[31m[1m^[22m[39m[31m[1m^[22m[39m[31m[1m^[22m[39m[31m[1m^[22m[39m[31m[1m^[22m[39
m
 [90m 36 |[39m
 [90m 37 |[39m [36mconst[39m [33mGOLD[39m [33m=[39m [32m"#D4AF37"[39m[33m;[39m
 [90m 38 |[39m [36mconst[39m [33mWA[39m [33m=[39m [32m"https://wa.me/917737877978?text=Hi%20Yash!%20I%27m%20pl
anning%20a%20destination%20wedding%20in%20Dharamshala.%20Can%20you%20check%20availability%3F"[39m[33m;[39m[0m

The export useRef was not found in module [project]/node_modules/lucide-react/dist/esm/lucide-react.js [app-ssr] 
(ecmascript).
Did you mean to import Beef?
All exports of the module are statically known (It doesn't have dynamic exports). So it's known statically that the 
requested export doesn't exist.

Import traces:
  Client Component Browser:
    ./app/anchor-in-dharamshala/page.jsx [Client Component Browser]
    ./app/anchor-in-dharamshala/page.jsx [Server Component]

  Client Component SSR:
    ./app/anchor-in-dharamshala/page.jsx [Client Component SSR]
    ./app/anchor-in-dharamshala/page.jsx [Server Component]


./app/anchor-in-goa/page.jsx:31:1
Export useRef doesn't exist in target module
[0m [90m 29 |[39m [36mimport[39m { motion[33m,[39m
 [90m 30 |[39m   useInView } [36mfrom[39m [32m"framer-motion"[39m[33m;[39m
[31m[1m>[22m[39m[90m 31 |[39m [36mimport[39m {
 [90m    |[39m [31m[1m^[22m[39m[31m[1m^[22m[39m[31m[1m^[22m[39m[31m[1m^[22m[39m[31m[1m^[22m[39m[
31m[1m^[22m[39m[31m[1m^[22m[39m[31m[1m^[22m[39m
[31m[1m>[22m[39m[90m 32 |[39m   [33mMapPin[39m[33m,[39m
 [90m    |[39m [31m[1m^[22m[39m[31m[1m^[22m[39m[31m[1m^[22m[39m[31m[1m^[22m[39m[31m[1m^[22m[39m[
31m[1m^[22m[39m[31m[1m^[22m[39m[31m[1m^[22m[39m[31m[1m^[22m[39m
[31m[1m>[22m[39m[90m 33 |[39m   useRef[33m,[39m
 [90m    |[39m [31m[1m^[22m[39m[31m[1m^[22m[39m[31m[1m^[22m[39m[31m[1m^[22m[39m[31m[1m^[22m[39m[
31m[1m^[22m[39m[31m[1m^[22m[39m[31m[1m^[22m[39m[31m[1m^[22m[39m
[31m[1m>[22m[39m[90m 34 |[39m   useState
 [90m    |[39m [31m[1m^[22m[39m[31m[1m^[22m[39m[31m[1m^[22m[39m[31m[1m^[22m[39m[31m[1m^[22m[39m[
31m[1m^[22m[39m[31m[1m^[22m[39m[31m[1m^[22m[39m[31m[1m^[22m[39m
[31m[1m>[22m[39m[90m 35 |[39m } [36mfrom[39m [32m"lucide-react"[39m[33m;[39m
 [90m    |[39m [31m[1m^[22m[39m[31m[1m^[22m[39m[31m[1m^[22m[39m[31m[1m^[22m[39m[31m[1m^[22m[39m[
31m[1m^[22m[39m[31m[1m^[22m[39m[31m[1m^[22m[39m[31m[1m^[22m[39m[31m[1m^[22m[39m[31m[1m^[22m[39m
[31m[1m^[22m[39m[31m[1m^[22m[39m[31m[1m^[22m[39m[31m[1m^[22m[39m[31m[1m^[22m[39m[31m[1m^[22m[39m
[31m[1m^[22m[39m[31m[1m^[22m[39m[31m[1m^[22m[39m[31m[1m^[22m[39m[31m[1m^[22m[39m[31m[1m^[22m[39
m
 [90m 36 |[39m
 [90m 37 |[39m [36mconst[39m [33mGOLD[39m [33m=[39m [32m"#D4AF37"[39m[33m;[39m
 [90m 38 |[39m [36mconst[39m [33mWA[39m [33m=[39m [32m"https://wa.me/917737877978?text=Hi%20Yash!%20I%27m%20pl
anning%20a%20destination%20wedding%20in%20Goa.%20Can%20you%20check%20availability%3F"[39m[33m;[39m[0m

The export useRef was not found in module [project]/node_modules/lucide-react/dist/esm/lucide-react.js [app-client] 
(ecmascript).
Did you mean to import Beef?
All exports of the module are statically known (It doesn't have dynamic exports). So it's known statically that the 
requested export doesn't exist.

Import traces:
  Client Component Browser:
    ./app/anchor-in-goa/page.jsx [Client Component Browser]
    ./app/anchor-in-goa/page.jsx [Server Component]

  Client Component SSR:
    ./app/anchor-in-goa/page.jsx [Client Component SSR]
    ./app/anchor-in-goa/page.jsx [Server Component]


./app/anchor-in-goa/page.jsx:31:1
Export useRef doesn't exist in target module
[0m [90m 29 |[39m [36mimport[39m { motion[33m,[39m
 [90m 30 |[39m   useInView } [36mfrom[39m [32m"framer-motion"[39m[33m;[39m
[31m[1m>[22m[39m[90m 31 |[39m [36mimport[39m {
 [90m    |[39m [31m[1m^[22m[39m[31m[1m^[22m[39m[31m[1m^[22m[39m[31m[1m^[22m[39m[31m[1m^[22m[39m[
31m[1m^[22m[39m[31m[1m^[22m[39m[31m[1m^[22m[39m
[31m[1m>[22m[39m[90m 32 |[39m   [33mMapPin[39m[33m,[39m
 [90m    |[39m [31m[1m^[22m[39m[31m[1m^[22m[39m[31m[1m^[22m[39m[31m[1m^[22m[39m[31m[1m^[22m[39m[
31m[1m^[22m[39m[31m[1m^[22m[39m[31m[1m^[22m[39m[31m[1m^[22m[39m
[31m[1m>[22m[39m[90m 33 |[39m   useRef[33m,[39m
 [90m    |[39m [31m[1m^[22m[39m[31m[1m^[22m[39m[31m[1m^[22m[39m[31m[1m^[22m[39m[31m[1m^[22m[39m[
31m[1m^[22m[39m[31m[1m^[22m[39m[31m[1m^[22m[39m[31m[1m^[22m[39m
[31m[1m>[22m[39m[90m 34 |[39m   useState
 [90m    |[39m [31m[1m^[22m[39m[31m[1m^[22m[39m[31m[1m^[22m[39m[31m[1m^[22m[39m[31m[1m^[22m[39m[
31m[1m^[22m[39m[31m[1m^[22m[39m[31m[1m^[22m[39m[31m[1m^[22m[39m
[31m[1m>[22m[39m[90m 35 |[39m } [36mfrom[39m [32m"lucide-react"[39m[33m;[39m
 [90m    |[39m [31m[1m^[22m[39m[31m[1m^[22m[39m[31m[1m^[22m[39m[31m[1m^[22m[39m[31m[1m^[22m[39m[
31m[1m^[22m[39m[31m[1m^[22m[39m[31m[1m^[22m[39m[31m[1m^[22m[39m[31m[1m^[22m[39m[31m[1m^[22m[39m
[31m[1m^[22m[39m[31m[1m^[22m[39m[31m[1m^[22m[39m[31m[1m^[22m[39m[31m[1m^[22m[39m[31m[1m^[22m[39m
[31m[1m^[22m[39m[31m[1m^[22m[39m[31m[1m^[22m[39m[31m[1m^[22m[39m[31m[1m^[22m[39m[31m[1m^[22m[39
m
 [90m 36 |[39m
 [90m 37 |[39m [36mconst[39m [33mGOLD[39m [33m=[39m [32m"#D4AF37"[39m[33m;[39m
 [90m 38 |[39m [36mconst[39m [33mWA[39m [33m=[39m [32m"https://wa.me/917737877978?text=Hi%20Yash!%20I%27m%20pl
anning%20a%20destination%20wedding%20in%20Goa.%20Can%20you%20check%20availability%3F"[39m[33m;[39m[0m

The export useRef was not found in module [project]/node_modules/lucide-react/dist/esm/lucide-react.js [app-ssr] 
(ecmascript).
Did you mean to import Beef?
All exports of the module are statically known (It doesn't have dynamic exports). So it's known statically that the 
requested export doesn't exist.

Import traces:
  Client Component Browser:
    ./app/anchor-in-goa/page.jsx [Client Component Browser]
    ./app/anchor-in-goa/page.jsx [Server Component]

  Client Component SSR:
    ./app/anchor-in-goa/page.jsx [Client Component SSR]
    ./app/anchor-in-goa/page.jsx [Server Component]


./app/anchor-in-haridwar/page.jsx:31:1
Export useRef doesn't exist in target module
[0m [90m 29 |[39m [36mimport[39m { motion[33m,[39m
 [90m 30 |[39m   useInView } [36mfrom[39m [32m"framer-motion"[39m[33m;[39m
[31m[1m>[22m[39m[90m 31 |[39m [36mimport[39m {
 [90m    |[39m [31m[1m^[22m[39m[31m[1m^[22m[39m[31m[1m^[22m[39m[31m[1m^[22m[39m[31m[1m^[22m[39m[
31m[1m^[22m[39m[31m[1m^[22m[39m[31m[1m^[22m[39m
[31m[1m>[22m[39m[90m 32 |[39m   [33mMapPin[39m[33m,[39m
 [90m    |[39m [31m[1m^[22m[39m[31m[1m^[22m[39m[31m[1m^[22m[39m[31m[1m^[22m[39m[31m[1m^[22m[39m[
31m[1m^[22m[39m[31m[1m^[22m[39m[31m[1m^[22m[39m[31m[1m^[22m[39m
[31m[1m>[22m[39m[90m 33 |[39m   useRef[33m,[39m
 [90m    |[39m [31m[1m^[22m[39m[31m[1m^[22m[39m[31m[1m^[22m[39m[31m[1m^[22m[39m[31m[1m^[22m[39m[
31m[1m^[22m[39m[31m[1m^[22m[39m[31m[1m^[22m[39m[31m[1m^[22m[39m
[31m[1m>[22m[39m[90m 34 |[39m   useState
 [90m    |[39m [31m[1m^[22m[39m[31m[1m^[22m[39m[31m[1m^[22m[39m[31m[1m^[22m[39m[31m[1m^[22m[39m[
31m[1m^[22m[39m[31m[1m^[22m[39m[31m[1m^[22m[39m[31m[1m^[22m[39m
[31m[1m>[22m[39m[90m 35 |[39m } [36mfrom[39m [32m"lucide-react"[39m[33m;[39m
 [90m    |[39m [31m[1m^[22m[39m[31m[1m^[22m[39m[31m[1m^[22m[39m[31m[1m^[22m[39m[31m[1m^[22m[39m[
31m[1m^[22m[39m[31m[1m^[22m[39m[31m[1m^[22m[39m[31m[1m^[22m[39m[31m[1m^[22m[39m[31m[1m^[22m[39m
[31m[1m^[22m[39m[31m[1m^[22m[39m[31m[1m^[22m[39m[31m[1m^[22m[39m[31m[1m^[22m[39m[31m[1m^[22m[39m
[31m[1m^[22m[39m[31m[1m^[22m[39m[31m[1m^[22m[39m[31m[1m^[22m[39m[31m[1m^[22m[39m[31m[1m^[22m[39
m
 [90m 36 |[39m
 [90m 37 |[39m [36mconst[39m [33mGOLD[39m [33m=[39m [32m"#D4AF37"[39m[33m;[39m
 [90m 38 |[39m [36mconst[39m [33mWA[39m [33m=[39m [32m"https://wa.me/917737877978?text=Hi%20Yash!%20I%27m%20pl
anning%20a%20destination%20wedding%20in%20Haridwar.%20Can%20you%20check%20availability%3F"[39m[33m;[39m[0m

The export useRef was not found in module [project]/node_modules/lucide-react/dist/esm/lucide-react.js [app-client] 
(ecmascript).
Did you mean to import Beef?
All exports of the module are statically known (It doesn't have dynamic exports). So it's known statically that the 
requested export doesn't exist.

Import traces:
  Client Component Browser:
    ./app/anchor-in-haridwar/page.jsx [Client Component Browser]
    ./app/anchor-in-haridwar/page.jsx [Server Component]

  Client Component SSR:
    ./app/anchor-in-haridwar/page.jsx [Client Component SSR]
    ./app/anchor-in-haridwar/page.jsx [Server Component]


./app/anchor-in-haridwar/page.jsx:31:1
Export useRef doesn't exist in target module
[0m [90m 29 |[39m [36mimport[39m { motion[33m,[39m
 [90m 30 |[39m   useInView } [36mfrom[39m [32m"framer-motion"[39m[33m;[39m
[31m[1m>[22m[39m[90m 31 |[39m [36mimport[39m {
 [90m    |[39m [31m[1m^[22m[39m[31m[1m^[22m[39m[31m[1m^[22m[39m[31m[1m^[22m[39m[31m[1m^[22m[39m[
31m[1m^[22m[39m[31m[1m^[22m[39m[31m[1m^[22m[39m
[31m[1m>[22m[39m[90m 32 |[39m   [33mMapPin[39m[33m,[39m
 [90m    |[39m [31m[1m^[22m[39m[31m[1m^[22m[39m[31m[1m^[22m[39m[31m[1m^[22m[39m[31m[1m^[22m[39m[
31m[1m^[22m[39m[31m[1m^[22m[39m[31m[1m^[22m[39m[31m[1m^[22m[39m
[31m[1m>[22m[39m[90m 33 |[39m   useRef[33m,[39m
 [90m    |[39m [31m[1m^[22m[39m[31m[1m^[22m[39m[31m[1m^[22m[39m[31m[1m^[22m[39m[31m[1m^[22m[39m[
31m[1m^[22m[39m[31m[1m^[22m[39m[31m[1m^[22m[39m[31m[1m^[22m[39m
[31m[1m>[22m[39m[90m 34 |[39m   useState
 [90m    |[39m [31m[1m^[22m[39m[31m[1m^[22m[39m[31m[1m^[22m[39m[31m[1m^[22m[39m[31m[1m^[22m[39m[
31m[1m^[22m[39m[31m[1m^[22m[39m[31m[1m^[22m[39m[31m[1m^[22m[39m
[31m[1m>[22m[39m[90m 35 |[39m } [36mfrom[39m [32m"lucide-react"[39m[33m;[39m
 [90m    |[39m [31m[1m^[22m[39m[31m[1m^[22m[39m[31m[1m^[22m[39m[31m[1m^[22m[39m[31m[1m^[22m[39m[
31m[1m^[22m[39m[31m[1m^[22m[39m[31m[1m^[22m[39m[31m[1m^[22m[39m[31m[1m^[22m[39m[31m[1m^[22m[39m
[31m[1m^[22m[39m[31m[1m^[22m[39m[31m[1m^[22m[39m[31m[1m^[22m[39m[31m[1m^[22m[39m[31m[1m^[22m[39m
[31m[1m^[22m[39m[31m[1m^[22m[39m[31m[1m^[22m[39m[31m[1m^[22m[39m[31m[1m^[22m[39m[31m[1m^[22m[39
m
 [90m 36 |[39m
 [90m 37 |[39m [36mconst[39m [33mGOLD[39m [33m=[39m [32m"#D4AF37"[39m[33m;[39m
 [90m 38 |[39m [36mconst[39m [33mWA[39m [33m=[39m [32m"https://wa.me/917737877978?text=Hi%20Yash!%20I%27m%20pl
anning%20a%20destination%20wedding%20in%20Haridwar.%20Can%20you%20check%20availability%3F"[39m[33m;[39m[0m

The export useRef was not found in module [project]/node_modules/lucide-react/dist/esm/lucide-react.js [app-ssr] 
(ecmascript).
Did you mean to import Beef?
All exports of the module are statically known (It doesn't have dynamic exports). So it's known statically that the 
requested export doesn't exist.

Import traces:
  Client Component Browser:
    ./app/anchor-in-haridwar/page.jsx [Client Component Browser]
    ./app/anchor-in-haridwar/page.jsx [Server Component]

  Client Component SSR:
    ./app/anchor-in-haridwar/page.jsx [Client Component SSR]
    ./app/anchor-in-haridwar/page.jsx [Server Component]


./app/anchor-in-hyderabad/page.jsx:32:1
Export useRef doesn't exist in target module
[0m [90m 30 |[39m [36mimport[39m { motion[33m,[39m
 [90m 31 |[39m   useInView } [36mfrom[39m [32m"framer-motion"[39m[33m;[39m
[31m[1m>[22m[39m[90m 32 |[39m [36mimport[39m {
 [90m    |[39m [31m[1m^[22m[39m[31m[1m^[22m[39m[31m[1m^[22m[39m[31m[1m^[22m[39m[31m[1m^[22m[39m[
31m[1m^[22m[39m[31m[1m^[22m[39m[31m[1m^[22m[39m
[31m[1m>[22m[39m[90m 33 |[39m   [33mMapPin[39m[33m,[39m
 [90m    |[39m [31m[1m^[22m[39m[31m[1m^[22m[39m[31m[1m^[22m[39m[31m[1m^[22m[39m[31m[1m^[22m[39m[
31m[1m^[22m[39m[31m[1m^[22m[39m[31m[1m^[22m[39m[31m[1m^[22m[39m
[31m[1m>[22m[39m[90m 34 |[39m   useRef[33m,[39m
 [90m    |[39m [31m[1m^[22m[39m[31m[1m^[22m[39m[31m[1m^[22m[39m[31m[1m^[22m[39m[31m[1m^[22m[39m[
31m[1m^[22m[39m[31m[1m^[22m[39m[31m[1m^[22m[39m[31m[1m^[22m[39m
[31m[1m>[22m[39m[90m 35 |[39m   useState
 [90m    |[39m [31m[1m^[22m[39m[31m[1m^[22m[39m[31m[1m^[22m[39m[31m[1m^[22m[39m[31m[1m^[22m[39m[
31m[1m^[22m[39m[31m[1m^[22m[39m[31m[1m^[22m[39m[31m[1m^[22m[39m
[31m[1m>[22m[39m[90m 36 |[39m } [36mfrom[39m [32m"lucide-react"[39m[33m;[39m
 [90m    |[39m [31m[1m^[22m[39m[31m[1m^[22m[39m[31m[1m^[22m[39m[31m[1m^[22m[39m[31m[1m^[22m[39m[
31m[1m^[22m[39m[31m[1m^[22m[39m[31m[1m^[22m[39m[31m[1m^[22m[39m[31m[1m^[22m[39m[31m[1m^[22m[39m
[31m[1m^[22m[39m[31m[1m^[22m[39m[31m[1m^[22m[39m[31m[1m^[22m[39m[31m[1m^[22m[39m[31m[1m^[22m[39m
[31m[1m^[22m[39m[31m[1m^[22m[39m[31m[1m^[22m[39m[31m[1m^[22m[39m[31m[1m^[22m[39m[31m[1m^[22m[39
m
 [90m 37 |[39m
 [90m 38 |[39m [36mconst[39m [33mGOLD[39m [33m=[39m [32m"#D4AF37"[39m[33m;[39m
 [90m 39 |[39m [36mconst[39m [33mWA[39m [33m=[39m [32m"https://wa.me/917737877978?text=Hi%20Yash!%20I%27m%20pl
anning%20an%20event%20in%20Hyderabad.%20Can%20you%20check%20availability%3F"[39m[33m;[39m[0m

The export useRef was not found in module [project]/node_modules/lucide-react/dist/esm/lucide-react.js [app-client] 
(ecmascript).
Did you mean to import Beef?
All exports of the module are statically known (It doesn't have dynamic exports). So it's known statically that the 
requested export doesn't exist.

Import traces:
  Client Component Browser:
    ./app/anchor-in-hyderabad/page.jsx [Client Component Browser]
    ./app/anchor-in-hyderabad/page.jsx [Server Component]

  Client Component SSR:
    ./app/anchor-in-hyderabad/page.jsx [Client Component SSR]
    ./app/anchor-in-hyderabad/page.jsx [Server Component]


./app/anchor-in-hyderabad/page.jsx:32:1
Export useRef doesn't exist in target module
[0m [90m 30 |[39m [36mimport[39m { motion[33m,[39m
 [90m 31 |[39m   useInView } [36mfrom[39m [32m"framer-motion"[39m[33m;[39m
[31m[1m>[22m[39m[90m 32 |[39m [36mimport[39m {
 [90m    |[39m [31m[1m^[22m[39m[31m[1m^[22m[39m[31m[1m^[22m[39m[31m[1m^[22m[39m[31m[1m^[22m[39m[
31m[1m^[22m[39m[31m[1m^[22m[39m[31m[1m^[22m[39m
[31m[1m>[22m[39m[90m 33 |[39m   [33mMapPin[39m[33m,[39m
 [90m    |[39m [31m[1m^[22m[39m[31m[1m^[22m[39m[31m[1m^[22m[39m[31m[1m^[22m[39m[31m[1m^[22m[39m[
31m[1m^[22m[39m[31m[1m^[22m[39m[31m[1m^[22m[39m[31m[1m^[22m[39m
[31m[1m>[22m[39m[90m 34 |[39m   useRef[33m,[39m
 [90m    |[39m [31m[1m^[22m[39m[31m[1m^[22m[39m[31m[1m^[22m[39m[31m[1m^[22m[39m[31m[1m^[22m[39m[
31m[1m^[22m[39m[31m[1m^[22m[39m[31m[1m^[22m[39m[31m[1m^[22m[39m
[31m[1m>[22m[39m[90m 35 |[39m   useState
 [90m    |[39m [31m[1m^[22m[39m[31m[1m^[22m[39m[31m[1m^[22m[39m[31m[1m^[22m[39m[31m[1m^[22m[39m[
31m[1m^[22m[39m[31m[1m^[22m[39m[31m[1m^[22m[39m[31m[1m^[22m[39m
[31m[1m>[22m[39m[90m 36 |[39m } [36mfrom[39m [32m"lucide-react"[39m[33m;[39m
 [90m    |[39m [31m[1m^[22m[39m[31m[1m^[22m[39m[31m[1m^[22m[39m[31m[1m^[22m[39m[31m[1m^[22m[39m[
31m[1m^[22m[39m[31m[1m^[22m[39m[31m[1m^[22m[39m[31m[1m^[22m[39m[31m[1m^[22m[39m[31m[1m^[22m[39m
[31m[1m^[22m[39m[31m[1m^[22m[39m[31m[1m^[22m[39m[31m[1m^[22m[39m[31m[1m^[22m[39m[31m[1m^[22m[39m
[31m[1m^[22m[39m[31m[1m^[22m[39m[31m[1m^[22m[39m[31m[1m^[22m[39m[31m[1m^[22m[39m[31m[1m^[22m[39
m
 [90m 37 |[39m
 [90m 38 |[39m [36mconst[39m [33mGOLD[39m [33m=[39m [32m"#D4AF37"[39m[33m;[39m
 [90m 39 |[39m [36mconst[39m [33mWA[39m [33m=[39m [32m"https://wa.me/917737877978?text=Hi%20Yash!%20I%27m%20pl
anning%20an%20event%20in%20Hyderabad.%20Can%20you%20check%20availability%3F"[39m[33m;[39m[0m

The export useRef was not found in module [project]/node_modules/lucide-react/dist/esm/lucide-react.js [app-ssr] 
(ecmascript).
Did you mean to import Beef?
All exports of the module are statically known (It doesn't have dynamic exports). So it's known statically that the 
requested export doesn't exist.

Import traces:
  Client Component Browser:
    ./app/anchor-in-hyderabad/page.jsx [Client Component Browser]
    ./app/anchor-in-hyderabad/page.jsx [Server Component]

  Client Component SSR:
    ./app/anchor-in-hyderabad/page.jsx [Client Component SSR]
    ./app/anchor-in-hyderabad/page.jsx [Server Component]


./app/anchor-in-jaisalmer/page.jsx:31:1
Export useRef doesn't exist in target module
[0m [90m 29 |[39m [36mimport[39m { motion[33m,[39m
 [90m 30 |[39m   useInView } [36mfrom[39m [32m"framer-motion"[39m[33m;[39m
[31m[1m>[22m[39m[90m 31 |[39m [36mimport[39m {
 [90m    |[39m [31m[1m^[22m[39m[31m[1m^[22m[39m[31m[1m^[22m[39m[31m[1m^[22m[39m[31m[1m^[22m[39m[
31m[1m^[22m[39m[31m[1m^[22m[39m[31m[1m^[22m[39m
[31m[1m>[22m[39m[90m 32 |[39m   [33mMapPin[39m[33m,[39m
 [90m    |[39m [31m[1m^[22m[39m[31m[1m^[22m[39m[31m[1m^[22m[39m[31m[1m^[22m[39m[31m[1m^[22m[39m[
31m[1m^[22m[39m[31m[1m^[22m[39m[31m[1m^[22m[39m[31m[1m^[22m[39m
[31m[1m>[22m[39m[90m 33 |[39m   useRef[33m,[39m
 [90m    |[39m [31m[1m^[22m[39m[31m[1m^[22m[39m[31m[1m^[22m[39m[31m[1m^[22m[39m[31m[1m^[22m[39m[
31m[1m^[22m[39m[31m[1m^[22m[39m[31m[1m^[22m[39m[31m[1m^[22m[39m
[31m[1m>[22m[39m[90m 34 |[39m   useState
 [90m    |[39m [31m[1m^[22m[39m[31m[1m^[22m[39m[31m[1m^[22m[39m[31m[1m^[22m[39m[31m[1m^[22m[39m[
31m[1m^[22m[39m[31m[1m^[22m[39m[31m[1m^[22m[39m[31m[1m^[22m[39m
[31m[1m>[22m[39m[90m 35 |[39m } [36mfrom[39m [32m"lucide-react"[39m[33m;[39m
 [90m    |[39m [31m[1m^[22m[39m[31m[1m^[22m[39m[31m[1m^[22m[39m[31m[1m^[22m[39m[31m[1m^[22m[39m[
31m[1m^[22m[39m[31m[1m^[22m[39m[31m[1m^[22m[39m[31m[1m^[22m[39m[31m[1m^[22m[39m[31m[1m^[22m[39m
[31m[1m^[22m[39m[31m[1m^[22m[39m[31m[1m^[22m[39m[31m[1m^[22m[39m[31m[1m^[22m[39m[31m[1m^[22m[39m
[31m[1m^[22m[39m[31m[1m^[22m[39m[31m[1m^[22m[39m[31m[1m^[22m[39m[31m[1m^[22m[39m[31m[1m^[22m[39
m
 [90m 36 |[39m
 [90m 37 |[39m [36mconst[39m [33mGOLD[39m [33m=[39m [32m"#D4AF37"[39m[33m;[39m
 [90m 38 |[39m [36mconst[39m [33mWA[39m [33m=[39m [32m"https://wa.me/917737877978?text=Hi%20Yash!%20I%27m%20pl
anning%20a%20destination%20wedding%20in%20Jaisalmer.%20Can%20you%20check%20availability%3F"[39m[33m;[39m[0m

The export useRef was not found in module [project]/node_modules/lucide-react/dist/esm/lucide-react.js [app-client] 
(ecmascript).
Did you mean to import Beef?
All exports of the module are statically known (It doesn't have dynamic exports). So it's known statically that the 
requested export doesn't exist.

Import traces:
  Client Component Browser:
    ./app/anchor-in-jaisalmer/page.jsx [Client Component Browser]
    ./app/anchor-in-jaisalmer/page.jsx [Server Component]

  Client Component SSR:
    ./app/anchor-in-jaisalmer/page.jsx [Client Component SSR]
    ./app/anchor-in-jaisalmer/page.jsx [Server Component]


./app/anchor-in-jaisalmer/page.jsx:31:1
Export useRef doesn't exist in target module
[0m [90m 29 |[39m [36mimport[39m { motion[33m,[39m
 [90m 30 |[39m   useInView } [36mfrom[39m [32m"framer-motion"[39m[33m;[39m
[31m[1m>[22m[39m[90m 31 |[39m [36mimport[39m {
 [90m    |[39m [31m[1m^[22m[39m[31m[1m^[22m[39m[31m[1m^[22m[39m[31m[1m^[22m[39m[31m[1m^[22m[39m[
31m[1m^[22m[39m[31m[1m^[22m[39m[31m[1m^[22m[39m
[31m[1m>[22m[39m[90m 32 |[39m   [33mMapPin[39m[33m,[39m
 [90m    |[39m [31m[1m^[22m[39m[31m[1m^[22m[39m[31m[1m^[22m[39m[31m[1m^[22m[39m[31m[1m^[22m[39m[
31m[1m^[22m[39m[31m[1m^[22m[39m[31m[1m^[22m[39m[31m[1m^[22m[39m
[31m[1m>[22m[39m[90m 33 |[39m   useRef[33m,[39m
 [90m    |[39m [31m[1m^[22m[39m[31m[1m^[22m[39m[31m[1m^[22m[39m[31m[1m^[22m[39m[31m[1m^[22m[39m[
31m[1m^[22m[39m[31m[1m^[22m[39m[31m[1m^[22m[39m[31m[1m^[22m[39m
[31m[1m>[22m[39m[90m 34 |[39m   useState
 [90m    |[39m [31m[1m^[22m[39m[31m[1m^[22m[39m[31m[1m^[22m[39m[31m[1m^[22m[39m[31m[1m^[22m[39m[
31m[1m^[22m[39m[31m[1m^[22m[39m[31m[1m^[22m[39m[31m[1m^[22m[39m
[31m[1m>[22m[39m[90m 35 |[39m } [36mfrom[39m [32m"lucide-react"[39m[33m;[39m
 [90m    |[39m [31m[1m^[22m[39m[31m[1m^[22m[39m[31m[1m^[22m[39m[31m[1m^[22m[39m[31m[1m^[22m[39m[
31m[1m^[22m[39m[31m[1m^[22m[39m[31m[1m^[22m[39m[31m[1m^[22m[39m[31m[1m^[22m[39m[31m[1m^[22m[39m
[31m[1m^[22m[39m[31m[1m^[22m[39m[31m[1m^[22m[39m[31m[1m^[22m[39m[31m[1m^[22m[39m[31m[1m^[22m[39m
[31m[1m^[22m[39m[31m[1m^[22m[39m[31m[1m^[22m[39m[31m[1m^[22m[39m[31m[1m^[22m[39m[31m[1m^[22m[39
m
 [90m 36 |[39m
 [90m 37 |[39m [36mconst[39m [33mGOLD[39m [33m=[39m [32m"#D4AF37"[39m[33m;[39m
 [90m 38 |[39m [36mconst[39m [33mWA[39m [33m=[39m [32m"https://wa.me/917737877978?text=Hi%20Yash!%20I%27m%20pl
anning%20a%20destination%20wedding%20in%20Jaisalmer.%20Can%20you%20check%20availability%3F"[39m[33m;[39m[0m

The export useRef was not found in module [project]/node_modules/lucide-react/dist/esm/lucide-react.js [app-ssr] 
(ecmascript).
Did you mean to import Beef?
All exports of the module are statically known (It doesn't have dynamic exports). So it's known statically that the 
requested export doesn't exist.

Import traces:
  Client Component Browser:
    ./app/anchor-in-jaisalmer/page.jsx [Client Component Browser]
    ./app/anchor-in-jaisalmer/page.jsx [Server Component]

  Client Component SSR:
    ./app/anchor-in-jaisalmer/page.jsx [Client Component SSR]
    ./app/anchor-in-jaisalmer/page.jsx [Server Component]


./app/anchor-in-kolkata/page.jsx:32:1
Export useRef doesn't exist in target module
[0m [90m 30 |[39m [36mimport[39m { motion[33m,[39m
 [90m 31 |[39m   useInView } [36mfrom[39m [32m"framer-motion"[39m[33m;[39m
[31m[1m>[22m[39m[90m 32 |[39m [36mimport[39m {
 [90m    |[39m [31m[1m^[22m[39m[31m[1m^[22m[39m[31m[1m^[22m[39m[31m[1m^[22m[39m[31m[1m^[22m[39m[
31m[1m^[22m[39m[31m[1m^[22m[39m[31m[1m^[22m[39m
[31m[1m>[22m[39m[90m 33 |[39m   [33mMapPin[39m[33m,[39m
 [90m    |[39m [31m[1m^[22m[39m[31m[1m^[22m[39m[31m[1m^[22m[39m[31m[1m^[22m[39m[31m[1m^[22m[39m[
31m[1m^[22m[39m[31m[1m^[22m[39m[31m[1m^[22m[39m[31m[1m^[22m[39m
[31m[1m>[22m[39m[90m 34 |[39m   useRef[33m,[39m
 [90m    |[39m [31m[1m^[22m[39m[31m[1m^[22m[39m[31m[1m^[22m[39m[31m[1m^[22m[39m[31m[1m^[22m[39m[
31m[1m^[22m[39m[31m[1m^[22m[39m[31m[1m^[22m[39m[31m[1m^[22m[39m
[31m[1m>[22m[39m[90m 35 |[39m   useState
 [90m    |[39m [31m[1m^[22m[39m[31m[1m^[22m[39m[31m[1m^[22m[39m[31m[1m^[22m[39m[31m[1m^[22m[39m[
31m[1m^[22m[39m[31m[1m^[22m[39m[31m[1m^[22m[39m[31m[1m^[22m[39m
[31m[1m>[22m[39m[90m 36 |[39m } [36mfrom[39m [32m"lucide-react"[39m[33m;[39m
 [90m    |[39m [31m[1m^[22m[39m[31m[1m^[22m[39m[31m[1m^[22m[39m[31m[1m^[22m[39m[31m[1m^[22m[39m[
31m[1m^[22m[39m[31m[1m^[22m[39m[31m[1m^[22m[39m[31m[1m^[22m[39m[31m[1m^[22m[39m[31m[1m^[22m[39m
[31m[1m^[22m[39m[31m[1m^[22m[39m[31m[1m^[22m[39m[31m[1m^[22m[39m[31m[1m^[22m[39m[31m[1m^[22m[39m
[31m[1m^[22m[39m[31m[1m^[22m[39m[31m[1m^[22m[39m[31m[1m^[22m[39m[31m[1m^[22m[39m[31m[1m^[22m[39
m
 [90m 37 |[39m
 [90m 38 |[39m [36mconst[39m [33mGOLD[39m [33m=[39m [32m"#D4AF37"[39m[33m;[39m
 [90m 39 |[39m [36mconst[39m [33mWA[39m [33m=[39m [32m"https://wa.me/917737877978?text=Hi%20Yash!%20I%27m%20pl
anning%20an%20event%20in%20Kolkata.%20Can%20you%20check%20availability%3F"[39m[33m;[39m[0m

The export useRef was not found in module [project]/node_modules/lucide-react/dist/esm/lucide-react.js [app-client] 
(ecmascript).
Did you mean to import Beef?
All exports of the module are statically known (It doesn't have dynamic exports). So it's known statically that the 
requested export doesn't exist.

Import traces:
  Client Component Browser:
    ./app/anchor-in-kolkata/page.jsx [Client Component Browser]
    ./app/anchor-in-kolkata/page.jsx [Server Component]

  Client Component SSR:
    ./app/anchor-in-kolkata/page.jsx [Client Component SSR]
    ./app/anchor-in-kolkata/page.jsx [Server Component]


./app/anchor-in-kolkata/page.jsx:32:1
Export useRef doesn't exist in target module
[0m [90m 30 |[39m [36mimport[39m { motion[33m,[39m
 [90m 31 |[39m   useInView } [36mfrom[39m [32m"framer-motion"[39m[33m;[39m
[31m[1m>[22m[39m[90m 32 |[39m [36mimport[39m {
 [90m    |[39m [31m[1m^[22m[39m[31m[1m^[22m[39m[31m[1m^[22m[39m[31m[1m^[22m[39m[31m[1m^[22m[39m[
31m[1m^[22m[39m[31m[1m^[22m[39m[31m[1m^[22m[39m
[31m[1m>[22m[39m[90m 33 |[39m   [33mMapPin[39m[33m,[39m
 [90m    |[39m [31m[1m^[22m[39m[31m[1m^[22m[39m[31m[1m^[22m[39m[31m[1m^[22m[39m[31m[1m^[22m[39m[
31m[1m^[22m[39m[31m[1m^[22m[39m[31m[1m^[22m[39m[31m[1m^[22m[39m
[31m[1m>[22m[39m[90m 34 |[39m   useRef[33m,[39m
 [90m    |[39m [31m[1m^[22m[39m[31m[1m^[22m[39m[31m[1m^[22m[39m[31m[1m^[22m[39m[31m[1m^[22m[39m[
31m[1m^[22m[39m[31m[1m^[22m[39m[31m[1m^[22m[39m[31m[1m^[22m[39m
[31m[1m>[22m[39m[90m 35 |[39m   useState
 [90m    |[39m [31m[1m^[22m[39m[31m[1m^[22m[39m[31m[1m^[22m[39m[31m[1m^[22m[39m[31m[1m^[22m[39m[
31m[1m^[22m[39m[31m[1m^[22m[39m[31m[1m^[22m[39m[31m[1m^[22m[39m
[31m[1m>[22m[39m[90m 36 |[39m } [36mfrom[39m [32m"lucide-react"[39m[33m;[39m
 [90m    |[39m [31m[1m^[22m[39m[31m[1m^[22m[39m[31m[1m^[22m[39m[31m[1m^[22m[39m[31m[1m^[22m[39m[
31m[1m^[22m[39m[31m[1m^[22m[39m[31m[1m^[22m[39m[31m[1m^[22m[39m[31m[1m^[22m[39m[31m[1m^[22m[39m
[31m[1m^[22m[39m[31m[1m^[22m[39m[31m[1m^[22m[39m[31m[1m^[22m[39m[31m[1m^[22m[39m[31m[1m^[22m[39m
[31m[1m^[22m[39m[31m[1m^[22m[39m[31m[1m^[22m[39m[31m[1m^[22m[39m[31m[1m^[22m[39m[31m[1m^[22m[39
m
 [90m 37 |[39m
 [90m 38 |[39m [36mconst[39m [33mGOLD[39m [33m=[39m [32m"#D4AF37"[39m[33m;[39m
 [90m 39 |[39m [36mconst[39m [33mWA[39m [33m=[39m [32m"https://wa.me/917737877978?text=Hi%20Yash!%20I%27m%20pl
anning%20an%20event%20in%20Kolkata.%20Can%20you%20check%20availability%3F"[39m[33m;[39m[0m

The export useRef was not found in module [project]/node_modules/lucide-react/dist/esm/lucide-react.js [app-ssr] 
(ecmascript).
Did you mean to import Beef?
All exports of the module are statically known (It doesn't have dynamic exports). So it's known statically that the 
requested export doesn't exist.

Import traces:
  Client Component Browser:
    ./app/anchor-in-kolkata/page.jsx [Client Component Browser]
    ./app/anchor-in-kolkata/page.jsx [Server Component]

  Client Component SSR:
    ./app/anchor-in-kolkata/page.jsx [Client Component SSR]
    ./app/anchor-in-kolkata/page.jsx [Server Component]


./app/anchor-in-kota/page.jsx:30:1
Export useRef doesn't exist in target module
[0m [90m 28 |[39m [36mimport[39m { motion[33m,[39m
 [90m 29 |[39m   useInView } [36mfrom[39m [32m"framer-motion"[39m[33m;[39m
[31m[1m>[22m[39m[90m 30 |[39m [36mimport[39m {
 [90m    |[39m [31m[1m^[22m[39m[31m[1m^[22m[39m[31m[1m^[22m[39m[31m[1m^[22m[39m[31m[1m^[22m[39m[
31m[1m^[22m[39m[31m[1m^[22m[39m[31m[1m^[22m[39m
[31m[1m>[22m[39m[90m 31 |[39m   [33mMapPin[39m[33m,[39m
 [90m    |[39m [31m[1m^[22m[39m[31m[1m^[22m[39m[31m[1m^[22m[39m[31m[1m^[22m[39m[31m[1m^[22m[39m[
31m[1m^[22m[39m[31m[1m^[22m[39m[31m[1m^[22m[39m[31m[1m^[22m[39m
[31m[1m>[22m[39m[90m 32 |[39m   useRef[33m,[39m
 [90m    |[39m [31m[1m^[22m[39m[31m[1m^[22m[39m[31m[1m^[22m[39m[31m[1m^[22m[39m[31m[1m^[22m[39m[
31m[1m^[22m[39m[31m[1m^[22m[39m[31m[1m^[22m[39m[31m[1m^[22m[39m
[31m[1m>[22m[39m[90m 33 |[39m   useState
 [90m    |[39m [31m[1m^[22m[39m[31m[1m^[22m[39m[31m[1m^[22m[39m[31m[1m^[22m[39m[31m[1m^[22m[39m[
31m[1m^[22m[39m[31m[1m^[22m[39m[31m[1m^[22m[39m[31m[1m^[22m[39m
[31m[1m>[22m[39m[90m 34 |[39m } [36mfrom[39m [32m"lucide-react"[39m[33m;[39m
 [90m    |[39m [31m[1m^[22m[39m[31m[1m^[22m[39m[31m[1m^[22m[39m[31m[1m^[22m[39m[31m[1m^[22m[39m[
31m[1m^[22m[39m[31m[1m^[22m[39m[31m[1m^[22m[39m[31m[1m^[22m[39m[31m[1m^[22m[39m[31m[1m^[22m[39m
[31m[1m^[22m[39m[31m[1m^[22m[39m[31m[1m^[22m[39m[31m[1m^[22m[39m[31m[1m^[22m[39m[31m[1m^[22m[39m
[31m[1m^[22m[39m[31m[1m^[22m[39m[31m[1m^[22m[39m[31m[1m^[22m[39m[31m[1m^[22m[39m[31m[1m^[22m[39
m
 [90m 35 |[39m
 [90m 36 |[39m [36mconst[39m [33mGOLD[39m [33m=[39m [32m"#D4AF37"[39m[33m;[39m
 [90m 37 |[39m [36mconst[39m [33mWA[39m [33m=[39m [32m"https://wa.me/917737877978?text=Hi%20Yash!%20I%27m%20pl
anning%20an%20event%20in%20Kota.%20Can%20you%20check%20availability%3F"[39m[33m;[39m[0m

The export useRef was not found in module [project]/node_modules/lucide-react/dist/esm/lucide-react.js [app-client] 
(ecmascript).
Did you mean to import Beef?
All exports of the module are statically known (It doesn't have dynamic exports). So it's known statically that the 
requested export doesn't exist.

Import traces:
  Client Component Browser:
    ./app/anchor-in-kota/page.jsx [Client Component Browser]
    ./app/anchor-in-kota/page.jsx [Server Component]

  Client Component SSR:
    ./app/anchor-in-kota/page.jsx [Client Component SSR]
    ./app/anchor-in-kota/page.jsx [Server Component]


./app/anchor-in-kota/page.jsx:30:1
Export useRef doesn't exist in target module
[0m [90m 28 |[39m [36mimport[39m { motion[33m,[39m
 [90m 29 |[39m   useInView } [36mfrom[39m [32m"framer-motion"[39m[33m;[39m
[31m[1m>[22m[39m[90m 30 |[39m [36mimport[39m {
 [90m    |[39m [31m[1m^[22m[39m[31m[1m^[22m[39m[31m[1m^[22m[39m[31m[1m^[22m[39m[31m[1m^[22m[39m[
31m[1m^[22m[39m[31m[1m^[22m[39m[31m[1m^[22m[39m
[31m[1m>[22m[39m[90m 31 |[39m   [33mMapPin[39m[33m,[39m
 [90m    |[39m [31m[1m^[22m[39m[31m[1m^[22m[39m[31m[1m^[22m[39m[31m[1m^[22m[39m[31m[1m^[22m[39m[
31m[1m^[22m[39m[31m[1m^[22m[39m[31m[1m^[22m[39m[31m[1m^[22m[39m
[31m[1m>[22m[39m[90m 32 |[39m   useRef[33m,[39m
 [90m    |[39m [31m[1m^[22m[39m[31m[1m^[22m[39m[31m[1m^[22m[39m[31m[1m^[22m[39m[31m[1m^[22m[39m[
31m[1m^[22m[39m[31m[1m^[22m[39m[31m[1m^[22m[39m[31m[1m^[22m[39m
[31m[1m>[22m[39m[90m 33 |[39m   useState
 [90m    |[39m [31m[1m^[22m[39m[31m[1m^[22m[39m[31m[1m^[22m[39m[31m[1m^[22m[39m[31m[1m^[22m[39m[
31m[1m^[22m[39m[31m[1m^[22m[39m[31m[1m^[22m[39m[31m[1m^[22m[39m
[31m[1m>[22m[39m[90m 34 |[39m } [36mfrom[39m [32m"lucide-react"[39m[33m;[39m
 [90m    |[39m [31m[1m^[22m[39m[31m[1m^[22m[39m[31m[1m^[22m[39m[31m[1m^[22m[39m[31m[1m^[22m[39m[
31m[1m^[22m[39m[31m[1m^[22m[39m[31m[1m^[22m[39m[31m[1m^[22m[39m[31m[1m^[22m[39m[31m[1m^[22m[39m
[31m[1m^[22m[39m[31m[1m^[22m[39m[31m[1m^[22m[39m[31m[1m^[22m[39m[31m[1m^[22m[39m[31m[1m^[22m[39m
[31m[1m^[22m[39m[31m[1m^[22m[39m[31m[1m^[22m[39m[31m[1m^[22m[39m[31m[1m^[22m[39m[31m[1m^[22m[39
m
 [90m 35 |[39m
 [90m 36 |[39m [36mconst[39m [33mGOLD[39m [33m=[39m [32m"#D4AF37"[39m[33m;[39m
 [90m 37 |[39m [36mconst[39m [33mWA[39m [33m=[39m [32m"https://wa.me/917737877978?text=Hi%20Yash!%20I%27m%20pl
anning%20an%20event%20in%20Kota.%20Can%20you%20check%20availability%3F"[39m[33m;[39m[0m

The export useRef was not found in module [project]/node_modules/lucide-react/dist/esm/lucide-react.js [app-ssr] 
(ecmascript).
Did you mean to import Beef?
All exports of the module are statically known (It doesn't have dynamic exports). So it's known statically that the 
requested export doesn't exist.

Import traces:
  Client Component Browser:
    ./app/anchor-in-kota/page.jsx [Client Component Browser]
    ./app/anchor-in-kota/page.jsx [Server Component]

  Client Component SSR:
    ./app/anchor-in-kota/page.jsx [Client Component SSR]
    ./app/anchor-in-kota/page.jsx [Server Component]


./app/anchor-in-manali/page.jsx:31:1
Export useRef doesn't exist in target module
[0m [90m 29 |[39m [36mimport[39m { motion[33m,[39m
 [90m 30 |[39m   useInView } [36mfrom[39m [32m"framer-motion"[39m[33m;[39m
[31m[1m>[22m[39m[90m 31 |[39m [36mimport[39m {
 [90m    |[39m [31m[1m^[22m[39m[31m[1m^[22m[39m[31m[1m^[22m[39m[31m[1m^[22m[39m[31m[1m^[22m[39m[
31m[1m^[22m[39m[31m[1m^[22m[39m[31m[1m^[22m[39m
[31m[1m>[22m[39m[90m 32 |[39m   [33mMapPin[39m[33m,[39m
 [90m    |[39m [31m[1m^[22m[39m[31m[1m^[22m[39m[31m[1m^[22m[39m[31m[1m^[22m[39m[31m[1m^[22m[39m[
31m[1m^[22m[39m[31m[1m^[22m[39m[31m[1m^[22m[39m[31m[1m^[22m[39m
[31m[1m>[22m[39m[90m 33 |[39m   useRef[33m,[39m
 [90m    |[39m [31m[1m^[22m[39m[31m[1m^[22m[39m[31m[1m^[22m[39m[31m[1m^[22m[39m[31m[1m^[22m[39m[
31m[1m^[22m[39m[31m[1m^[22m[39m[31m[1m^[22m[39m[31m[1m^[22m[39m
[31m[1m>[22m[39m[90m 34 |[39m   useState
 [90m    |[39m [31m[1m^[22m[39m[31m[1m^[22m[39m[31m[1m^[22m[39m[31m[1m^[22m[39m[31m[1m^[22m[39m[
31m[1m^[22m[39m[31m[1m^[22m[39m[31m[1m^[22m[39m[31m[1m^[22m[39m
[31m[1m>[22m[39m[90m 35 |[39m } [36mfrom[39m [32m"lucide-react"[39m[33m;[39m
 [90m    |[39m [31m[1m^[22m[39m[31m[1m^[22m[39m[31m[1m^[22m[39m[31m[1m^[22m[39m[31m[1m^[22m[39m[
31m[1m^[22m[39m[31m[1m^[22m[39m[31m[1m^[22m[39m[31m[1m^[22m[39m[31m[1m^[22m[39m[31m[1m^[22m[39m
[31m[1m^[22m[39m[31m[1m^[22m[39m[31m[1m^[22m[39m[31m[1m^[22m[39m[31m[1m^[22m[39m[31m[1m^[22m[39m
[31m[1m^[22m[39m[31m[1m^[22m[39m[31m[1m^[22m[39m[31m[1m^[22m[39m[31m[1m^[22m[39m[31m[1m^[22m[39
m
 [90m 36 |[39m
 [90m 37 |[39m [36mconst[39m [33mGOLD[39m [33m=[39m [32m"#D4AF37"[39m[33m;[39m
 [90m 38 |[39m [36mconst[39m [33mWA[39m [33m=[39m [32m"https://wa.me/917737877978?text=Hi%20Yash!%20I%27m%20pl
anning%20a%20destination%20wedding%20in%20Manali.%20Can%20you%20check%20availability%3F"[39m[33m;[39m[0m

The export useRef was not found in module [project]/node_modules/lucide-react/dist/esm/lucide-react.js [app-client] 
(ecmascript).
Did you mean to import Beef?
All exports of the module are statically known (It doesn't have dynamic exports). So it's known statically that the 
requested export doesn't exist.

Import traces:
  Client Component Browser:
    ./app/anchor-in-manali/page.jsx [Client Component Browser]
    ./app/anchor-in-manali/page.jsx [Server Component]

  Client Component SSR:
    ./app/anchor-in-manali/page.jsx [Client Component SSR]
    ./app/anchor-in-manali/page.jsx [Server Component]


./app/anchor-in-manali/page.jsx:31:1
Export useRef doesn't exist in target module
[0m [90m 29 |[39m [36mimport[39m { motion[33m,[39m
 [90m 30 |[39m   useInView } [36mfrom[39m [32m"framer-motion"[39m[33m;[39m
[31m[1m>[22m[39m[90m 31 |[39m [36mimport[39m {
 [90m    |[39m [31m[1m^[22m[39m[31m[1m^[22m[39m[31m[1m^[22m[39m[31m[1m^[22m[39m[31m[1m^[22m[39m[
31m[1m^[22m[39m[31m[1m^[22m[39m[31m[1m^[22m[39m
[31m[1m>[22m[39m[90m 32 |[39m   [33mMapPin[39m[33m,[39m
 [90m    |[39m [31m[1m^[22m[39m[31m[1m^[22m[39m[31m[1m^[22m[39m[31m[1m^[22m[39m[31m[1m^[22m[39m[
31m[1m^[22m[39m[31m[1m^[22m[39m[31m[1m^[22m[39m[31m[1m^[22m[39m
[31m[1m>[22m[39m[90m 33 |[39m   useRef[33m,[39m
 [90m    |[39m [31m[1m^[22m[39m[31m[1m^[22m[39m[31m[1m^[22m[39m[31m[1m^[22m[39m[31m[1m^[22m[39m[
31m[1m^[22m[39m[31m[1m^[22m[39m[31m[1m^[22m[39m[31m[1m^[22m[39m
[31m[1m>[22m[39m[90m 34 |[39m   useState
 [90m    |[39m [31m[1m^[22m[39m[31m[1m^[22m[39m[31m[1m^[22m[39m[31m[1m^[22m[39m[31m[1m^[22m[39m[
31m[1m^[22m[39m[31m[1m^[22m[39m[31m[1m^[22m[39m[31m[1m^[22m[39m
[31m[1m>[22m[39m[90m 35 |[39m } [36mfrom[39m [32m"lucide-react"[39m[33m;[39m
 [90m    |[39m [31m[1m^[22m[39m[31m[1m^[22m[39m[31m[1m^[22m[39m[31m[1m^[22m[39m[31m[1m^[22m[39m[
31m[1m^[22m[39m[31m[1m^[22m[39m[31m[1m^[22m[39m[31m[1m^[22m[39m[31m[1m^[22m[39m[31m[1m^[22m[39m
[31m[1m^[22m[39m[31m[1m^[22m[39m[31m[1m^[22m[39m[31m[1m^[22m[39m[31m[1m^[22m[39m[31m[1m^[22m[39m
[31m[1m^[22m[39m[31m[1m^[22m[39m[31m[1m^[22m[39m[31m[1m^[22m[39m[31m[1m^[22m[39m[31m[1m^[22m[39
m
 [90m 36 |[39m
 [90m 37 |[39m [36mconst[39m [33mGOLD[39m [33m=[39m [32m"#D4AF37"[39m[33m;[39m
 [90m 38 |[39m [36mconst[39m [33mWA[39m [33m=[39m [32m"https://wa.me/917737877978?text=Hi%20Yash!%20I%27m%20pl
anning%20a%20destination%20wedding%20in%20Manali.%20Can%20you%20check%20availability%3F"[39m[33m;[39m[0m

The export useRef was not found in module [project]/node_modules/lucide-react/dist/esm/lucide-react.js [app-ssr] 
(ecmascript).
Did you mean to import Beef?
All exports of the module are statically known (It doesn't have dynamic exports). So it's known statically that the 
requested export doesn't exist.

Import traces:
  Client Component Browser:
    ./app/anchor-in-manali/page.jsx [Client Component Browser]
    ./app/anchor-in-manali/page.jsx [Server Component]

  Client Component SSR:
    ./app/anchor-in-manali/page.jsx [Client Component SSR]
    ./app/anchor-in-manali/page.jsx [Server Component]


./app/anchor-in-mandawa/page.jsx:30:1
Export useRef doesn't exist in target module
[0m [90m 28 |[39m [36mimport[39m { motion[33m,[39m
 [90m 29 |[39m   useInView } [36mfrom[39m [32m"framer-motion"[39m[33m;[39m
[31m[1m>[22m[39m[90m 30 |[39m [36mimport[39m {
 [90m    |[39m [31m[1m^[22m[39m[31m[1m^[22m[39m[31m[1m^[22m[39m[31m[1m^[22m[39m[31m[1m^[22m[39m[
31m[1m^[22m[39m[31m[1m^[22m[39m[31m[1m^[22m[39m
[31m[1m>[22m[39m[90m 31 |[39m   [33mMapPin[39m[33m,[39m
 [90m    |[39m [31m[1m^[22m[39m[31m[1m^[22m[39m[31m[1m^[22m[39m[31m[1m^[22m[39m[31m[1m^[22m[39m[
31m[1m^[22m[39m[31m[1m^[22m[39m[31m[1m^[22m[39m[31m[1m^[22m[39m
[31m[1m>[22m[39m[90m 32 |[39m   useRef[33m,[39m
 [90m    |[39m [31m[1m^[22m[39m[31m[1m^[22m[39m[31m[1m^[22m[39m[31m[1m^[22m[39m[31m[1m^[22m[39m[
31m[1m^[22m[39m[31m[1m^[22m[39m[31m[1m^[22m[39m[31m[1m^[22m[39m
[31m[1m>[22m[39m[90m 33 |[39m   useState
 [90m    |[39m [31m[1m^[22m[39m[31m[1m^[22m[39m[31m[1m^[22m[39m[31m[1m^[22m[39m[31m[1m^[22m[39m[
31m[1m^[22m[39m[31m[1m^[22m[39m[31m[1m^[22m[39m[31m[1m^[22m[39m
[31m[1m>[22m[39m[90m 34 |[39m } [36mfrom[39m [32m"lucide-react"[39m[33m;[39m
 [90m    |[39m [31m[1m^[22m[39m[31m[1m^[22m[39m[31m[1m^[22m[39m[31m[1m^[22m[39m[31m[1m^[22m[39m[
31m[1m^[22m[39m[31m[1m^[22m[39m[31m[1m^[22m[39m[31m[1m^[22m[39m[31m[1m^[22m[39m[31m[1m^[22m[39m
[31m[1m^[22m[39m[31m[1m^[22m[39m[31m[1m^[22m[39m[31m[1m^[22m[39m[31m[1m^[22m[39m[31m[1m^[22m[39m
[31m[1m^[22m[39m[31m[1m^[22m[39m[31m[1m^[22m[39m[31m[1m^[22m[39m[31m[1m^[22m[39m[31m[1m^[22m[39
m
 [90m 35 |[39m
 [90m 36 |[39m [36mconst[39m [33mGOLD[39m [33m=[39m [32m"#D4AF37"[39m[33m;[39m
 [90m 37 |[39m [36mconst[39m [33mWA[39m [33m=[39m [32m"https://wa.me/917737877978?text=Hi%20Yash!%20I%27m%20pl
anning%20a%20destination%20wedding%20in%20Mandawa%20or%20Shekhawati.%20Can%20you%20check%20availability%3F"[39m[33m;
[39m[0m

The export useRef was not found in module [project]/node_modules/lucide-react/dist/esm/lucide-react.js [app-client] 
(ecmascript).
Did you mean to import Beef?
All exports of the module are statically known (It doesn't have dynamic exports). So it's known statically that the 
requested export doesn't exist.

Import traces:
  Client Component Browser:
    ./app/anchor-in-mandawa/page.jsx [Client Component Browser]
    ./app/anchor-in-mandawa/page.jsx [Server Component]

  Client Component SSR:
    ./app/anchor-in-mandawa/page.jsx [Client Component SSR]
    ./app/anchor-in-mandawa/page.jsx [Server Component]


./app/anchor-in-mandawa/page.jsx:30:1
Export useRef doesn't exist in target module
[0m [90m 28 |[39m [36mimport[39m { motion[33m,[39m
 [90m 29 |[39m   useInView } [36mfrom[39m [32m"framer-motion"[39m[33m;[39m
[31m[1m>[22m[39m[90m 30 |[39m [36mimport[39m {
 [90m    |[39m [31m[1m^[22m[39m[31m[1m^[22m[39m[31m[1m^[22m[39m[31m[1m^[22m[39m[31m[1m^[22m[39m[
31m[1m^[22m[39m[31m[1m^[22m[39m[31m[1m^[22m[39m
[31m[1m>[22m[39m[90m 31 |[39m   [33mMapPin[39m[33m,[39m
 [90m    |[39m [31m[1m^[22m[39m[31m[1m^[22m[39m[31m[1m^[22m[39m[31m[1m^[22m[39m[31m[1m^[22m[39m[
31m[1m^[22m[39m[31m[1m^[22m[39m[31m[1m^[22m[39m[31m[1m^[22m[39m
[31m[1m>[22m[39m[90m 32 |[39m   useRef[33m,[39m
 [90m    |[39m [31m[1m^[22m[39m[31m[1m^[22m[39m[31m[1m^[22m[39m[31m[1m^[22m[39m[31m[1m^[22m[39m[
31m[1m^[22m[39m[31m[1m^[22m[39m[31m[1m^[22m[39m[31m[1m^[22m[39m
[31m[1m>[22m[39m[90m 33 |[39m   useState
 [90m    |[39m [31m[1m^[22m[39m[31m[1m^[22m[39m[31m[1m^[22m[39m[31m[1m^[22m[39m[31m[1m^[22m[39m[
31m[1m^[22m[39m[31m[1m^[22m[39m[31m[1m^[22m[39m[31m[1m^[22m[39m
[31m[1m>[22m[39m[90m 34 |[39m } [36mfrom[39m [32m"lucide-react"[39m[33m;[39m
 [90m    |[39m [31m[1m^[22m[39m[31m[1m^[22m[39m[31m[1m^[22m[39m[31m[1m^[22m[39m[31m[1m^[22m[39m[
31m[1m^[22m[39m[31m[1m^[22m[39m[31m[1m^[22m[39m[31m[1m^[22m[39m[31m[1m^[22m[39m[31m[1m^[22m[39m
[31m[1m^[22m[39m[31m[1m^[22m[39m[31m[1m^[22m[39m[31m[1m^[22m[39m[31m[1m^[22m[39m[31m[1m^[22m[39m
[31m[1m^[22m[39m[31m[1m^[22m[39m[31m[1m^[22m[39m[31m[1m^[22m[39m[31m[1m^[22m[39m[31m[1m^[22m[39
m
 [90m 35 |[39m
 [90m 36 |[39m [36mconst[39m [33mGOLD[39m [33m=[39m [32m"#D4AF37"[39m[33m;[39m
 [90m 37 |[39m [36mconst[39m [33mWA[39m [33m=[39m [32m"https://wa.me/917737877978?text=Hi%20Yash!%20I%27m%20pl
anning%20a%20destination%20wedding%20in%20Mandawa%20or%20Shekhawati.%20Can%20you%20check%20availability%3F"[39m[33m;
[39m[0m

The export useRef was not found in module [project]/node_modules/lucide-react/dist/esm/lucide-react.js [app-ssr] 
(ecmascript).
Did you mean to import Beef?
All exports of the module are statically known (It doesn't have dynamic exports). So it's known statically that the 
requested export doesn't exist.

Import traces:
  Client Component Browser:
    ./app/anchor-in-mandawa/page.jsx [Client Component Browser]
    ./app/anchor-in-mandawa/page.jsx [Server Component]

  Client Component SSR:
    ./app/anchor-in-mandawa/page.jsx [Client Component SSR]
    ./app/anchor-in-mandawa/page.jsx [Server Component]


./app/anchor-in-mount-abu/page.jsx:30:1
Export useRef doesn't exist in target module
[0m [90m 28 |[39m [36mimport[39m { motion[33m,[39m
 [90m 29 |[39m   useInView } [36mfrom[39m [32m"framer-motion"[39m[33m;[39m
[31m[1m>[22m[39m[90m 30 |[39m [36mimport[39m {
 [90m    |[39m [31m[1m^[22m[39m[31m[1m^[22m[39m[31m[1m^[22m[39m[31m[1m^[22m[39m[31m[1m^[22m[39m[
31m[1m^[22m[39m[31m[1m^[22m[39m[31m[1m^[22m[39m
[31m[1m>[22m[39m[90m 31 |[39m   [33mMapPin[39m[33m,[39m
 [90m    |[39m [31m[1m^[22m[39m[31m[1m^[22m[39m[31m[1m^[22m[39m[31m[1m^[22m[39m[31m[1m^[22m[39m[
31m[1m^[22m[39m[31m[1m^[22m[39m[31m[1m^[22m[39m[31m[1m^[22m[39m
[31m[1m>[22m[39m[90m 32 |[39m   useRef[33m,[39m
 [90m    |[39m [31m[1m^[22m[39m[31m[1m^[22m[39m[31m[1m^[22m[39m[31m[1m^[22m[39m[31m[1m^[22m[39m[
31m[1m^[22m[39m[31m[1m^[22m[39m[31m[1m^[22m[39m[31m[1m^[22m[39m
[31m[1m>[22m[39m[90m 33 |[39m   useState
 [90m    |[39m [31m[1m^[22m[39m[31m[1m^[22m[39m[31m[1m^[22m[39m[31m[1m^[22m[39m[31m[1m^[22m[39m[
31m[1m^[22m[39m[31m[1m^[22m[39m[31m[1m^[22m[39m[31m[1m^[22m[39m
[31m[1m>[22m[39m[90m 34 |[39m } [36mfrom[39m [32m"lucide-react"[39m[33m;[39m
 [90m    |[39m [31m[1m^[22m[39m[31m[1m^[22m[39m[31m[1m^[22m[39m[31m[1m^[22m[39m[31m[1m^[22m[39m[
31m[1m^[22m[39m[31m[1m^[22m[39m[31m[1m^[22m[39m[31m[1m^[22m[39m[31m[1m^[22m[39m[31m[1m^[22m[39m
[31m[1m^[22m[39m[31m[1m^[22m[39m[31m[1m^[22m[39m[31m[1m^[22m[39m[31m[1m^[22m[39m[31m[1m^[22m[39m
[31m[1m^[22m[39m[31m[1m^[22m[39m[31m[1m^[22m[39m[31m[1m^[22m[39m[31m[1m^[22m[39m[31m[1m^[22m[39
m
 [90m 35 |[39m
 [90m 36 |[39m [36mconst[39m [33mGOLD[39m [33m=[39m [32m"#D4AF37"[39m[33m;[39m
 [90m 37 |[39m [36mconst[39m [33mWA[39m [33m=[39m [32m"https://wa.me/917737877978?text=Hi%20Yash!%20I%27m%20pl
anning%20a%20destination%20wedding%20in%20Mount%20Abu.%20Can%20you%20check%20availability%3F"[39m[33m;[39m[0m

The export useRef was not found in module [project]/node_modules/lucide-react/dist/esm/lucide-react.js [app-client] 
(ecmascript).
Did you mean to import Beef?
All exports of the module are statically known (It doesn't have dynamic exports). So it's known statically that the 
requested export doesn't exist.

Import traces:
  Client Component Browser:
    ./app/anchor-in-mount-abu/page.jsx [Client Component Browser]
    ./app/anchor-in-mount-abu/page.jsx [Server Component]

  Client Component SSR:
    ./app/anchor-in-mount-abu/page.jsx [Client Component SSR]
    ./app/anchor-in-mount-abu/page.jsx [Server Component]


./app/anchor-in-mount-abu/page.jsx:30:1
Export useRef doesn't exist in target module
[0m [90m 28 |[39m [36mimport[39m { motion[33m,[39m
 [90m 29 |[39m   useInView } [36mfrom[39m [32m"framer-motion"[39m[33m;[39m
[31m[1m>[22m[39m[90m 30 |[39m [36mimport[39m {
 [90m    |[39m [31m[1m^[22m[39m[31m[1m^[22m[39m[31m[1m^[22m[39m[31m[1m^[22m[39m[31m[1m^[22m[39m[
31m[1m^[22m[39m[31m[1m^[22m[39m[31m[1m^[22m[39m
[31m[1m>[22m[39m[90m 31 |[39m   [33mMapPin[39m[33m,[39m
 [90m    |[39m [31m[1m^[22m[39m[31m[1m^[22m[39m[31m[1m^[22m[39m[31m[1m^[22m[39m[31m[1m^[22m[39m[
31m[1m^[22m[39m[31m[1m^[22m[39m[31m[1m^[22m[39m[31m[1m^[22m[39m
[31m[1m>[22m[39m[90m 32 |[39m   useRef[33m,[39m
 [90m    |[39m [31m[1m^[22m[39m[31m[1m^[22m[39m[31m[1m^[22m[39m[31m[1m^[22m[39m[31m[1m^[22m[39m[
31m[1m^[22m[39m[31m[1m^[22m[39m[31m[1m^[22m[39m[31m[1m^[22m[39m
[31m[1m>[22m[39m[90m 33 |[39m   useState
 [90m    |[39m [31m[1m^[22m[39m[31m[1m^[22m[39m[31m[1m^[22m[39m[31m[1m^[22m[39m[31m[1m^[22m[39m[
31m[1m^[22m[39m[31m[1m^[22m[39m[31m[1m^[22m[39m[31m[1m^[22m[39m
[31m[1m>[22m[39m[90m 34 |[39m } [36mfrom[39m [32m"lucide-react"[39m[33m;[39m
 [90m    |[39m [31m[1m^[22m[39m[31m[1m^[22m[39m[31m[1m^[22m[39m[31m[1m^[22m[39m[31m[1m^[22m[39m[
31m[1m^[22m[39m[31m[1m^[22m[39m[31m[1m^[22m[39m[31m[1m^[22m[39m[31m[1m^[22m[39m[31m[1m^[22m[39m
[31m[1m^[22m[39m[31m[1m^[22m[39m[31m[1m^[22m[39m[31m[1m^[22m[39m[31m[1m^[22m[39m[31m[1m^[22m[39m
[31m[1m^[22m[39m[31m[1m^[22m[39m[31m[1m^[22m[39m[31m[1m^[22m[39m[31m[1m^[22m[39m[31m[1m^[22m[39
m
 [90m 35 |[39m
 [90m 36 |[39m [36mconst[39m [33mGOLD[39m [33m=[39m [32m"#D4AF37"[39m[33m;[39m
 [90m 37 |[39m [36mconst[39m [33mWA[39m [33m=[39m [32m"https://wa.me/917737877978?text=Hi%20Yash!%20I%27m%20pl
anning%20a%20destination%20wedding%20in%20Mount%20Abu.%20Can%20you%20check%20availability%3F"[39m[33m;[39m[0m

The export useRef was not found in module [project]/node_modules/lucide-react/dist/esm/lucide-react.js [app-ssr] 
(ecmascript).
Did you mean to import Beef?
All exports of the module are statically known (It doesn't have dynamic exports). So it's known statically that the 
requested export doesn't exist.

Import traces:
  Client Component Browser:
    ./app/anchor-in-mount-abu/page.jsx [Client Component Browser]
    ./app/anchor-in-mount-abu/page.jsx [Server Component]

  Client Component SSR:
    ./app/anchor-in-mount-abu/page.jsx [Client Component SSR]
    ./app/anchor-in-mount-abu/page.jsx [Server Component]


./app/anchor-in-mussoorie/page.jsx:30:1
Export useRef doesn't exist in target module
[0m [90m 28 |[39m [36mimport[39m { motion[33m,[39m
 [90m 29 |[39m   useInView } [36mfrom[39m [32m"framer-motion"[39m[33m;[39m
[31m[1m>[22m[39m[90m 30 |[39m [36mimport[39m {
 [90m    |[39m [31m[1m^[22m[39m[31m[1m^[22m[39m[31m[1m^[22m[39m[31m[1m^[22m[39m[31m[1m^[22m[39m[
31m[1m^[22m[39m[31m[1m^[22m[39m[31m[1m^[22m[39m
[31m[1m>[22m[39m[90m 31 |[39m   [33mMapPin[39m[33m,[39m
 [90m    |[39m [31m[1m^[22m[39m[31m[1m^[22m[39m[31m[1m^[22m[39m[31m[1m^[22m[39m[31m[1m^[22m[39m[
31m[1m^[22m[39m[31m[1m^[22m[39m[31m[1m^[22m[39m[31m[1m^[22m[39m
[31m[1m>[22m[39m[90m 32 |[39m   useRef[33m,[39m
 [90m    |[39m [31m[1m^[22m[39m[31m[1m^[22m[39m[31m[1m^[22m[39m[31m[1m^[22m[39m[31m[1m^[22m[39m[
31m[1m^[22m[39m[31m[1m^[22m[39m[31m[1m^[22m[39m[31m[1m^[22m[39m
[31m[1m>[22m[39m[90m 33 |[39m   useState
 [90m    |[39m [31m[1m^[22m[39m[31m[1m^[22m[39m[31m[1m^[22m[39m[31m[1m^[22m[39m[31m[1m^[22m[39m[
31m[1m^[22m[39m[31m[1m^[22m[39m[31m[1m^[22m[39m[31m[1m^[22m[39m
[31m[1m>[22m[39m[90m 34 |[39m } [36mfrom[39m [32m"lucide-react"[39m[33m;[39m
 [90m    |[39m [31m[1m^[22m[39m[31m[1m^[22m[39m[31m[1m^[22m[39m[31m[1m^[22m[39m[31m[1m^[22m[39m[
31m[1m^[22m[39m[31m[1m^[22m[39m[31m[1m^[22m[39m[31m[1m^[22m[39m[31m[1m^[22m[39m[31m[1m^[22m[39m
[31m[1m^[22m[39m[31m[1m^[22m[39m[31m[1m^[22m[39m[31m[1m^[22m[39m[31m[1m^[22m[39m[31m[1m^[22m[39m
[31m[1m^[22m[39m[31m[1m^[22m[39m[31m[1m^[22m[39m[31m[1m^[22m[39m[31m[1m^[22m[39m[31m[1m^[22m[39
m
 [90m 35 |[39m
 [90m 36 |[39m [36mconst[39m [33mGOLD[39m [33m=[39m [32m"#D4AF37"[39m[33m;[39m
 [90m 37 |[39m [36mconst[39m [33mWA[39m [33m=[39m [32m"https://wa.me/917737877978?text=Hi%20Yash!%20I%27m%20pl
anning%20a%20destination%20wedding%20in%20Mussoorie.%20Can%20you%20check%20availability%3F"[39m[33m;[39m[0m

The export useRef was not found in module [project]/node_modules/lucide-react/dist/esm/lucide-react.js [app-client] 
(ecmascript).
Did you mean to import Beef?
All exports of the module are statically known (It doesn't have dynamic exports). So it's known statically that the 
requested export doesn't exist.

Import traces:
  Client Component Browser:
    ./app/anchor-in-mussoorie/page.jsx [Client Component Browser]
    ./app/anchor-in-mussoorie/page.jsx [Server Component]

  Client Component SSR:
    ./app/anchor-in-mussoorie/page.jsx [Client Component SSR]
    ./app/anchor-in-mussoorie/page.jsx [Server Component]


./app/anchor-in-mussoorie/page.jsx:30:1
Export useRef doesn't exist in target module
[0m [90m 28 |[39m [36mimport[39m { motion[33m,[39m
 [90m 29 |[39m   useInView } [36mfrom[39m [32m"framer-motion"[39m[33m;[39m
[31m[1m>[22m[39m[90m 30 |[39m [36mimport[39m {
 [90m    |[39m [31m[1m^[22m[39m[31m[1m^[22m[39m[31m[1m^[22m[39m[31m[1m^[22m[39m[31m[1m^[22m[39m[
31m[1m^[22m[39m[31m[1m^[22m[39m[31m[1m^[22m[39m
[31m[1m>[22m[39m[90m 31 |[39m   [33mMapPin[39m[33m,[39m
 [90m    |[39m [31m[1m^[22m[39m[31m[1m^[22m[39m[31m[1m^[22m[39m[31m[1m^[22m[39m[31m[1m^[22m[39m[
31m[1m^[22m[39m[31m[1m^[22m[39m[31m[1m^[22m[39m[31m[1m^[22m[39m
[31m[1m>[22m[39m[90m 32 |[39m   useRef[33m,[39m
 [90m    |[39m [31m[1m^[22m[39m[31m[1m^[22m[39m[31m[1m^[22m[39m[31m[1m^[22m[39m[31m[1m^[22m[39m[
31m[1m^[22m[39m[31m[1m^[22m[39m[31m[1m^[22m[39m[31m[1m^[22m[39m
[31m[1m>[22m[39m[90m 33 |[39m   useState
 [90m    |[39m [31m[1m^[22m[39m[31m[1m^[22m[39m[31m[1m^[22m[39m[31m[1m^[22m[39m[31m[1m^[22m[39m[
31m[1m^[22m[39m[31m[1m^[22m[39m[31m[1m^[22m[39m[31m[1m^[22m[39m
[31m[1m>[22m[39m[90m 34 |[39m } [36mfrom[39m [32m"lucide-react"[39m[33m;[39m
 [90m    |[39m [31m[1m^[22m[39m[31m[1m^[22m[39m[31m[1m^[22m[39m[31m[1m^[22m[39m[31m[1m^[22m[39m[
31m[1m^[22m[39m[31m[1m^[22m[39m[31m[1m^[22m[39m[31m[1m^[22m[39m[31m[1m^[22m[39m[31m[1m^[22m[39m
[31m[1m^[22m[39m[31m[1m^[22m[39m[31m[1m^[22m[39m[31m[1m^[22m[39m[31m[1m^[22m[39m[31m[1m^[22m[39m
[31m[1m^[22m[39m[31m[1m^[22m[39m[31m[1m^[22m[39m[31m[1m^[22m[39m[31m[1m^[22m[39m[31m[1m^[22m[39
m
 [90m 35 |[39m
 [90m 36 |[39m [36mconst[39m [33mGOLD[39m [33m=[39m [32m"#D4AF37"[39m[33m;[39m
 [90m 37 |[39m [36mconst[39m [33mWA[39m [33m=[39m [32m"https://wa.me/917737877978?text=Hi%20Yash!%20I%27m%20pl
anning%20a%20destination%20wedding%20in%20Mussoorie.%20Can%20you%20check%20availability%3F"[39m[33m;[39m[0m

The export useRef was not found in module [project]/node_modules/lucide-react/dist/esm/lucide-react.js [app-ssr] 
(ecmascript).
Did you mean to import Beef?
All exports of the module are statically known (It doesn't have dynamic exports). So it's known statically that the 
requested export doesn't exist.

Import traces:
  Client Component Browser:
    ./app/anchor-in-mussoorie/page.jsx [Client Component Browser]
    ./app/anchor-in-mussoorie/page.jsx [Server Component]

  Client Component SSR:
    ./app/anchor-in-mussoorie/page.jsx [Client Component SSR]
    ./app/anchor-in-mussoorie/page.jsx [Server Component]


./app/anchor-in-nainital/page.jsx:32:1
Export useRef doesn't exist in target module
[0m [90m 30 |[39m [36mimport[39m { motion[33m,[39m
 [90m 31 |[39m   useInView } [36mfrom[39m [32m"framer-motion"[39m[33m;[39m
[31m[1m>[22m[39m[90m 32 |[39m [36mimport[39m {
 [90m    |[39m [31m[1m^[22m[39m[31m[1m^[22m[39m[31m[1m^[22m[39m[31m[1m^[22m[39m[31m[1m^[22m[39m[
31m[1m^[22m[39m[31m[1m^[22m[39m[31m[1m^[22m[39m
[31m[1m>[22m[39m[90m 33 |[39m   [33mMapPin[39m[33m,[39m
 [90m    |[39m [31m[1m^[22m[39m[31m[1m^[22m[39m[31m[1m^[22m[39m[31m[1m^[22m[39m[31m[1m^[22m[39m[
31m[1m^[22m[39m[31m[1m^[22m[39m[31m[1m^[22m[39m[31m[1m^[22m[39m
[31m[1m>[22m[39m[90m 34 |[39m   useRef[33m,[39m
 [90m    |[39m [31m[1m^[22m[39m[31m[1m^[22m[39m[31m[1m^[22m[39m[31m[1m^[22m[39m[31m[1m^[22m[39m[
31m[1m^[22m[39m[31m[1m^[22m[39m[31m[1m^[22m[39m[31m[1m^[22m[39m
[31m[1m>[22m[39m[90m 35 |[39m   useState
 [90m    |[39m [31m[1m^[22m[39m[31m[1m^[22m[39m[31m[1m^[22m[39m[31m[1m^[22m[39m[31m[1m^[22m[39m[
31m[1m^[22m[39m[31m[1m^[22m[39m[31m[1m^[22m[39m[31m[1m^[22m[39m
[31m[1m>[22m[39m[90m 36 |[39m } [36mfrom[39m [32m"lucide-react"[39m[33m;[39m
 [90m    |[39m [31m[1m^[22m[39m[31m[1m^[22m[39m[31m[1m^[22m[39m[31m[1m^[22m[39m[31m[1m^[22m[39m[
31m[1m^[22m[39m[31m[1m^[22m[39m[31m[1m^[22m[39m[31m[1m^[22m[39m[31m[1m^[22m[39m[31m[1m^[22m[39m
[31m[1m^[22m[39m[31m[1m^[22m[39m[31m[1m^[22m[39m[31m[1m^[22m[39m[31m[1m^[22m[39m[31m[1m^[22m[39m
[31m[1m^[22m[39m[31m[1m^[22m[39m[31m[1m^[22m[39m[31m[1m^[22m[39m[31m[1m^[22m[39m[31m[1m^[22m[39
m
 [90m 37 |[39m
 [90m 38 |[39m [36mconst[39m [33mGOLD[39m [33m=[39m [32m"#D4AF37"[39m[33m;[39m
 [90m 39 |[39m [36mconst[39m [33mWA[39m [33m=[39m [32m"https://wa.me/917737877978?text=Hi%20Yash!%20I%27m%20pl
anning%20a%20destination%20wedding%20in%20Nainital.%20Can%20you%20check%20availability%3F"[39m[33m;[39m[0m

The export useRef was not found in module [project]/node_modules/lucide-react/dist/esm/lucide-react.js [app-client] 
(ecmascript).
Did you mean to import Beef?
All exports of the module are statically known (It doesn't have dynamic exports). So it's known statically that the 
requested export doesn't exist.

Import traces:
  Client Component Browser:
    ./app/anchor-in-nainital/page.jsx [Client Component Browser]
    ./app/anchor-in-nainital/page.jsx [Server Component]

  Client Component SSR:
    ./app/anchor-in-nainital/page.jsx [Client Component SSR]
    ./app/anchor-in-nainital/page.jsx [Server Component]


./app/anchor-in-nainital/page.jsx:32:1
Export useRef doesn't exist in target module
[0m [90m 30 |[39m [36mimport[39m { motion[33m,[39m
 [90m 31 |[39m   useInView } [36mfrom[39m [32m"framer-motion"[39m[33m;[39m
[31m[1m>[22m[39m[90m 32 |[39m [36mimport[39m {
 [90m    |[39m [31m[1m^[22m[39m[31m[1m^[22m[39m[31m[1m^[22m[39m[31m[1m^[22m[39m[31m[1m^[22m[39m[
31m[1m^[22m[39m[31m[1m^[22m[39m[31m[1m^[22m[39m
[31m[1m>[22m[39m[90m 33 |[39m   [33mMapPin[39m[33m,[39m
 [90m    |[39m [31m[1m^[22m[39m[31m[1m^[22m[39m[31m[1m^[22m[39m[31m[1m^[22m[39m[31m[1m^[22m[39m[
31m[1m^[22m[39m[31m[1m^[22m[39m[31m[1m^[22m[39m[31m[1m^[22m[39m
[31m[1m>[22m[39m[90m 34 |[39m   useRef[33m,[39m
 [90m    |[39m [31m[1m^[22m[39m[31m[1m^[22m[39m[31m[1m^[22m[39m[31m[1m^[22m[39m[31m[1m^[22m[39m[
31m[1m^[22m[39m[31m[1m^[22m[39m[31m[1m^[22m[39m[31m[1m^[22m[39m
[31m[1m>[22m[39m[90m 35 |[39m   useState
 [90m    |[39m [31m[1m^[22m[39m[31m[1m^[22m[39m[31m[1m^[22m[39m[31m[1m^[22m[39m[31m[1m^[22m[39m[
31m[1m^[22m[39m[31m[1m^[22m[39m[31m[1m^[22m[39m[31m[1m^[22m[39m
[31m[1m>[22m[39m[90m 36 |[39m } [36mfrom[39m [32m"lucide-react"[39m[33m;[39m
 [90m    |[39m [31m[1m^[22m[39m[31m[1m^[22m[39m[31m[1m^[22m[39m[31m[1m^[22m[39m[31m[1m^[22m[39m[
31m[1m^[22m[39m[31m[1m^[22m[39m[31m[1m^[22m[39m[31m[1m^[22m[39m[31m[1m^[22m[39m[31m[1m^[22m[39m
[31m[1m^[22m[39m[31m[1m^[22m[39m[31m[1m^[22m[39m[31m[1m^[22m[39m[31m[1m^[22m[39m[31m[1m^[22m[39m
[31m[1m^[22m[39m[31m[1m^[22m[39m[31m[1m^[22m[39m[31m[1m^[22m[39m[31m[1m^[22m[39m[31m[1m^[22m[39
m
 [90m 37 |[39m
 [90m 38 |[39m [36mconst[39m [33mGOLD[39m [33m=[39m [32m"#D4AF37"[39m[33m;[39m
 [90m 39 |[39m [36mconst[39m [33mWA[39m [33m=[39m [32m"https://wa.me/917737877978?text=Hi%20Yash!%20I%27m%20pl
anning%20a%20destination%20wedding%20in%20Nainital.%20Can%20you%20check%20availability%3F"[39m[33m;[39m[0m

The export useRef was not found in module [project]/node_modules/lucide-react/dist/esm/lucide-react.js [app-ssr] 
(ecmascript).
Did you mean to import Beef?
All exports of the module are statically known (It doesn't have dynamic exports). So it's known statically that the 
requested export doesn't exist.

Import traces:
  Client Component Browser:
    ./app/anchor-in-nainital/page.jsx [Client Component Browser]
    ./app/anchor-in-nainital/page.jsx [Server Component]

  Client Component SSR:
    ./app/anchor-in-nainital/page.jsx [Client Component SSR]
    ./app/anchor-in-nainital/page.jsx [Server Component]


./app/anchor-in-neemrana/page.jsx:32:1
Export useRef doesn't exist in target module
[0m [90m 30 |[39m [36mimport[39m { motion[33m,[39m
 [90m 31 |[39m   useInView } [36mfrom[39m [32m"framer-motion"[39m[33m;[39m
[31m[1m>[22m[39m[90m 32 |[39m [36mimport[39m {
 [90m    |[39m [31m[1m^[22m[39m[31m[1m^[22m[39m[31m[1m^[22m[39m[31m[1m^[22m[39m[31m[1m^[22m[39m[
31m[1m^[22m[39m[31m[1m^[22m[39m[31m[1m^[22m[39m
[31m[1m>[22m[39m[90m 33 |[39m   [33mMapPin[39m[33m,[39m
 [90m    |[39m [31m[1m^[22m[39m[31m[1m^[22m[39m[31m[1m^[22m[39m[31m[1m^[22m[39m[31m[1m^[22m[39m[
31m[1m^[22m[39m[31m[1m^[22m[39m[31m[1m^[22m[39m[31m[1m^[22m[39m
[31m[1m>[22m[39m[90m 34 |[39m   useRef[33m,[39m
 [90m    |[39m [31m[1m^[22m[39m[31m[1m^[22m[39m[31m[1m^[22m[39m[31m[1m^[22m[39m[31m[1m^[22m[39m[
31m[1m^[22m[39m[31m[1m^[22m[39m[31m[1m^[22m[39m[31m[1m^[22m[39m
[31m[1m>[22m[39m[90m 35 |[39m   useState
 [90m    |[39m [31m[1m^[22m[39m[31m[1m^[22m[39m[31m[1m^[22m[39m[31m[1m^[22m[39m[31m[1m^[22m[39m[
31m[1m^[22m[39m[31m[1m^[22m[39m[31m[1m^[22m[39m[31m[1m^[22m[39m
[31m[1m>[22m[39m[90m 36 |[39m } [36mfrom[39m [32m"lucide-react"[39m[33m;[39m
 [90m    |[39m [31m[1m^[22m[39m[31m[1m^[22m[39m[31m[1m^[22m[39m[31m[1m^[22m[39m[31m[1m^[22m[39m[
31m[1m^[22m[39m[31m[1m^[22m[39m[31m[1m^[22m[39m[31m[1m^[22m[39m[31m[1m^[22m[39m[31m[1m^[22m[39m
[31m[1m^[22m[39m[31m[1m^[22m[39m[31m[1m^[22m[39m[31m[1m^[22m[39m[31m[1m^[22m[39m[31m[1m^[22m[39m
[31m[1m^[22m[39m[31m[1m^[22m[39m[31m[1m^[22m[39m[31m[1m^[22m[39m[31m[1m^[22m[39m[31m[1m^[22m[39
m
 [90m 37 |[39m
 [90m 38 |[39m [36mconst[39m [33mGOLD[39m [33m=[39m [32m"#D4AF37"[39m[33m;[39m
 [90m 39 |[39m [36mconst[39m [33mWA[39m [33m=[39m [32m"https://wa.me/917737877978?text=Hi%20Yash!%20I%27m%20pl
anning%20an%20event%20in%20Neemrana.%20Can%20you%20check%20availability%3F"[39m[33m;[39m[0m

The export useRef was not found in module [project]/node_modules/lucide-react/dist/esm/lucide-react.js [app-client] 
(ecmascript).
Did you mean to import Beef?
All exports of the module are statically known (It doesn't have dynamic exports). So it's known statically that the 
requested export doesn't exist.

Import traces:
  Client Component Browser:
    ./app/anchor-in-neemrana/page.jsx [Client Component Browser]
    ./app/anchor-in-neemrana/page.jsx [Server Component]

  Client Component SSR:
    ./app/anchor-in-neemrana/page.jsx [Client Component SSR]
    ./app/anchor-in-neemrana/page.jsx [Server Component]


./app/anchor-in-neemrana/page.jsx:32:1
Export useRef doesn't exist in target module
[0m [90m 30 |[39m [36mimport[39m { motion[33m,[39m
 [90m 31 |[39m   useInView } [36mfrom[39m [32m"framer-motion"[39m[33m;[39m
[31m[1m>[22m[39m[90m 32 |[39m [36mimport[39m {
 [90m    |[39m [31m[1m^[22m[39m[31m[1m^[22m[39m[31m[1m^[22m[39m[31m[1m^[22m[39m[31m[1m^[22m[39m[
31m[1m^[22m[39m[31m[1m^[22m[39m[31m[1m^[22m[39m
[31m[1m>[22m[39m[90m 33 |[39m   [33mMapPin[39m[33m,[39m
 [90m    |[39m [31m[1m^[22m[39m[31m[1m^[22m[39m[31m[1m^[22m[39m[31m[1m^[22m[39m[31m[1m^[22m[39m[
31m[1m^[22m[39m[31m[1m^[22m[39m[31m[1m^[22m[39m[31m[1m^[22m[39m
[31m[1m>[22m[39m[90m 34 |[39m   useRef[33m,[39m
 [90m    |[39m [31m[1m^[22m[39m[31m[1m^[22m[39m[31m[1m^[22m[39m[31m[1m^[22m[39m[31m[1m^[22m[39m[
31m[1m^[22m[39m[31m[1m^[22m[39m[31m[1m^[22m[39m[31m[1m^[22m[39m
[31m[1m>[22m[39m[90m 35 |[39m   useState
 [90m    |[39m [31m[1m^[22m[39m[31m[1m^[22m[39m[31m[1m^[22m[39m[31m[1m^[22m[39m[31m[1m^[22m[39m[
31m[1m^[22m[39m[31m[1m^[22m[39m[31m[1m^[22m[39m[31m[1m^[22m[39m
[31m[1m>[22m[39m[90m 36 |[39m } [36mfrom[39m [32m"lucide-react"[39m[33m;[39m
 [90m    |[39m [31m[1m^[22m[39m[31m[1m^[22m[39m[31m[1m^[22m[39m[31m[1m^[22m[39m[31m[1m^[22m[39m[
31m[1m^[22m[39m[31m[1m^[22m[39m[31m[1m^[22m[39m[31m[1m^[22m[39m[31m[1m^[22m[39m[31m[1m^[22m[39m
[31m[1m^[22m[39m[31m[1m^[22m[39m[31m[1m^[22m[39m[31m[1m^[22m[39m[31m[1m^[22m[39m[31m[1m^[22m[39m
[31m[1m^[22m[39m[31m[1m^[22m[39m[31m[1m^[22m[39m[31m[1m^[22m[39m[31m[1m^[22m[39m[31m[1m^[22m[39
m
 [90m 37 |[39m
 [90m 38 |[39m [36mconst[39m [33mGOLD[39m [33m=[39m [32m"#D4AF37"[39m[33m;[39m
 [90m 39 |[39m [36mconst[39m [33mWA[39m [33m=[39m [32m"https://wa.me/917737877978?text=Hi%20Yash!%20I%27m%20pl
anning%20an%20event%20in%20Neemrana.%20Can%20you%20check%20availability%3F"[39m[33m;[39m[0m

The export useRef was not found in module [project]/node_modules/lucide-react/dist/esm/lucide-react.js [app-ssr] 
(ecmascript).
Did you mean to import Beef?
All exports of the module are statically known (It doesn't have dynamic exports). So it's known statically that the 
requested export doesn't exist.

Import traces:
  Client Component Browser:
    ./app/anchor-in-neemrana/page.jsx [Client Component Browser]
    ./app/anchor-in-neemrana/page.jsx [Server Component]

  Client Component SSR:
    ./app/anchor-in-neemrana/page.jsx [Client Component SSR]
    ./app/anchor-in-neemrana/page.jsx [Server Component]


./app/anchor-in-ooty/page.jsx:31:1
Export useRef doesn't exist in target module
[0m [90m 29 |[39m [36mimport[39m { motion[33m,[39m
 [90m 30 |[39m   useInView } [36mfrom[39m [32m"framer-motion"[39m[33m;[39m
[31m[1m>[22m[39m[90m 31 |[39m [36mimport[39m {
 [90m    |[39m [31m[1m^[22m[39m[31m[1m^[22m[39m[31m[1m^[22m[39m[31m[1m^[22m[39m[31m[1m^[22m[39m[
31m[1m^[22m[39m[31m[1m^[22m[39m[31m[1m^[22m[39m
[31m[1m>[22m[39m[90m 32 |[39m   [33mMapPin[39m[33m,[39m
 [90m    |[39m [31m[1m^[22m[39m[31m[1m^[22m[39m[31m[1m^[22m[39m[31m[1m^[22m[39m[31m[1m^[22m[39m[
31m[1m^[22m[39m[31m[1m^[22m[39m[31m[1m^[22m[39m[31m[1m^[22m[39m
[31m[1m>[22m[39m[90m 33 |[39m   useRef[33m,[39m
 [90m    |[39m [31m[1m^[22m[39m[31m[1m^[22m[39m[31m[1m^[22m[39m[31m[1m^[22m[39m[31m[1m^[22m[39m[
31m[1m^[22m[39m[31m[1m^[22m[39m[31m[1m^[22m[39m[31m[1m^[22m[39m
[31m[1m>[22m[39m[90m 34 |[39m   useState
 [90m    |[39m [31m[1m^[22m[39m[31m[1m^[22m[39m[31m[1m^[22m[39m[31m[1m^[22m[39m[31m[1m^[22m[39m[
31m[1m^[22m[39m[31m[1m^[22m[39m[31m[1m^[22m[39m[31m[1m^[22m[39m
[31m[1m>[22m[39m[90m 35 |[39m } [36mfrom[39m [32m"lucide-react"[39m[33m;[39m
 [90m    |[39m [31m[1m^[22m[39m[31m[1m^[22m[39m[31m[1m^[22m[39m[31m[1m^[22m[39m[31m[1m^[22m[39m[
31m[1m^[22m[39m[31m[1m^[22m[39m[31m[1m^[22m[39m[31m[1m^[22m[39m[31m[1m^[22m[39m[31m[1m^[22m[39m
[31m[1m^[22m[39m[31m[1m^[22m[39m[31m[1m^[22m[39m[31m[1m^[22m[39m[31m[1m^[22m[39m[31m[1m^[22m[39m
[31m[1m^[22m[39m[31m[1m^[22m[39m[31m[1m^[22m[39m[31m[1m^[22m[39m[31m[1m^[22m[39m[31m[1m^[22m[39
m
 [90m 36 |[39m
 [90m 37 |[39m [36mconst[39m [33mGOLD[39m [33m=[39m [32m"#D4AF37"[39m[33m;[39m
 [90m 38 |[39m [36mconst[39m [33mWA[39m [33m=[39m [32m"https://wa.me/917737877978?text=Hi%20Yash!%20I%27m%20pl
anning%20a%20destination%20wedding%20in%20Ooty.%20Can%20you%20check%20availability%3F"[39m[33m;[39m[0m

The export useRef was not found in module [project]/node_modules/lucide-react/dist/esm/lucide-react.js [app-client] 
(ecmascript).
Did you mean to import Beef?
All exports of the module are statically known (It doesn't have dynamic exports). So it's known statically that the 
requested export doesn't exist.

Import traces:
  Client Component Browser:
    ./app/anchor-in-ooty/page.jsx [Client Component Browser]
    ./app/anchor-in-ooty/page.jsx [Server Component]

  Client Component SSR:
    ./app/anchor-in-ooty/page.jsx [Client Component SSR]
    ./app/anchor-in-ooty/page.jsx [Server Component]


./app/anchor-in-ooty/page.jsx:31:1
Export useRef doesn't exist in target module
[0m [90m 29 |[39m [36mimport[39m { motion[33m,[39m
 [90m 30 |[39m   useInView } [36mfrom[39m [32m"framer-motion"[39m[33m;[39m
[31m[1m>[22m[39m[90m 31 |[39m [36mimport[39m {
 [90m    |[39m [31m[1m^[22m[39m[31m[1m^[22m[39m[31m[1m^[22m[39m[31m[1m^[22m[39m[31m[1m^[22m[39m[
31m[1m^[22m[39m[31m[1m^[22m[39m[31m[1m^[22m[39m
[31m[1m>[22m[39m[90m 32 |[39m   [33mMapPin[39m[33m,[39m
 [90m    |[39m [31m[1m^[22m[39m[31m[1m^[22m[39m[31m[1m^[22m[39m[31m[1m^[22m[39m[31m[1m^[22m[39m[
31m[1m^[22m[39m[31m[1m^[22m[39m[31m[1m^[22m[39m[31m[1m^[22m[39m
[31m[1m>[22m[39m[90m 33 |[39m   useRef[33m,[39m
 [90m    |[39m [31m[1m^[22m[39m[31m[1m^[22m[39m[31m[1m^[22m[39m[31m[1m^[22m[39m[31m[1m^[22m[39m[
31m[1m^[22m[39m[31m[1m^[22m[39m[31m[1m^[22m[39m[31m[1m^[22m[39m
[31m[1m>[22m[39m[90m 34 |[39m   useState
 [90m    |[39m [31m[1m^[22m[39m[31m[1m^[22m[39m[31m[1m^[22m[39m[31m[1m^[22m[39m[31m[1m^[22m[39m[
31m[1m^[22m[39m[31m[1m^[22m[39m[31m[1m^[22m[39m[31m[1m^[22m[39m
[31m[1m>[22m[39m[90m 35 |[39m } [36mfrom[39m [32m"lucide-react"[39m[33m;[39m
 [90m    |[39m [31m[1m^[22m[39m[31m[1m^[22m[39m[31m[1m^[22m[39m[31m[1m^[22m[39m[31m[1m^[22m[39m[
31m[1m^[22m[39m[31m[1m^[22m[39m[31m[1m^[22m[39m[31m[1m^[22m[39m[31m[1m^[22m[39m[31m[1m^[22m[39m
[31m[1m^[22m[39m[31m[1m^[22m[39m[31m[1m^[22m[39m[31m[1m^[22m[39m[31m[1m^[22m[39m[31m[1m^[22m[39m
[31m[1m^[22m[39m[31m[1m^[22m[39m[31m[1m^[22m[39m[31m[1m^[22m[39m[31m[1m^[22m[39m[31m[1m^[22m[39
m
 [90m 36 |[39m
 [90m 37 |[39m [36mconst[39m [33mGOLD[39m [33m=[39m [32m"#D4AF37"[39m[33m;[39m
 [90m 38 |[39m [36mconst[39m [33mWA[39m [33m=[39m [32m"https://wa.me/917737877978?text=Hi%20Yash!%20I%27m%20pl
anning%20a%20destination%20wedding%20in%20Ooty.%20Can%20you%20check%20availability%3F"[39m[33m;[39m[0m

The export useRef was not found in module [project]/node_modules/lucide-react/dist/esm/lucide-react.js [app-ssr] 
(ecmascript).
Did you mean to import Beef?
All exports of the module are statically known (It doesn't have dynamic exports). So it's known statically that the 
requested export doesn't exist.

Import traces:
  Client Component Browser:
    ./app/anchor-in-ooty/page.jsx [Client Component Browser]
    ./app/anchor-in-ooty/page.jsx [Server Component]

  Client Component SSR:
    ./app/anchor-in-ooty/page.jsx [Client Component SSR]
    ./app/anchor-in-ooty/page.jsx [Server Component]


./app/anchor-in-pushkar/page.jsx:32:1
Export useRef doesn't exist in target module
[0m [90m 30 |[39m [36mimport[39m { motion[33m,[39m
 [90m 31 |[39m   useInView } [36mfrom[39m [32m"framer-motion"[39m[33m;[39m
[31m[1m>[22m[39m[90m 32 |[39m [36mimport[39m {
 [90m    |[39m [31m[1m^[22m[39m[31m[1m^[22m[39m[31m[1m^[22m[39m[31m[1m^[22m[39m[31m[1m^[22m[39m[
31m[1m^[22m[39m[31m[1m^[22m[39m[31m[1m^[22m[39m
[31m[1m>[22m[39m[90m 33 |[39m   [33mMapPin[39m[33m,[39m
 [90m    |[39m [31m[1m^[22m[39m[31m[1m^[22m[39m[31m[1m^[22m[39m[31m[1m^[22m[39m[31m[1m^[22m[39m[
31m[1m^[22m[39m[31m[1m^[22m[39m[31m[1m^[22m[39m[31m[1m^[22m[39m
[31m[1m>[22m[39m[90m 34 |[39m   useRef[33m,[39m
 [90m    |[39m [31m[1m^[22m[39m[31m[1m^[22m[39m[31m[1m^[22m[39m[31m[1m^[22m[39m[31m[1m^[22m[39m[
31m[1m^[22m[39m[31m[1m^[22m[39m[31m[1m^[22m[39m[31m[1m^[22m[39m
[31m[1m>[22m[39m[90m 35 |[39m   useState
 [90m    |[39m [31m[1m^[22m[39m[31m[1m^[22m[39m[31m[1m^[22m[39m[31m[1m^[22m[39m[31m[1m^[22m[39m[
31m[1m^[22m[39m[31m[1m^[22m[39m[31m[1m^[22m[39m[31m[1m^[22m[39m
[31m[1m>[22m[39m[90m 36 |[39m } [36mfrom[39m [32m"lucide-react"[39m[33m;[39m
 [90m    |[39m [31m[1m^[22m[39m[31m[1m^[22m[39m[31m[1m^[22m[39m[31m[1m^[22m[39m[31m[1m^[22m[39m[
31m[1m^[22m[39m[31m[1m^[22m[39m[31m[1m^[22m[39m[31m[1m^[22m[39m[31m[1m^[22m[39m[31m[1m^[22m[39m
[31m[1m^[22m[39m[31m[1m^[22m[39m[31m[1m^[22m[39m[31m[1m^[22m[39m[31m[1m^[22m[39m[31m[1m^[22m[39m
[31m[1m^[22m[39m[31m[1m^[22m[39m[31m[1m^[22m[39m[31m[1m^[22m[39m[31m[1m^[22m[39m[31m[1m^[22m[39
m
 [90m 37 |[39m
 [90m 38 |[39m [36mconst[39m [33mGOLD[39m [33m=[39m [32m"#D4AF37"[39m[33m;[39m
 [90m 39 |[39m [36mconst[39m [33mWA[39m [33m=[39m [32m"https://wa.me/917737877978?text=Hi%20Yash!%20I%27m%20pl
anning%20a%20destination%20wedding%20in%20Pushkar.%20Can%20you%20check%20availability%3F"[39m[33m;[39m[0m

The export useRef was not found in module [project]/node_modules/lucide-react/dist/esm/lucide-react.js [app-client] 
(ecmascript).
Did you mean to import Beef?
All exports of the module are statically known (It doesn't have dynamic exports). So it's known statically that the 
requested export doesn't exist.

Import traces:
  Client Component Browser:
    ./app/anchor-in-pushkar/page.jsx [Client Component Browser]
    ./app/anchor-in-pushkar/page.jsx [Server Component]

  Client Component SSR:
    ./app/anchor-in-pushkar/page.jsx [Client Component SSR]
    ./app/anchor-in-pushkar/page.jsx [Server Component]


./app/anchor-in-pushkar/page.jsx:32:1
Export useRef doesn't exist in target module
[0m [90m 30 |[39m [36mimport[39m { motion[33m,[39m
 [90m 31 |[39m   useInView } [36mfrom[39m [32m"framer-motion"[39m[33m;[39m
[31m[1m>[22m[39m[90m 32 |[39m [36mimport[39m {
 [90m    |[39m [31m[1m^[22m[39m[31m[1m^[22m[39m[31m[1m^[22m[39m[31m[1m^[22m[39m[31m[1m^[22m[39m[
31m[1m^[22m[39m[31m[1m^[22m[39m[31m[1m^[22m[39m
[31m[1m>[22m[39m[90m 33 |[39m   [33mMapPin[39m[33m,[39m
 [90m    |[39m [31m[1m^[22m[39m[31m[1m^[22m[39m[31m[1m^[22m[39m[31m[1m^[22m[39m[31m[1m^[22m[39m[
31m[1m^[22m[39m[31m[1m^[22m[39m[31m[1m^[22m[39m[31m[1m^[22m[39m
[31m[1m>[22m[39m[90m 34 |[39m   useRef[33m,[39m
 [90m    |[39m [31m[1m^[22m[39m[31m[1m^[22m[39m[31m[1m^[22m[39m[31m[1m^[22m[39m[31m[1m^[22m[39m[
31m[1m^[22m[39m[31m[1m^[22m[39m[31m[1m^[22m[39m[31m[1m^[22m[39m
[31m[1m>[22m[39m[90m 35 |[39m   useState
 [90m    |[39m [31m[1m^[22m[39m[31m[1m^[22m[39m[31m[1m^[22m[39m[31m[1m^[22m[39m[31m[1m^[22m[39m[
31m[1m^[22m[39m[31m[1m^[22m[39m[31m[1m^[22m[39m[31m[1m^[22m[39m
[31m[1m>[22m[39m[90m 36 |[39m } [36mfrom[39m [32m"lucide-react"[39m[33m;[39m
 [90m    |[39m [31m[1m^[22m[39m[31m[1m^[22m[39m[31m[1m^[22m[39m[31m[1m^[22m[39m[31m[1m^[22m[39m[
31m[1m^[22m[39m[31m[1m^[22m[39m[31m[1m^[22m[39m[31m[1m^[22m[39m[31m[1m^[22m[39m[31m[1m^[22m[39m
[31m[1m^[22m[39m[31m[1m^[22m[39m[31m[1m^[22m[39m[31m[1m^[22m[39m[31m[1m^[22m[39m[31m[1m^[22m[39m
[31m[1m^[22m[39m[31m[1m^[22m[39m[31m[1m^[22m[39m[31m[1m^[22m[39m[31m[1m^[22m[39m[31m[1m^[22m[39
m
 [90m 37 |[39m
 [90m 38 |[39m [36mconst[39m [33mGOLD[39m [33m=[39m [32m"#D4AF37"[39m[33m;[39m
 [90m 39 |[39m [36mconst[39m [33mWA[39m [33m=[39m [32m"https://wa.me/917737877978?text=Hi%20Yash!%20I%27m%20pl
anning%20a%20destination%20wedding%20in%20Pushkar.%20Can%20you%20check%20availability%3F"[39m[33m;[39m[0m

The export useRef was not found in module [project]/node_modules/lucide-react/dist/esm/lucide-react.js [app-ssr] 
(ecmascript).
Did you mean to import Beef?
All exports of the module are statically known (It doesn't have dynamic exports). So it's known statically that the 
requested export doesn't exist.

Import traces:
  Client Component Browser:
    ./app/anchor-in-pushkar/page.jsx [Client Component Browser]
    ./app/anchor-in-pushkar/page.jsx [Server Component]

  Client Component SSR:
    ./app/anchor-in-pushkar/page.jsx [Client Component SSR]
    ./app/anchor-in-pushkar/page.jsx [Server Component]


./app/anchor-in-ranthambore/page.jsx:30:1
Export useRef doesn't exist in target module
[0m [90m 28 |[39m [36mimport[39m { motion[33m,[39m
 [90m 29 |[39m   useInView } [36mfrom[39m [32m"framer-motion"[39m[33m;[39m
[31m[1m>[22m[39m[90m 30 |[39m [36mimport[39m {
 [90m    |[39m [31m[1m^[22m[39m[31m[1m^[22m[39m[31m[1m^[22m[39m[31m[1m^[22m[39m[31m[1m^[22m[39m[
31m[1m^[22m[39m[31m[1m^[22m[39m[31m[1m^[22m[39m
[31m[1m>[22m[39m[90m 31 |[39m   [33mMapPin[39m[33m,[39m
 [90m    |[39m [31m[1m^[22m[39m[31m[1m^[22m[39m[31m[1m^[22m[39m[31m[1m^[22m[39m[31m[1m^[22m[39m[
31m[1m^[22m[39m[31m[1m^[22m[39m[31m[1m^[22m[39m[31m[1m^[22m[39m
[31m[1m>[22m[39m[90m 32 |[39m   useRef[33m,[39m
 [90m    |[39m [31m[1m^[22m[39m[31m[1m^[22m[39m[31m[1m^[22m[39m[31m[1m^[22m[39m[31m[1m^[22m[39m[
31m[1m^[22m[39m[31m[1m^[22m[39m[31m[1m^[22m[39m[31m[1m^[22m[39m
[31m[1m>[22m[39m[90m 33 |[39m   useState
 [90m    |[39m [31m[1m^[22m[39m[31m[1m^[22m[39m[31m[1m^[22m[39m[31m[1m^[22m[39m[31m[1m^[22m[39m[
31m[1m^[22m[39m[31m[1m^[22m[39m[31m[1m^[22m[39m[31m[1m^[22m[39m
[31m[1m>[22m[39m[90m 34 |[39m } [36mfrom[39m [32m"lucide-react"[39m[33m;[39m
 [90m    |[39m [31m[1m^[22m[39m[31m[1m^[22m[39m[31m[1m^[22m[39m[31m[1m^[22m[39m[31m[1m^[22m[39m[
31m[1m^[22m[39m[31m[1m^[22m[39m[31m[1m^[22m[39m[31m[1m^[22m[39m[31m[1m^[22m[39m[31m[1m^[22m[39m
[31m[1m^[22m[39m[31m[1m^[22m[39m[31m[1m^[22m[39m[31m[1m^[22m[39m[31m[1m^[22m[39m[31m[1m^[22m[39m
[31m[1m^[22m[39m[31m[1m^[22m[39m[31m[1m^[22m[39m[31m[1m^[22m[39m[31m[1m^[22m[39m[31m[1m^[22m[39
m
 [90m 35 |[39m
 [90m 36 |[39m [36mconst[39m [33mGOLD[39m [33m=[39m [32m"#D4AF37"[39m[33m;[39m
 [90m 37 |[39m [36mconst[39m [33mWA[39m [33m=[39m [32m"https://wa.me/917737877978?text=Hi%20Yash!%20I%27m%20pl
anning%20a%20jungle%20luxury%20wedding%20in%20Ranthambore.%20Can%20you%20check%20availability%3F"[39m[33m;[39m[0m

The export useRef was not found in module [project]/node_modules/lucide-react/dist/esm/lucide-react.js [app-client] 
(ecmascript).
Did you mean to import Beef?
All exports of the module are statically known (It doesn't have dynamic exports). So it's known statically that the 
requested export doesn't exist.

Import traces:
  Client Component Browser:
    ./app/anchor-in-ranthambore/page.jsx [Client Component Browser]
    ./app/anchor-in-ranthambore/page.jsx [Server Component]

  Client Component SSR:
    ./app/anchor-in-ranthambore/page.jsx [Client Component SSR]
    ./app/anchor-in-ranthambore/page.jsx [Server Component]


./app/anchor-in-ranthambore/page.jsx:30:1
Export useRef doesn't exist in target module
[0m [90m 28 |[39m [36mimport[39m { motion[33m,[39m
 [90m 29 |[39m   useInView } [36mfrom[39m [32m"framer-motion"[39m[33m;[39m
[31m[1m>[22m[39m[90m 30 |[39m [36mimport[39m {
 [90m    |[39m [31m[1m^[22m[39m[31m[1m^[22m[39m[31m[1m^[22m[39m[31m[1m^[22m[39m[31m[1m^[22m[39m[
31m[1m^[22m[39m[31m[1m^[22m[39m[31m[1m^[22m[39m
[31m[1m>[22m[39m[90m 31 |[39m   [33mMapPin[39m[33m,[39m
 [90m    |[39m [31m[1m^[22m[39m[31m[1m^[22m[39m[31m[1m^[22m[39m[31m[1m^[22m[39m[31m[1m^[22m[39m[
31m[1m^[22m[39m[31m[1m^[22m[39m[31m[1m^[22m[39m[31m[1m^[22m[39m
[31m[1m>[22m[39m[90m 32 |[39m   useRef[33m,[39m
 [90m    |[39m [31m[1m^[22m[39m[31m[1m^[22m[39m[31m[1m^[22m[39m[31m[1m^[22m[39m[31m[1m^[22m[39m[
31m[1m^[22m[39m[31m[1m^[22m[39m[31m[1m^[22m[39m[31m[1m^[22m[39m
[31m[1m>[22m[39m[90m 33 |[39m   useState
 [90m    |[39m [31m[1m^[22m[39m[31m[1m^[22m[39m[31m[1m^[22m[39m[31m[1m^[22m[39m[31m[1m^[22m[39m[
31m[1m^[22m[39m[31m[1m^[22m[39m[31m[1m^[22m[39m[31m[1m^[22m[39m
[31m[1m>[22m[39m[90m 34 |[39m } [36mfrom[39m [32m"lucide-react"[39m[33m;[39m
 [90m    |[39m [31m[1m^[22m[39m[31m[1m^[22m[39m[31m[1m^[22m[39m[31m[1m^[22m[39m[31m[1m^[22m[39m[
31m[1m^[22m[39m[31m[1m^[22m[39m[31m[1m^[22m[39m[31m[1m^[22m[39m[31m[1m^[22m[39m[31m[1m^[22m[39m
[31m[1m^[22m[39m[31m[1m^[22m[39m[31m[1m^[22m[39m[31m[1m^[22m[39m[31m[1m^[22m[39m[31m[1m^[22m[39m
[31m[1m^[22m[39m[31m[1m^[22m[39m[31m[1m^[22m[39m[31m[1m^[22m[39m[31m[1m^[22m[39m[31m[1m^[22m[39
m
 [90m 35 |[39m
 [90m 36 |[39m [36mconst[39m [33mGOLD[39m [33m=[39m [32m"#D4AF37"[39m[33m;[39m
 [90m 37 |[39m [36mconst[39m [33mWA[39m [33m=[39m [32m"https://wa.me/917737877978?text=Hi%20Yash!%20I%27m%20pl
anning%20a%20jungle%20luxury%20wedding%20in%20Ranthambore.%20Can%20you%20check%20availability%3F"[39m[33m;[39m[0m

The export useRef was not found in module [project]/node_modules/lucide-react/dist/esm/lucide-react.js [app-ssr] 
(ecmascript).
Did you mean to import Beef?
All exports of the module are statically known (It doesn't have dynamic exports). So it's known statically that the 
requested export doesn't exist.

Import traces:
  Client Component Browser:
    ./app/anchor-in-ranthambore/page.jsx [Client Component Browser]
    ./app/anchor-in-ranthambore/page.jsx [Server Component]

  Client Component SSR:
    ./app/anchor-in-ranthambore/page.jsx [Client Component SSR]
    ./app/anchor-in-ranthambore/page.jsx [Server Component]


./app/anchor-in-rishikesh/page.jsx:32:1
Export useRef doesn't exist in target module
[0m [90m 30 |[39m [36mimport[39m { motion[33m,[39m
 [90m 31 |[39m   useInView } [36mfrom[39m [32m"framer-motion"[39m[33m;[39m
[31m[1m>[22m[39m[90m 32 |[39m [36mimport[39m {
 [90m    |[39m [31m[1m^[22m[39m[31m[1m^[22m[39m[31m[1m^[22m[39m[31m[1m^[22m[39m[31m[1m^[22m[39m[
31m[1m^[22m[39m[31m[1m^[22m[39m[31m[1m^[22m[39m
[31m[1m>[22m[39m[90m 33 |[39m   [33mMapPin[39m[33m,[39m
 [90m    |[39m [31m[1m^[22m[39m[31m[1m^[22m[39m[31m[1m^[22m[39m[31m[1m^[22m[39m[31m[1m^[22m[39m[
31m[1m^[22m[39m[31m[1m^[22m[39m[31m[1m^[22m[39m[31m[1m^[22m[39m
[31m[1m>[22m[39m[90m 34 |[39m   useRef[33m,[39m
 [90m    |[39m [31m[1m^[22m[39m[31m[1m^[22m[39m[31m[1m^[22m[39m[31m[1m^[22m[39m[31m[1m^[22m[39m[
31m[1m^[22m[39m[31m[1m^[22m[39m[31m[1m^[22m[39m[31m[1m^[22m[39m
[31m[1m>[22m[39m[90m 35 |[39m   useState
 [90m    |[39m [31m[1m^[22m[39m[31m[1m^[22m[39m[31m[1m^[22m[39m[31m[1m^[22m[39m[31m[1m^[22m[39m[
31m[1m^[22m[39m[31m[1m^[22m[39m[31m[1m^[22m[39m[31m[1m^[22m[39m
[31m[1m>[22m[39m[90m 36 |[39m } [36mfrom[39m [32m"lucide-react"[39m[33m;[39m
 [90m    |[39m [31m[1m^[22m[39m[31m[1m^[22m[39m[31m[1m^[22m[39m[31m[1m^[22m[39m[31m[1m^[22m[39m[
31m[1m^[22m[39m[31m[1m^[22m[39m[31m[1m^[22m[39m[31m[1m^[22m[39m[31m[1m^[22m[39m[31m[1m^[22m[39m
[31m[1m^[22m[39m[31m[1m^[22m[39m[31m[1m^[22m[39m[31m[1m^[22m[39m[31m[1m^[22m[39m[31m[1m^[22m[39m
[31m[1m^[22m[39m[31m[1m^[22m[39m[31m[1m^[22m[39m[31m[1m^[22m[39m[31m[1m^[22m[39m[31m[1m^[22m[39
m
 [90m 37 |[39m
 [90m 38 |[39m [36mconst[39m [33mGOLD[39m [33m=[39m [32m"#D4AF37"[39m[33m;[39m
 [90m 39 |[39m [36mconst[39m [33mWA[39m [33m=[39m [32m"https://wa.me/917737877978?text=Hi%20Yash!%20I%27m%20pl
anning%20a%20destination%20wedding%20in%20Rishikesh.%20Can%20you%20check%20availability%3F"[39m[33m;[39m[0m

The export useRef was not found in module [project]/node_modules/lucide-react/dist/esm/lucide-react.js [app-client] 
(ecmascript).
Did you mean to import Beef?
All exports of the module are statically known (It doesn't have dynamic exports). So it's known statically that the 
requested export doesn't exist.

Import traces:
  Client Component Browser:
    ./app/anchor-in-rishikesh/page.jsx [Client Component Browser]
    ./app/anchor-in-rishikesh/page.jsx [Server Component]

  Client Component SSR:
    ./app/anchor-in-rishikesh/page.jsx [Client Component SSR]
    ./app/anchor-in-rishikesh/page.jsx [Server Component]


./app/anchor-in-rishikesh/page.jsx:32:1
Export useRef doesn't exist in target module
[0m [90m 30 |[39m [36mimport[39m { motion[33m,[39m
 [90m 31 |[39m   useInView } [36mfrom[39m [32m"framer-motion"[39m[33m;[39m
[31m[1m>[22m[39m[90m 32 |[39m [36mimport[39m {
 [90m    |[39m [31m[1m^[22m[39m[31m[1m^[22m[39m[31m[1m^[22m[39m[31m[1m^[22m[39m[31m[1m^[22m[39m[
31m[1m^[22m[39m[31m[1m^[22m[39m[31m[1m^[22m[39m
[31m[1m>[22m[39m[90m 33 |[39m   [33mMapPin[39m[33m,[39m
 [90m    |[39m [31m[1m^[22m[39m[31m[1m^[22m[39m[31m[1m^[22m[39m[31m[1m^[22m[39m[31m[1m^[22m[39m[
31m[1m^[22m[39m[31m[1m^[22m[39m[31m[1m^[22m[39m[31m[1m^[22m[39m
[31m[1m>[22m[39m[90m 34 |[39m   useRef[33m,[39m
 [90m    |[39m [31m[1m^[22m[39m[31m[1m^[22m[39m[31m[1m^[22m[39m[31m[1m^[22m[39m[31m[1m^[22m[39m[
31m[1m^[22m[39m[31m[1m^[22m[39m[31m[1m^[22m[39m[31m[1m^[22m[39m
[31m[1m>[22m[39m[90m 35 |[39m   useState
 [90m    |[39m [31m[1m^[22m[39m[31m[1m^[22m[39m[31m[1m^[22m[39m[31m[1m^[22m[39m[31m[1m^[22m[39m[
31m[1m^[22m[39m[31m[1m^[22m[39m[31m[1m^[22m[39m[31m[1m^[22m[39m
[31m[1m>[22m[39m[90m 36 |[39m } [36mfrom[39m [32m"lucide-react"[39m[33m;[39m
 [90m    |[39m [31m[1m^[22m[39m[31m[1m^[22m[39m[31m[1m^[22m[39m[31m[1m^[22m[39m[31m[1m^[22m[39m[
31m[1m^[22m[39m[31m[1m^[22m[39m[31m[1m^[22m[39m[31m[1m^[22m[39m[31m[1m^[22m[39m[31m[1m^[22m[39m
[31m[1m^[22m[39m[31m[1m^[22m[39m[31m[1m^[22m[39m[31m[1m^[22m[39m[31m[1m^[22m[39m[31m[1m^[22m[39m
[31m[1m^[22m[39m[31m[1m^[22m[39m[31m[1m^[22m[39m[31m[1m^[22m[39m[31m[1m^[22m[39m[31m[1m^[22m[39
m
 [90m 37 |[39m
 [90m 38 |[39m [36mconst[39m [33mGOLD[39m [33m=[39m [32m"#D4AF37"[39m[33m;[39m
 [90m 39 |[39m [36mconst[39m [33mWA[39m [33m=[39m [32m"https://wa.me/917737877978?text=Hi%20Yash!%20I%27m%20pl
anning%20a%20destination%20wedding%20in%20Rishikesh.%20Can%20you%20check%20availability%3F"[39m[33m;[39m[0m

The export useRef was not found in module [project]/node_modules/lucide-react/dist/esm/lucide-react.js [app-ssr] 
(ecmascript).
Did you mean to import Beef?
All exports of the module are statically known (It doesn't have dynamic exports). So it's known statically that the 
requested export doesn't exist.

Import traces:
  Client Component Browser:
    ./app/anchor-in-rishikesh/page.jsx [Client Component Browser]
    ./app/anchor-in-rishikesh/page.jsx [Server Component]

  Client Component SSR:
    ./app/anchor-in-rishikesh/page.jsx [Client Component SSR]
    ./app/anchor-in-rishikesh/page.jsx [Server Component]


./app/anchor-in-shimla/page.jsx:30:1
Export useRef doesn't exist in target module
[0m [90m 28 |[39m [36mimport[39m { motion[33m,[39m
 [90m 29 |[39m   useInView } [36mfrom[39m [32m"framer-motion"[39m[33m;[39m
[31m[1m>[22m[39m[90m 30 |[39m [36mimport[39m {
 [90m    |[39m [31m[1m^[22m[39m[31m[1m^[22m[39m[31m[1m^[22m[39m[31m[1m^[22m[39m[31m[1m^[22m[39m[
31m[1m^[22m[39m[31m[1m^[22m[39m[31m[1m^[22m[39m
[31m[1m>[22m[39m[90m 31 |[39m   [33mMapPin[39m[33m,[39m
 [90m    |[39m [31m[1m^[22m[39m[31m[1m^[22m[39m[31m[1m^[22m[39m[31m[1m^[22m[39m[31m[1m^[22m[39m[
31m[1m^[22m[39m[31m[1m^[22m[39m[31m[1m^[22m[39m[31m[1m^[22m[39m
[31m[1m>[22m[39m[90m 32 |[39m   useRef[33m,[39m
 [90m    |[39m [31m[1m^[22m[39m[31m[1m^[22m[39m[31m[1m^[22m[39m[31m[1m^[22m[39m[31m[1m^[22m[39m[
31m[1m^[22m[39m[31m[1m^[22m[39m[31m[1m^[22m[39m[31m[1m^[22m[39m
[31m[1m>[22m[39m[90m 33 |[39m   useState
 [90m    |[39m [31m[1m^[22m[39m[31m[1m^[22m[39m[31m[1m^[22m[39m[31m[1m^[22m[39m[31m[1m^[22m[39m[
31m[1m^[22m[39m[31m[1m^[22m[39m[31m[1m^[22m[39m[31m[1m^[22m[39m
[31m[1m>[22m[39m[90m 34 |[39m } [36mfrom[39m [32m"lucide-react"[39m[33m;[39m
 [90m    |[39m [31m[1m^[22m[39m[31m[1m^[22m[39m[31m[1m^[22m[39m[31m[1m^[22m[39m[31m[1m^[22m[39m[
31m[1m^[22m[39m[31m[1m^[22m[39m[31m[1m^[22m[39m[31m[1m^[22m[39m[31m[1m^[22m[39m[31m[1m^[22m[39m
[31m[1m^[22m[39m[31m[1m^[22m[39m[31m[1m^[22m[39m[31m[1m^[22m[39m[31m[1m^[22m[39m[31m[1m^[22m[39m
[31m[1m^[22m[39m[31m[1m^[22m[39m[31m[1m^[22m[39m[31m[1m^[22m[39m[31m[1m^[22m[39m[31m[1m^[22m[39
m
 [90m 35 |[39m
 [90m 36 |[39m [36mconst[39m [33mGOLD[39m [33m=[39m [32m"#D4AF37"[39m[33m;[39m
 [90m 37 |[39m [36mconst[39m [33mWA[39m [33m=[39m [32m"https://wa.me/917737877978?text=Hi%20Yash!%20I%27m%20pl
anning%20a%20destination%20wedding%20in%20Shimla.%20Can%20you%20check%20availability%3F"[39m[33m;[39m[0m

The export useRef was not found in module [project]/node_modules/lucide-react/dist/esm/lucide-react.js [app-client] 
(ecmascript).
Did you mean to import Beef?
All exports of the module are statically known (It doesn't have dynamic exports). So it's known statically that the 
requested export doesn't exist.

Import traces:
  Client Component Browser:
    ./app/anchor-in-shimla/page.jsx [Client Component Browser]
    ./app/anchor-in-shimla/page.jsx [Server Component]

  Client Component SSR:
    ./app/anchor-in-shimla/page.jsx [Client Component SSR]
    ./app/anchor-in-shimla/page.jsx [Server Component]


./app/anchor-in-shimla/page.jsx:30:1
Export useRef doesn't exist in target module
[0m [90m 28 |[39m [36mimport[39m { motion[33m,[39m
 [90m 29 |[39m   useInView } [36mfrom[39m [32m"framer-motion"[39m[33m;[39m
[31m[1m>[22m[39m[90m 30 |[39m [36mimport[39m {
 [90m    |[39m [31m[1m^[22m[39m[31m[1m^[22m[39m[31m[1m^[22m[39m[31m[1m^[22m[39m[31m[1m^[22m[39m[
31m[1m^[22m[39m[31m[1m^[22m[39m[31m[1m^[22m[39m
[31m[1m>[22m[39m[90m 31 |[39m   [33mMapPin[39m[33m,[39m
 [90m    |[39m [31m[1m^[22m[39m[31m[1m^[22m[39m[31m[1m^[22m[39m[31m[1m^[22m[39m[31m[1m^[22m[39m[
31m[1m^[22m[39m[31m[1m^[22m[39m[31m[1m^[22m[39m[31m[1m^[22m[39m
[31m[1m>[22m[39m[90m 32 |[39m   useRef[33m,[39m
 [90m    |[39m [31m[1m^[22m[39m[31m[1m^[22m[39m[31m[1m^[22m[39m[31m[1m^[22m[39m[31m[1m^[22m[39m[
31m[1m^[22m[39m[31m[1m^[22m[39m[31m[1m^[22m[39m[31m[1m^[22m[39m
[31m[1m>[22m[39m[90m 33 |[39m   useState
 [90m    |[39m [31m[1m^[22m[39m[31m[1m^[22m[39m[31m[1m^[22m[39m[31m[1m^[22m[39m[31m[1m^[22m[39m[
31m[1m^[22m[39m[31m[1m^[22m[39m[31m[1m^[22m[39m[31m[1m^[22m[39m
[31m[1m>[22m[39m[90m 34 |[39m } [36mfrom[39m [32m"lucide-react"[39m[33m;[39m
 [90m    |[39m [31m[1m^[22m[39m[31m[1m^[22m[39m[31m[1m^[22m[39m[31m[1m^[22m[39m[31m[1m^[22m[39m[
31m[1m^[22m[39m[31m[1m^[22m[39m[31m[1m^[22m[39m[31m[1m^[22m[39m[31m[1m^[22m[39m[31m[1m^[22m[39m
[31m[1m^[22m[39m[31m[1m^[22m[39m[31m[1m^[22m[39m[31m[1m^[22m[39m[31m[1m^[22m[39m[31m[1m^[22m[39m
[31m[1m^[22m[39m[31m[1m^[22m[39m[31m[1m^[22m[39m[31m[1m^[22m[39m[31m[1m^[22m[39m[31m[1m^[22m[39
m
 [90m 35 |[39m
 [90m 36 |[39m [36mconst[39m [33mGOLD[39m [33m=[39m [32m"#D4AF37"[39m[33m;[39m
 [90m 37 |[39m [36mconst[39m [33mWA[39m [33m=[39m [32m"https://wa.me/917737877978?text=Hi%20Yash!%20I%27m%20pl
anning%20a%20destination%20wedding%20in%20Shimla.%20Can%20you%20check%20availability%3F"[39m[33m;[39m[0m

The export useRef was not found in module [project]/node_modules/lucide-react/dist/esm/lucide-react.js [app-ssr] 
(ecmascript).
Did you mean to import Beef?
All exports of the module are statically known (It doesn't have dynamic exports). So it's known statically that the 
requested export doesn't exist.

Import traces:
  Client Component Browser:
    ./app/anchor-in-shimla/page.jsx [Client Component Browser]
    ./app/anchor-in-shimla/page.jsx [Server Component]

  Client Component SSR:
    ./app/anchor-in-shimla/page.jsx [Client Component SSR]
    ./app/anchor-in-shimla/page.jsx [Server Component]


./app/anchor-in-varanasi/page.jsx:31:1
Export useRef doesn't exist in target module
[0m [90m 29 |[39m [36mimport[39m { motion[33m,[39m
 [90m 30 |[39m   useInView } [36mfrom[39m [32m"framer-motion"[39m[33m;[39m
[31m[1m>[22m[39m[90m 31 |[39m [36mimport[39m {
 [90m    |[39m [31m[1m^[22m[39m[31m[1m^[22m[39m[31m[1m^[22m[39m[31m[1m^[22m[39m[31m[1m^[22m[39m[
31m[1m^[22m[39m[31m[1m^[22m[39m[31m[1m^[22m[39m
[31m[1m>[22m[39m[90m 32 |[39m   [33mMapPin[39m[33m,[39m
 [90m    |[39m [31m[1m^[22m[39m[31m[1m^[22m[39m[31m[1m^[22m[39m[31m[1m^[22m[39m[31m[1m^[22m[39m[
31m[1m^[22m[39m[31m[1m^[22m[39m[31m[1m^[22m[39m[31m[1m^[22m[39m
[31m[1m>[22m[39m[90m 33 |[39m   useRef[33m,[39m
 [90m    |[39m [31m[1m^[22m[39m[31m[1m^[22m[39m[31m[1m^[22m[39m[31m[1m^[22m[39m[31m[1m^[22m[39m[
31m[1m^[22m[39m[31m[1m^[22m[39m[31m[1m^[22m[39m[31m[1m^[22m[39m
[31m[1m>[22m[39m[90m 34 |[39m   useState
 [90m    |[39m [31m[1m^[22m[39m[31m[1m^[22m[39m[31m[1m^[22m[39m[31m[1m^[22m[39m[31m[1m^[22m[39m[
31m[1m^[22m[39m[31m[1m^[22m[39m[31m[1m^[22m[39m[31m[1m^[22m[39m
[31m[1m>[22m[39m[90m 35 |[39m } [36mfrom[39m [32m"lucide-react"[39m[33m;[39m
 [90m    |[39m [31m[1m^[22m[39m[31m[1m^[22m[39m[31m[1m^[22m[39m[31m[1m^[22m[39m[31m[1m^[22m[39m[
31m[1m^[22m[39m[31m[1m^[22m[39m[31m[1m^[22m[39m[31m[1m^[22m[39m[31m[1m^[22m[39m[31m[1m^[22m[39m
[31m[1m^[22m[39m[31m[1m^[22m[39m[31m[1m^[22m[39m[31m[1m^[22m[39m[31m[1m^[22m[39m[31m[1m^[22m[39m
[31m[1m^[22m[39m[31m[1m^[22m[39m[31m[1m^[22m[39m[31m[1m^[22m[39m[31m[1m^[22m[39m[31m[1m^[22m[39
m
 [90m 36 |[39m
 [90m 37 |[39m [36mconst[39m [33mGOLD[39m [33m=[39m [32m"#D4AF37"[39m[33m;[39m
 [90m 38 |[39m [36mconst[39m [33mWA[39m [33m=[39m [32m"https://wa.me/917737877978?text=Hi%20Yash!%20I%27m%20pl
anning%20a%20destination%20wedding%20in%20Varanasi.%20Can%20you%20check%20availability%3F"[39m[33m;[39m[0m

The export useRef was not found in module [project]/node_modules/lucide-react/dist/esm/lucide-react.js [app-client] 
(ecmascript).
Did you mean to import Beef?
All exports of the module are statically known (It doesn't have dynamic exports). So it's known statically that the 
requested export doesn't exist.

Import traces:
  Client Component Browser:
    ./app/anchor-in-varanasi/page.jsx [Client Component Browser]
    ./app/anchor-in-varanasi/page.jsx [Server Component]

  Client Component SSR:
    ./app/anchor-in-varanasi/page.jsx [Client Component SSR]
    ./app/anchor-in-varanasi/page.jsx [Server Component]


./app/anchor-in-varanasi/page.jsx:31:1
Export useRef doesn't exist in target module
[0m [90m 29 |[39m [36mimport[39m { motion[33m,[39m
 [90m 30 |[39m   useInView } [36mfrom[39m [32m"framer-motion"[39m[33m;[39m
[31m[1m>[22m[39m[90m 31 |[39m [36mimport[39m {
 [90m    |[39m [31m[1m^[22m[39m[31m[1m^[22m[39m[31m[1m^[22m[39m[31m[1m^[22m[39m[31m[1m^[22m[39m[
31m[1m^[22m[39m[31m[1m^[22m[39m[31m[1m^[22m[39m
[31m[1m>[22m[39m[90m 32 |[39m   [33mMapPin[39m[33m,[39m
 [90m    |[39m [31m[1m^[22m[39m[31m[1m^[22m[39m[31m[1m^[22m[39m[31m[1m^[22m[39m[31m[1m^[22m[39m[
31m[1m^[22m[39m[31m[1m^[22m[39m[31m[1m^[22m[39m[31m[1m^[22m[39m
[31m[1m>[22m[39m[90m 33 |[39m   useRef[33m,[39m
 [90m    |[39m [31m[1m^[22m[39m[31m[1m^[22m[39m[31m[1m^[22m[39m[31m[1m^[22m[39m[31m[1m^[22m[39m[
31m[1m^[22m[39m[31m[1m^[22m[39m[31m[1m^[22m[39m[31m[1m^[22m[39m
[31m[1m>[22m[39m[90m 34 |[39m   useState
 [90m    |[39m [31m[1m^[22m[39m[31m[1m^[22m[39m[31m[1m^[22m[39m[31m[1m^[22m[39m[31m[1m^[22m[39m[
31m[1m^[22m[39m[31m[1m^[22m[39m[31m[1m^[22m[39m[31m[1m^[22m[39m
[31m[1m>[22m[39m[90m 35 |[39m } [36mfrom[39m [32m"lucide-react"[39m[33m;[39m
 [90m    |[39m [31m[1m^[22m[39m[31m[1m^[22m[39m[31m[1m^[22m[39m[31m[1m^[22m[39m[31m[1m^[22m[39m[
31m[1m^[22m[39m[31m[1m^[22m[39m[31m[1m^[22m[39m[31m[1m^[22m[39m[31m[1m^[22m[39m[31m[1m^[22m[39m
[31m[1m^[22m[39m[31m[1m^[22m[39m[31m[1m^[22m[39m[31m[1m^[22m[39m[31m[1m^[22m[39m[31m[1m^[22m[39m
[31m[1m^[22m[39m[31m[1m^[22m[39m[31m[1m^[22m[39m[31m[1m^[22m[39m[31m[1m^[22m[39m[31m[1m^[22m[39
m
 [90m 36 |[39m
 [90m 37 |[39m [36mconst[39m [33mGOLD[39m [33m=[39m [32m"#D4AF37"[39m[33m;[39m
 [90m 38 |[39m [36mconst[39m [33mWA[39m [33m=[39m [32m"https://wa.me/917737877978?text=Hi%20Yash!%20I%27m%20pl
anning%20a%20destination%20wedding%20in%20Varanasi.%20Can%20you%20check%20availability%3F"[39m[33m;[39m[0m

The export useRef was not found in module [project]/node_modules/lucide-react/dist/esm/lucide-react.js [app-ssr] 
(ecmascript).
Did you mean to import Beef?
All exports of the module are statically known (It doesn't have dynamic exports). So it's known statically that the 
requested export doesn't exist.

Import traces:
  Client Component Browser:
    ./app/anchor-in-varanasi/page.jsx [Client Component Browser]
    ./app/anchor-in-varanasi/page.jsx [Server Component]

  Client Component SSR:
    ./app/anchor-in-varanasi/page.jsx [Client Component SSR]
    ./app/anchor-in-varanasi/page.jsx [Server Component]


./app/award-night-anchor-jaipur/page.jsx:27:1
Export useRef doesn't exist in target module
[0m [90m 25 |[39m [36mimport[39m { motion[33m,[39m
 [90m 26 |[39m   useInView } [36mfrom[39m [32m"framer-motion"[39m[33m;[39m
[31m[1m>[22m[39m[90m 27 |[39m [36mimport[39m {
 [90m    |[39m [31m[1m^[22m[39m[31m[1m^[22m[39m[31m[1m^[22m[39m[31m[1m^[22m[39m[31m[1m^[22m[39m[
31m[1m^[22m[39m[31m[1m^[22m[39m[31m[1m^[22m[39m
[31m[1m>[22m[39m[90m 28 |[39m   [33mMic2[39m[33m,[39m
 [90m    |[39m [31m[1m^[22m[39m[31m[1m^[22m[39m[31m[1m^[22m[39m[31m[1m^[22m[39m[31m[1m^[22m[39m[
31m[1m^[22m[39m[31m[1m^[22m[39m
[31m[1m>[22m[39m[90m 29 |[39m   useRef[33m,[39m
 [90m    |[39m [31m[1m^[22m[39m[31m[1m^[22m[39m[31m[1m^[22m[39m[31m[1m^[22m[39m[31m[1m^[22m[39m[
31m[1m^[22m[39m[31m[1m^[22m[39m
[31m[1m>[22m[39m[90m 30 |[39m   useState
 [90m    |[39m [31m[1m^[22m[39m[31m[1m^[22m[39m[31m[1m^[22m[39m[31m[1m^[22m[39m[31m[1m^[22m[39m[
31m[1m^[22m[39m[31m[1m^[22m[39m
[31m[1m>[22m[39m[90m 31 |[39m } [36mfrom[39m [32m"lucide-react"[39m[33m;[39m
 [90m    |[39m [31m[1m^[22m[39m[31m[1m^[22m[39m[31m[1m^[22m[39m[31m[1m^[22m[39m[31m[1m^[22m[39m[
31m[1m^[22m[39m[31m[1m^[22m[39m[31m[1m^[22m[39m[31m[1m^[22m[39m[31m[1m^[22m[39m[31m[1m^[22m[39m
[31m[1m^[22m[39m[31m[1m^[22m[39m[31m[1m^[22m[39m[31m[1m^[22m[39m[31m[1m^[22m[39m[31m[1m^[22m[39m
[31m[1m^[22m[39m[31m[1m^[22m[39m[31m[1m^[22m[39m[31m[1m^[22m[39m[31m[1m^[22m[39m[31m[1m^[22m[39
m
 [90m 32 |[39m
 [90m 33 |[39m [36mconst[39m [33mGOLD[39m [33m=[39m [32m"#D4AF37"[39m[33m;[39m
 [90m 34 |[39m [36mconst[39m [33mGOLD_D[39m [33m=[39m [32m"#a8891a"[39m[33m;[39m[0m

The export useRef was not found in module [project]/node_modules/lucide-react/dist/esm/lucide-react.js [app-client] 
(ecmascript).
Did you mean to import Beef?
All exports of the module are statically known (It doesn't have dynamic exports). So it's known statically that the 
requested export doesn't exist.

Import traces:
  Client Component Browser:
    ./app/award-night-anchor-jaipur/page.jsx [Client Component Browser]
    ./app/award-night-anchor-jaipur/page.jsx [Server Component]

  Client Component SSR:
    ./app/award-night-anchor-jaipur/page.jsx [Client Component SSR]
    ./app/award-night-anchor-jaipur/page.jsx [Server Component]


./app/award-night-anchor-jaipur/page.jsx:27:1
Export useRef doesn't exist in target module
[0m [90m 25 |[39m [36mimport[39m { motion[33m,[39m
 [90m 26 |[39m   useInView } [36mfrom[39m [32m"framer-motion"[39m[33m;[39m
[31m[1m>[22m[39m[90m 27 |[39m [36mimport[39m {
 [90m    |[39m [31m[1m^[22m[39m[31m[1m^[22m[39m[31m[1m^[22m[39m[31m[1m^[22m[39m[31m[1m^[22m[39m[
31m[1m^[22m[39m[31m[1m^[22m[39m[31m[1m^[22m[39m
[31m[1m>[22m[39m[90m 28 |[39m   [33mMic2[39m[33m,[39m
 [90m    |[39m [31m[1m^[22m[39m[31m[1m^[22m[39m[31m[1m^[22m[39m[31m[1m^[22m[39m[31m[1m^[22m[39m[
31m[1m^[22m[39m[31m[1m^[22m[39m
[31m[1m>[22m[39m[90m 29 |[39m   useRef[33m,[39m
 [90m    |[39m [31m[1m^[22m[39m[31m[1m^[22m[39m[31m[1m^[22m[39m[31m[1m^[22m[39m[31m[1m^[22m[39m[
31m[1m^[22m[39m[31m[1m^[22m[39m
[31m[1m>[22m[39m[90m 30 |[39m   useState
 [90m    |[39m [31m[1m^[22m[39m[31m[1m^[22m[39m[31m[1m^[22m[39m[31m[1m^[22m[39m[31m[1m^[22m[39m[
31m[1m^[22m[39m[31m[1m^[22m[39m
[31m[1m>[22m[39m[90m 31 |[39m } [36mfrom[39m [32m"lucide-react"[39m[33m;[39m
 [90m    |[39m [31m[1m^[22m[39m[31m[1m^[22m[39m[31m[1m^[22m[39m[31m[1m^[22m[39m[31m[1m^[22m[39m[
31m[1m^[22m[39m[31m[1m^[22m[39m[31m[1m^[22m[39m[31m[1m^[22m[39m[31m[1m^[22m[39m[31m[1m^[22m[39m
[31m[1m^[22m[39m[31m[1m^[22m[39m[31m[1m^[22m[39m[31m[1m^[22m[39m[31m[1m^[22m[39m[31m[1m^[22m[39m
[31m[1m^[22m[39m[31m[1m^[22m[39m[31m[1m^[22m[39m[31m[1m^[22m[39m[31m[1m^[22m[39m[31m[1m^[22m[39
m
 [90m 32 |[39m
 [90m 33 |[39m [36mconst[39m [33mGOLD[39m [33m=[39m [32m"#D4AF37"[39m[33m;[39m
 [90m 34 |[39m [36mconst[39m [33mGOLD_D[39m [33m=[39m [32m"#a8891a"[39m[33m;[39m[0m

The export useRef was not found in module [project]/node_modules/lucide-react/dist/esm/lucide-react.js [app-ssr] 
(ecmascript).
Did you mean to import Beef?
All exports of the module are statically known (It doesn't have dynamic exports). So it's known statically that the 
requested export doesn't exist.

Import traces:
  Client Component Browser:
    ./app/award-night-anchor-jaipur/page.jsx [Client Component Browser]
    ./app/award-night-anchor-jaipur/page.jsx [Server Component]

  Client Component SSR:
    ./app/award-night-anchor-jaipur/page.jsx [Client Component SSR]
    ./app/award-night-anchor-jaipur/page.jsx [Server Component]


./app/engagement-roka-ceremony-anchor/page.jsx:29:1
Export useRef doesn't exist in target module
[0m [90m 27 |[39m [36mimport[39m { motion[33m,[39m
 [90m 28 |[39m   useInView } [36mfrom[39m [32m"framer-motion"[39m[33m;[39m
[31m[1m>[22m[39m[90m 29 |[39m [36mimport[39m {
 [90m    |[39m [31m[1m^[22m[39m[31m[1m^[22m[39m[31m[1m^[22m[39m[31m[1m^[22m[39m[31m[1m^[22m[39m[
31m[1m^[22m[39m[31m[1m^[22m[39m[31m[1m^[22m[39m
[31m[1m>[22m[39m[90m 30 |[39m   [33mMic2[39m[33m,[39m
 [90m    |[39m [31m[1m^[22m[39m[31m[1m^[22m[39m[31m[1m^[22m[39m[31m[1m^[22m[39m[31m[1m^[22m[39m[
31m[1m^[22m[39m[31m[1m^[22m[39m
[31m[1m>[22m[39m[90m 31 |[39m   useRef[33m,[39m
 [90m    |[39m [31m[1m^[22m[39m[31m[1m^[22m[39m[31m[1m^[22m[39m[31m[1m^[22m[39m[31m[1m^[22m[39m[
31m[1m^[22m[39m[31m[1m^[22m[39m
[31m[1m>[22m[39m[90m 32 |[39m   useState
 [90m    |[39m [31m[1m^[22m[39m[31m[1m^[22m[39m[31m[1m^[22m[39m[31m[1m^[22m[39m[31m[1m^[22m[39m[
31m[1m^[22m[39m[31m[1m^[22m[39m
[31m[1m>[22m[39m[90m 33 |[39m } [36mfrom[39m [32m"lucide-react"[39m[33m;[39m
 [90m    |[39m [31m[1m^[22m[39m[31m[1m^[22m[39m[31m[1m^[22m[39m[31m[1m^[22m[39m[31m[1m^[22m[39m[
31m[1m^[22m[39m[31m[1m^[22m[39m[31m[1m^[22m[39m[31m[1m^[22m[39m[31m[1m^[22m[39m[31m[1m^[22m[39m
[31m[1m^[22m[39m[31m[1m^[22m[39m[31m[1m^[22m[39m[31m[1m^[22m[39m[31m[1m^[22m[39m[31m[1m^[22m[39m
[31m[1m^[22m[39m[31m[1m^[22m[39m[31m[1m^[22m[39m[31m[1m^[22m[39m[31m[1m^[22m[39m[31m[1m^[22m[39
m
 [90m 34 |[39m
 [90m 35 |[39m [36mconst[39m [33mGOLD[39m [33m=[39m [32m"#D4AF37"[39m[33m;[39m
 [90m 36 |[39m [36mconst[39m [33mGOLD_D[39m [33m=[39m [32m"#a8891a"[39m[33m;[39m[0m

The export useRef was not found in module [project]/node_modules/lucide-react/dist/esm/lucide-react.js [app-client] 
(ecmascript).
Did you mean to import Beef?
All exports of the module are statically known (It doesn't have dynamic exports). So it's known statically that the 
requested export doesn't exist.

Import traces:
  Client Component Browser:
    ./app/engagement-roka-ceremony-anchor/page.jsx [Client Component Browser]
    ./app/engagement-roka-ceremony-anchor/page.jsx [Server Component]

  Client Component SSR:
    ./app/engagement-roka-ceremony-anchor/page.jsx [Client Component SSR]
    ./app/engagement-roka-ceremony-anchor/page.jsx [Server Component]


./app/engagement-roka-ceremony-anchor/page.jsx:29:1
Export useRef doesn't exist in target module
[0m [90m 27 |[39m [36mimport[39m { motion[33m,[39m
 [90m 28 |[39m   useInView } [36mfrom[39m [32m"framer-motion"[39m[33m;[39m
[31m[1m>[22m[39m[90m 29 |[39m [36mimport[39m {
 [90m    |[39m [31m[1m^[22m[39m[31m[1m^[22m[39m[31m[1m^[22m[39m[31m[1m^[22m[39m[31m[1m^[22m[39m[
31m[1m^[22m[39m[31m[1m^[22m[39m[31m[1m^[22m[39m
[31m[1m>[22m[39m[90m 30 |[39m   [33mMic2[39m[33m,[39m
 [90m    |[39m [31m[1m^[22m[39m[31m[1m^[22m[39m[31m[1m^[22m[39m[31m[1m^[22m[39m[31m[1m^[22m[39m[
31m[1m^[22m[39m[31m[1m^[22m[39m
[31m[1m>[22m[39m[90m 31 |[39m   useRef[33m,[39m
 [90m    |[39m [31m[1m^[22m[39m[31m[1m^[22m[39m[31m[1m^[22m[39m[31m[1m^[22m[39m[31m[1m^[22m[39m[
31m[1m^[22m[39m[31m[1m^[22m[39m
[31m[1m>[22m[39m[90m 32 |[39m   useState
 [90m    |[39m [31m[1m^[22m[39m[31m[1m^[22m[39m[31m[1m^[22m[39m[31m[1m^[22m[39m[31m[1m^[22m[39m[
31m[1m^[22m[39m[31m[1m^[22m[39m
[31m[1m>[22m[39m[90m 33 |[39m } [36mfrom[39m [32m"lucide-react"[39m[33m;[39m
 [90m    |[39m [31m[1m^[22m[39m[31m[1m^[22m[39m[31m[1m^[22m[39m[31m[1m^[22m[39m[31m[1m^[22m[39m[
31m[1m^[22m[39m[31m[1m^[22m[39m[31m[1m^[22m[39m[31m[1m^[22m[39m[31m[1m^[22m[39m[31m[1m^[22m[39m
[31m[1m^[22m[39m[31m[1m^[22m[39m[31m[1m^[22m[39m[31m[1m^[22m[39m[31m[1m^[22m[39m[31m[1m^[22m[39m
[31m[1m^[22m[39m[31m[1m^[22m[39m[31m[1m^[22m[39m[31m[1m^[22m[39m[31m[1m^[22m[39m[31m[1m^[22m[39
m
 [90m 34 |[39m
 [90m 35 |[39m [36mconst[39m [33mGOLD[39m [33m=[39m [32m"#D4AF37"[39m[33m;[39m
 [90m 36 |[39m [36mconst[39m [33mGOLD_D[39m [33m=[39m [32m"#a8891a"[39m[33m;[39m[0m

The export useRef was not found in module [project]/node_modules/lucide-react/dist/esm/lucide-react.js [app-ssr] 
(ecmascript).
Did you mean to import Beef?
All exports of the module are statically known (It doesn't have dynamic exports). So it's known statically that the 
requested export doesn't exist.

Import traces:
  Client Component Browser:
    ./app/engagement-roka-ceremony-anchor/page.jsx [Client Component Browser]
    ./app/engagement-roka-ceremony-anchor/page.jsx [Server Component]

  Client Component SSR:
    ./app/engagement-roka-ceremony-anchor/page.jsx [Client Component SSR]
    ./app/engagement-roka-ceremony-anchor/page.jsx [Server Component]


./app/anchor-in-agra/page.jsx:31:1
Export useState doesn't exist in target module
[0m [90m 29 |[39m [36mimport[39m { motion[33m,[39m
 [90m 30 |[39m   useInView } [36mfrom[39m [32m"framer-motion"[39m[33m;[39m
[31m[1m>[22m[39m[90m 31 |[39m [36mimport[39m {
 [90m    |[39m [31m[1m^[22m[39m[31m[1m^[22m[39m[31m[1m^[22m[39m[31m[1m^[22m[39m[31m[1m^[22m[39m[
31m[1m^[22m[39m[31m[1m^[22m[39m[31m[1m^[22m[39m
[31m[1m>[22m[39m[90m 32 |[39m   [33mMapPin[39m[33m,[39m
 [90m    |[39m [31m[1m^[22m[39m[31m[1m^[22m[39m[31m[1m^[22m[39m[31m[1m^[22m[39m[31m[1m^[22m[39m[
31m[1m^[22m[39m[31m[1m^[22m[39m[31m[1m^[22m[39m[31m[1m^[22m[39m
[31m[1m>[22m[39m[90m 33 |[39m   useRef[33m,[39m
 [90m    |[39m [31m[1m^[22m[39m[31m[1m^[22m[39m[31m[1m^[22m[39m[31m[1m^[22m[39m[31m[1m^[22m[39m[
31m[1m^[22m[39m[31m[1m^[22m[39m[31m[1m^[22m[39m[31m[1m^[22m[39m
[31m[1m>[22m[39m[90m 34 |[39m   useState
 [90m    |[39m [31m[1m^[22m[39m[31m[1m^[22m[39m[31m[1m^[22m[39m[31m[1m^[22m[39m[31m[1m^[22m[39m[
31m[1m^[22m[39m[31m[1m^[22m[39m[31m[1m^[22m[39m[31m[1m^[22m[39m
[31m[1m>[22m[39m[90m 35 |[39m } [36mfrom[39m [32m"lucide-react"[39m[33m;[39m
 [90m    |[39m [31m[1m^[22m[39m[31m[1m^[22m[39m[31m[1m^[22m[39m[31m[1m^[22m[39m[31m[1m^[22m[39m[
31m[1m^[22m[39m[31m[1m^[22m[39m[31m[1m^[22m[39m[31m[1m^[22m[39m[31m[1m^[22m[39m[31m[1m^[22m[39m
[31m[1m^[22m[39m[31m[1m^[22m[39m[31m[1m^[22m[39m[31m[1m^[22m[39m[31m[1m^[22m[39m[31m[1m^[22m[39m
[31m[1m^[22m[39m[31m[1m^[22m[39m[31m[1m^[22m[39m[31m[1m^[22m[39m[31m[1m^[22m[39m[31m[1m^[22m[39
m
 [90m 36 |[39m
 [90m 37 |[39m [36mconst[39m [33mGOLD[39m [33m=[39m [32m"#D4AF37"[39m[33m;[39m
 [90m 38 |[39m [36mconst[39m [33mWA[39m [33m=[39m [32m"https://wa.me/917737877978?text=Hi%20Yash!%20I%27m%20pl
anning%20a%20destination%20wedding%20in%20Agra.%20Can%20you%20check%20availability%3F"[39m[33m;[39m[0m

The export useState was not found in module [project]/node_modules/lucide-react/dist/esm/lucide-react.js [app-client] 
(ecmascript).
Did you mean to import UserStar?
All exports of the module are statically known (It doesn't have dynamic exports). So it's known statically that the 
requested export doesn't exist.

Import traces:
  Client Component Browser:
    ./app/anchor-in-agra/page.jsx [Client Component Browser]
    ./app/anchor-in-agra/page.jsx [Server Component]

  Client Component SSR:
    ./app/anchor-in-agra/page.jsx [Client Component SSR]
    ./app/anchor-in-agra/page.jsx [Server Component]


./app/anchor-in-agra/page.jsx:31:1
Export useState doesn't exist in target module
[0m [90m 29 |[39m [36mimport[39m { motion[33m,[39m
 [90m 30 |[39m   useInView } [36mfrom[39m [32m"framer-motion"[39m[33m;[39m
[31m[1m>[22m[39m[90m 31 |[39m [36mimport[39m {
 [90m    |[39m [31m[1m^[22m[39m[31m[1m^[22m[39m[31m[1m^[22m[39m[31m[1m^[22m[39m[31m[1m^[22m[39m[
31m[1m^[22m[39m[31m[1m^[22m[39m[31m[1m^[22m[39m
[31m[1m>[22m[39m[90m 32 |[39m   [33mMapPin[39m[33m,[39m
 [90m    |[39m [31m[1m^[22m[39m[31m[1m^[22m[39m[31m[1m^[22m[39m[31m[1m^[22m[39m[31m[1m^[22m[39m[
31m[1m^[22m[39m[31m[1m^[22m[39m[31m[1m^[22m[39m[31m[1m^[22m[39m
[31m[1m>[22m[39m[90m 33 |[39m   useRef[33m,[39m
 [90m    |[39m [31m[1m^[22m[39m[31m[1m^[22m[39m[31m[1m^[22m[39m[31m[1m^[22m[39m[31m[1m^[22m[39m[
31m[1m^[22m[39m[31m[1m^[22m[39m[31m[1m^[22m[39m[31m[1m^[22m[39m
[31m[1m>[22m[39m[90m 34 |[39m   useState
 [90m    |[39m [31m[1m^[22m[39m[31m[1m^[22m[39m[31m[1m^[22m[39m[31m[1m^[22m[39m[31m[1m^[22m[39m[
31m[1m^[22m[39m[31m[1m^[22m[39m[31m[1m^[22m[39m[31m[1m^[22m[39m
[31m[1m>[22m[39m[90m 35 |[39m } [36mfrom[39m [32m"lucide-react"[39m[33m;[39m
 [90m    |[39m [31m[1m^[22m[39m[31m[1m^[22m[39m[31m[1m^[22m[39m[31m[1m^[22m[39m[31m[1m^[22m[39m[
31m[1m^[22m[39m[31m[1m^[22m[39m[31m[1m^[22m[39m[31m[1m^[22m[39m[31m[1m^[22m[39m[31m[1m^[22m[39m
[31m[1m^[22m[39m[31m[1m^[22m[39m[31m[1m^[22m[39m[31m[1m^[22m[39m[31m[1m^[22m[39m[31m[1m^[22m[39m
[31m[1m^[22m[39m[31m[1m^[22m[39m[31m[1m^[22m[39m[31m[1m^[22m[39m[31m[1m^[22m[39m[31m[1m^[22m[39
m
 [90m 36 |[39m
 [90m 37 |[39m [36mconst[39m [33mGOLD[39m [33m=[39m [32m"#D4AF37"[39m[33m;[39m
 [90m 38 |[39m [36mconst[39m [33mWA[39m [33m=[39m [32m"https://wa.me/917737877978?text=Hi%20Yash!%20I%27m%20pl
anning%20a%20destination%20wedding%20in%20Agra.%20Can%20you%20check%20availability%3F"[39m[33m;[39m[0m

The export useState was not found in module [project]/node_modules/lucide-react/dist/esm/lucide-react.js [app-ssr] 
(ecmascript).
Did you mean to import UserStar?
All exports of the module are statically known (It doesn't have dynamic exports). So it's known statically that the 
requested export doesn't exist.

Import traces:
  Client Component Browser:
    ./app/anchor-in-agra/page.jsx [Client Component Browser]
    ./app/anchor-in-agra/page.jsx [Server Component]

  Client Component SSR:
    ./app/anchor-in-agra/page.jsx [Client Component SSR]
    ./app/anchor-in-agra/page.jsx [Server Component]


./app/anchor-in-ajmer/page.jsx:33:1
Export useState doesn't exist in target module
[0m [90m 31 |[39m [36mimport[39m { motion[33m,[39m
 [90m 32 |[39m   useInView } [36mfrom[39m [32m"framer-motion"[39m[33m;[39m
[31m[1m>[22m[39m[90m 33 |[39m [36mimport[39m {
 [90m    |[39m [31m[1m^[22m[39m[31m[1m^[22m[39m[31m[1m^[22m[39m[31m[1m^[22m[39m[31m[1m^[22m[39m[
31m[1m^[22m[39m[31m[1m^[22m[39m[31m[1m^[22m[39m
[31m[1m>[22m[39m[90m 34 |[39m   [33mMapPin[39m[33m,[39m
 [90m    |[39m [31m[1m^[22m[39m[31m[1m^[22m[39m[31m[1m^[22m[39m[31m[1m^[22m[39m[31m[1m^[22m[39m[
31m[1m^[22m[39m[31m[1m^[22m[39m[31m[1m^[22m[39m[31m[1m^[22m[39m
[31m[1m>[22m[39m[90m 35 |[39m   useRef[33m,[39m
 [90m    |[39m [31m[1m^[22m[39m[31m[1m^[22m[39m[31m[1m^[22m[39m[31m[1m^[22m[39m[31m[1m^[22m[39m[
31m[1m^[22m[39m[31m[1m^[22m[39m[31m[1m^[22m[39m[31m[1m^[22m[39m
[31m[1m>[22m[39m[90m 36 |[39m   useState
 [90m    |[39m [31m[1m^[22m[39m[31m[1m^[22m[39m[31m[1m^[22m[39m[31m[1m^[22m[39m[31m[1m^[22m[39m[
31m[1m^[22m[39m[31m[1m^[22m[39m[31m[1m^[22m[39m[31m[1m^[22m[39m
[31m[1m>[22m[39m[90m 37 |[39m } [36mfrom[39m [32m"lucide-react"[39m[33m;[39m
 [90m    |[39m [31m[1m^[22m[39m[31m[1m^[22m[39m[31m[1m^[22m[39m[31m[1m^[22m[39m[31m[1m^[22m[39m[
31m[1m^[22m[39m[31m[1m^[22m[39m[31m[1m^[22m[39m[31m[1m^[22m[39m[31m[1m^[22m[39m[31m[1m^[22m[39m
[31m[1m^[22m[39m[31m[1m^[22m[39m[31m[1m^[22m[39m[31m[1m^[22m[39m[31m[1m^[22m[39m[31m[1m^[22m[39m
[31m[1m^[22m[39m[31m[1m^[22m[39m[31m[1m^[22m[39m[31m[1m^[22m[39m[31m[1m^[22m[39m[31m[1m^[22m[39
m
 [90m 38 |[39m
 [90m 39 |[39m [36mconst[39m [33mGOLD[39m [33m=[39m [32m"#D4AF37"[39m[33m;[39m
 [90m 40 |[39m [36mconst[39m [33mWA[39m [33m=[39m [32m"https://wa.me/917737877978?text=Hi%20Yash!%20I%27m%20pl
anning%20a%20destination%20wedding%20in%20Ajmer.%20Can%20you%20check%20availability%3F"[39m[33m;[39m[0m

The export useState was not found in module [project]/node_modules/lucide-react/dist/esm/lucide-react.js [app-client] 
(ecmascript).
Did you mean to import UserStar?
All exports of the module are statically known (It doesn't have dynamic exports). So it's known statically that the 
requested export doesn't exist.

Import traces:
  Client Component Browser:
    ./app/anchor-in-ajmer/page.jsx [Client Component Browser]
    ./app/anchor-in-ajmer/page.jsx [Server Component]

  Client Component SSR:
    ./app/anchor-in-ajmer/page.jsx [Client Component SSR]
    ./app/anchor-in-ajmer/page.jsx [Server Component]


./app/anchor-in-ajmer/page.jsx:33:1
Export useState doesn't exist in target module
[0m [90m 31 |[39m [36mimport[39m { motion[33m,[39m
 [90m 32 |[39m   useInView } [36mfrom[39m [32m"framer-motion"[39m[33m;[39m
[31m[1m>[22m[39m[90m 33 |[39m [36mimport[39m {
 [90m    |[39m [31m[1m^[22m[39m[31m[1m^[22m[39m[31m[1m^[22m[39m[31m[1m^[22m[39m[31m[1m^[22m[39m[
31m[1m^[22m[39m[31m[1m^[22m[39m[31m[1m^[22m[39m
[31m[1m>[22m[39m[90m 34 |[39m   [33mMapPin[39m[33m,[39m
 [90m    |[39m [31m[1m^[22m[39m[31m[1m^[22m[39m[31m[1m^[22m[39m[31m[1m^[22m[39m[31m[1m^[22m[39m[
31m[1m^[22m[39m[31m[1m^[22m[39m[31m[1m^[22m[39m[31m[1m^[22m[39m
[31m[1m>[22m[39m[90m 35 |[39m   useRef[33m,[39m
 [90m    |[39m [31m[1m^[22m[39m[31m[1m^[22m[39m[31m[1m^[22m[39m[31m[1m^[22m[39m[31m[1m^[22m[39m[
31m[1m^[22m[39m[31m[1m^[22m[39m[31m[1m^[22m[39m[31m[1m^[22m[39m
[31m[1m>[22m[39m[90m 36 |[39m   useState
 [90m    |[39m [31m[1m^[22m[39m[31m[1m^[22m[39m[31m[1m^[22m[39m[31m[1m^[22m[39m[31m[1m^[22m[39m[
31m[1m^[22m[39m[31m[1m^[22m[39m[31m[1m^[22m[39m[31m[1m^[22m[39m
[31m[1m>[22m[39m[90m 37 |[39m } [36mfrom[39m [32m"lucide-react"[39m[33m;[39m
 [90m    |[39m [31m[1m^[22m[39m[31m[1m^[22m[39m[31m[1m^[22m[39m[31m[1m^[22m[39m[31m[1m^[22m[39m[
31m[1m^[22m[39m[31m[1m^[22m[39m[31m[1m^[22m[39m[31m[1m^[22m[39m[31m[1m^[22m[39m[31m[1m^[22m[39m
[31m[1m^[22m[39m[31m[1m^[22m[39m[31m[1m^[22m[39m[31m[1m^[22m[39m[31m[1m^[22m[39m[31m[1m^[22m[39m
[31m[1m^[22m[39m[31m[1m^[22m[39m[31m[1m^[22m[39m[31m[1m^[22m[39m[31m[1m^[22m[39m[31m[1m^[22m[39
m
 [90m 38 |[39m
 [90m 39 |[39m [36mconst[39m [33mGOLD[39m [33m=[39m [32m"#D4AF37"[39m[33m;[39m
 [90m 40 |[39m [36mconst[39m [33mWA[39m [33m=[39m [32m"https://wa.me/917737877978?text=Hi%20Yash!%20I%27m%20pl
anning%20a%20destination%20wedding%20in%20Ajmer.%20Can%20you%20check%20availability%3F"[39m[33m;[39m[0m

The export useState was not found in module [project]/node_modules/lucide-react/dist/esm/lucide-react.js [app-ssr] 
(ecmascript).
Did you mean to import UserStar?
All exports of the module are statically known (It doesn't have dynamic exports). So it's known statically that the 
requested export doesn't exist.

Import traces:
  Client Component Browser:
    ./app/anchor-in-ajmer/page.jsx [Client Component Browser]
    ./app/anchor-in-ajmer/page.jsx [Server Component]

  Client Component SSR:
    ./app/anchor-in-ajmer/page.jsx [Client Component SSR]
    ./app/anchor-in-ajmer/page.jsx [Server Component]


./app/anchor-in-alibaug/page.jsx:32:1
Export useState doesn't exist in target module
[0m [90m 30 |[39m [36mimport[39m { motion[33m,[39m
 [90m 31 |[39m   useInView } [36mfrom[39m [32m"framer-motion"[39m[33m;[39m
[31m[1m>[22m[39m[90m 32 |[39m [36mimport[39m {
 [90m    |[39m [31m[1m^[22m[39m[31m[1m^[22m[39m[31m[1m^[22m[39m[31m[1m^[22m[39m[31m[1m^[22m[39m[
31m[1m^[22m[39m[31m[1m^[22m[39m[31m[1m^[22m[39m
[31m[1m>[22m[39m[90m 33 |[39m   [33mMapPin[39m[33m,[39m
 [90m    |[39m [31m[1m^[22m[39m[31m[1m^[22m[39m[31m[1m^[22m[39m[31m[1m^[22m[39m[31m[1m^[22m[39m[
31m[1m^[22m[39m[31m[1m^[22m[39m[31m[1m^[22m[39m[31m[1m^[22m[39m
[31m[1m>[22m[39m[90m 34 |[39m   useRef[33m,[39m
 [90m    |[39m [31m[1m^[22m[39m[31m[1m^[22m[39m[31m[1m^[22m[39m[31m[1m^[22m[39m[31m[1m^[22m[39m[
31m[1m^[22m[39m[31m[1m^[22m[39m[31m[1m^[22m[39m[31m[1m^[22m[39m
[31m[1m>[22m[39m[90m 35 |[39m   useState
 [90m    |[39m [31m[1m^[22m[39m[31m[1m^[22m[39m[31m[1m^[22m[39m[31m[1m^[22m[39m[31m[1m^[22m[39m[
31m[1m^[22m[39m[31m[1m^[22m[39m[31m[1m^[22m[39m[31m[1m^[22m[39m
[31m[1m>[22m[39m[90m 36 |[39m } [36mfrom[39m [32m"lucide-react"[39m[33m;[39m
 [90m    |[39m [31m[1m^[22m[39m[31m[1m^[22m[39m[31m[1m^[22m[39m[31m[1m^[22m[39m[31m[1m^[22m[39m[
31m[1m^[22m[39m[31m[1m^[22m[39m[31m[1m^[22m[39m[31m[1m^[22m[39m[31m[1m^[22m[39m[31m[1m^[22m[39m
[31m[1m^[22m[39m[31m[1m^[22m[39m[31m[1m^[22m[39m[31m[1m^[22m[39m[31m[1m^[22m[39m[31m[1m^[22m[39m
[31m[1m^[22m[39m[31m[1m^[22m[39m[31m[1m^[22m[39m[31m[1m^[22m[39m[31m[1m^[22m[39m[31m[1m^[22m[39
m
 [90m 37 |[39m
 [90m 38 |[39m [36mconst[39m [33mGOLD[39m [33m=[39m [32m"#D4AF37"[39m[33m;[39m
 [90m 39 |[39m [36mconst[39m [33mWA[39m [33m=[39m [32m"https://wa.me/917737877978?text=Hi%20Yash!%20I%27m%20pl
anning%20a%20destination%20wedding%20in%20Alibaug.%20Can%20you%20check%20availability%3F"[39m[33m;[39m[0m

The export useState was not found in module [project]/node_modules/lucide-react/dist/esm/lucide-react.js [app-client] 
(ecmascript).
Did you mean to import UserStar?
All exports of the module are statically known (It doesn't have dynamic exports). So it's known statically that the 
requested export doesn't exist.

Import traces:
  Client Component Browser:
    ./app/anchor-in-alibaug/page.jsx [Client Component Browser]
    ./app/anchor-in-alibaug/page.jsx [Server Component]

  Client Component SSR:
    ./app/anchor-in-alibaug/page.jsx [Client Component SSR]
    ./app/anchor-in-alibaug/page.jsx [Server Component]


./app/anchor-in-alibaug/page.jsx:32:1
Export useState doesn't exist in target module
[0m [90m 30 |[39m [36mimport[39m { motion[33m,[39m
 [90m 31 |[39m   useInView } [36mfrom[39m [32m"framer-motion"[39m[33m;[39m
[31m[1m>[22m[39m[90m 32 |[39m [36mimport[39m {
 [90m    |[39m [31m[1m^[22m[39m[31m[1m^[22m[39m[31m[1m^[22m[39m[31m[1m^[22m[39m[31m[1m^[22m[39m[
31m[1m^[22m[39m[31m[1m^[22m[39m[31m[1m^[22m[39m
[31m[1m>[22m[39m[90m 33 |[39m   [33mMapPin[39m[33m,[39m
 [90m    |[39m [31m[1m^[22m[39m[31m[1m^[22m[39m[31m[1m^[22m[39m[31m[1m^[22m[39m[31m[1m^[22m[39m[
31m[1m^[22m[39m[31m[1m^[22m[39m[31m[1m^[22m[39m[31m[1m^[22m[39m
[31m[1m>[22m[39m[90m 34 |[39m   useRef[33m,[39m
 [90m    |[39m [31m[1m^[22m[39m[31m[1m^[22m[39m[31m[1m^[22m[39m[31m[1m^[22m[39m[31m[1m^[22m[39m[
31m[1m^[22m[39m[31m[1m^[22m[39m[31m[1m^[22m[39m[31m[1m^[22m[39m
[31m[1m>[22m[39m[90m 35 |[39m   useState
 [90m    |[39m [31m[1m^[22m[39m[31m[1m^[22m[39m[31m[1m^[22m[39m[31m[1m^[22m[39m[31m[1m^[22m[39m[
31m[1m^[22m[39m[31m[1m^[22m[39m[31m[1m^[22m[39m[31m[1m^[22m[39m
[31m[1m>[22m[39m[90m 36 |[39m } [36mfrom[39m [32m"lucide-react"[39m[33m;[39m
 [90m    |[39m [31m[1m^[22m[39m[31m[1m^[22m[39m[31m[1m^[22m[39m[31m[1m^[22m[39m[31m[1m^[22m[39m[
31m[1m^[22m[39m[31m[1m^[22m[39m[31m[1m^[22m[39m[31m[1m^[22m[39m[31m[1m^[22m[39m[31m[1m^[22m[39m
[31m[1m^[22m[39m[31m[1m^[22m[39m[31m[1m^[22m[39m[31m[1m^[22m[39m[31m[1m^[22m[39m[31m[1m^[22m[39m
[31m[1m^[22m[39m[31m[1m^[22m[39m[31m[1m^[22m[39m[31m[1m^[22m[39m[31m[1m^[22m[39m[31m[1m^[22m[39
m
 [90m 37 |[39m
 [90m 38 |[39m [36mconst[39m [33mGOLD[39m [33m=[39m [32m"#D4AF37"[39m[33m;[39m
 [90m 39 |[39m [36mconst[39m [33mWA[39m [33m=[39m [32m"https://wa.me/917737877978?text=Hi%20Yash!%20I%27m%20pl
anning%20a%20destination%20wedding%20in%20Alibaug.%20Can%20you%20check%20availability%3F"[39m[33m;[39m[0m

The export useState was not found in module [project]/node_modules/lucide-react/dist/esm/lucide-react.js [app-ssr] 
(ecmascript).
Did you mean to import UserStar?
All exports of the module are statically known (It doesn't have dynamic exports). So it's known statically that the 
requested export doesn't exist.

Import traces:
  Client Component Browser:
    ./app/anchor-in-alibaug/page.jsx [Client Component Browser]
    ./app/anchor-in-alibaug/page.jsx [Server Component]

  Client Component SSR:
    ./app/anchor-in-alibaug/page.jsx [Client Component SSR]
    ./app/anchor-in-alibaug/page.jsx [Server Component]


./app/anchor-in-andaman/page.jsx:32:1
Export useState doesn't exist in target module
[0m [90m 30 |[39m [36mimport[39m { motion[33m,[39m
 [90m 31 |[39m   useInView } [36mfrom[39m [32m"framer-motion"[39m[33m;[39m
[31m[1m>[22m[39m[90m 32 |[39m [36mimport[39m {
 [90m    |[39m [31m[1m^[22m[39m[31m[1m^[22m[39m[31m[1m^[22m[39m[31m[1m^[22m[39m[31m[1m^[22m[39m[
31m[1m^[22m[39m[31m[1m^[22m[39m[31m[1m^[22m[39m
[31m[1m>[22m[39m[90m 33 |[39m   [33mMapPin[39m[33m,[39m
 [90m    |[39m [31m[1m^[22m[39m[31m[1m^[22m[39m[31m[1m^[22m[39m[31m[1m^[22m[39m[31m[1m^[22m[39m[
31m[1m^[22m[39m[31m[1m^[22m[39m[31m[1m^[22m[39m[31m[1m^[22m[39m
[31m[1m>[22m[39m[90m 34 |[39m   useRef[33m,[39m
 [90m    |[39m [31m[1m^[22m[39m[31m[1m^[22m[39m[31m[1m^[22m[39m[31m[1m^[22m[39m[31m[1m^[22m[39m[
31m[1m^[22m[39m[31m[1m^[22m[39m[31m[1m^[22m[39m[31m[1m^[22m[39m
[31m[1m>[22m[39m[90m 35 |[39m   useState
 [90m    |[39m [31m[1m^[22m[39m[31m[1m^[22m[39m[31m[1m^[22m[39m[31m[1m^[22m[39m[31m[1m^[22m[39m[
31m[1m^[22m[39m[31m[1m^[22m[39m[31m[1m^[22m[39m[31m[1m^[22m[39m
[31m[1m>[22m[39m[90m 36 |[39m } [36mfrom[39m [32m"lucide-react"[39m[33m;[39m
 [90m    |[39m [31m[1m^[22m[39m[31m[1m^[22m[39m[31m[1m^[22m[39m[31m[1m^[22m[39m[31m[1m^[22m[39m[
31m[1m^[22m[39m[31m[1m^[22m[39m[31m[1m^[22m[39m[31m[1m^[22m[39m[31m[1m^[22m[39m[31m[1m^[22m[39m
[31m[1m^[22m[39m[31m[1m^[22m[39m[31m[1m^[22m[39m[31m[1m^[22m[39m[31m[1m^[22m[39m[31m[1m^[22m[39m
[31m[1m^[22m[39m[31m[1m^[22m[39m[31m[1m^[22m[39m[31m[1m^[22m[39m[31m[1m^[22m[39m[31m[1m^[22m[39
m
 [90m 37 |[39m
 [90m 38 |[39m [36mconst[39m [33mGOLD[39m [33m=[39m [32m"#D4AF37"[39m[33m;[39m
 [90m 39 |[39m [36mconst[39m [33mWA[39m [33m=[39m [32m"https://wa.me/917737877978?text=Hi%20Yash!%20I%27m%20pl
anning%20a%20destination%20wedding%20in%20Andaman.%20Can%20you%20check%20availability%3F"[39m[33m;[39m[0m

The export useState was not found in module [project]/node_modules/lucide-react/dist/esm/lucide-react.js [app-client] 
(ecmascript).
Did you mean to import UserStar?
All exports of the module are statically known (It doesn't have dynamic exports). So it's known statically that the 
requested export doesn't exist.

Import traces:
  Client Component Browser:
    ./app/anchor-in-andaman/page.jsx [Client Component Browser]
    ./app/anchor-in-andaman/page.jsx [Server Component]

  Client Component SSR:
    ./app/anchor-in-andaman/page.jsx [Client Component SSR]
    ./app/anchor-in-andaman/page.jsx [Server Component]


./app/anchor-in-andaman/page.jsx:32:1
Export useState doesn't exist in target module
[0m [90m 30 |[39m [36mimport[39m { motion[33m,[39m
 [90m 31 |[39m   useInView } [36mfrom[39m [32m"framer-motion"[39m[33m;[39m
[31m[1m>[22m[39m[90m 32 |[39m [36mimport[39m {
 [90m    |[39m [31m[1m^[22m[39m[31m[1m^[22m[39m[31m[1m^[22m[39m[31m[1m^[22m[39m[31m[1m^[22m[39m[
31m[1m^[22m[39m[31m[1m^[22m[39m[31m[1m^[22m[39m
[31m[1m>[22m[39m[90m 33 |[39m   [33mMapPin[39m[33m,[39m
 [90m    |[39m [31m[1m^[22m[39m[31m[1m^[22m[39m[31m[1m^[22m[39m[31m[1m^[22m[39m[31m[1m^[22m[39m[
31m[1m^[22m[39m[31m[1m^[22m[39m[31m[1m^[22m[39m[31m[1m^[22m[39m
[31m[1m>[22m[39m[90m 34 |[39m   useRef[33m,[39m
 [90m    |[39m [31m[1m^[22m[39m[31m[1m^[22m[39m[31m[1m^[22m[39m[31m[1m^[22m[39m[31m[1m^[22m[39m[
31m[1m^[22m[39m[31m[1m^[22m[39m[31m[1m^[22m[39m[31m[1m^[22m[39m
[31m[1m>[22m[39m[90m 35 |[39m   useState
 [90m    |[39m [31m[1m^[22m[39m[31m[1m^[22m[39m[31m[1m^[22m[39m[31m[1m^[22m[39m[31m[1m^[22m[39m[
31m[1m^[22m[39m[31m[1m^[22m[39m[31m[1m^[22m[39m[31m[1m^[22m[39m
[31m[1m>[22m[39m[90m 36 |[39m } [36mfrom[39m [32m"lucide-react"[39m[33m;[39m
 [90m    |[39m [31m[1m^[22m[39m[31m[1m^[22m[39m[31m[1m^[22m[39m[31m[1m^[22m[39m[31m[1m^[22m[39m[
31m[1m^[22m[39m[31m[1m^[22m[39m[31m[1m^[22m[39m[31m[1m^[22m[39m[31m[1m^[22m[39m[31m[1m^[22m[39m
[31m[1m^[22m[39m[31m[1m^[22m[39m[31m[1m^[22m[39m[31m[1m^[22m[39m[31m[1m^[22m[39m[31m[1m^[22m[39m
[31m[1m^[22m[39m[31m[1m^[22m[39m[31m[1m^[22m[39m[31m[1m^[22m[39m[31m[1m^[22m[39m[31m[1m^[22m[39
m
 [90m 37 |[39m
 [90m 38 |[39m [36mconst[39m [33mGOLD[39m [33m=[39m [32m"#D4AF37"[39m[33m;[39m
 [90m 39 |[39m [36mconst[39m [33mWA[39m [33m=[39m [32m"https://wa.me/917737877978?text=Hi%20Yash!%20I%27m%20pl
anning%20a%20destination%20wedding%20in%20Andaman.%20Can%20you%20check%20availability%3F"[39m[33m;[39m[0m

The export useState was not found in module [project]/node_modules/lucide-react/dist/esm/lucide-react.js [app-ssr] 
(ecmascript).
Did you mean to import UserStar?
All exports of the module are statically known (It doesn't have dynamic exports). So it's known statically that the 
requested export doesn't exist.

Import traces:
  Client Component Browser:
    ./app/anchor-in-andaman/page.jsx [Client Component Browser]
    ./app/anchor-in-andaman/page.jsx [Server Component]

  Client Component SSR:
    ./app/anchor-in-andaman/page.jsx [Client Component SSR]
    ./app/anchor-in-andaman/page.jsx [Server Component]


./app/anchor-in-bangalore/page.jsx:30:1
Export useState doesn't exist in target module
[0m [90m 28 |[39m [36mimport[39m { motion[33m,[39m
 [90m 29 |[39m   useInView } [36mfrom[39m [32m"framer-motion"[39m[33m;[39m
[31m[1m>[22m[39m[90m 30 |[39m [36mimport[39m {
 [90m    |[39m [31m[1m^[22m[39m[31m[1m^[22m[39m[31m[1m^[22m[39m[31m[1m^[22m[39m[31m[1m^[22m[39m[
31m[1m^[22m[39m[31m[1m^[22m[39m[31m[1m^[22m[39m
[31m[1m>[22m[39m[90m 31 |[39m   [33mMapPin[39m[33m,[39m
 [90m    |[39m [31m[1m^[22m[39m[31m[1m^[22m[39m[31m[1m^[22m[39m[31m[1m^[22m[39m[31m[1m^[22m[39m[
31m[1m^[22m[39m[31m[1m^[22m[39m[31m[1m^[22m[39m[31m[1m^[22m[39m
[31m[1m>[22m[39m[90m 32 |[39m   useRef[33m,[39m
 [90m    |[39m [31m[1m^[22m[39m[31m[1m^[22m[39m[31m[1m^[22m[39m[31m[1m^[22m[39m[31m[1m^[22m[39m[
31m[1m^[22m[39m[31m[1m^[22m[39m[31m[1m^[22m[39m[31m[1m^[22m[39m
[31m[1m>[22m[39m[90m 33 |[39m   useState
 [90m    |[39m [31m[1m^[22m[39m[31m[1m^[22m[39m[31m[1m^[22m[39m[31m[1m^[22m[39m[31m[1m^[22m[39m[
31m[1m^[22m[39m[31m[1m^[22m[39m[31m[1m^[22m[39m[31m[1m^[22m[39m
[31m[1m>[22m[39m[90m 34 |[39m } [36mfrom[39m [32m"lucide-react"[39m[33m;[39m
 [90m    |[39m [31m[1m^[22m[39m[31m[1m^[22m[39m[31m[1m^[22m[39m[31m[1m^[22m[39m[31m[1m^[22m[39m[
31m[1m^[22m[39m[31m[1m^[22m[39m[31m[1m^[22m[39m[31m[1m^[22m[39m[31m[1m^[22m[39m[31m[1m^[22m[39m
[31m[1m^[22m[39m[31m[1m^[22m[39m[31m[1m^[22m[39m[31m[1m^[22m[39m[31m[1m^[22m[39m[31m[1m^[22m[39m
[31m[1m^[22m[39m[31m[1m^[22m[39m[31m[1m^[22m[39m[31m[1m^[22m[39m[31m[1m^[22m[39m[31m[1m^[22m[39
m
 [90m 35 |[39m
 [90m 36 |[39m [36mconst[39m [33mGOLD[39m [33m=[39m [32m"#D4AF37"[39m[33m;[39m
 [90m 37 |[39m [36mconst[39m [33mWA[39m [33m=[39m [32m"https://wa.me/917737877978?text=Hi%20Yash!%20I%27m%20pl
anning%20an%20event%20in%20Bangalore.%20Can%20you%20check%20availability%3F"[39m[33m;[39m[0m

The export useState was not found in module [project]/node_modules/lucide-react/dist/esm/lucide-react.js [app-client] 
(ecmascript).
Did you mean to import UserStar?
All exports of the module are statically known (It doesn't have dynamic exports). So it's known statically that the 
requested export doesn't exist.

Import traces:
  Client Component Browser:
    ./app/anchor-in-bangalore/page.jsx [Client Component Browser]
    ./app/anchor-in-bangalore/page.jsx [Server Component]

  Client Component SSR:
    ./app/anchor-in-bangalore/page.jsx [Client Component SSR]
    ./app/anchor-in-bangalore/page.jsx [Server Component]


./app/anchor-in-bangalore/page.jsx:30:1
Export useState doesn't exist in target module
[0m [90m 28 |[39m [36mimport[39m { motion[33m,[39m
 [90m 29 |[39m   useInView } [36mfrom[39m [32m"framer-motion"[39m[33m;[39m
[31m[1m>[22m[39m[90m 30 |[39m [36mimport[39m {
 [90m    |[39m [31m[1m^[22m[39m[31m[1m^[22m[39m[31m[1m^[22m[39m[31m[1m^[22m[39m[31m[1m^[22m[39m[
31m[1m^[22m[39m[31m[1m^[22m[39m[31m[1m^[22m[39m
[31m[1m>[22m[39m[90m 31 |[39m   [33mMapPin[39m[33m,[39m
 [90m    |[39m [31m[1m^[22m[39m[31m[1m^[22m[39m[31m[1m^[22m[39m[31m[1m^[22m[39m[31m[1m^[22m[39m[
31m[1m^[22m[39m[31m[1m^[22m[39m[31m[1m^[22m[39m[31m[1m^[22m[39m
[31m[1m>[22m[39m[90m 32 |[39m   useRef[33m,[39m
 [90m    |[39m [31m[1m^[22m[39m[31m[1m^[22m[39m[31m[1m^[22m[39m[31m[1m^[22m[39m[31m[1m^[22m[39m[
31m[1m^[22m[39m[31m[1m^[22m[39m[31m[1m^[22m[39m[31m[1m^[22m[39m
[31m[1m>[22m[39m[90m 33 |[39m   useState
 [90m    |[39m [31m[1m^[22m[39m[31m[1m^[22m[39m[31m[1m^[22m[39m[31m[1m^[22m[39m[31m[1m^[22m[39m[
31m[1m^[22m[39m[31m[1m^[22m[39m[31m[1m^[22m[39m[31m[1m^[22m[39m
[31m[1m>[22m[39m[90m 34 |[39m } [36mfrom[39m [32m"lucide-react"[39m[33m;[39m
 [90m    |[39m [31m[1m^[22m[39m[31m[1m^[22m[39m[31m[1m^[22m[39m[31m[1m^[22m[39m[31m[1m^[22m[39m[
31m[1m^[22m[39m[31m[1m^[22m[39m[31m[1m^[22m[39m[31m[1m^[22m[39m[31m[1m^[22m[39m[31m[1m^[22m[39m
[31m[1m^[22m[39m[31m[1m^[22m[39m[31m[1m^[22m[39m[31m[1m^[22m[39m[31m[1m^[22m[39m[31m[1m^[22m[39m
[31m[1m^[22m[39m[31m[1m^[22m[39m[31m[1m^[22m[39m[31m[1m^[22m[39m[31m[1m^[22m[39m[31m[1m^[22m[39
m
 [90m 35 |[39m
 [90m 36 |[39m [36mconst[39m [33mGOLD[39m [33m=[39m [32m"#D4AF37"[39m[33m;[39m
 [90m 37 |[39m [36mconst[39m [33mWA[39m [33m=[39m [32m"https://wa.me/917737877978?text=Hi%20Yash!%20I%27m%20pl
anning%20an%20event%20in%20Bangalore.%20Can%20you%20check%20availability%3F"[39m[33m;[39m[0m

The export useState was not found in module [project]/node_modules/lucide-react/dist/esm/lucide-react.js [app-ssr] 
(ecmascript).
Did you mean to import UserStar?
All exports of the module are statically known (It doesn't have dynamic exports). So it's known statically that the 
requested export doesn't exist.

Import traces:
  Client Component Browser:
    ./app/anchor-in-bangalore/page.jsx [Client Component Browser]
    ./app/anchor-in-bangalore/page.jsx [Server Component]

  Client Component SSR:
    ./app/anchor-in-bangalore/page.jsx [Client Component SSR]
    ./app/anchor-in-bangalore/page.jsx [Server Component]


./app/anchor-in-bharatpur/page.jsx:30:1
Export useState doesn't exist in target module
[0m [90m 28 |[39m [36mimport[39m { motion[33m,[39m
 [90m 29 |[39m   useInView } [36mfrom[39m [32m"framer-motion"[39m[33m;[39m
[31m[1m>[22m[39m[90m 30 |[39m [36mimport[39m {
 [90m    |[39m [31m[1m^[22m[39m[31m[1m^[22m[39m[31m[1m^[22m[39m[31m[1m^[22m[39m[31m[1m^[22m[39m[
31m[1m^[22m[39m[31m[1m^[22m[39m[31m[1m^[22m[39m
[31m[1m>[22m[39m[90m 31 |[39m   [33mMapPin[39m[33m,[39m
 [90m    |[39m [31m[1m^[22m[39m[31m[1m^[22m[39m[31m[1m^[22m[39m[31m[1m^[22m[39m[31m[1m^[22m[39m[
31m[1m^[22m[39m[31m[1m^[22m[39m[31m[1m^[22m[39m[31m[1m^[22m[39m
[31m[1m>[22m[39m[90m 32 |[39m   useRef[33m,[39m
 [90m    |[39m [31m[1m^[22m[39m[31m[1m^[22m[39m[31m[1m^[22m[39m[31m[1m^[22m[39m[31m[1m^[22m[39m[
31m[1m^[22m[39m[31m[1m^[22m[39m[31m[1m^[22m[39m[31m[1m^[22m[39m
[31m[1m>[22m[39m[90m 33 |[39m   useState
 [90m    |[39m [31m[1m^[22m[39m[31m[1m^[22m[39m[31m[1m^[22m[39m[31m[1m^[22m[39m[31m[1m^[22m[39m[
31m[1m^[22m[39m[31m[1m^[22m[39m[31m[1m^[22m[39m[31m[1m^[22m[39m
[31m[1m>[22m[39m[90m 34 |[39m } [36mfrom[39m [32m"lucide-react"[39m[33m;[39m
 [90m    |[39m [31m[1m^[22m[39m[31m[1m^[22m[39m[31m[1m^[22m[39m[31m[1m^[22m[39m[31m[1m^[22m[39m[
31m[1m^[22m[39m[31m[1m^[22m[39m[31m[1m^[22m[39m[31m[1m^[22m[39m[31m[1m^[22m[39m[31m[1m^[22m[39m
[31m[1m^[22m[39m[31m[1m^[22m[39m[31m[1m^[22m[39m[31m[1m^[22m[39m[31m[1m^[22m[39m[31m[1m^[22m[39m
[31m[1m^[22m[39m[31m[1m^[22m[39m[31m[1m^[22m[39m[31m[1m^[22m[39m[31m[1m^[22m[39m[31m[1m^[22m[39
m
 [90m 35 |[39m
 [90m 36 |[39m [36mconst[39m [33mGOLD[39m [33m=[39m [32m"#D4AF37"[39m[33m;[39m
 [90m 37 |[39m [36mconst[39m [33mWA[39m [33m=[39m [32m"https://wa.me/917737877978?text=Hi%20Yash!%20I%27m%20pl
anning%20a%20destination%20wedding%20in%20Bharatpur.%20Can%20you%20check%20availability%3F"[39m[33m;[39m[0m

The export useState was not found in module [project]/node_modules/lucide-react/dist/esm/lucide-react.js [app-client] 
(ecmascript).
Did you mean to import UserStar?
All exports of the module are statically known (It doesn't have dynamic exports). So it's known statically that the 
requested export doesn't exist.

Import traces:
  Client Component Browser:
    ./app/anchor-in-bharatpur/page.jsx [Client Component Browser]
    ./app/anchor-in-bharatpur/page.jsx [Server Component]

  Client Component SSR:
    ./app/anchor-in-bharatpur/page.jsx [Client Component SSR]
    ./app/anchor-in-bharatpur/page.jsx [Server Component]


./app/anchor-in-bharatpur/page.jsx:30:1
Export useState doesn't exist in target module
[0m [90m 28 |[39m [36mimport[39m { motion[33m,[39m
 [90m 29 |[39m   useInView } [36mfrom[39m [32m"framer-motion"[39m[33m;[39m
[31m[1m>[22m[39m[90m 30 |[39m [36mimport[39m {
 [90m    |[39m [31m[1m^[22m[39m[31m[1m^[22m[39m[31m[1m^[22m[39m[31m[1m^[22m[39m[31m[1m^[22m[39m[
31m[1m^[22m[39m[31m[1m^[22m[39m[31m[1m^[22m[39m
[31m[1m>[22m[39m[90m 31 |[39m   [33mMapPin[39m[33m,[39m
 [90m    |[39m [31m[1m^[22m[39m[31m[1m^[22m[39m[31m[1m^[22m[39m[31m[1m^[22m[39m[31m[1m^[22m[39m[
31m[1m^[22m[39m[31m[1m^[22m[39m[31m[1m^[22m[39m[31m[1m^[22m[39m
[31m[1m>[22m[39m[90m 32 |[39m   useRef[33m,[39m
 [90m    |[39m [31m[1m^[22m[39m[31m[1m^[22m[39m[31m[1m^[22m[39m[31m[1m^[22m[39m[31m[1m^[22m[39m[
31m[1m^[22m[39m[31m[1m^[22m[39m[31m[1m^[22m[39m[31m[1m^[22m[39m
[31m[1m>[22m[39m[90m 33 |[39m   useState
 [90m    |[39m [31m[1m^[22m[39m[31m[1m^[22m[39m[31m[1m^[22m[39m[31m[1m^[22m[39m[31m[1m^[22m[39m[
31m[1m^[22m[39m[31m[1m^[22m[39m[31m[1m^[22m[39m[31m[1m^[22m[39m
[31m[1m>[22m[39m[90m 34 |[39m } [36mfrom[39m [32m"lucide-react"[39m[33m;[39m
 [90m    |[39m [31m[1m^[22m[39m[31m[1m^[22m[39m[31m[1m^[22m[39m[31m[1m^[22m[39m[31m[1m^[22m[39m[
31m[1m^[22m[39m[31m[1m^[22m[39m[31m[1m^[22m[39m[31m[1m^[22m[39m[31m[1m^[22m[39m[31m[1m^[22m[39m
[31m[1m^[22m[39m[31m[1m^[22m[39m[31m[1m^[22m[39m[31m[1m^[22m[39m[31m[1m^[22m[39m[31m[1m^[22m[39m
[31m[1m^[22m[39m[31m[1m^[22m[39m[31m[1m^[22m[39m[31m[1m^[22m[39m[31m[1m^[22m[39m[31m[1m^[22m[39
m
 [90m 35 |[39m
 [90m 36 |[39m [36mconst[39m [33mGOLD[39m [33m=[39m [32m"#D4AF37"[39m[33m;[39m
 [90m 37 |[39m [36mconst[39m [33mWA[39m [33m=[39m [32m"https://wa.me/917737877978?text=Hi%20Yash!%20I%27m%20pl
anning%20a%20destination%20wedding%20in%20Bharatpur.%20Can%20you%20check%20availability%3F"[39m[33m;[39m[0m

The export useState was not found in module [project]/node_modules/lucide-react/dist/esm/lucide-react.js [app-ssr] 
(ecmascript).
Did you mean to import UserStar?
All exports of the module are statically known (It doesn't have dynamic exports). So it's known statically that the 
requested export doesn't exist.

Import traces:
  Client Component Browser:
    ./app/anchor-in-bharatpur/page.jsx [Client Component Browser]
    ./app/anchor-in-bharatpur/page.jsx [Server Component]

  Client Component SSR:
    ./app/anchor-in-bharatpur/page.jsx [Client Component SSR]
    ./app/anchor-in-bharatpur/page.jsx [Server Component]


./app/anchor-in-bikaner/page.jsx:30:1
Export useState doesn't exist in target module
[0m [90m 28 |[39m [36mimport[39m { motion[33m,[39m
 [90m 29 |[39m   useInView } [36mfrom[39m [32m"framer-motion"[39m[33m;[39m
[31m[1m>[22m[39m[90m 30 |[39m [36mimport[39m {
 [90m    |[39m [31m[1m^[22m[39m[31m[1m^[22m[39m[31m[1m^[22m[39m[31m[1m^[22m[39m[31m[1m^[22m[39m[
31m[1m^[22m[39m[31m[1m^[22m[39m[31m[1m^[22m[39m
[31m[1m>[22m[39m[90m 31 |[39m   [33mMapPin[39m[33m,[39m
 [90m    |[39m [31m[1m^[22m[39m[31m[1m^[22m[39m[31m[1m^[22m[39m[31m[1m^[22m[39m[31m[1m^[22m[39m[
31m[1m^[22m[39m[31m[1m^[22m[39m[31m[1m^[22m[39m[31m[1m^[22m[39m
[31m[1m>[22m[39m[90m 32 |[39m   useRef[33m,[39m
 [90m    |[39m [31m[1m^[22m[39m[31m[1m^[22m[39m[31m[1m^[22m[39m[31m[1m^[22m[39m[31m[1m^[22m[39m[
31m[1m^[22m[39m[31m[1m^[22m[39m[31m[1m^[22m[39m[31m[1m^[22m[39m
[31m[1m>[22m[39m[90m 33 |[39m   useState
 [90m    |[39m [31m[1m^[22m[39m[31m[1m^[22m[39m[31m[1m^[22m[39m[31m[1m^[22m[39m[31m[1m^[22m[39m[
31m[1m^[22m[39m[31m[1m^[22m[39m[31m[1m^[22m[39m[31m[1m^[22m[39m
[31m[1m>[22m[39m[90m 34 |[39m } [36mfrom[39m [32m"lucide-react"[39m[33m;[39m
 [90m    |[39m [31m[1m^[22m[39m[31m[1m^[22m[39m[31m[1m^[22m[39m[31m[1m^[22m[39m[31m[1m^[22m[39m[
31m[1m^[22m[39m[31m[1m^[22m[39m[31m[1m^[22m[39m[31m[1m^[22m[39m[31m[1m^[22m[39m[31m[1m^[22m[39m
[31m[1m^[22m[39m[31m[1m^[22m[39m[31m[1m^[22m[39m[31m[1m^[22m[39m[31m[1m^[22m[39m[31m[1m^[22m[39m
[31m[1m^[22m[39m[31m[1m^[22m[39m[31m[1m^[22m[39m[31m[1m^[22m[39m[31m[1m^[22m[39m[31m[1m^[22m[39
m
 [90m 35 |[39m
 [90m 36 |[39m [36mconst[39m [33mGOLD[39m [33m=[39m [32m"#D4AF37"[39m[33m;[39m
 [90m 37 |[39m [36mconst[39m [33mWA[39m [33m=[39m [32m"https://wa.me/917737877978?text=Hi%20Yash!%20I%27m%20pl
anning%20a%20heritage%20wedding%20in%20Bikaner.%20Can%20you%20check%20availability%3F"[39m[33m;[39m[0m

The export useState was not found in module [project]/node_modules/lucide-react/dist/esm/lucide-react.js [app-client] 
(ecmascript).
Did you mean to import UserStar?
All exports of the module are statically known (It doesn't have dynamic exports). So it's known statically that the 
requested export doesn't exist.

Import traces:
  Client Component Browser:
    ./app/anchor-in-bikaner/page.jsx [Client Component Browser]
    ./app/anchor-in-bikaner/page.jsx [Server Component]

  Client Component SSR:
    ./app/anchor-in-bikaner/page.jsx [Client Component SSR]
    ./app/anchor-in-bikaner/page.jsx [Server Component]


./app/anchor-in-bikaner/page.jsx:30:1
Export useState doesn't exist in target module
[0m [90m 28 |[39m [36mimport[39m { motion[33m,[39m
 [90m 29 |[39m   useInView } [36mfrom[39m [32m"framer-motion"[39m[33m;[39m
[31m[1m>[22m[39m[90m 30 |[39m [36mimport[39m {
 [90m    |[39m [31m[1m^[22m[39m[31m[1m^[22m[39m[31m[1m^[22m[39m[31m[1m^[22m[39m[31m[1m^[22m[39m[
31m[1m^[22m[39m[31m[1m^[22m[39m[31m[1m^[22m[39m
[31m[1m>[22m[39m[90m 31 |[39m   [33mMapPin[39m[33m,[39m
 [90m    |[39m [31m[1m^[22m[39m[31m[1m^[22m[39m[31m[1m^[22m[39m[31m[1m^[22m[39m[31m[1m^[22m[39m[
31m[1m^[22m[39m[31m[1m^[22m[39m[31m[1m^[22m[39m[31m[1m^[22m[39m
[31m[1m>[22m[39m[90m 32 |[39m   useRef[33m,[39m
 [90m    |[39m [31m[1m^[22m[39m[31m[1m^[22m[39m[31m[1m^[22m[39m[31m[1m^[22m[39m[31m[1m^[22m[39m[
31m[1m^[22m[39m[31m[1m^[22m[39m[31m[1m^[22m[39m[31m[1m^[22m[39m
[31m[1m>[22m[39m[90m 33 |[39m   useState
 [90m    |[39m [31m[1m^[22m[39m[31m[1m^[22m[39m[31m[1m^[22m[39m[31m[1m^[22m[39m[31m[1m^[22m[39m[
31m[1m^[22m[39m[31m[1m^[22m[39m[31m[1m^[22m[39m[31m[1m^[22m[39m
[31m[1m>[22m[39m[90m 34 |[39m } [36mfrom[39m [32m"lucide-react"[39m[33m;[39m
 [90m    |[39m [31m[1m^[22m[39m[31m[1m^[22m[39m[31m[1m^[22m[39m[31m[1m^[22m[39m[31m[1m^[22m[39m[
31m[1m^[22m[39m[31m[1m^[22m[39m[31m[1m^[22m[39m[31m[1m^[22m[39m[31m[1m^[22m[39m[31m[1m^[22m[39m
[31m[1m^[22m[39m[31m[1m^[22m[39m[31m[1m^[22m[39m[31m[1m^[22m[39m[31m[1m^[22m[39m[31m[1m^[22m[39m
[31m[1m^[22m[39m[31m[1m^[22m[39m[31m[1m^[22m[39m[31m[1m^[22m[39m[31m[1m^[22m[39m[31m[1m^[22m[39
m
 [90m 35 |[39m
 [90m 36 |[39m [36mconst[39m [33mGOLD[39m [33m=[39m [32m"#D4AF37"[39m[33m;[39m
 [90m 37 |[39m [36mconst[39m [33mWA[39m [33m=[39m [32m"https://wa.me/917737877978?text=Hi%20Yash!%20I%27m%20pl
anning%20a%20heritage%20wedding%20in%20Bikaner.%20Can%20you%20check%20availability%3F"[39m[33m;[39m[0m

The export useState was not found in module [project]/node_modules/lucide-react/dist/esm/lucide-react.js [app-ssr] 
(ecmascript).
Did you mean to import UserStar?
All exports of the module are statically known (It doesn't have dynamic exports). So it's known statically that the 
requested export doesn't exist.

Import traces:
  Client Component Browser:
    ./app/anchor-in-bikaner/page.jsx [Client Component Browser]
    ./app/anchor-in-bikaner/page.jsx [Server Component]

  Client Component SSR:
    ./app/anchor-in-bikaner/page.jsx [Client Component SSR]
    ./app/anchor-in-bikaner/page.jsx [Server Component]


./app/anchor-in-chennai/page.jsx:31:1
Export useState doesn't exist in target module
[0m [90m 29 |[39m [36mimport[39m { motion[33m,[39m
 [90m 30 |[39m   useInView } [36mfrom[39m [32m"framer-motion"[39m[33m;[39m
[31m[1m>[22m[39m[90m 31 |[39m [36mimport[39m {
 [90m    |[39m [31m[1m^[22m[39m[31m[1m^[22m[39m[31m[1m^[22m[39m[31m[1m^[22m[39m[31m[1m^[22m[39m[
31m[1m^[22m[39m[31m[1m^[22m[39m[31m[1m^[22m[39m
[31m[1m>[22m[39m[90m 32 |[39m   [33mMapPin[39m[33m,[39m
 [90m    |[39m [31m[1m^[22m[39m[31m[1m^[22m[39m[31m[1m^[22m[39m[31m[1m^[22m[39m[31m[1m^[22m[39m[
31m[1m^[22m[39m[31m[1m^[22m[39m[31m[1m^[22m[39m[31m[1m^[22m[39m
[31m[1m>[22m[39m[90m 33 |[39m   useRef[33m,[39m
 [90m    |[39m [31m[1m^[22m[39m[31m[1m^[22m[39m[31m[1m^[22m[39m[31m[1m^[22m[39m[31m[1m^[22m[39m[
31m[1m^[22m[39m[31m[1m^[22m[39m[31m[1m^[22m[39m[31m[1m^[22m[39m
[31m[1m>[22m[39m[90m 34 |[39m   useState
 [90m    |[39m [31m[1m^[22m[39m[31m[1m^[22m[39m[31m[1m^[22m[39m[31m[1m^[22m[39m[31m[1m^[22m[39m[
31m[1m^[22m[39m[31m[1m^[22m[39m[31m[1m^[22m[39m[31m[1m^[22m[39m
[31m[1m>[22m[39m[90m 35 |[39m } [36mfrom[39m [32m"lucide-react"[39m[33m;[39m
 [90m    |[39m [31m[1m^[22m[39m[31m[1m^[22m[39m[31m[1m^[22m[39m[31m[1m^[22m[39m[31m[1m^[22m[39m[
31m[1m^[22m[39m[31m[1m^[22m[39m[31m[1m^[22m[39m[31m[1m^[22m[39m[31m[1m^[22m[39m[31m[1m^[22m[39m
[31m[1m^[22m[39m[31m[1m^[22m[39m[31m[1m^[22m[39m[31m[1m^[22m[39m[31m[1m^[22m[39m[31m[1m^[22m[39m
[31m[1m^[22m[39m[31m[1m^[22m[39m[31m[1m^[22m[39m[31m[1m^[22m[39m[31m[1m^[22m[39m[31m[1m^[22m[39
m
 [90m 36 |[39m
 [90m 37 |[39m [36mconst[39m [33mGOLD[39m [33m=[39m [32m"#D4AF37"[39m[33m;[39m
 [90m 38 |[39m [36mconst[39m [33mWA[39m [33m=[39m [32m"https://wa.me/917737877978?text=Hi%20Yash!%20I%27m%20pl
anning%20a%20destination%20wedding%20in%20Chennai.%20Can%20you%20check%20availability%3F"[39m[33m;[39m[0m

The export useState was not found in module [project]/node_modules/lucide-react/dist/esm/lucide-react.js [app-client] 
(ecmascript).
Did you mean to import UserStar?
All exports of the module are statically known (It doesn't have dynamic exports). So it's known statically that the 
requested export doesn't exist.

Import traces:
  Client Component Browser:
    ./app/anchor-in-chennai/page.jsx [Client Component Browser]
    ./app/anchor-in-chennai/page.jsx [Server Component]

  Client Component SSR:
    ./app/anchor-in-chennai/page.jsx [Client Component SSR]
    ./app/anchor-in-chennai/page.jsx [Server Component]


./app/anchor-in-chennai/page.jsx:31:1
Export useState doesn't exist in target module
[0m [90m 29 |[39m [36mimport[39m { motion[33m,[39m
 [90m 30 |[39m   useInView } [36mfrom[39m [32m"framer-motion"[39m[33m;[39m
[31m[1m>[22m[39m[90m 31 |[39m [36mimport[39m {
 [90m    |[39m [31m[1m^[22m[39m[31m[1m^[22m[39m[31m[1m^[22m[39m[31m[1m^[22m[39m[31m[1m^[22m[39m[
31m[1m^[22m[39m[31m[1m^[22m[39m[31m[1m^[22m[39m
[31m[1m>[22m[39m[90m 32 |[39m   [33mMapPin[39m[33m,[39m
 [90m    |[39m [31m[1m^[22m[39m[31m[1m^[22m[39m[31m[1m^[22m[39m[31m[1m^[22m[39m[31m[1m^[22m[39m[
31m[1m^[22m[39m[31m[1m^[22m[39m[31m[1m^[22m[39m[31m[1m^[22m[39m
[31m[1m>[22m[39m[90m 33 |[39m   useRef[33m,[39m
 [90m    |[39m [31m[1m^[22m[39m[31m[1m^[22m[39m[31m[1m^[22m[39m[31m[1m^[22m[39m[31m[1m^[22m[39m[
31m[1m^[22m[39m[31m[1m^[22m[39m[31m[1m^[22m[39m[31m[1m^[22m[39m
[31m[1m>[22m[39m[90m 34 |[39m   useState
 [90m    |[39m [31m[1m^[22m[39m[31m[1m^[22m[39m[31m[1m^[22m[39m[31m[1m^[22m[39m[31m[1m^[22m[39m[
31m[1m^[22m[39m[31m[1m^[22m[39m[31m[1m^[22m[39m[31m[1m^[22m[39m
[31m[1m>[22m[39m[90m 35 |[39m } [36mfrom[39m [32m"lucide-react"[39m[33m;[39m
 [90m    |[39m [31m[1m^[22m[39m[31m[1m^[22m[39m[31m[1m^[22m[39m[31m[1m^[22m[39m[31m[1m^[22m[39m[
31m[1m^[22m[39m[31m[1m^[22m[39m[31m[1m^[22m[39m[31m[1m^[22m[39m[31m[1m^[22m[39m[31m[1m^[22m[39m
[31m[1m^[22m[39m[31m[1m^[22m[39m[31m[1m^[22m[39m[31m[1m^[22m[39m[31m[1m^[22m[39m[31m[1m^[22m[39m
[31m[1m^[22m[39m[31m[1m^[22m[39m[31m[1m^[22m[39m[31m[1m^[22m[39m[31m[1m^[22m[39m[31m[1m^[22m[39
m
 [90m 36 |[39m
 [90m 37 |[39m [36mconst[39m [33mGOLD[39m [33m=[39m [32m"#D4AF37"[39m[33m;[39m
 [90m 38 |[39m [36mconst[39m [33mWA[39m [33m=[39m [32m"https://wa.me/917737877978?text=Hi%20Yash!%20I%27m%20pl
anning%20a%20destination%20wedding%20in%20Chennai.%20Can%20you%20check%20availability%3F"[39m[33m;[39m[0m

The export useState was not found in module [project]/node_modules/lucide-react/dist/esm/lucide-react.js [app-ssr] 
(ecmascript).
Did you mean to import UserStar?
All exports of the module are statically known (It doesn't have dynamic exports). So it's known statically that the 
requested export doesn't exist.

Import traces:
  Client Component Browser:
    ./app/anchor-in-chennai/page.jsx [Client Component Browser]
    ./app/anchor-in-chennai/page.jsx [Server Component]

  Client Component SSR:
    ./app/anchor-in-chennai/page.jsx [Client Component SSR]
    ./app/anchor-in-chennai/page.jsx [Server Component]


./app/anchor-in-chittorgarh/page.jsx:30:1
Export useState doesn't exist in target module
[0m [90m 28 |[39m [36mimport[39m { motion[33m,[39m
 [90m 29 |[39m   useInView } [36mfrom[39m [32m"framer-motion"[39m[33m;[39m
[31m[1m>[22m[39m[90m 30 |[39m [36mimport[39m {
 [90m    |[39m [31m[1m^[22m[39m[31m[1m^[22m[39m[31m[1m^[22m[39m[31m[1m^[22m[39m[31m[1m^[22m[39m[
31m[1m^[22m[39m[31m[1m^[22m[39m[31m[1m^[22m[39m
[31m[1m>[22m[39m[90m 31 |[39m   [33mMapPin[39m[33m,[39m
 [90m    |[39m [31m[1m^[22m[39m[31m[1m^[22m[39m[31m[1m^[22m[39m[31m[1m^[22m[39m[31m[1m^[22m[39m[
31m[1m^[22m[39m[31m[1m^[22m[39m[31m[1m^[22m[39m[31m[1m^[22m[39m
[31m[1m>[22m[39m[90m 32 |[39m   useRef[33m,[39m
 [90m    |[39m [31m[1m^[22m[39m[31m[1m^[22m[39m[31m[1m^[22m[39m[31m[1m^[22m[39m[31m[1m^[22m[39m[
31m[1m^[22m[39m[31m[1m^[22m[39m[31m[1m^[22m[39m[31m[1m^[22m[39m
[31m[1m>[22m[39m[90m 33 |[39m   useState
 [90m    |[39m [31m[1m^[22m[39m[31m[1m^[22m[39m[31m[1m^[22m[39m[31m[1m^[22m[39m[31m[1m^[22m[39m[
31m[1m^[22m[39m[31m[1m^[22m[39m[31m[1m^[22m[39m[31m[1m^[22m[39m
[31m[1m>[22m[39m[90m 34 |[39m } [36mfrom[39m [32m"lucide-react"[39m[33m;[39m
 [90m    |[39m [31m[1m^[22m[39m[31m[1m^[22m[39m[31m[1m^[22m[39m[31m[1m^[22m[39m[31m[1m^[22m[39m[
31m[1m^[22m[39m[31m[1m^[22m[39m[31m[1m^[22m[39m[31m[1m^[22m[39m[31m[1m^[22m[39m[31m[1m^[22m[39m
[31m[1m^[22m[39m[31m[1m^[22m[39m[31m[1m^[22m[39m[31m[1m^[22m[39m[31m[1m^[22m[39m[31m[1m^[22m[39m
[31m[1m^[22m[39m[31m[1m^[22m[39m[31m[1m^[22m[39m[31m[1m^[22m[39m[31m[1m^[22m[39m[31m[1m^[22m[39
m
 [90m 35 |[39m
 [90m 36 |[39m [36mconst[39m [33mGOLD[39m [33m=[39m [32m"#D4AF37"[39m[33m;[39m
 [90m 37 |[39m [36mconst[39m [33mWA[39m [33m=[39m [32m"https://wa.me/917737877978?text=Hi%20Yash!%20I%27m%20pl
anning%20a%20heritage%20wedding%20near%20Chittorgarh.%20Can%20you%20check%20availability%3F"[39m[33m;[39m[0m

The export useState was not found in module [project]/node_modules/lucide-react/dist/esm/lucide-react.js [app-client] 
(ecmascript).
Did you mean to import UserStar?
All exports of the module are statically known (It doesn't have dynamic exports). So it's known statically that the 
requested export doesn't exist.

Import traces:
  Client Component Browser:
    ./app/anchor-in-chittorgarh/page.jsx [Client Component Browser]
    ./app/anchor-in-chittorgarh/page.jsx [Server Component]

  Client Component SSR:
    ./app/anchor-in-chittorgarh/page.jsx [Client Component SSR]
    ./app/anchor-in-chittorgarh/page.jsx [Server Component]


./app/anchor-in-chittorgarh/page.jsx:30:1
Export useState doesn't exist in target module
[0m [90m 28 |[39m [36mimport[39m { motion[33m,[39m
 [90m 29 |[39m   useInView } [36mfrom[39m [32m"framer-motion"[39m[33m;[39m
[31m[1m>[22m[39m[90m 30 |[39m [36mimport[39m {
 [90m    |[39m [31m[1m^[22m[39m[31m[1m^[22m[39m[31m[1m^[22m[39m[31m[1m^[22m[39m[31m[1m^[22m[39m[
31m[1m^[22m[39m[31m[1m^[22m[39m[31m[1m^[22m[39m
[31m[1m>[22m[39m[90m 31 |[39m   [33mMapPin[39m[33m,[39m
 [90m    |[39m [31m[1m^[22m[39m[31m[1m^[22m[39m[31m[1m^[22m[39m[31m[1m^[22m[39m[31m[1m^[22m[39m[
31m[1m^[22m[39m[31m[1m^[22m[39m[31m[1m^[22m[39m[31m[1m^[22m[39m
[31m[1m>[22m[39m[90m 32 |[39m   useRef[33m,[39m
 [90m    |[39m [31m[1m^[22m[39m[31m[1m^[22m[39m[31m[1m^[22m[39m[31m[1m^[22m[39m[31m[1m^[22m[39m[
31m[1m^[22m[39m[31m[1m^[22m[39m[31m[1m^[22m[39m[31m[1m^[22m[39m
[31m[1m>[22m[39m[90m 33 |[39m   useState
 [90m    |[39m [31m[1m^[22m[39m[31m[1m^[22m[39m[31m[1m^[22m[39m[31m[1m^[22m[39m[31m[1m^[22m[39m[
31m[1m^[22m[39m[31m[1m^[22m[39m[31m[1m^[22m[39m[31m[1m^[22m[39m
[31m[1m>[22m[39m[90m 34 |[39m } [36mfrom[39m [32m"lucide-react"[39m[33m;[39m
 [90m    |[39m [31m[1m^[22m[39m[31m[1m^[22m[39m[31m[1m^[22m[39m[31m[1m^[22m[39m[31m[1m^[22m[39m[
31m[1m^[22m[39m[31m[1m^[22m[39m[31m[1m^[22m[39m[31m[1m^[22m[39m[31m[1m^[22m[39m[31m[1m^[22m[39m
[31m[1m^[22m[39m[31m[1m^[22m[39m[31m[1m^[22m[39m[31m[1m^[22m[39m[31m[1m^[22m[39m[31m[1m^[22m[39m
[31m[1m^[22m[39m[31m[1m^[22m[39m[31m[1m^[22m[39m[31m[1m^[22m[39m[31m[1m^[22m[39m[31m[1m^[22m[39
m
 [90m 35 |[39m
 [90m 36 |[39m [36mconst[39m [33mGOLD[39m [33m=[39m [32m"#D4AF37"[39m[33m;[39m
 [90m 37 |[39m [36mconst[39m [33mWA[39m [33m=[39m [32m"https://wa.me/917737877978?text=Hi%20Yash!%20I%27m%20pl
anning%20a%20heritage%20wedding%20near%20Chittorgarh.%20Can%20you%20check%20availability%3F"[39m[33m;[39m[0m

The export useState was not found in module [project]/node_modules/lucide-react/dist/esm/lucide-react.js [app-ssr] 
(ecmascript).
Did you mean to import UserStar?
All exports of the module are statically known (It doesn't have dynamic exports). So it's known statically that the 
requested export doesn't exist.

Import traces:
  Client Component Browser:
    ./app/anchor-in-chittorgarh/page.jsx [Client Component Browser]
    ./app/anchor-in-chittorgarh/page.jsx [Server Component]

  Client Component SSR:
    ./app/anchor-in-chittorgarh/page.jsx [Client Component SSR]
    ./app/anchor-in-chittorgarh/page.jsx [Server Component]


./app/anchor-in-coorg/page.jsx:31:1
Export useState doesn't exist in target module
[0m [90m 29 |[39m [36mimport[39m { motion[33m,[39m
 [90m 30 |[39m   useInView } [36mfrom[39m [32m"framer-motion"[39m[33m;[39m
[31m[1m>[22m[39m[90m 31 |[39m [36mimport[39m {
 [90m    |[39m [31m[1m^[22m[39m[31m[1m^[22m[39m[31m[1m^[22m[39m[31m[1m^[22m[39m[31m[1m^[22m[39m[
31m[1m^[22m[39m[31m[1m^[22m[39m[31m[1m^[22m[39m
[31m[1m>[22m[39m[90m 32 |[39m   [33mMapPin[39m[33m,[39m
 [90m    |[39m [31m[1m^[22m[39m[31m[1m^[22m[39m[31m[1m^[22m[39m[31m[1m^[22m[39m[31m[1m^[22m[39m[
31m[1m^[22m[39m[31m[1m^[22m[39m[31m[1m^[22m[39m[31m[1m^[22m[39m
[31m[1m>[22m[39m[90m 33 |[39m   useRef[33m,[39m
 [90m    |[39m [31m[1m^[22m[39m[31m[1m^[22m[39m[31m[1m^[22m[39m[31m[1m^[22m[39m[31m[1m^[22m[39m[
31m[1m^[22m[39m[31m[1m^[22m[39m[31m[1m^[22m[39m[31m[1m^[22m[39m
[31m[1m>[22m[39m[90m 34 |[39m   useState
 [90m    |[39m [31m[1m^[22m[39m[31m[1m^[22m[39m[31m[1m^[22m[39m[31m[1m^[22m[39m[31m[1m^[22m[39m[
31m[1m^[22m[39m[31m[1m^[22m[39m[31m[1m^[22m[39m[31m[1m^[22m[39m
[31m[1m>[22m[39m[90m 35 |[39m } [36mfrom[39m [32m"lucide-react"[39m[33m;[39m
 [90m    |[39m [31m[1m^[22m[39m[31m[1m^[22m[39m[31m[1m^[22m[39m[31m[1m^[22m[39m[31m[1m^[22m[39m[
31m[1m^[22m[39m[31m[1m^[22m[39m[31m[1m^[22m[39m[31m[1m^[22m[39m[31m[1m^[22m[39m[31m[1m^[22m[39m
[31m[1m^[22m[39m[31m[1m^[22m[39m[31m[1m^[22m[39m[31m[1m^[22m[39m[31m[1m^[22m[39m[31m[1m^[22m[39m
[31m[1m^[22m[39m[31m[1m^[22m[39m[31m[1m^[22m[39m[31m[1m^[22m[39m[31m[1m^[22m[39m[31m[1m^[22m[39
m
 [90m 36 |[39m
 [90m 37 |[39m [36mconst[39m [33mGOLD[39m [33m=[39m [32m"#D4AF37"[39m[33m;[39m
 [90m 38 |[39m [36mconst[39m [33mWA[39m [33m=[39m [32m"https://wa.me/917737877978?text=Hi%20Yash!%20I%27m%20pl
anning%20a%20destination%20wedding%20in%20Coorg.%20Can%20you%20check%20availability%3F"[39m[33m;[39m[0m

The export useState was not found in module [project]/node_modules/lucide-react/dist/esm/lucide-react.js [app-client] 
(ecmascript).
Did you mean to import UserStar?
All exports of the module are statically known (It doesn't have dynamic exports). So it's known statically that the 
requested export doesn't exist.

Import traces:
  Client Component Browser:
    ./app/anchor-in-coorg/page.jsx [Client Component Browser]
    ./app/anchor-in-coorg/page.jsx [Server Component]

  Client Component SSR:
    ./app/anchor-in-coorg/page.jsx [Client Component SSR]
    ./app/anchor-in-coorg/page.jsx [Server Component]


./app/anchor-in-coorg/page.jsx:31:1
Export useState doesn't exist in target module
[0m [90m 29 |[39m [36mimport[39m { motion[33m,[39m
 [90m 30 |[39m   useInView } [36mfrom[39m [32m"framer-motion"[39m[33m;[39m
[31m[1m>[22m[39m[90m 31 |[39m [36mimport[39m {
 [90m    |[39m [31m[1m^[22m[39m[31m[1m^[22m[39m[31m[1m^[22m[39m[31m[1m^[22m[39m[31m[1m^[22m[39m[
31m[1m^[22m[39m[31m[1m^[22m[39m[31m[1m^[22m[39m
[31m[1m>[22m[39m[90m 32 |[39m   [33mMapPin[39m[33m,[39m
 [90m    |[39m [31m[1m^[22m[39m[31m[1m^[22m[39m[31m[1m^[22m[39m[31m[1m^[22m[39m[31m[1m^[22m[39m[
31m[1m^[22m[39m[31m[1m^[22m[39m[31m[1m^[22m[39m[31m[1m^[22m[39m
[31m[1m>[22m[39m[90m 33 |[39m   useRef[33m,[39m
 [90m    |[39m [31m[1m^[22m[39m[31m[1m^[22m[39m[31m[1m^[22m[39m[31m[1m^[22m[39m[31m[1m^[22m[39m[
31m[1m^[22m[39m[31m[1m^[22m[39m[31m[1m^[22m[39m[31m[1m^[22m[39m
[31m[1m>[22m[39m[90m 34 |[39m   useState
 [90m    |[39m [31m[1m^[22m[39m[31m[1m^[22m[39m[31m[1m^[22m[39m[31m[1m^[22m[39m[31m[1m^[22m[39m[
31m[1m^[22m[39m[31m[1m^[22m[39m[31m[1m^[22m[39m[31m[1m^[22m[39m
[31m[1m>[22m[39m[90m 35 |[39m } [36mfrom[39m [32m"lucide-react"[39m[33m;[39m
 [90m    |[39m [31m[1m^[22m[39m[31m[1m^[22m[39m[31m[1m^[22m[39m[31m[1m^[22m[39m[31m[1m^[22m[39m[
31m[1m^[22m[39m[31m[1m^[22m[39m[31m[1m^[22m[39m[31m[1m^[22m[39m[31m[1m^[22m[39m[31m[1m^[22m[39m
[31m[1m^[22m[39m[31m[1m^[22m[39m[31m[1m^[22m[39m[31m[1m^[22m[39m[31m[1m^[22m[39m[31m[1m^[22m[39m
[31m[1m^[22m[39m[31m[1m^[22m[39m[31m[1m^[22m[39m[31m[1m^[22m[39m[31m[1m^[22m[39m[31m[1m^[22m[39
m
 [90m 36 |[39m
 [90m 37 |[39m [36mconst[39m [33mGOLD[39m [33m=[39m [32m"#D4AF37"[39m[33m;[39m
 [90m 38 |[39m [36mconst[39m [33mWA[39m [33m=[39m [32m"https://wa.me/917737877978?text=Hi%20Yash!%20I%27m%20pl
anning%20a%20destination%20wedding%20in%20Coorg.%20Can%20you%20check%20availability%3F"[39m[33m;[39m[0m

The export useState was not found in module [project]/node_modules/lucide-react/dist/esm/lucide-react.js [app-ssr] 
(ecmascript).
Did you mean to import UserStar?
All exports of the module are statically known (It doesn't have dynamic exports). So it's known statically that the 
requested export doesn't exist.

Import traces:
  Client Component Browser:
    ./app/anchor-in-coorg/page.jsx [Client Component Browser]
    ./app/anchor-in-coorg/page.jsx [Server Component]

  Client Component SSR:
    ./app/anchor-in-coorg/page.jsx [Client Component SSR]
    ./app/anchor-in-coorg/page.jsx [Server Component]


./app/anchor-in-dharamshala/page.jsx:31:1
Export useState doesn't exist in target module
[0m [90m 29 |[39m [36mimport[39m { motion[33m,[39m
 [90m 30 |[39m   useInView } [36mfrom[39m [32m"framer-motion"[39m[33m;[39m
[31m[1m>[22m[39m[90m 31 |[39m [36mimport[39m {
 [90m    |[39m [31m[1m^[22m[39m[31m[1m^[22m[39m[31m[1m^[22m[39m[31m[1m^[22m[39m[31m[1m^[22m[39m[
31m[1m^[22m[39m[31m[1m^[22m[39m[31m[1m^[22m[39m
[31m[1m>[22m[39m[90m 32 |[39m   [33mMapPin[39m[33m,[39m
 [90m    |[39m [31m[1m^[22m[39m[31m[1m^[22m[39m[31m[1m^[22m[39m[31m[1m^[22m[39m[31m[1m^[22m[39m[
31m[1m^[22m[39m[31m[1m^[22m[39m[31m[1m^[22m[39m[31m[1m^[22m[39m
[31m[1m>[22m[39m[90m 33 |[39m   useRef[33m,[39m
 [90m    |[39m [31m[1m^[22m[39m[31m[1m^[22m[39m[31m[1m^[22m[39m[31m[1m^[22m[39m[31m[1m^[22m[39m[
31m[1m^[22m[39m[31m[1m^[22m[39m[31m[1m^[22m[39m[31m[1m^[22m[39m
[31m[1m>[22m[39m[90m 34 |[39m   useState
 [90m    |[39m [31m[1m^[22m[39m[31m[1m^[22m[39m[31m[1m^[22m[39m[31m[1m^[22m[39m[31m[1m^[22m[39m[
31m[1m^[22m[39m[31m[1m^[22m[39m[31m[1m^[22m[39m[31m[1m^[22m[39m
[31m[1m>[22m[39m[90m 35 |[39m } [36mfrom[39m [32m"lucide-react"[39m[33m;[39m
 [90m    |[39m [31m[1m^[22m[39m[31m[1m^[22m[39m[31m[1m^[22m[39m[31m[1m^[22m[39m[31m[1m^[22m[39m[
31m[1m^[22m[39m[31m[1m^[22m[39m[31m[1m^[22m[39m[31m[1m^[22m[39m[31m[1m^[22m[39m[31m[1m^[22m[39m
[31m[1m^[22m[39m[31m[1m^[22m[39m[31m[1m^[22m[39m[31m[1m^[22m[39m[31m[1m^[22m[39m[31m[1m^[22m[39m
[31m[1m^[22m[39m[31m[1m^[22m[39m[31m[1m^[22m[39m[31m[1m^[22m[39m[31m[1m^[22m[39m[31m[1m^[22m[39
m
 [90m 36 |[39m
 [90m 37 |[39m [36mconst[39m [33mGOLD[39m [33m=[39m [32m"#D4AF37"[39m[33m;[39m
 [90m 38 |[39m [36mconst[39m [33mWA[39m [33m=[39m [32m"https://wa.me/917737877978?text=Hi%20Yash!%20I%27m%20pl
anning%20a%20destination%20wedding%20in%20Dharamshala.%20Can%20you%20check%20availability%3F"[39m[33m;[39m[0m

The export useState was not found in module [project]/node_modules/lucide-react/dist/esm/lucide-react.js [app-client] 
(ecmascript).
Did you mean to import UserStar?
All exports of the module are statically known (It doesn't have dynamic exports). So it's known statically that the 
requested export doesn't exist.

Import traces:
  Client Component Browser:
    ./app/anchor-in-dharamshala/page.jsx [Client Component Browser]
    ./app/anchor-in-dharamshala/page.jsx [Server Component]

  Client Component SSR:
    ./app/anchor-in-dharamshala/page.jsx [Client Component SSR]
    ./app/anchor-in-dharamshala/page.jsx [Server Component]


./app/anchor-in-dharamshala/page.jsx:31:1
Export useState doesn't exist in target module
[0m [90m 29 |[39m [36mimport[39m { motion[33m,[39m
 [90m 30 |[39m   useInView } [36mfrom[39m [32m"framer-motion"[39m[33m;[39m
[31m[1m>[22m[39m[90m 31 |[39m [36mimport[39m {
 [90m    |[39m [31m[1m^[22m[39m[31m[1m^[22m[39m[31m[1m^[22m[39m[31m[1m^[22m[39m[31m[1m^[22m[39m[
31m[1m^[22m[39m[31m[1m^[22m[39m[31m[1m^[22m[39m
[31m[1m>[22m[39m[90m 32 |[39m   [33mMapPin[39m[33m,[39m
 [90m    |[39m [31m[1m^[22m[39m[31m[1m^[22m[39m[31m[1m^[22m[39m[31m[1m^[22m[39m[31m[1m^[22m[39m[
31m[1m^[22m[39m[31m[1m^[22m[39m[31m[1m^[22m[39m[31m[1m^[22m[39m
[31m[1m>[22m[39m[90m 33 |[39m   useRef[33m,[39m
 [90m    |[39m [31m[1m^[22m[39m[31m[1m^[22m[39m[31m[1m^[22m[39m[31m[1m^[22m[39m[31m[1m^[22m[39m[
31m[1m^[22m[39m[31m[1m^[22m[39m[31m[1m^[22m[39m[31m[1m^[22m[39m
[31m[1m>[22m[39m[90m 34 |[39m   useState
 [90m    |[39m [31m[1m^[22m[39m[31m[1m^[22m[39m[31m[1m^[22m[39m[31m[1m^[22m[39m[31m[1m^[22m[39m[
31m[1m^[22m[39m[31m[1m^[22m[39m[31m[1m^[22m[39m[31m[1m^[22m[39m
[31m[1m>[22m[39m[90m 35 |[39m } [36mfrom[39m [32m"lucide-react"[39m[33m;[39m
 [90m    |[39m [31m[1m^[22m[39m[31m[1m^[22m[39m[31m[1m^[22m[39m[31m[1m^[22m[39m[31m[1m^[22m[39m[
31m[1m^[22m[39m[31m[1m^[22m[39m[31m[1m^[22m[39m[31m[1m^[22m[39m[31m[1m^[22m[39m[31m[1m^[22m[39m
[31m[1m^[22m[39m[31m[1m^[22m[39m[31m[1m^[22m[39m[31m[1m^[22m[39m[31m[1m^[22m[39m[31m[1m^[22m[39m
[31m[1m^[22m[39m[31m[1m^[22m[39m[31m[1m^[22m[39m[31m[1m^[22m[39m[31m[1m^[22m[39m[31m[1m^[22m[39
m
 [90m 36 |[39m
 [90m 37 |[39m [36mconst[39m [33mGOLD[39m [33m=[39m [32m"#D4AF37"[39m[33m;[39m
 [90m 38 |[39m [36mconst[39m [33mWA[39m [33m=[39m [32m"https://wa.me/917737877978?text=Hi%20Yash!%20I%27m%20pl
anning%20a%20destination%20wedding%20in%20Dharamshala.%20Can%20you%20check%20availability%3F"[39m[33m;[39m[0m

The export useState was not found in module [project]/node_modules/lucide-react/dist/esm/lucide-react.js [app-ssr] 
(ecmascript).
Did you mean to import UserStar?
All exports of the module are statically known (It doesn't have dynamic exports). So it's known statically that the 
requested export doesn't exist.

Import traces:
  Client Component Browser:
    ./app/anchor-in-dharamshala/page.jsx [Client Component Browser]
    ./app/anchor-in-dharamshala/page.jsx [Server Component]

  Client Component SSR:
    ./app/anchor-in-dharamshala/page.jsx [Client Component SSR]
    ./app/anchor-in-dharamshala/page.jsx [Server Component]


./app/anchor-in-goa/page.jsx:31:1
Export useState doesn't exist in target module
[0m [90m 29 |[39m [36mimport[39m { motion[33m,[39m
 [90m 30 |[39m   useInView } [36mfrom[39m [32m"framer-motion"[39m[33m;[39m
[31m[1m>[22m[39m[90m 31 |[39m [36mimport[39m {
 [90m    |[39m [31m[1m^[22m[39m[31m[1m^[22m[39m[31m[1m^[22m[39m[31m[1m^[22m[39m[31m[1m^[22m[39m[
31m[1m^[22m[39m[31m[1m^[22m[39m[31m[1m^[22m[39m
[31m[1m>[22m[39m[90m 32 |[39m   [33mMapPin[39m[33m,[39m
 [90m    |[39m [31m[1m^[22m[39m[31m[1m^[22m[39m[31m[1m^[22m[39m[31m[1m^[22m[39m[31m[1m^[22m[39m[
31m[1m^[22m[39m[31m[1m^[22m[39m[31m[1m^[22m[39m[31m[1m^[22m[39m
[31m[1m>[22m[39m[90m 33 |[39m   useRef[33m,[39m
 [90m    |[39m [31m[1m^[22m[39m[31m[1m^[22m[39m[31m[1m^[22m[39m[31m[1m^[22m[39m[31m[1m^[22m[39m[
31m[1m^[22m[39m[31m[1m^[22m[39m[31m[1m^[22m[39m[31m[1m^[22m[39m
[31m[1m>[22m[39m[90m 34 |[39m   useState
 [90m    |[39m [31m[1m^[22m[39m[31m[1m^[22m[39m[31m[1m^[22m[39m[31m[1m^[22m[39m[31m[1m^[22m[39m[
31m[1m^[22m[39m[31m[1m^[22m[39m[31m[1m^[22m[39m[31m[1m^[22m[39m
[31m[1m>[22m[39m[90m 35 |[39m } [36mfrom[39m [32m"lucide-react"[39m[33m;[39m
 [90m    |[39m [31m[1m^[22m[39m[31m[1m^[22m[39m[31m[1m^[22m[39m[31m[1m^[22m[39m[31m[1m^[22m[39m[
31m[1m^[22m[39m[31m[1m^[22m[39m[31m[1m^[22m[39m[31m[1m^[22m[39m[31m[1m^[22m[39m[31m[1m^[22m[39m
[31m[1m^[22m[39m[31m[1m^[22m[39m[31m[1m^[22m[39m[31m[1m^[22m[39m[31m[1m^[22m[39m[31m[1m^[22m[39m
[31m[1m^[22m[39m[31m[1m^[22m[39m[31m[1m^[22m[39m[31m[1m^[22m[39m[31m[1m^[22m[39m[31m[1m^[22m[39
m
 [90m 36 |[39m
 [90m 37 |[39m [36mconst[39m [33mGOLD[39m [33m=[39m [32m"#D4AF37"[39m[33m;[39m
 [90m 38 |[39m [36mconst[39m [33mWA[39m [33m=[39m [32m"https://wa.me/917737877978?text=Hi%20Yash!%20I%27m%20pl
anning%20a%20destination%20wedding%20in%20Goa.%20Can%20you%20check%20availability%3F"[39m[33m;[39m[0m

The export useState was not found in module [project]/node_modules/lucide-react/dist/esm/lucide-react.js [app-client] 
(ecmascript).
Did you mean to import UserStar?
All exports of the module are statically known (It doesn't have dynamic exports). So it's known statically that the 
requested export doesn't exist.

Import traces:
  Client Component Browser:
    ./app/anchor-in-goa/page.jsx [Client Component Browser]
    ./app/anchor-in-goa/page.jsx [Server Component]

  Client Component SSR:
    ./app/anchor-in-goa/page.jsx [Client Component SSR]
    ./app/anchor-in-goa/page.jsx [Server Component]


./app/anchor-in-goa/page.jsx:31:1
Export useState doesn't exist in target module
[0m [90m 29 |[39m [36mimport[39m { motion[33m,[39m
 [90m 30 |[39m   useInView } [36mfrom[39m [32m"framer-motion"[39m[33m;[39m
[31m[1m>[22m[39m[90m 31 |[39m [36mimport[39m {
 [90m    |[39m [31m[1m^[22m[39m[31m[1m^[22m[39m[31m[1m^[22m[39m[31m[1m^[22m[39m[31m[1m^[22m[39m[
31m[1m^[22m[39m[31m[1m^[22m[39m[31m[1m^[22m[39m
[31m[1m>[22m[39m[90m 32 |[39m   [33mMapPin[39m[33m,[39m
 [90m    |[39m [31m[1m^[22m[39m[31m[1m^[22m[39m[31m[1m^[22m[39m[31m[1m^[22m[39m[31m[1m^[22m[39m[
31m[1m^[22m[39m[31m[1m^[22m[39m[31m[1m^[22m[39m[31m[1m^[22m[39m
[31m[1m>[22m[39m[90m 33 |[39m   useRef[33m,[39m
 [90m    |[39m [31m[1m^[22m[39m[31m[1m^[22m[39m[31m[1m^[22m[39m[31m[1m^[22m[39m[31m[1m^[22m[39m[
31m[1m^[22m[39m[31m[1m^[22m[39m[31m[1m^[22m[39m[31m[1m^[22m[39m
[31m[1m>[22m[39m[90m 34 |[39m   useState
 [90m    |[39m [31m[1m^[22m[39m[31m[1m^[22m[39m[31m[1m^[22m[39m[31m[1m^[22m[39m[31m[1m^[22m[39m[
31m[1m^[22m[39m[31m[1m^[22m[39m[31m[1m^[22m[39m[31m[1m^[22m[39m
[31m[1m>[22m[39m[90m 35 |[39m } [36mfrom[39m [32m"lucide-react"[39m[33m;[39m
 [90m    |[39m [31m[1m^[22m[39m[31m[1m^[22m[39m[31m[1m^[22m[39m[31m[1m^[22m[39m[31m[1m^[22m[39m[
31m[1m^[22m[39m[31m[1m^[22m[39m[31m[1m^[22m[39m[31m[1m^[22m[39m[31m[1m^[22m[39m[31m[1m^[22m[39m
[31m[1m^[22m[39m[31m[1m^[22m[39m[31m[1m^[22m[39m[31m[1m^[22m[39m[31m[1m^[22m[39m[31m[1m^[22m[39m
[31m[1m^[22m[39m[31m[1m^[22m[39m[31m[1m^[22m[39m[31m[1m^[22m[39m[31m[1m^[22m[39m[31m[1m^[22m[39
m
 [90m 36 |[39m
 [90m 37 |[39m [36mconst[39m [33mGOLD[39m [33m=[39m [32m"#D4AF37"[39m[33m;[39m
 [90m 38 |[39m [36mconst[39m [33mWA[39m [33m=[39m [32m"https://wa.me/917737877978?text=Hi%20Yash!%20I%27m%20pl
anning%20a%20destination%20wedding%20in%20Goa.%20Can%20you%20check%20availability%3F"[39m[33m;[39m[0m

The export useState was not found in module [project]/node_modules/lucide-react/dist/esm/lucide-react.js [app-ssr] 
(ecmascript).
Did you mean to import UserStar?
All exports of the module are statically known (It doesn't have dynamic exports). So it's known statically that the 
requested export doesn't exist.

Import traces:
  Client Component Browser:
    ./app/anchor-in-goa/page.jsx [Client Component Browser]
    ./app/anchor-in-goa/page.jsx [Server Component]

  Client Component SSR:
    ./app/anchor-in-goa/page.jsx [Client Component SSR]
    ./app/anchor-in-goa/page.jsx [Server Component]


./app/anchor-in-haridwar/page.jsx:31:1
Export useState doesn't exist in target module
[0m [90m 29 |[39m [36mimport[39m { motion[33m,[39m
 [90m 30 |[39m   useInView } [36mfrom[39m [32m"framer-motion"[39m[33m;[39m
[31m[1m>[22m[39m[90m 31 |[39m [36mimport[39m {
 [90m    |[39m [31m[1m^[22m[39m[31m[1m^[22m[39m[31m[1m^[22m[39m[31m[1m^[22m[39m[31m[1m^[22m[39m[
31m[1m^[22m[39m[31m[1m^[22m[39m[31m[1m^[22m[39m
[31m[1m>[22m[39m[90m 32 |[39m   [33mMapPin[39m[33m,[39m
 [90m    |[39m [31m[1m^[22m[39m[31m[1m^[22m[39m[31m[1m^[22m[39m[31m[1m^[22m[39m[31m[1m^[22m[39m[
31m[1m^[22m[39m[31m[1m^[22m[39m[31m[1m^[22m[39m[31m[1m^[22m[39m
[31m[1m>[22m[39m[90m 33 |[39m   useRef[33m,[39m
 [90m    |[39m [31m[1m^[22m[39m[31m[1m^[22m[39m[31m[1m^[22m[39m[31m[1m^[22m[39m[31m[1m^[22m[39m[
31m[1m^[22m[39m[31m[1m^[22m[39m[31m[1m^[22m[39m[31m[1m^[22m[39m
[31m[1m>[22m[39m[90m 34 |[39m   useState
 [90m    |[39m [31m[1m^[22m[39m[31m[1m^[22m[39m[31m[1m^[22m[39m[31m[1m^[22m[39m[31m[1m^[22m[39m[
31m[1m^[22m[39m[31m[1m^[22m[39m[31m[1m^[22m[39m[31m[1m^[22m[39m
[31m[1m>[22m[39m[90m 35 |[39m } [36mfrom[39m [32m"lucide-react"[39m[33m;[39m
 [90m    |[39m [31m[1m^[22m[39m[31m[1m^[22m[39m[31m[1m^[22m[39m[31m[1m^[22m[39m[31m[1m^[22m[39m[
31m[1m^[22m[39m[31m[1m^[22m[39m[31m[1m^[22m[39m[31m[1m^[22m[39m[31m[1m^[22m[39m[31m[1m^[22m[39m
[31m[1m^[22m[39m[31m[1m^[22m[39m[31m[1m^[22m[39m[31m[1m^[22m[39m[31m[1m^[22m[39m[31m[1m^[22m[39m
[31m[1m^[22m[39m[31m[1m^[22m[39m[31m[1m^[22m[39m[31m[1m^[22m[39m[31m[1m^[22m[39m[31m[1m^[22m[39
m
 [90m 36 |[39m
 [90m 37 |[39m [36mconst[39m [33mGOLD[39m [33m=[39m [32m"#D4AF37"[39m[33m;[39m
 [90m 38 |[39m [36mconst[39m [33mWA[39m [33m=[39m [32m"https://wa.me/917737877978?text=Hi%20Yash!%20I%27m%20pl
anning%20a%20destination%20wedding%20in%20Haridwar.%20Can%20you%20check%20availability%3F"[39m[33m;[39m[0m

The export useState was not found in module [project]/node_modules/lucide-react/dist/esm/lucide-react.js [app-client] 
(ecmascript).
Did you mean to import UserStar?
All exports of the module are statically known (It doesn't have dynamic exports). So it's known statically that the 
requested export doesn't exist.

Import traces:
  Client Component Browser:
    ./app/anchor-in-haridwar/page.jsx [Client Component Browser]
    ./app/anchor-in-haridwar/page.jsx [Server Component]

  Client Component SSR:
    ./app/anchor-in-haridwar/page.jsx [Client Component SSR]
    ./app/anchor-in-haridwar/page.jsx [Server Component]


./app/anchor-in-haridwar/page.jsx:31:1
Export useState doesn't exist in target module
[0m [90m 29 |[39m [36mimport[39m { motion[33m,[39m
 [90m 30 |[39m   useInView } [36mfrom[39m [32m"framer-motion"[39m[33m;[39m
[31m[1m>[22m[39m[90m 31 |[39m [36mimport[39m {
 [90m    |[39m [31m[1m^[22m[39m[31m[1m^[22m[39m[31m[1m^[22m[39m[31m[1m^[22m[39m[31m[1m^[22m[39m[
31m[1m^[22m[39m[31m[1m^[22m[39m[31m[1m^[22m[39m
[31m[1m>[22m[39m[90m 32 |[39m   [33mMapPin[39m[33m,[39m
 [90m    |[39m [31m[1m^[22m[39m[31m[1m^[22m[39m[31m[1m^[22m[39m[31m[1m^[22m[39m[31m[1m^[22m[39m[
31m[1m^[22m[39m[31m[1m^[22m[39m[31m[1m^[22m[39m[31m[1m^[22m[39m
[31m[1m>[22m[39m[90m 33 |[39m   useRef[33m,[39m
 [90m    |[39m [31m[1m^[22m[39m[31m[1m^[22m[39m[31m[1m^[22m[39m[31m[1m^[22m[39m[31m[1m^[22m[39m[
31m[1m^[22m[39m[31m[1m^[22m[39m[31m[1m^[22m[39m[31m[1m^[22m[39m
[31m[1m>[22m[39m[90m 34 |[39m   useState
 [90m    |[39m [31m[1m^[22m[39m[31m[1m^[22m[39m[31m[1m^[22m[39m[31m[1m^[22m[39m[31m[1m^[22m[39m[
31m[1m^[22m[39m[31m[1m^[22m[39m[31m[1m^[22m[39m[31m[1m^[22m[39m
[31m[1m>[22m[39m[90m 35 |[39m } [36mfrom[39m [32m"lucide-react"[39m[33m;[39m
 [90m    |[39m [31m[1m^[22m[39m[31m[1m^[22m[39m[31m[1m^[22m[39m[31m[1m^[22m[39m[31m[1m^[22m[39m[
31m[1m^[22m[39m[31m[1m^[22m[39m[31m[1m^[22m[39m[31m[1m^[22m[39m[31m[1m^[22m[39m[31m[1m^[22m[39m
[31m[1m^[22m[39m[31m[1m^[22m[39m[31m[1m^[22m[39m[31m[1m^[22m[39m[31m[1m^[22m[39m[31m[1m^[22m[39m
[31m[1m^[22m[39m[31m[1m^[22m[39m[31m[1m^[22m[39m[31m[1m^[22m[39m[31m[1m^[22m[39m[31m[1m^[22m[39
m
 [90m 36 |[39m
 [90m 37 |[39m [36mconst[39m [33mGOLD[39m [33m=[39m [32m"#D4AF37"[39m[33m;[39m
 [90m 38 |[39m [36mconst[39m [33mWA[39m [33m=[39m [32m"https://wa.me/917737877978?text=Hi%20Yash!%20I%27m%20pl
anning%20a%20destination%20wedding%20in%20Haridwar.%20Can%20you%20check%20availability%3F"[39m[33m;[39m[0m

The export useState was not found in module [project]/node_modules/lucide-react/dist/esm/lucide-react.js [app-ssr] 
(ecmascript).
Did you mean to import UserStar?
All exports of the module are statically known (It doesn't have dynamic exports). So it's known statically that the 
requested export doesn't exist.

Import traces:
  Client Component Browser:
    ./app/anchor-in-haridwar/page.jsx [Client Component Browser]
    ./app/anchor-in-haridwar/page.jsx [Server Component]

  Client Component SSR:
    ./app/anchor-in-haridwar/page.jsx [Client Component SSR]
    ./app/anchor-in-haridwar/page.jsx [Server Component]


./app/anchor-in-hyderabad/page.jsx:32:1
Export useState doesn't exist in target module
[0m [90m 30 |[39m [36mimport[39m { motion[33m,[39m
 [90m 31 |[39m   useInView } [36mfrom[39m [32m"framer-motion"[39m[33m;[39m
[31m[1m>[22m[39m[90m 32 |[39m [36mimport[39m {
 [90m    |[39m [31m[1m^[22m[39m[31m[1m^[22m[39m[31m[1m^[22m[39m[31m[1m^[22m[39m[31m[1m^[22m[39m[
31m[1m^[22m[39m[31m[1m^[22m[39m[31m[1m^[22m[39m
[31m[1m>[22m[39m[90m 33 |[39m   [33mMapPin[39m[33m,[39m
 [90m    |[39m [31m[1m^[22m[39m[31m[1m^[22m[39m[31m[1m^[22m[39m[31m[1m^[22m[39m[31m[1m^[22m[39m[
31m[1m^[22m[39m[31m[1m^[22m[39m[31m[1m^[22m[39m[31m[1m^[22m[39m
[31m[1m>[22m[39m[90m 34 |[39m   useRef[33m,[39m
 [90m    |[39m [31m[1m^[22m[39m[31m[1m^[22m[39m[31m[1m^[22m[39m[31m[1m^[22m[39m[31m[1m^[22m[39m[
31m[1m^[22m[39m[31m[1m^[22m[39m[31m[1m^[22m[39m[31m[1m^[22m[39m
[31m[1m>[22m[39m[90m 35 |[39m   useState
 [90m    |[39m [31m[1m^[22m[39m[31m[1m^[22m[39m[31m[1m^[22m[39m[31m[1m^[22m[39m[31m[1m^[22m[39m[
31m[1m^[22m[39m[31m[1m^[22m[39m[31m[1m^[22m[39m[31m[1m^[22m[39m
[31m[1m>[22m[39m[90m 36 |[39m } [36mfrom[39m [32m"lucide-react"[39m[33m;[39m
 [90m    |[39m [31m[1m^[22m[39m[31m[1m^[22m[39m[31m[1m^[22m[39m[31m[1m^[22m[39m[31m[1m^[22m[39m[
31m[1m^[22m[39m[31m[1m^[22m[39m[31m[1m^[22m[39m[31m[1m^[22m[39m[31m[1m^[22m[39m[31m[1m^[22m[39m
[31m[1m^[22m[39m[31m[1m^[22m[39m[31m[1m^[22m[39m[31m[1m^[22m[39m[31m[1m^[22m[39m[31m[1m^[22m[39m
[31m[1m^[22m[39m[31m[1m^[22m[39m[31m[1m^[22m[39m[31m[1m^[22m[39m[31m[1m^[22m[39m[31m[1m^[22m[39
m
 [90m 37 |[39m
 [90m 38 |[39m [36mconst[39m [33mGOLD[39m [33m=[39m [32m"#D4AF37"[39m[33m;[39m
 [90m 39 |[39m [36mconst[39m [33mWA[39m [33m=[39m [32m"https://wa.me/917737877978?text=Hi%20Yash!%20I%27m%20pl
anning%20an%20event%20in%20Hyderabad.%20Can%20you%20check%20availability%3F"[39m[33m;[39m[0m

The export useState was not found in module [project]/node_modules/lucide-react/dist/esm/lucide-react.js [app-client] 
(ecmascript).
Did you mean to import UserStar?
All exports of the module are statically known (It doesn't have dynamic exports). So it's known statically that the 
requested export doesn't exist.

Import traces:
  Client Component Browser:
    ./app/anchor-in-hyderabad/page.jsx [Client Component Browser]
    ./app/anchor-in-hyderabad/page.jsx [Server Component]

  Client Component SSR:
    ./app/anchor-in-hyderabad/page.jsx [Client Component SSR]
    ./app/anchor-in-hyderabad/page.jsx [Server Component]


./app/anchor-in-hyderabad/page.jsx:32:1
Export useState doesn't exist in target module
[0m [90m 30 |[39m [36mimport[39m { motion[33m,[39m
 [90m 31 |[39m   useInView } [36mfrom[39m [32m"framer-motion"[39m[33m;[39m
[31m[1m>[22m[39m[90m 32 |[39m [36mimport[39m {
 [90m    |[39m [31m[1m^[22m[39m[31m[1m^[22m[39m[31m[1m^[22m[39m[31m[1m^[22m[39m[31m[1m^[22m[39m[
31m[1m^[22m[39m[31m[1m^[22m[39m[31m[1m^[22m[39m
[31m[1m>[22m[39m[90m 33 |[39m   [33mMapPin[39m[33m,[39m
 [90m    |[39m [31m[1m^[22m[39m[31m[1m^[22m[39m[31m[1m^[22m[39m[31m[1m^[22m[39m[31m[1m^[22m[39m[
31m[1m^[22m[39m[31m[1m^[22m[39m[31m[1m^[22m[39m[31m[1m^[22m[39m
[31m[1m>[22m[39m[90m 34 |[39m   useRef[33m,[39m
 [90m    |[39m [31m[1m^[22m[39m[31m[1m^[22m[39m[31m[1m^[22m[39m[31m[1m^[22m[39m[31m[1m^[22m[39m[
31m[1m^[22m[39m[31m[1m^[22m[39m[31m[1m^[22m[39m[31m[1m^[22m[39m
[31m[1m>[22m[39m[90m 35 |[39m   useState
 [90m    |[39m [31m[1m^[22m[39m[31m[1m^[22m[39m[31m[1m^[22m[39m[31m[1m^[22m[39m[31m[1m^[22m[39m[
31m[1m^[22m[39m[31m[1m^[22m[39m[31m[1m^[22m[39m[31m[1m^[22m[39m
[31m[1m>[22m[39m[90m 36 |[39m } [36mfrom[39m [32m"lucide-react"[39m[33m;[39m
 [90m    |[39m [31m[1m^[22m[39m[31m[1m^[22m[39m[31m[1m^[22m[39m[31m[1m^[22m[39m[31m[1m^[22m[39m[
31m[1m^[22m[39m[31m[1m^[22m[39m[31m[1m^[22m[39m[31m[1m^[22m[39m[31m[1m^[22m[39m[31m[1m^[22m[39m
[31m[1m^[22m[39m[31m[1m^[22m[39m[31m[1m^[22m[39m[31m[1m^[22m[39m[31m[1m^[22m[39m[31m[1m^[22m[39m
[31m[1m^[22m[39m[31m[1m^[22m[39m[31m[1m^[22m[39m[31m[1m^[22m[39m[31m[1m^[22m[39m[31m[1m^[22m[39
m
 [90m 37 |[39m
 [90m 38 |[39m [36mconst[39m [33mGOLD[39m [33m=[39m [32m"#D4AF37"[39m[33m;[39m
 [90m 39 |[39m [36mconst[39m [33mWA[39m [33m=[39m [32m"https://wa.me/917737877978?text=Hi%20Yash!%20I%27m%20pl
anning%20an%20event%20in%20Hyderabad.%20Can%20you%20check%20availability%3F"[39m[33m;[39m[0m

The export useState was not found in module [project]/node_modules/lucide-react/dist/esm/lucide-react.js [app-ssr] 
(ecmascript).
Did you mean to import UserStar?
All exports of the module are statically known (It doesn't have dynamic exports). So it's known statically that the 
requested export doesn't exist.

Import traces:
  Client Component Browser:
    ./app/anchor-in-hyderabad/page.jsx [Client Component Browser]
    ./app/anchor-in-hyderabad/page.jsx [Server Component]

  Client Component SSR:
    ./app/anchor-in-hyderabad/page.jsx [Client Component SSR]
    ./app/anchor-in-hyderabad/page.jsx [Server Component]


./app/anchor-in-jaisalmer/page.jsx:31:1
Export useState doesn't exist in target module
[0m [90m 29 |[39m [36mimport[39m { motion[33m,[39m
 [90m 30 |[39m   useInView } [36mfrom[39m [32m"framer-motion"[39m[33m;[39m
[31m[1m>[22m[39m[90m 31 |[39m [36mimport[39m {
 [90m    |[39m [31m[1m^[22m[39m[31m[1m^[22m[39m[31m[1m^[22m[39m[31m[1m^[22m[39m[31m[1m^[22m[39m[
31m[1m^[22m[39m[31m[1m^[22m[39m[31m[1m^[22m[39m
[31m[1m>[22m[39m[90m 32 |[39m   [33mMapPin[39m[33m,[39m
 [90m    |[39m [31m[1m^[22m[39m[31m[1m^[22m[39m[31m[1m^[22m[39m[31m[1m^[22m[39m[31m[1m^[22m[39m[
31m[1m^[22m[39m[31m[1m^[22m[39m[31m[1m^[22m[39m[31m[1m^[22m[39m
[31m[1m>[22m[39m[90m 33 |[39m   useRef[33m,[39m
 [90m    |[39m [31m[1m^[22m[39m[31m[1m^[22m[39m[31m[1m^[22m[39m[31m[1m^[22m[39m[31m[1m^[22m[39m[
31m[1m^[22m[39m[31m[1m^[22m[39m[31m[1m^[22m[39m[31m[1m^[22m[39m
[31m[1m>[22m[39m[90m 34 |[39m   useState
 [90m    |[39m [31m[1m^[22m[39m[31m[1m^[22m[39m[31m[1m^[22m[39m[31m[1m^[22m[39m[31m[1m^[22m[39m[
31m[1m^[22m[39m[31m[1m^[22m[39m[31m[1m^[22m[39m[31m[1m^[22m[39m
[31m[1m>[22m[39m[90m 35 |[39m } [36mfrom[39m [32m"lucide-react"[39m[33m;[39m
 [90m    |[39m [31m[1m^[22m[39m[31m[1m^[22m[39m[31m[1m^[22m[39m[31m[1m^[22m[39m[31m[1m^[22m[39m[
31m[1m^[22m[39m[31m[1m^[22m[39m[31m[1m^[22m[39m[31m[1m^[22m[39m[31m[1m^[22m[39m[31m[1m^[22m[39m
[31m[1m^[22m[39m[31m[1m^[22m[39m[31m[1m^[22m[39m[31m[1m^[22m[39m[31m[1m^[22m[39m[31m[1m^[22m[39m
[31m[1m^[22m[39m[31m[1m^[22m[39m[31m[1m^[22m[39m[31m[1m^[22m[39m[31m[1m^[22m[39m[31m[1m^[22m[39
m
 [90m 36 |[39m
 [90m 37 |[39m [36mconst[39m [33mGOLD[39m [33m=[39m [32m"#D4AF37"[39m[33m;[39m
 [90m 38 |[39m [36mconst[39m [33mWA[39m [33m=[39m [32m"https://wa.me/917737877978?text=Hi%20Yash!%20I%27m%20pl
anning%20a%20destination%20wedding%20in%20Jaisalmer.%20Can%20you%20check%20availability%3F"[39m[33m;[39m[0m

The export useState was not found in module [project]/node_modules/lucide-react/dist/esm/lucide-react.js [app-client] 
(ecmascript).
Did you mean to import UserStar?
All exports of the module are statically known (It doesn't have dynamic exports). So it's known statically that the 
requested export doesn't exist.

Import traces:
  Client Component Browser:
    ./app/anchor-in-jaisalmer/page.jsx [Client Component Browser]
    ./app/anchor-in-jaisalmer/page.jsx [Server Component]

  Client Component SSR:
    ./app/anchor-in-jaisalmer/page.jsx [Client Component SSR]
    ./app/anchor-in-jaisalmer/page.jsx [Server Component]


./app/anchor-in-jaisalmer/page.jsx:31:1
Export useState doesn't exist in target module
[0m [90m 29 |[39m [36mimport[39m { motion[33m,[39m
 [90m 30 |[39m   useInView } [36mfrom[39m [32m"framer-motion"[39m[33m;[39m
[31m[1m>[22m[39m[90m 31 |[39m [36mimport[39m {
 [90m    |[39m [31m[1m^[22m[39m[31m[1m^[22m[39m[31m[1m^[22m[39m[31m[1m^[22m[39m[31m[1m^[22m[39m[
31m[1m^[22m[39m[31m[1m^[22m[39m[31m[1m^[22m[39m
[31m[1m>[22m[39m[90m 32 |[39m   [33mMapPin[39m[33m,[39m
 [90m    |[39m [31m[1m^[22m[39m[31m[1m^[22m[39m[31m[1m^[22m[39m[31m[1m^[22m[39m[31m[1m^[22m[39m[
31m[1m^[22m[39m[31m[1m^[22m[39m[31m[1m^[22m[39m[31m[1m^[22m[39m
[31m[1m>[22m[39m[90m 33 |[39m   useRef[33m,[39m
 [90m    |[39m [31m[1m^[22m[39m[31m[1m^[22m[39m[31m[1m^[22m[39m[31m[1m^[22m[39m[31m[1m^[22m[39m[
31m[1m^[22m[39m[31m[1m^[22m[39m[31m[1m^[22m[39m[31m[1m^[22m[39m
[31m[1m>[22m[39m[90m 34 |[39m   useState
 [90m    |[39m [31m[1m^[22m[39m[31m[1m^[22m[39m[31m[1m^[22m[39m[31m[1m^[22m[39m[31m[1m^[22m[39m[
31m[1m^[22m[39m[31m[1m^[22m[39m[31m[1m^[22m[39m[31m[1m^[22m[39m
[31m[1m>[22m[39m[90m 35 |[39m } [36mfrom[39m [32m"lucide-react"[39m[33m;[39m
 [90m    |[39m [31m[1m^[22m[39m[31m[1m^[22m[39m[31m[1m^[22m[39m[31m[1m^[22m[39m[31m[1m^[22m[39m[
31m[1m^[22m[39m[31m[1m^[22m[39m[31m[1m^[22m[39m[31m[1m^[22m[39m[31m[1m^[22m[39m[31m[1m^[22m[39m
[31m[1m^[22m[39m[31m[1m^[22m[39m[31m[1m^[22m[39m[31m[1m^[22m[39m[31m[1m^[22m[39m[31m[1m^[22m[39m
[31m[1m^[22m[39m[31m[1m^[22m[39m[31m[1m^[22m[39m[31m[1m^[22m[39m[31m[1m^[22m[39m[31m[1m^[22m[39
m
 [90m 36 |[39m
 [90m 37 |[39m [36mconst[39m [33mGOLD[39m [33m=[39m [32m"#D4AF37"[39m[33m;[39m
 [90m 38 |[39m [36mconst[39m [33mWA[39m [33m=[39m [32m"https://wa.me/917737877978?text=Hi%20Yash!%20I%27m%20pl
anning%20a%20destination%20wedding%20in%20Jaisalmer.%20Can%20you%20check%20availability%3F"[39m[33m;[39m[0m

The export useState was not found in module [project]/node_modules/lucide-react/dist/esm/lucide-react.js [app-ssr] 
(ecmascript).
Did you mean to import UserStar?
All exports of the module are statically known (It doesn't have dynamic exports). So it's known statically that the 
requested export doesn't exist.

Import traces:
  Client Component Browser:
    ./app/anchor-in-jaisalmer/page.jsx [Client Component Browser]
    ./app/anchor-in-jaisalmer/page.jsx [Server Component]

  Client Component SSR:
    ./app/anchor-in-jaisalmer/page.jsx [Client Component SSR]
    ./app/anchor-in-jaisalmer/page.jsx [Server Component]


./app/anchor-in-kolkata/page.jsx:32:1
Export useState doesn't exist in target module
[0m [90m 30 |[39m [36mimport[39m { motion[33m,[39m
 [90m 31 |[39m   useInView } [36mfrom[39m [32m"framer-motion"[39m[33m;[39m
[31m[1m>[22m[39m[90m 32 |[39m [36mimport[39m {
 [90m    |[39m [31m[1m^[22m[39m[31m[1m^[22m[39m[31m[1m^[22m[39m[31m[1m^[22m[39m[31m[1m^[22m[39m[
31m[1m^[22m[39m[31m[1m^[22m[39m[31m[1m^[22m[39m
[31m[1m>[22m[39m[90m 33 |[39m   [33mMapPin[39m[33m,[39m
 [90m    |[39m [31m[1m^[22m[39m[31m[1m^[22m[39m[31m[1m^[22m[39m[31m[1m^[22m[39m[31m[1m^[22m[39m[
31m[1m^[22m[39m[31m[1m^[22m[39m[31m[1m^[22m[39m[31m[1m^[22m[39m
[31m[1m>[22m[39m[90m 34 |[39m   useRef[33m,[39m
 [90m    |[39m [31m[1m^[22m[39m[31m[1m^[22m[39m[31m[1m^[22m[39m[31m[1m^[22m[39m[31m[1m^[22m[39m[
31m[1m^[22m[39m[31m[1m^[22m[39m[31m[1m^[22m[39m[31m[1m^[22m[39m
[31m[1m>[22m[39m[90m 35 |[39m   useState
 [90m    |[39m [31m[1m^[22m[39m[31m[1m^[22m[39m[31m[1m^[22m[39m[31m[1m^[22m[39m[31m[1m^[22m[39m[
31m[1m^[22m[39m[31m[1m^[22m[39m[31m[1m^[22m[39m[31m[1m^[22m[39m
[31m[1m>[22m[39m[90m 36 |[39m } [36mfrom[39m [32m"lucide-react"[39m[33m;[39m
 [90m    |[39m [31m[1m^[22m[39m[31m[1m^[22m[39m[31m[1m^[22m[39m[31m[1m^[22m[39m[31m[1m^[22m[39m[
31m[1m^[22m[39m[31m[1m^[22m[39m[31m[1m^[22m[39m[31m[1m^[22m[39m[31m[1m^[22m[39m[31m[1m^[22m[39m
[31m[1m^[22m[39m[31m[1m^[22m[39m[31m[1m^[22m[39m[31m[1m^[22m[39m[31m[1m^[22m[39m[31m[1m^[22m[39m
[31m[1m^[22m[39m[31m[1m^[22m[39m[31m[1m^[22m[39m[31m[1m^[22m[39m[31m[1m^[22m[39m[31m[1m^[22m[39
m
 [90m 37 |[39m
 [90m 38 |[39m [36mconst[39m [33mGOLD[39m [33m=[39m [32m"#D4AF37"[39m[33m;[39m
 [90m 39 |[39m [36mconst[39m [33mWA[39m [33m=[39m [32m"https://wa.me/917737877978?text=Hi%20Yash!%20I%27m%20pl
anning%20an%20event%20in%20Kolkata.%20Can%20you%20check%20availability%3F"[39m[33m;[39m[0m

The export useState was not found in module [project]/node_modules/lucide-react/dist/esm/lucide-react.js [app-client] 
(ecmascript).
Did you mean to import UserStar?
All exports of the module are statically known (It doesn't have dynamic exports). So it's known statically that the 
requested export doesn't exist.

Import traces:
  Client Component Browser:
    ./app/anchor-in-kolkata/page.jsx [Client Component Browser]
    ./app/anchor-in-kolkata/page.jsx [Server Component]

  Client Component SSR:
    ./app/anchor-in-kolkata/page.jsx [Client Component SSR]
    ./app/anchor-in-kolkata/page.jsx [Server Component]


./app/anchor-in-kolkata/page.jsx:32:1
Export useState doesn't exist in target module
[0m [90m 30 |[39m [36mimport[39m { motion[33m,[39m
 [90m 31 |[39m   useInView } [36mfrom[39m [32m"framer-motion"[39m[33m;[39m
[31m[1m>[22m[39m[90m 32 |[39m [36mimport[39m {
 [90m    |[39m [31m[1m^[22m[39m[31m[1m^[22m[39m[31m[1m^[22m[39m[31m[1m^[22m[39m[31m[1m^[22m[39m[
31m[1m^[22m[39m[31m[1m^[22m[39m[31m[1m^[22m[39m
[31m[1m>[22m[39m[90m 33 |[39m   [33mMapPin[39m[33m,[39m
 [90m    |[39m [31m[1m^[22m[39m[31m[1m^[22m[39m[31m[1m^[22m[39m[31m[1m^[22m[39m[31m[1m^[22m[39m[
31m[1m^[22m[39m[31m[1m^[22m[39m[31m[1m^[22m[39m[31m[1m^[22m[39m
[31m[1m>[22m[39m[90m 34 |[39m   useRef[33m,[39m
 [90m    |[39m [31m[1m^[22m[39m[31m[1m^[22m[39m[31m[1m^[22m[39m[31m[1m^[22m[39m[31m[1m^[22m[39m[
31m[1m^[22m[39m[31m[1m^[22m[39m[31m[1m^[22m[39m[31m[1m^[22m[39m
[31m[1m>[22m[39m[90m 35 |[39m   useState
 [90m    |[39m [31m[1m^[22m[39m[31m[1m^[22m[39m[31m[1m^[22m[39m[31m[1m^[22m[39m[31m[1m^[22m[39m[
31m[1m^[22m[39m[31m[1m^[22m[39m[31m[1m^[22m[39m[31m[1m^[22m[39m
[31m[1m>[22m[39m[90m 36 |[39m } [36mfrom[39m [32m"lucide-react"[39m[33m;[39m
 [90m    |[39m [31m[1m^[22m[39m[31m[1m^[22m[39m[31m[1m^[22m[39m[31m[1m^[22m[39m[31m[1m^[22m[39m[
31m[1m^[22m[39m[31m[1m^[22m[39m[31m[1m^[22m[39m[31m[1m^[22m[39m[31m[1m^[22m[39m[31m[1m^[22m[39m
[31m[1m^[22m[39m[31m[1m^[22m[39m[31m[1m^[22m[39m[31m[1m^[22m[39m[31m[1m^[22m[39m[31m[1m^[22m[39m
[31m[1m^[22m[39m[31m[1m^[22m[39m[31m[1m^[22m[39m[31m[1m^[22m[39m[31m[1m^[22m[39m[31m[1m^[22m[39
m
 [90m 37 |[39m
 [90m 38 |[39m [36mconst[39m [33mGOLD[39m [33m=[39m [32m"#D4AF37"[39m[33m;[39m
 [90m 39 |[39m [36mconst[39m [33mWA[39m [33m=[39m [32m"https://wa.me/917737877978?text=Hi%20Yash!%20I%27m%20pl
anning%20an%20event%20in%20Kolkata.%20Can%20you%20check%20availability%3F"[39m[33m;[39m[0m

The export useState was not found in module [project]/node_modules/lucide-react/dist/esm/lucide-react.js [app-ssr] 
(ecmascript).
Did you mean to import UserStar?
All exports of the module are statically known (It doesn't have dynamic exports). So it's known statically that the 
requested export doesn't exist.

Import traces:
  Client Component Browser:
    ./app/anchor-in-kolkata/page.jsx [Client Component Browser]
    ./app/anchor-in-kolkata/page.jsx [Server Component]

  Client Component SSR:
    ./app/anchor-in-kolkata/page.jsx [Client Component SSR]
    ./app/anchor-in-kolkata/page.jsx [Server Component]


./app/anchor-in-kota/page.jsx:30:1
Export useState doesn't exist in target module
[0m [90m 28 |[39m [36mimport[39m { motion[33m,[39m
 [90m 29 |[39m   useInView } [36mfrom[39m [32m"framer-motion"[39m[33m;[39m
[31m[1m>[22m[39m[90m 30 |[39m [36mimport[39m {
 [90m    |[39m [31m[1m^[22m[39m[31m[1m^[22m[39m[31m[1m^[22m[39m[31m[1m^[22m[39m[31m[1m^[22m[39m[
31m[1m^[22m[39m[31m[1m^[22m[39m[31m[1m^[22m[39m
[31m[1m>[22m[39m[90m 31 |[39m   [33mMapPin[39m[33m,[39m
 [90m    |[39m [31m[1m^[22m[39m[31m[1m^[22m[39m[31m[1m^[22m[39m[31m[1m^[22m[39m[31m[1m^[22m[39m[
31m[1m^[22m[39m[31m[1m^[22m[39m[31m[1m^[22m[39m[31m[1m^[22m[39m
[31m[1m>[22m[39m[90m 32 |[39m   useRef[33m,[39m
 [90m    |[39m [31m[1m^[22m[39m[31m[1m^[22m[39m[31m[1m^[22m[39m[31m[1m^[22m[39m[31m[1m^[22m[39m[
31m[1m^[22m[39m[31m[1m^[22m[39m[31m[1m^[22m[39m[31m[1m^[22m[39m
[31m[1m>[22m[39m[90m 33 |[39m   useState
 [90m    |[39m [31m[1m^[22m[39m[31m[1m^[22m[39m[31m[1m^[22m[39m[31m[1m^[22m[39m[31m[1m^[22m[39m[
31m[1m^[22m[39m[31m[1m^[22m[39m[31m[1m^[22m[39m[31m[1m^[22m[39m
[31m[1m>[22m[39m[90m 34 |[39m } [36mfrom[39m [32m"lucide-react"[39m[33m;[39m
 [90m    |[39m [31m[1m^[22m[39m[31m[1m^[22m[39m[31m[1m^[22m[39m[31m[1m^[22m[39m[31m[1m^[22m[39m[
31m[1m^[22m[39m[31m[1m^[22m[39m[31m[1m^[22m[39m[31m[1m^[22m[39m[31m[1m^[22m[39m[31m[1m^[22m[39m
[31m[1m^[22m[39m[31m[1m^[22m[39m[31m[1m^[22m[39m[31m[1m^[22m[39m[31m[1m^[22m[39m[31m[1m^[22m[39m
[31m[1m^[22m[39m[31m[1m^[22m[39m[31m[1m^[22m[39m[31m[1m^[22m[39m[31m[1m^[22m[39m[31m[1m^[22m[39
m
 [90m 35 |[39m
 [90m 36 |[39m [36mconst[39m [33mGOLD[39m [33m=[39m [32m"#D4AF37"[39m[33m;[39m
 [90m 37 |[39m [36mconst[39m [33mWA[39m [33m=[39m [32m"https://wa.me/917737877978?text=Hi%20Yash!%20I%27m%20pl
anning%20an%20event%20in%20Kota.%20Can%20you%20check%20availability%3F"[39m[33m;[39m[0m

The export useState was not found in module [project]/node_modules/lucide-react/dist/esm/lucide-react.js [app-client] 
(ecmascript).
Did you mean to import UserStar?
All exports of the module are statically known (It doesn't have dynamic exports). So it's known statically that the 
requested export doesn't exist.

Import traces:
  Client Component Browser:
    ./app/anchor-in-kota/page.jsx [Client Component Browser]
    ./app/anchor-in-kota/page.jsx [Server Component]

  Client Component SSR:
    ./app/anchor-in-kota/page.jsx [Client Component SSR]
    ./app/anchor-in-kota/page.jsx [Server Component]


./app/anchor-in-kota/page.jsx:30:1
Export useState doesn't exist in target module
[0m [90m 28 |[39m [36mimport[39m { motion[33m,[39m
 [90m 29 |[39m   useInView } [36mfrom[39m [32m"framer-motion"[39m[33m;[39m
[31m[1m>[22m[39m[90m 30 |[39m [36mimport[39m {
 [90m    |[39m [31m[1m^[22m[39m[31m[1m^[22m[39m[31m[1m^[22m[39m[31m[1m^[22m[39m[31m[1m^[22m[39m[
31m[1m^[22m[39m[31m[1m^[22m[39m[31m[1m^[22m[39m
[31m[1m>[22m[39m[90m 31 |[39m   [33mMapPin[39m[33m,[39m
 [90m    |[39m [31m[1m^[22m[39m[31m[1m^[22m[39m[31m[1m^[22m[39m[31m[1m^[22m[39m[31m[1m^[22m[39m[
31m[1m^[22m[39m[31m[1m^[22m[39m[31m[1m^[22m[39m[31m[1m^[22m[39m
[31m[1m>[22m[39m[90m 32 |[39m   useRef[33m,[39m
 [90m    |[39m [31m[1m^[22m[39m[31m[1m^[22m[39m[31m[1m^[22m[39m[31m[1m^[22m[39m[31m[1m^[22m[39m[
31m[1m^[22m[39m[31m[1m^[22m[39m[31m[1m^[22m[39m[31m[1m^[22m[39m
[31m[1m>[22m[39m[90m 33 |[39m   useState
 [90m    |[39m [31m[1m^[22m[39m[31m[1m^[22m[39m[31m[1m^[22m[39m[31m[1m^[22m[39m[31m[1m^[22m[39m[
31m[1m^[22m[39m[31m[1m^[22m[39m[31m[1m^[22m[39m[31m[1m^[22m[39m
[31m[1m>[22m[39m[90m 34 |[39m } [36mfrom[39m [32m"lucide-react"[39m[33m;[39m
 [90m    |[39m [31m[1m^[22m[39m[31m[1m^[22m[39m[31m[1m^[22m[39m[31m[1m^[22m[39m[31m[1m^[22m[39m[
31m[1m^[22m[39m[31m[1m^[22m[39m[31m[1m^[22m[39m[31m[1m^[22m[39m[31m[1m^[22m[39m[31m[1m^[22m[39m
[31m[1m^[22m[39m[31m[1m^[22m[39m[31m[1m^[22m[39m[31m[1m^[22m[39m[31m[1m^[22m[39m[31m[1m^[22m[39m
[31m[1m^[22m[39m[31m[1m^[22m[39m[31m[1m^[22m[39m[31m[1m^[22m[39m[31m[1m^[22m[39m[31m[1m^[22m[39
m
 [90m 35 |[39m
 [90m 36 |[39m [36mconst[39m [33mGOLD[39m [33m=[39m [32m"#D4AF37"[39m[33m;[39m
 [90m 37 |[39m [36mconst[39m [33mWA[39m [33m=[39m [32m"https://wa.me/917737877978?text=Hi%20Yash!%20I%27m%20pl
anning%20an%20event%20in%20Kota.%20Can%20you%20check%20availability%3F"[39m[33m;[39m[0m

The export useState was not found in module [project]/node_modules/lucide-react/dist/esm/lucide-react.js [app-ssr] 
(ecmascript).
Did you mean to import UserStar?
All exports of the module are statically known (It doesn't have dynamic exports). So it's known statically that the 
requested export doesn't exist.

Import traces:
  Client Component Browser:
    ./app/anchor-in-kota/page.jsx [Client Component Browser]
    ./app/anchor-in-kota/page.jsx [Server Component]

  Client Component SSR:
    ./app/anchor-in-kota/page.jsx [Client Component SSR]
    ./app/anchor-in-kota/page.jsx [Server Component]


./app/anchor-in-manali/page.jsx:31:1
Export useState doesn't exist in target module
[0m [90m 29 |[39m [36mimport[39m { motion[33m,[39m
 [90m 30 |[39m   useInView } [36mfrom[39m [32m"framer-motion"[39m[33m;[39m
[31m[1m>[22m[39m[90m 31 |[39m [36mimport[39m {
 [90m    |[39m [31m[1m^[22m[39m[31m[1m^[22m[39m[31m[1m^[22m[39m[31m[1m^[22m[39m[31m[1m^[22m[39m[
31m[1m^[22m[39m[31m[1m^[22m[39m[31m[1m^[22m[39m
[31m[1m>[22m[39m[90m 32 |[39m   [33mMapPin[39m[33m,[39m
 [90m    |[39m [31m[1m^[22m[39m[31m[1m^[22m[39m[31m[1m^[22m[39m[31m[1m^[22m[39m[31m[1m^[22m[39m[
31m[1m^[22m[39m[31m[1m^[22m[39m[31m[1m^[22m[39m[31m[1m^[22m[39m
[31m[1m>[22m[39m[90m 33 |[39m   useRef[33m,[39m
 [90m    |[39m [31m[1m^[22m[39m[31m[1m^[22m[39m[31m[1m^[22m[39m[31m[1m^[22m[39m[31m[1m^[22m[39m[
31m[1m^[22m[39m[31m[1m^[22m[39m[31m[1m^[22m[39m[31m[1m^[22m[39m
[31m[1m>[22m[39m[90m 34 |[39m   useState
 [90m    |[39m [31m[1m^[22m[39m[31m[1m^[22m[39m[31m[1m^[22m[39m[31m[1m^[22m[39m[31m[1m^[22m[39m[
31m[1m^[22m[39m[31m[1m^[22m[39m[31m[1m^[22m[39m[31m[1m^[22m[39m
[31m[1m>[22m[39m[90m 35 |[39m } [36mfrom[39m [32m"lucide-react"[39m[33m;[39m
 [90m    |[39m [31m[1m^[22m[39m[31m[1m^[22m[39m[31m[1m^[22m[39m[31m[1m^[22m[39m[31m[1m^[22m[39m[
31m[1m^[22m[39m[31m[1m^[22m[39m[31m[1m^[22m[39m[31m[1m^[22m[39m[31m[1m^[22m[39m[31m[1m^[22m[39m
[31m[1m^[22m[39m[31m[1m^[22m[39m[31m[1m^[22m[39m[31m[1m^[22m[39m[31m[1m^[22m[39m[31m[1m^[22m[39m
[31m[1m^[22m[39m[31m[1m^[22m[39m[31m[1m^[22m[39m[31m[1m^[22m[39m[31m[1m^[22m[39m[31m[1m^[22m[39
m
 [90m 36 |[39m
 [90m 37 |[39m [36mconst[39m [33mGOLD[39m [33m=[39m [32m"#D4AF37"[39m[33m;[39m
 [90m 38 |[39m [36mconst[39m [33mWA[39m [33m=[39m [32m"https://wa.me/917737877978?text=Hi%20Yash!%20I%27m%20pl
anning%20a%20destination%20wedding%20in%20Manali.%20Can%20you%20check%20availability%3F"[39m[33m;[39m[0m

The export useState was not found in module [project]/node_modules/lucide-react/dist/esm/lucide-react.js [app-client] 
(ecmascript).
Did you mean to import UserStar?
All exports of the module are statically known (It doesn't have dynamic exports). So it's known statically that the 
requested export doesn't exist.

Import traces:
  Client Component Browser:
    ./app/anchor-in-manali/page.jsx [Client Component Browser]
    ./app/anchor-in-manali/page.jsx [Server Component]

  Client Component SSR:
    ./app/anchor-in-manali/page.jsx [Client Component SSR]
    ./app/anchor-in-manali/page.jsx [Server Component]


./app/anchor-in-manali/page.jsx:31:1
Export useState doesn't exist in target module
[0m [90m 29 |[39m [36mimport[39m { motion[33m,[39m
 [90m 30 |[39m   useInView } [36mfrom[39m [32m"framer-motion"[39m[33m;[39m
[31m[1m>[22m[39m[90m 31 |[39m [36mimport[39m {
 [90m    |[39m [31m[1m^[22m[39m[31m[1m^[22m[39m[31m[1m^[22m[39m[31m[1m^[22m[39m[31m[1m^[22m[39m[
31m[1m^[22m[39m[31m[1m^[22m[39m[31m[1m^[22m[39m
[31m[1m>[22m[39m[90m 32 |[39m   [33mMapPin[39m[33m,[39m
 [90m    |[39m [31m[1m^[22m[39m[31m[1m^[22m[39m[31m[1m^[22m[39m[31m[1m^[22m[39m[31m[1m^[22m[39m[
31m[1m^[22m[39m[31m[1m^[22m[39m[31m[1m^[22m[39m[31m[1m^[22m[39m
[31m[1m>[22m[39m[90m 33 |[39m   useRef[33m,[39m
 [90m    |[39m [31m[1m^[22m[39m[31m[1m^[22m[39m[31m[1m^[22m[39m[31m[1m^[22m[39m[31m[1m^[22m[39m[
31m[1m^[22m[39m[31m[1m^[22m[39m[31m[1m^[22m[39m[31m[1m^[22m[39m
[31m[1m>[22m[39m[90m 34 |[39m   useState
 [90m    |[39m [31m[1m^[22m[39m[31m[1m^[22m[39m[31m[1m^[22m[39m[31m[1m^[22m[39m[31m[1m^[22m[39m[
31m[1m^[22m[39m[31m[1m^[22m[39m[31m[1m^[22m[39m[31m[1m^[22m[39m
[31m[1m>[22m[39m[90m 35 |[39m } [36mfrom[39m [32m"lucide-react"[39m[33m;[39m
 [90m    |[39m [31m[1m^[22m[39m[31m[1m^[22m[39m[31m[1m^[22m[39m[31m[1m^[22m[39m[31m[1m^[22m[39m[
31m[1m^[22m[39m[31m[1m^[22m[39m[31m[1m^[22m[39m[31m[1m^[22m[39m[31m[1m^[22m[39m[31m[1m^[22m[39m
[31m[1m^[22m[39m[31m[1m^[22m[39m[31m[1m^[22m[39m[31m[1m^[22m[39m[31m[1m^[22m[39m[31m[1m^[22m[39m
[31m[1m^[22m[39m[31m[1m^[22m[39m[31m[1m^[22m[39m[31m[1m^[22m[39m[31m[1m^[22m[39m[31m[1m^[22m[39
m
 [90m 36 |[39m
 [90m 37 |[39m [36mconst[39m [33mGOLD[39m [33m=[39m [32m"#D4AF37"[39m[33m;[39m
 [90m 38 |[39m [36mconst[39m [33mWA[39m [33m=[39m [32m"https://wa.me/917737877978?text=Hi%20Yash!%20I%27m%20pl
anning%20a%20destination%20wedding%20in%20Manali.%20Can%20you%20check%20availability%3F"[39m[33m;[39m[0m

The export useState was not found in module [project]/node_modules/lucide-react/dist/esm/lucide-react.js [app-ssr] 
(ecmascript).
Did you mean to import UserStar?
All exports of the module are statically known (It doesn't have dynamic exports). So it's known statically that the 
requested export doesn't exist.

Import traces:
  Client Component Browser:
    ./app/anchor-in-manali/page.jsx [Client Component Browser]
    ./app/anchor-in-manali/page.jsx [Server Component]

  Client Component SSR:
    ./app/anchor-in-manali/page.jsx [Client Component SSR]
    ./app/anchor-in-manali/page.jsx [Server Component]


./app/anchor-in-mandawa/page.jsx:30:1
Export useState doesn't exist in target module
[0m [90m 28 |[39m [36mimport[39m { motion[33m,[39m
 [90m 29 |[39m   useInView } [36mfrom[39m [32m"framer-motion"[39m[33m;[39m
[31m[1m>[22m[39m[90m 30 |[39m [36mimport[39m {
 [90m    |[39m [31m[1m^[22m[39m[31m[1m^[22m[39m[31m[1m^[22m[39m[31m[1m^[22m[39m[31m[1m^[22m[39m[
31m[1m^[22m[39m[31m[1m^[22m[39m[31m[1m^[22m[39m
[31m[1m>[22m[39m[90m 31 |[39m   [33mMapPin[39m[33m,[39m
 [90m    |[39m [31m[1m^[22m[39m[31m[1m^[22m[39m[31m[1m^[22m[39m[31m[1m^[22m[39m[31m[1m^[22m[39m[
31m[1m^[22m[39m[31m[1m^[22m[39m[31m[1m^[22m[39m[31m[1m^[22m[39m
[31m[1m>[22m[39m[90m 32 |[39m   useRef[33m,[39m
 [90m    |[39m [31m[1m^[22m[39m[31m[1m^[22m[39m[31m[1m^[22m[39m[31m[1m^[22m[39m[31m[1m^[22m[39m[
31m[1m^[22m[39m[31m[1m^[22m[39m[31m[1m^[22m[39m[31m[1m^[22m[39m
[31m[1m>[22m[39m[90m 33 |[39m   useState
 [90m    |[39m [31m[1m^[22m[39m[31m[1m^[22m[39m[31m[1m^[22m[39m[31m[1m^[22m[39m[31m[1m^[22m[39m[
31m[1m^[22m[39m[31m[1m^[22m[39m[31m[1m^[22m[39m[31m[1m^[22m[39m
[31m[1m>[22m[39m[90m 34 |[39m } [36mfrom[39m [32m"lucide-react"[39m[33m;[39m
 [90m    |[39m [31m[1m^[22m[39m[31m[1m^[22m[39m[31m[1m^[22m[39m[31m[1m^[22m[39m[31m[1m^[22m[39m[
31m[1m^[22m[39m[31m[1m^[22m[39m[31m[1m^[22m[39m[31m[1m^[22m[39m[31m[1m^[22m[39m[31m[1m^[22m[39m
[31m[1m^[22m[39m[31m[1m^[22m[39m[31m[1m^[22m[39m[31m[1m^[22m[39m[31m[1m^[22m[39m[31m[1m^[22m[39m
[31m[1m^[22m[39m[31m[1m^[22m[39m[31m[1m^[22m[39m[31m[1m^[22m[39m[31m[1m^[22m[39m[31m[1m^[22m[39
m
 [90m 35 |[39m
 [90m 36 |[39m [36mconst[39m [33mGOLD[39m [33m=[39m [32m"#D4AF37"[39m[33m;[39m
 [90m 37 |[39m [36mconst[39m [33mWA[39m [33m=[39m [32m"https://wa.me/917737877978?text=Hi%20Yash!%20I%27m%20pl
anning%20a%20destination%20wedding%20in%20Mandawa%20or%20Shekhawati.%20Can%20you%20check%20availability%3F"[39m[33m;
[39m[0m

The export useState was not found in module [project]/node_modules/lucide-react/dist/esm/lucide-react.js [app-client] 
(ecmascript).
Did you mean to import UserStar?
All exports of the module are statically known (It doesn't have dynamic exports). So it's known statically that the 
requested export doesn't exist.

Import traces:
  Client Component Browser:
    ./app/anchor-in-mandawa/page.jsx [Client Component Browser]
    ./app/anchor-in-mandawa/page.jsx [Server Component]

  Client Component SSR:
    ./app/anchor-in-mandawa/page.jsx [Client Component SSR]
    ./app/anchor-in-mandawa/page.jsx [Server Component]


./app/anchor-in-mandawa/page.jsx:30:1
Export useState doesn't exist in target module
[0m [90m 28 |[39m [36mimport[39m { motion[33m,[39m
 [90m 29 |[39m   useInView } [36mfrom[39m [32m"framer-motion"[39m[33m;[39m
[31m[1m>[22m[39m[90m 30 |[39m [36mimport[39m {
 [90m    |[39m [31m[1m^[22m[39m[31m[1m^[22m[39m[31m[1m^[22m[39m[31m[1m^[22m[39m[31m[1m^[22m[39m[
31m[1m^[22m[39m[31m[1m^[22m[39m[31m[1m^[22m[39m
[31m[1m>[22m[39m[90m 31 |[39m   [33mMapPin[39m[33m,[39m
 [90m    |[39m [31m[1m^[22m[39m[31m[1m^[22m[39m[31m[1m^[22m[39m[31m[1m^[22m[39m[31m[1m^[22m[39m[
31m[1m^[22m[39m[31m[1m^[22m[39m[31m[1m^[22m[39m[31m[1m^[22m[39m
[31m[1m>[22m[39m[90m 32 |[39m   useRef[33m,[39m
 [90m    |[39m [31m[1m^[22m[39m[31m[1m^[22m[39m[31m[1m^[22m[39m[31m[1m^[22m[39m[31m[1m^[22m[39m[
31m[1m^[22m[39m[31m[1m^[22m[39m[31m[1m^[22m[39m[31m[1m^[22m[39m
[31m[1m>[22m[39m[90m 33 |[39m   useState
 [90m    |[39m [31m[1m^[22m[39m[31m[1m^[22m[39m[31m[1m^[22m[39m[31m[1m^[22m[39m[31m[1m^[22m[39m[
31m[1m^[22m[39m[31m[1m^[22m[39m[31m[1m^[22m[39m[31m[1m^[22m[39m
[31m[1m>[22m[39m[90m 34 |[39m } [36mfrom[39m [32m"lucide-react"[39m[33m;[39m
 [90m    |[39m [31m[1m^[22m[39m[31m[1m^[22m[39m[31m[1m^[22m[39m[31m[1m^[22m[39m[31m[1m^[22m[39m[
31m[1m^[22m[39m[31m[1m^[22m[39m[31m[1m^[22m[39m[31m[1m^[22m[39m[31m[1m^[22m[39m[31m[1m^[22m[39m
[31m[1m^[22m[39m[31m[1m^[22m[39m[31m[1m^[22m[39m[31m[1m^[22m[39m[31m[1m^[22m[39m[31m[1m^[22m[39m
[31m[1m^[22m[39m[31m[1m^[22m[39m[31m[1m^[22m[39m[31m[1m^[22m[39m[31m[1m^[22m[39m[31m[1m^[22m[39
m
 [90m 35 |[39m
 [90m 36 |[39m [36mconst[39m [33mGOLD[39m [33m=[39m [32m"#D4AF37"[39m[33m;[39m
 [90m 37 |[39m [36mconst[39m [33mWA[39m [33m=[39m [32m"https://wa.me/917737877978?text=Hi%20Yash!%20I%27m%20pl
anning%20a%20destination%20wedding%20in%20Mandawa%20or%20Shekhawati.%20Can%20you%20check%20availability%3F"[39m[33m;
[39m[0m

The export useState was not found in module [project]/node_modules/lucide-react/dist/esm/lucide-react.js [app-ssr] 
(ecmascript).
Did you mean to import UserStar?
All exports of the module are statically known (It doesn't have dynamic exports). So it's known statically that the 
requested export doesn't exist.

Import traces:
  Client Component Browser:
    ./app/anchor-in-mandawa/page.jsx [Client Component Browser]
    ./app/anchor-in-mandawa/page.jsx [Server Component]

  Client Component SSR:
    ./app/anchor-in-mandawa/page.jsx [Client Component SSR]
    ./app/anchor-in-mandawa/page.jsx [Server Component]


./app/anchor-in-mount-abu/page.jsx:30:1
Export useState doesn't exist in target module
[0m [90m 28 |[39m [36mimport[39m { motion[33m,[39m
 [90m 29 |[39m   useInView } [36mfrom[39m [32m"framer-motion"[39m[33m;[39m
[31m[1m>[22m[39m[90m 30 |[39m [36mimport[39m {
 [90m    |[39m [31m[1m^[22m[39m[31m[1m^[22m[39m[31m[1m^[22m[39m[31m[1m^[22m[39m[31m[1m^[22m[39m[
31m[1m^[22m[39m[31m[1m^[22m[39m[31m[1m^[22m[39m
[31m[1m>[22m[39m[90m 31 |[39m   [33mMapPin[39m[33m,[39m
 [90m    |[39m [31m[1m^[22m[39m[31m[1m^[22m[39m[31m[1m^[22m[39m[31m[1m^[22m[39m[31m[1m^[22m[39m[
31m[1m^[22m[39m[31m[1m^[22m[39m[31m[1m^[22m[39m[31m[1m^[22m[39m
[31m[1m>[22m[39m[90m 32 |[39m   useRef[33m,[39m
 [90m    |[39m [31m[1m^[22m[39m[31m[1m^[22m[39m[31m[1m^[22m[39m[31m[1m^[22m[39m[31m[1m^[22m[39m[
31m[1m^[22m[39m[31m[1m^[22m[39m[31m[1m^[22m[39m[31m[1m^[22m[39m
[31m[1m>[22m[39m[90m 33 |[39m   useState
 [90m    |[39m [31m[1m^[22m[39m[31m[1m^[22m[39m[31m[1m^[22m[39m[31m[1m^[22m[39m[31m[1m^[22m[39m[
31m[1m^[22m[39m[31m[1m^[22m[39m[31m[1m^[22m[39m[31m[1m^[22m[39m
[31m[1m>[22m[39m[90m 34 |[39m } [36mfrom[39m [32m"lucide-react"[39m[33m;[39m
 [90m    |[39m [31m[1m^[22m[39m[31m[1m^[22m[39m[31m[1m^[22m[39m[31m[1m^[22m[39m[31m[1m^[22m[39m[
31m[1m^[22m[39m[31m[1m^[22m[39m[31m[1m^[22m[39m[31m[1m^[22m[39m[31m[1m^[22m[39m[31m[1m^[22m[39m
[31m[1m^[22m[39m[31m[1m^[22m[39m[31m[1m^[22m[39m[31m[1m^[22m[39m[31m[1m^[22m[39m[31m[1m^[22m[39m
[31m[1m^[22m[39m[31m[1m^[22m[39m[31m[1m^[22m[39m[31m[1m^[22m[39m[31m[1m^[22m[39m[31m[1m^[22m[39
m
 [90m 35 |[39m
 [90m 36 |[39m [36mconst[39m [33mGOLD[39m [33m=[39m [32m"#D4AF37"[39m[33m;[39m
 [90m 37 |[39m [36mconst[39m [33mWA[39m [33m=[39m [32m"https://wa.me/917737877978?text=Hi%20Yash!%20I%27m%20pl
anning%20a%20destination%20wedding%20in%20Mount%20Abu.%20Can%20you%20check%20availability%3F"[39m[33m;[39m[0m

The export useState was not found in module [project]/node_modules/lucide-react/dist/esm/lucide-react.js [app-client] 
(ecmascript).
Did you mean to import UserStar?
All exports of the module are statically known (It doesn't have dynamic exports). So it's known statically that the 
requested export doesn't exist.

Import traces:
  Client Component Browser:
    ./app/anchor-in-mount-abu/page.jsx [Client Component Browser]
    ./app/anchor-in-mount-abu/page.jsx [Server Component]

  Client Component SSR:
    ./app/anchor-in-mount-abu/page.jsx [Client Component SSR]
    ./app/anchor-in-mount-abu/page.jsx [Server Component]


./app/anchor-in-mount-abu/page.jsx:30:1
Export useState doesn't exist in target module
[0m [90m 28 |[39m [36mimport[39m { motion[33m,[39m
 [90m 29 |[39m   useInView } [36mfrom[39m [32m"framer-motion"[39m[33m;[39m
[31m[1m>[22m[39m[90m 30 |[39m [36mimport[39m {
 [90m    |[39m [31m[1m^[22m[39m[31m[1m^[22m[39m[31m[1m^[22m[39m[31m[1m^[22m[39m[31m[1m^[22m[39m[
31m[1m^[22m[39m[31m[1m^[22m[39m[31m[1m^[22m[39m
[31m[1m>[22m[39m[90m 31 |[39m   [33mMapPin[39m[33m,[39m
 [90m    |[39m [31m[1m^[22m[39m[31m[1m^[22m[39m[31m[1m^[22m[39m[31m[1m^[22m[39m[31m[1m^[22m[39m[
31m[1m^[22m[39m[31m[1m^[22m[39m[31m[1m^[22m[39m[31m[1m^[22m[39m
[31m[1m>[22m[39m[90m 32 |[39m   useRef[33m,[39m
 [90m    |[39m [31m[1m^[22m[39m[31m[1m^[22m[39m[31m[1m^[22m[39m[31m[1m^[22m[39m[31m[1m^[22m[39m[
31m[1m^[22m[39m[31m[1m^[22m[39m[31m[1m^[22m[39m[31m[1m^[22m[39m
[31m[1m>[22m[39m[90m 33 |[39m   useState
 [90m    |[39m [31m[1m^[22m[39m[31m[1m^[22m[39m[31m[1m^[22m[39m[31m[1m^[22m[39m[31m[1m^[22m[39m[
31m[1m^[22m[39m[31m[1m^[22m[39m[31m[1m^[22m[39m[31m[1m^[22m[39m
[31m[1m>[22m[39m[90m 34 |[39m } [36mfrom[39m [32m"lucide-react"[39m[33m;[39m
 [90m    |[39m [31m[1m^[22m[39m[31m[1m^[22m[39m[31m[1m^[22m[39m[31m[1m^[22m[39m[31m[1m^[22m[39m[
31m[1m^[22m[39m[31m[1m^[22m[39m[31m[1m^[22m[39m[31m[1m^[22m[39m[31m[1m^[22m[39m[31m[1m^[22m[39m
[31m[1m^[22m[39m[31m[1m^[22m[39m[31m[1m^[22m[39m[31m[1m^[22m[39m[31m[1m^[22m[39m[31m[1m^[22m[39m
[31m[1m^[22m[39m[31m[1m^[22m[39m[31m[1m^[22m[39m[31m[1m^[22m[39m[31m[1m^[22m[39m[31m[1m^[22m[39
m
 [90m 35 |[39m
 [90m 36 |[39m [36mconst[39m [33mGOLD[39m [33m=[39m [32m"#D4AF37"[39m[33m;[39m
 [90m 37 |[39m [36mconst[39m [33mWA[39m [33m=[39m [32m"https://wa.me/917737877978?text=Hi%20Yash!%20I%27m%20pl
anning%20a%20destination%20wedding%20in%20Mount%20Abu.%20Can%20you%20check%20availability%3F"[39m[33m;[39m[0m

The export useState was not found in module [project]/node_modules/lucide-react/dist/esm/lucide-react.js [app-ssr] 
(ecmascript).
Did you mean to import UserStar?
All exports of the module are statically known (It doesn't have dynamic exports). So it's known statically that the 
requested export doesn't exist.

Import traces:
  Client Component Browser:
    ./app/anchor-in-mount-abu/page.jsx [Client Component Browser]
    ./app/anchor-in-mount-abu/page.jsx [Server Component]

  Client Component SSR:
    ./app/anchor-in-mount-abu/page.jsx [Client Component SSR]
    ./app/anchor-in-mount-abu/page.jsx [Server Component]


./app/anchor-in-mussoorie/page.jsx:30:1
Export useState doesn't exist in target module
[0m [90m 28 |[39m [36mimport[39m { motion[33m,[39m
 [90m 29 |[39m   useInView } [36mfrom[39m [32m"framer-motion"[39m[33m;[39m
[31m[1m>[22m[39m[90m 30 |[39m [36mimport[39m {
 [90m    |[39m [31m[1m^[22m[39m[31m[1m^[22m[39m[31m[1m^[22m[39m[31m[1m^[22m[39m[31m[1m^[22m[39m[
31m[1m^[22m[39m[31m[1m^[22m[39m[31m[1m^[22m[39m
[31m[1m>[22m[39m[90m 31 |[39m   [33mMapPin[39m[33m,[39m
 [90m    |[39m [31m[1m^[22m[39m[31m[1m^[22m[39m[31m[1m^[22m[39m[31m[1m^[22m[39m[31m[1m^[22m[39m[
31m[1m^[22m[39m[31m[1m^[22m[39m[31m[1m^[22m[39m[31m[1m^[22m[39m
[31m[1m>[22m[39m[90m 32 |[39m   useRef[33m,[39m
 [90m    |[39m [31m[1m^[22m[39m[31m[1m^[22m[39m[31m[1m^[22m[39m[31m[1m^[22m[39m[31m[1m^[22m[39m[
31m[1m^[22m[39m[31m[1m^[22m[39m[31m[1m^[22m[39m[31m[1m^[22m[39m
[31m[1m>[22m[39m[90m 33 |[39m   useState
 [90m    |[39m [31m[1m^[22m[39m[31m[1m^[22m[39m[31m[1m^[22m[39m[31m[1m^[22m[39m[31m[1m^[22m[39m[
31m[1m^[22m[39m[31m[1m^[22m[39m[31m[1m^[22m[39m[31m[1m^[22m[39m
[31m[1m>[22m[39m[90m 34 |[39m } [36mfrom[39m [32m"lucide-react"[39m[33m;[39m
 [90m    |[39m [31m[1m^[22m[39m[31m[1m^[22m[39m[31m[1m^[22m[39m[31m[1m^[22m[39m[31m[1m^[22m[39m[
31m[1m^[22m[39m[31m[1m^[22m[39m[31m[1m^[22m[39m[31m[1m^[22m[39m[31m[1m^[22m[39m[31m[1m^[22m[39m
[31m[1m^[22m[39m[31m[1m^[22m[39m[31m[1m^[22m[39m[31m[1m^[22m[39m[31m[1m^[22m[39m[31m[1m^[22m[39m
[31m[1m^[22m[39m[31m[1m^[22m[39m[31m[1m^[22m[39m[31m[1m^[22m[39m[31m[1m^[22m[39m[31m[1m^[22m[39
m
 [90m 35 |[39m
 [90m 36 |[39m [36mconst[39m [33mGOLD[39m [33m=[39m [32m"#D4AF37"[39m[33m;[39m
 [90m 37 |[39m [36mconst[39m [33mWA[39m [33m=[39m [32m"https://wa.me/917737877978?text=Hi%20Yash!%20I%27m%20pl
anning%20a%20destination%20wedding%20in%20Mussoorie.%20Can%20you%20check%20availability%3F"[39m[33m;[39m[0m

The export useState was not found in module [project]/node_modules/lucide-react/dist/esm/lucide-react.js [app-client] 
(ecmascript).
Did you mean to import UserStar?
All exports of the module are statically known (It doesn't have dynamic exports). So it's known statically that the 
requested export doesn't exist.

Import traces:
  Client Component Browser:
    ./app/anchor-in-mussoorie/page.jsx [Client Component Browser]
    ./app/anchor-in-mussoorie/page.jsx [Server Component]

  Client Component SSR:
    ./app/anchor-in-mussoorie/page.jsx [Client Component SSR]
    ./app/anchor-in-mussoorie/page.jsx [Server Component]


./app/anchor-in-mussoorie/page.jsx:30:1
Export useState doesn't exist in target module
[0m [90m 28 |[39m [36mimport[39m { motion[33m,[39m
 [90m 29 |[39m   useInView } [36mfrom[39m [32m"framer-motion"[39m[33m;[39m
[31m[1m>[22m[39m[90m 30 |[39m [36mimport[39m {
 [90m    |[39m [31m[1m^[22m[39m[31m[1m^[22m[39m[31m[1m^[22m[39m[31m[1m^[22m[39m[31m[1m^[22m[39m[
31m[1m^[22m[39m[31m[1m^[22m[39m[31m[1m^[22m[39m
[31m[1m>[22m[39m[90m 31 |[39m   [33mMapPin[39m[33m,[39m
 [90m    |[39m [31m[1m^[22m[39m[31m[1m^[22m[39m[31m[1m^[22m[39m[31m[1m^[22m[39m[31m[1m^[22m[39m[
31m[1m^[22m[39m[31m[1m^[22m[39m[31m[1m^[22m[39m[31m[1m^[22m[39m
[31m[1m>[22m[39m[90m 32 |[39m   useRef[33m,[39m
 [90m    |[39m [31m[1m^[22m[39m[31m[1m^[22m[39m[31m[1m^[22m[39m[31m[1m^[22m[39m[31m[1m^[22m[39m[
31m[1m^[22m[39m[31m[1m^[22m[39m[31m[1m^[22m[39m[31m[1m^[22m[39m
[31m[1m>[22m[39m[90m 33 |[39m   useState
 [90m    |[39m [31m[1m^[22m[39m[31m[1m^[22m[39m[31m[1m^[22m[39m[31m[1m^[22m[39m[31m[1m^[22m[39m[
31m[1m^[22m[39m[31m[1m^[22m[39m[31m[1m^[22m[39m[31m[1m^[22m[39m
[31m[1m>[22m[39m[90m 34 |[39m } [36mfrom[39m [32m"lucide-react"[39m[33m;[39m
 [90m    |[39m [31m[1m^[22m[39m[31m[1m^[22m[39m[31m[1m^[22m[39m[31m[1m^[22m[39m[31m[1m^[22m[39m[
31m[1m^[22m[39m[31m[1m^[22m[39m[31m[1m^[22m[39m[31m[1m^[22m[39m[31m[1m^[22m[39m[31m[1m^[22m[39m
[31m[1m^[22m[39m[31m[1m^[22m[39m[31m[1m^[22m[39m[31m[1m^[22m[39m[31m[1m^[22m[39m[31m[1m^[22m[39m
[31m[1m^[22m[39m[31m[1m^[22m[39m[31m[1m^[22m[39m[31m[1m^[22m[39m[31m[1m^[22m[39m[31m[1m^[22m[39
m
 [90m 35 |[39m
 [90m 36 |[39m [36mconst[39m [33mGOLD[39m [33m=[39m [32m"#D4AF37"[39m[33m;[39m
 [90m 37 |[39m [36mconst[39m [33mWA[39m [33m=[39m [32m"https://wa.me/917737877978?text=Hi%20Yash!%20I%27m%20pl
anning%20a%20destination%20wedding%20in%20Mussoorie.%20Can%20you%20check%20availability%3F"[39m[33m;[39m[0m

The export useState was not found in module [project]/node_modules/lucide-react/dist/esm/lucide-react.js [app-ssr] 
(ecmascript).
Did you mean to import UserStar?
All exports of the module are statically known (It doesn't have dynamic exports). So it's known statically that the 
requested export doesn't exist.

Import traces:
  Client Component Browser:
    ./app/anchor-in-mussoorie/page.jsx [Client Component Browser]
    ./app/anchor-in-mussoorie/page.jsx [Server Component]

  Client Component SSR:
    ./app/anchor-in-mussoorie/page.jsx [Client Component SSR]
    ./app/anchor-in-mussoorie/page.jsx [Server Component]


./app/anchor-in-nainital/page.jsx:32:1
Export useState doesn't exist in target module
[0m [90m 30 |[39m [36mimport[39m { motion[33m,[39m
 [90m 31 |[39m   useInView } [36mfrom[39m [32m"framer-motion"[39m[33m;[39m
[31m[1m>[22m[39m[90m 32 |[39m [36mimport[39m {
 [90m    |[39m [31m[1m^[22m[39m[31m[1m^[22m[39m[31m[1m^[22m[39m[31m[1m^[22m[39m[31m[1m^[22m[39m[
31m[1m^[22m[39m[31m[1m^[22m[39m[31m[1m^[22m[39m
[31m[1m>[22m[39m[90m 33 |[39m   [33mMapPin[39m[33m,[39m
 [90m    |[39m [31m[1m^[22m[39m[31m[1m^[22m[39m[31m[1m^[22m[39m[31m[1m^[22m[39m[31m[1m^[22m[39m[
31m[1m^[22m[39m[31m[1m^[22m[39m[31m[1m^[22m[39m[31m[1m^[22m[39m
[31m[1m>[22m[39m[90m 34 |[39m   useRef[33m,[39m
 [90m    |[39m [31m[1m^[22m[39m[31m[1m^[22m[39m[31m[1m^[22m[39m[31m[1m^[22m[39m[31m[1m^[22m[39m[
31m[1m^[22m[39m[31m[1m^[22m[39m[31m[1m^[22m[39m[31m[1m^[22m[39m
[31m[1m>[22m[39m[90m 35 |[39m   useState
 [90m    |[39m [31m[1m^[22m[39m[31m[1m^[22m[39m[31m[1m^[22m[39m[31m[1m^[22m[39m[31m[1m^[22m[39m[
31m[1m^[22m[39m[31m[1m^[22m[39m[31m[1m^[22m[39m[31m[1m^[22m[39m
[31m[1m>[22m[39m[90m 36 |[39m } [36mfrom[39m [32m"lucide-react"[39m[33m;[39m
 [90m    |[39m [31m[1m^[22m[39m[31m[1m^[22m[39m[31m[1m^[22m[39m[31m[1m^[22m[39m[31m[1m^[22m[39m[
31m[1m^[22m[39m[31m[1m^[22m[39m[31m[1m^[22m[39m[31m[1m^[22m[39m[31m[1m^[22m[39m[31m[1m^[22m[39m
[31m[1m^[22m[39m[31m[1m^[22m[39m[31m[1m^[22m[39m[31m[1m^[22m[39m[31m[1m^[22m[39m[31m[1m^[22m[39m
[31m[1m^[22m[39m[31m[1m^[22m[39m[31m[1m^[22m[39m[31m[1m^[22m[39m[31m[1m^[22m[39m[31m[1m^[22m[39
m
 [90m 37 |[39m
 [90m 38 |[39m [36mconst[39m [33mGOLD[39m [33m=[39m [32m"#D4AF37"[39m[33m;[39m
 [90m 39 |[39m [36mconst[39m [33mWA[39m [33m=[39m [32m"https://wa.me/917737877978?text=Hi%20Yash!%20I%27m%20pl
anning%20a%20destination%20wedding%20in%20Nainital.%20Can%20you%20check%20availability%3F"[39m[33m;[39m[0m

The export useState was not found in module [project]/node_modules/lucide-react/dist/esm/lucide-react.js [app-client] 
(ecmascript).
Did you mean to import UserStar?
All exports of the module are statically known (It doesn't have dynamic exports). So it's known statically that the 
requested export doesn't exist.

Import traces:
  Client Component Browser:
    ./app/anchor-in-nainital/page.jsx [Client Component Browser]
    ./app/anchor-in-nainital/page.jsx [Server Component]

  Client Component SSR:
    ./app/anchor-in-nainital/page.jsx [Client Component SSR]
    ./app/anchor-in-nainital/page.jsx [Server Component]


./app/anchor-in-nainital/page.jsx:32:1
Export useState doesn't exist in target module
[0m [90m 30 |[39m [36mimport[39m { motion[33m,[39m
 [90m 31 |[39m   useInView } [36mfrom[39m [32m"framer-motion"[39m[33m;[39m
[31m[1m>[22m[39m[90m 32 |[39m [36mimport[39m {
 [90m    |[39m [31m[1m^[22m[39m[31m[1m^[22m[39m[31m[1m^[22m[39m[31m[1m^[22m[39m[31m[1m^[22m[39m[
31m[1m^[22m[39m[31m[1m^[22m[39m[31m[1m^[22m[39m
[31m[1m>[22m[39m[90m 33 |[39m   [33mMapPin[39m[33m,[39m
 [90m    |[39m [31m[1m^[22m[39m[31m[1m^[22m[39m[31m[1m^[22m[39m[31m[1m^[22m[39m[31m[1m^[22m[39m[
31m[1m^[22m[39m[31m[1m^[22m[39m[31m[1m^[22m[39m[31m[1m^[22m[39m
[31m[1m>[22m[39m[90m 34 |[39m   useRef[33m,[39m
 [90m    |[39m [31m[1m^[22m[39m[31m[1m^[22m[39m[31m[1m^[22m[39m[31m[1m^[22m[39m[31m[1m^[22m[39m[
31m[1m^[22m[39m[31m[1m^[22m[39m[31m[1m^[22m[39m[31m[1m^[22m[39m
[31m[1m>[22m[39m[90m 35 |[39m   useState
 [90m    |[39m [31m[1m^[22m[39m[31m[1m^[22m[39m[31m[1m^[22m[39m[31m[1m^[22m[39m[31m[1m^[22m[39m[
31m[1m^[22m[39m[31m[1m^[22m[39m[31m[1m^[22m[39m[31m[1m^[22m[39m
[31m[1m>[22m[39m[90m 36 |[39m } [36mfrom[39m [32m"lucide-react"[39m[33m;[39m
 [90m    |[39m [31m[1m^[22m[39m[31m[1m^[22m[39m[31m[1m^[22m[39m[31m[1m^[22m[39m[31m[1m^[22m[39m[
31m[1m^[22m[39m[31m[1m^[22m[39m[31m[1m^[22m[39m[31m[1m^[22m[39m[31m[1m^[22m[39m[31m[1m^[22m[39m
[31m[1m^[22m[39m[31m[1m^[22m[39m[31m[1m^[22m[39m[31m[1m^[22m[39m[31m[1m^[22m[39m[31m[1m^[22m[39m
[31m[1m^[22m[39m[31m[1m^[22m[39m[31m[1m^[22m[39m[31m[1m^[22m[39m[31m[1m^[22m[39m[31m[1m^[22m[39
m
 [90m 37 |[39m
 [90m 38 |[39m [36mconst[39m [33mGOLD[39m [33m=[39m [32m"#D4AF37"[39m[33m;[39m
 [90m 39 |[39m [36mconst[39m [33mWA[39m [33m=[39m [32m"https://wa.me/917737877978?text=Hi%20Yash!%20I%27m%20pl
anning%20a%20destination%20wedding%20in%20Nainital.%20Can%20you%20check%20availability%3F"[39m[33m;[39m[0m

The export useState was not found in module [project]/node_modules/lucide-react/dist/esm/lucide-react.js [app-ssr] 
(ecmascript).
Did you mean to import UserStar?
All exports of the module are statically known (It doesn't have dynamic exports). So it's known statically that the 
requested export doesn't exist.

Import traces:
  Client Component Browser:
    ./app/anchor-in-nainital/page.jsx [Client Component Browser]
    ./app/anchor-in-nainital/page.jsx [Server Component]

  Client Component SSR:
    ./app/anchor-in-nainital/page.jsx [Client Component SSR]
    ./app/anchor-in-nainital/page.jsx [Server Component]


./app/anchor-in-neemrana/page.jsx:32:1
Export useState doesn't exist in target module
[0m [90m 30 |[39m [36mimport[39m { motion[33m,[39m
 [90m 31 |[39m   useInView } [36mfrom[39m [32m"framer-motion"[39m[33m;[39m
[31m[1m>[22m[39m[90m 32 |[39m [36mimport[39m {
 [90m    |[39m [31m[1m^[22m[39m[31m[1m^[22m[39m[31m[1m^[22m[39m[31m[1m^[22m[39m[31m[1m^[22m[39m[
31m[1m^[22m[39m[31m[1m^[22m[39m[31m[1m^[22m[39m
[31m[1m>[22m[39m[90m 33 |[39m   [33mMapPin[39m[33m,[39m
 [90m    |[39m [31m[1m^[22m[39m[31m[1m^[22m[39m[31m[1m^[22m[39m[31m[1m^[22m[39m[31m[1m^[22m[39m[
31m[1m^[22m[39m[31m[1m^[22m[39m[31m[1m^[22m[39m[31m[1m^[22m[39m
[31m[1m>[22m[39m[90m 34 |[39m   useRef[33m,[39m
 [90m    |[39m [31m[1m^[22m[39m[31m[1m^[22m[39m[31m[1m^[22m[39m[31m[1m^[22m[39m[31m[1m^[22m[39m[
31m[1m^[22m[39m[31m[1m^[22m[39m[31m[1m^[22m[39m[31m[1m^[22m[39m
[31m[1m>[22m[39m[90m 35 |[39m   useState
 [90m    |[39m [31m[1m^[22m[39m[31m[1m^[22m[39m[31m[1m^[22m[39m[31m[1m^[22m[39m[31m[1m^[22m[39m[
31m[1m^[22m[39m[31m[1m^[22m[39m[31m[1m^[22m[39m[31m[1m^[22m[39m
[31m[1m>[22m[39m[90m 36 |[39m } [36mfrom[39m [32m"lucide-react"[39m[33m;[39m
 [90m    |[39m [31m[1m^[22m[39m[31m[1m^[22m[39m[31m[1m^[22m[39m[31m[1m^[22m[39m[31m[1m^[22m[39m[
31m[1m^[22m[39m[31m[1m^[22m[39m[31m[1m^[22m[39m[31m[1m^[22m[39m[31m[1m^[22m[39m[31m[1m^[22m[39m
[31m[1m^[22m[39m[31m[1m^[22m[39m[31m[1m^[22m[39m[31m[1m^[22m[39m[31m[1m^[22m[39m[31m[1m^[22m[39m
[31m[1m^[22m[39m[31m[1m^[22m[39m[31m[1m^[22m[39m[31m[1m^[22m[39m[31m[1m^[22m[39m[31m[1m^[22m[39
m
 [90m 37 |[39m
 [90m 38 |[39m [36mconst[39m [33mGOLD[39m [33m=[39m [32m"#D4AF37"[39m[33m;[39m
 [90m 39 |[39m [36mconst[39m [33mWA[39m [33m=[39m [32m"https://wa.me/917737877978?text=Hi%20Yash!%20I%27m%20pl
anning%20an%20event%20in%20Neemrana.%20Can%20you%20check%20availability%3F"[39m[33m;[39m[0m

The export useState was not found in module [project]/node_modules/lucide-react/dist/esm/lucide-react.js [app-client] 
(ecmascript).
Did you mean to import UserStar?
All exports of the module are statically known (It doesn't have dynamic exports). So it's known statically that the 
requested export doesn't exist.

Import traces:
  Client Component Browser:
    ./app/anchor-in-neemrana/page.jsx [Client Component Browser]
    ./app/anchor-in-neemrana/page.jsx [Server Component]

  Client Component SSR:
    ./app/anchor-in-neemrana/page.jsx [Client Component SSR]
    ./app/anchor-in-neemrana/page.jsx [Server Component]


./app/anchor-in-neemrana/page.jsx:32:1
Export useState doesn't exist in target module
[0m [90m 30 |[39m [36mimport[39m { motion[33m,[39m
 [90m 31 |[39m   useInView } [36mfrom[39m [32m"framer-motion"[39m[33m;[39m
[31m[1m>[22m[39m[90m 32 |[39m [36mimport[39m {
 [90m    |[39m [31m[1m^[22m[39m[31m[1m^[22m[39m[31m[1m^[22m[39m[31m[1m^[22m[39m[31m[1m^[22m[39m[
31m[1m^[22m[39m[31m[1m^[22m[39m[31m[1m^[22m[39m
[31m[1m>[22m[39m[90m 33 |[39m   [33mMapPin[39m[33m,[39m
 [90m    |[39m [31m[1m^[22m[39m[31m[1m^[22m[39m[31m[1m^[22m[39m[31m[1m^[22m[39m[31m[1m^[22m[39m[
31m[1m^[22m[39m[31m[1m^[22m[39m[31m[1m^[22m[39m[31m[1m^[22m[39m
[31m[1m>[22m[39m[90m 34 |[39m   useRef[33m,[39m
 [90m    |[39m [31m[1m^[22m[39m[31m[1m^[22m[39m[31m[1m^[22m[39m[31m[1m^[22m[39m[31m[1m^[22m[39m[
31m[1m^[22m[39m[31m[1m^[22m[39m[31m[1m^[22m[39m[31m[1m^[22m[39m
[31m[1m>[22m[39m[90m 35 |[39m   useState
 [90m    |[39m [31m[1m^[22m[39m[31m[1m^[22m[39m[31m[1m^[22m[39m[31m[1m^[22m[39m[31m[1m^[22m[39m[
31m[1m^[22m[39m[31m[1m^[22m[39m[31m[1m^[22m[39m[31m[1m^[22m[39m
[31m[1m>[22m[39m[90m 36 |[39m } [36mfrom[39m [32m"lucide-react"[39m[33m;[39m
 [90m    |[39m [31m[1m^[22m[39m[31m[1m^[22m[39m[31m[1m^[22m[39m[31m[1m^[22m[39m[31m[1m^[22m[39m[
31m[1m^[22m[39m[31m[1m^[22m[39m[31m[1m^[22m[39m[31m[1m^[22m[39m[31m[1m^[22m[39m[31m[1m^[22m[39m
[31m[1m^[22m[39m[31m[1m^[22m[39m[31m[1m^[22m[39m[31m[1m^[22m[39m[31m[1m^[22m[39m[31m[1m^[22m[39m
[31m[1m^[22m[39m[31m[1m^[22m[39m[31m[1m^[22m[39m[31m[1m^[22m[39m[31m[1m^[22m[39m[31m[1m^[22m[39
m
 [90m 37 |[39m
 [90m 38 |[39m [36mconst[39m [33mGOLD[39m [33m=[39m [32m"#D4AF37"[39m[33m;[39m
 [90m 39 |[39m [36mconst[39m [33mWA[39m [33m=[39m [32m"https://wa.me/917737877978?text=Hi%20Yash!%20I%27m%20pl
anning%20an%20event%20in%20Neemrana.%20Can%20you%20check%20availability%3F"[39m[33m;[39m[0m

The export useState was not found in module [project]/node_modules/lucide-react/dist/esm/lucide-react.js [app-ssr] 
(ecmascript).
Did you mean to import UserStar?
All exports of the module are statically known (It doesn't have dynamic exports). So it's known statically that the 
requested export doesn't exist.

Import traces:
  Client Component Browser:
    ./app/anchor-in-neemrana/page.jsx [Client Component Browser]
    ./app/anchor-in-neemrana/page.jsx [Server Component]

  Client Component SSR:
    ./app/anchor-in-neemrana/page.jsx [Client Component SSR]
    ./app/anchor-in-neemrana/page.jsx [Server Component]


./app/anchor-in-ooty/page.jsx:31:1
Export useState doesn't exist in target module
[0m [90m 29 |[39m [36mimport[39m { motion[33m,[39m
 [90m 30 |[39m   useInView } [36mfrom[39m [32m"framer-motion"[39m[33m;[39m
[31m[1m>[22m[39m[90m 31 |[39m [36mimport[39m {
 [90m    |[39m [31m[1m^[22m[39m[31m[1m^[22m[39m[31m[1m^[22m[39m[31m[1m^[22m[39m[31m[1m^[22m[39m[
31m[1m^[22m[39m[31m[1m^[22m[39m[31m[1m^[22m[39m
[31m[1m>[22m[39m[90m 32 |[39m   [33mMapPin[39m[33m,[39m
 [90m    |[39m [31m[1m^[22m[39m[31m[1m^[22m[39m[31m[1m^[22m[39m[31m[1m^[22m[39m[31m[1m^[22m[39m[
31m[1m^[22m[39m[31m[1m^[22m[39m[31m[1m^[22m[39m[31m[1m^[22m[39m
[31m[1m>[22m[39m[90m 33 |[39m   useRef[33m,[39m
 [90m    |[39m [31m[1m^[22m[39m[31m[1m^[22m[39m[31m[1m^[22m[39m[31m[1m^[22m[39m[31m[1m^[22m[39m[
31m[1m^[22m[39m[31m[1m^[22m[39m[31m[1m^[22m[39m[31m[1m^[22m[39m
[31m[1m>[22m[39m[90m 34 |[39m   useState
 [90m    |[39m [31m[1m^[22m[39m[31m[1m^[22m[39m[31m[1m^[22m[39m[31m[1m^[22m[39m[31m[1m^[22m[39m[
31m[1m^[22m[39m[31m[1m^[22m[39m[31m[1m^[22m[39m[31m[1m^[22m[39m
[31m[1m>[22m[39m[90m 35 |[39m } [36mfrom[39m [32m"lucide-react"[39m[33m;[39m
 [90m    |[39m [31m[1m^[22m[39m[31m[1m^[22m[39m[31m[1m^[22m[39m[31m[1m^[22m[39m[31m[1m^[22m[39m[
31m[1m^[22m[39m[31m[1m^[22m[39m[31m[1m^[22m[39m[31m[1m^[22m[39m[31m[1m^[22m[39m[31m[1m^[22m[39m
[31m[1m^[22m[39m[31m[1m^[22m[39m[31m[1m^[22m[39m[31m[1m^[22m[39m[31m[1m^[22m[39m[31m[1m^[22m[39m
[31m[1m^[22m[39m[31m[1m^[22m[39m[31m[1m^[22m[39m[31m[1m^[22m[39m[31m[1m^[22m[39m[31m[1m^[22m[39
m
 [90m 36 |[39m
 [90m 37 |[39m [36mconst[39m [33mGOLD[39m [33m=[39m [32m"#D4AF37"[39m[33m;[39m
 [90m 38 |[39m [36mconst[39m [33mWA[39m [33m=[39m [32m"https://wa.me/917737877978?text=Hi%20Yash!%20I%27m%20pl
anning%20a%20destination%20wedding%20in%20Ooty.%20Can%20you%20check%20availability%3F"[39m[33m;[39m[0m

The export useState was not found in module [project]/node_modules/lucide-react/dist/esm/lucide-react.js [app-client] 
(ecmascript).
Did you mean to import UserStar?
All exports of the module are statically known (It doesn't have dynamic exports). So it's known statically that the 
requested export doesn't exist.

Import traces:
  Client Component Browser:
    ./app/anchor-in-ooty/page.jsx [Client Component Browser]
    ./app/anchor-in-ooty/page.jsx [Server Component]

  Client Component SSR:
    ./app/anchor-in-ooty/page.jsx [Client Component SSR]
    ./app/anchor-in-ooty/page.jsx [Server Component]


./app/anchor-in-ooty/page.jsx:31:1
Export useState doesn't exist in target module
[0m [90m 29 |[39m [36mimport[39m { motion[33m,[39m
 [90m 30 |[39m   useInView } [36mfrom[39m [32m"framer-motion"[39m[33m;[39m
[31m[1m>[22m[39m[90m 31 |[39m [36mimport[39m {
 [90m    |[39m [31m[1m^[22m[39m[31m[1m^[22m[39m[31m[1m^[22m[39m[31m[1m^[22m[39m[31m[1m^[22m[39m[
31m[1m^[22m[39m[31m[1m^[22m[39m[31m[1m^[22m[39m
[31m[1m>[22m[39m[90m 32 |[39m   [33mMapPin[39m[33m,[39m
 [90m    |[39m [31m[1m^[22m[39m[31m[1m^[22m[39m[31m[1m^[22m[39m[31m[1m^[22m[39m[31m[1m^[22m[39m[
31m[1m^[22m[39m[31m[1m^[22m[39m[31m[1m^[22m[39m[31m[1m^[22m[39m
[31m[1m>[22m[39m[90m 33 |[39m   useRef[33m,[39m
 [90m    |[39m [31m[1m^[22m[39m[31m[1m^[22m[39m[31m[1m^[22m[39m[31m[1m^[22m[39m[31m[1m^[22m[39m[
31m[1m^[22m[39m[31m[1m^[22m[39m[31m[1m^[22m[39m[31m[1m^[22m[39m
[31m[1m>[22m[39m[90m 34 |[39m   useState
 [90m    |[39m [31m[1m^[22m[39m[31m[1m^[22m[39m[31m[1m^[22m[39m[31m[1m^[22m[39m[31m[1m^[22m[39m[
31m[1m^[22m[39m[31m[1m^[22m[39m[31m[1m^[22m[39m[31m[1m^[22m[39m
[31m[1m>[22m[39m[90m 35 |[39m } [36mfrom[39m [32m"lucide-react"[39m[33m;[39m
 [90m    |[39m [31m[1m^[22m[39m[31m[1m^[22m[39m[31m[1m^[22m[39m[31m[1m^[22m[39m[31m[1m^[22m[39m[
31m[1m^[22m[39m[31m[1m^[22m[39m[31m[1m^[22m[39m[31m[1m^[22m[39m[31m[1m^[22m[39m[31m[1m^[22m[39m
[31m[1m^[22m[39m[31m[1m^[22m[39m[31m[1m^[22m[39m[31m[1m^[22m[39m[31m[1m^[22m[39m[31m[1m^[22m[39m
[31m[1m^[22m[39m[31m[1m^[22m[39m[31m[1m^[22m[39m[31m[1m^[22m[39m[31m[1m^[22m[39m[31m[1m^[22m[39
m
 [90m 36 |[39m
 [90m 37 |[39m [36mconst[39m [33mGOLD[39m [33m=[39m [32m"#D4AF37"[39m[33m;[39m
 [90m 38 |[39m [36mconst[39m [33mWA[39m [33m=[39m [32m"https://wa.me/917737877978?text=Hi%20Yash!%20I%27m%20pl
anning%20a%20destination%20wedding%20in%20Ooty.%20Can%20you%20check%20availability%3F"[39m[33m;[39m[0m

The export useState was not found in module [project]/node_modules/lucide-react/dist/esm/lucide-react.js [app-ssr] 
(ecmascript).
Did you mean to import UserStar?
All exports of the module are statically known (It doesn't have dynamic exports). So it's known statically that the 
requested export doesn't exist.

Import traces:
  Client Component Browser:
    ./app/anchor-in-ooty/page.jsx [Client Component Browser]
    ./app/anchor-in-ooty/page.jsx [Server Component]

  Client Component SSR:
    ./app/anchor-in-ooty/page.jsx [Client Component SSR]
    ./app/anchor-in-ooty/page.jsx [Server Component]


./app/anchor-in-pushkar/page.jsx:32:1
Export useState doesn't exist in target module
[0m [90m 30 |[39m [36mimport[39m { motion[33m,[39m
 [90m 31 |[39m   useInView } [36mfrom[39m [32m"framer-motion"[39m[33m;[39m
[31m[1m>[22m[39m[90m 32 |[39m [36mimport[39m {
 [90m    |[39m [31m[1m^[22m[39m[31m[1m^[22m[39m[31m[1m^[22m[39m[31m[1m^[22m[39m[31m[1m^[22m[39m[
31m[1m^[22m[39m[31m[1m^[22m[39m[31m[1m^[22m[39m
[31m[1m>[22m[39m[90m 33 |[39m   [33mMapPin[39m[33m,[39m
 [90m    |[39m [31m[1m^[22m[39m[31m[1m^[22m[39m[31m[1m^[22m[39m[31m[1m^[22m[39m[31m[1m^[22m[39m[
31m[1m^[22m[39m[31m[1m^[22m[39m[31m[1m^[22m[39m[31m[1m^[22m[39m
[31m[1m>[22m[39m[90m 34 |[39m   useRef[33m,[39m
 [90m    |[39m [31m[1m^[22m[39m[31m[1m^[22m[39m[31m[1m^[22m[39m[31m[1m^[22m[39m[31m[1m^[22m[39m[
31m[1m^[22m[39m[31m[1m^[22m[39m[31m[1m^[22m[39m[31m[1m^[22m[39m
[31m[1m>[22m[39m[90m 35 |[39m   useState
 [90m    |[39m [31m[1m^[22m[39m[31m[1m^[22m[39m[31m[1m^[22m[39m[31m[1m^[22m[39m[31m[1m^[22m[39m[
31m[1m^[22m[39m[31m[1m^[22m[39m[31m[1m^[22m[39m[31m[1m^[22m[39m
[31m[1m>[22m[39m[90m 36 |[39m } [36mfrom[39m [32m"lucide-react"[39m[33m;[39m
 [90m    |[39m [31m[1m^[22m[39m[31m[1m^[22m[39m[31m[1m^[22m[39m[31m[1m^[22m[39m[31m[1m^[22m[39m[
31m[1m^[22m[39m[31m[1m^[22m[39m[31m[1m^[22m[39m[31m[1m^[22m[39m[31m[1m^[22m[39m[31m[1m^[22m[39m
[31m[1m^[22m[39m[31m[1m^[22m[39m[31m[1m^[22m[39m[31m[1m^[22m[39m[31m[1m^[22m[39m[31m[1m^[22m[39m
[31m[1m^[22m[39m[31m[1m^[22m[39m[31m[1m^[22m[39m[31m[1m^[22m[39m[31m[1m^[22m[39m[31m[1m^[22m[39
m
 [90m 37 |[39m
 [90m 38 |[39m [36mconst[39m [33mGOLD[39m [33m=[39m [32m"#D4AF37"[39m[33m;[39m
 [90m 39 |[39m [36mconst[39m [33mWA[39m [33m=[39m [32m"https://wa.me/917737877978?text=Hi%20Yash!%20I%27m%20pl
anning%20a%20destination%20wedding%20in%20Pushkar.%20Can%20you%20check%20availability%3F"[39m[33m;[39m[0m

The export useState was not found in module [project]/node_modules/lucide-react/dist/esm/lucide-react.js [app-client] 
(ecmascript).
Did you mean to import UserStar?
All exports of the module are statically known (It doesn't have dynamic exports). So it's known statically that the 
requested export doesn't exist.

Import traces:
  Client Component Browser:
    ./app/anchor-in-pushkar/page.jsx [Client Component Browser]
    ./app/anchor-in-pushkar/page.jsx [Server Component]

  Client Component SSR:
    ./app/anchor-in-pushkar/page.jsx [Client Component SSR]
    ./app/anchor-in-pushkar/page.jsx [Server Component]


./app/anchor-in-pushkar/page.jsx:32:1
Export useState doesn't exist in target module
[0m [90m 30 |[39m [36mimport[39m { motion[33m,[39m
 [90m 31 |[39m   useInView } [36mfrom[39m [32m"framer-motion"[39m[33m;[39m
[31m[1m>[22m[39m[90m 32 |[39m [36mimport[39m {
 [90m    |[39m [31m[1m^[22m[39m[31m[1m^[22m[39m[31m[1m^[22m[39m[31m[1m^[22m[39m[31m[1m^[22m[39m[
31m[1m^[22m[39m[31m[1m^[22m[39m[31m[1m^[22m[39m
[31m[1m>[22m[39m[90m 33 |[39m   [33mMapPin[39m[33m,[39m
 [90m    |[39m [31m[1m^[22m[39m[31m[1m^[22m[39m[31m[1m^[22m[39m[31m[1m^[22m[39m[31m[1m^[22m[39m[
31m[1m^[22m[39m[31m[1m^[22m[39m[31m[1m^[22m[39m[31m[1m^[22m[39m
[31m[1m>[22m[39m[90m 34 |[39m   useRef[33m,[39m
 [90m    |[39m [31m[1m^[22m[39m[31m[1m^[22m[39m[31m[1m^[22m[39m[31m[1m^[22m[39m[31m[1m^[22m[39m[
31m[1m^[22m[39m[31m[1m^[22m[39m[31m[1m^[22m[39m[31m[1m^[22m[39m
[31m[1m>[22m[39m[90m 35 |[39m   useState
 [90m    |[39m [31m[1m^[22m[39m[31m[1m^[22m[39m[31m[1m^[22m[39m[31m[1m^[22m[39m[31m[1m^[22m[39m[
31m[1m^[22m[39m[31m[1m^[22m[39m[31m[1m^[22m[39m[31m[1m^[22m[39m
[31m[1m>[22m[39m[90m 36 |[39m } [36mfrom[39m [32m"lucide-react"[39m[33m;[39m
 [90m    |[39m [31m[1m^[22m[39m[31m[1m^[22m[39m[31m[1m^[22m[39m[31m[1m^[22m[39m[31m[1m^[22m[39m[
31m[1m^[22m[39m[31m[1m^[22m[39m[31m[1m^[22m[39m[31m[1m^[22m[39m[31m[1m^[22m[39m[31m[1m^[22m[39m
[31m[1m^[22m[39m[31m[1m^[22m[39m[31m[1m^[22m[39m[31m[1m^[22m[39m[31m[1m^[22m[39m[31m[1m^[22m[39m
[31m[1m^[22m[39m[31m[1m^[22m[39m[31m[1m^[22m[39m[31m[1m^[22m[39m[31m[1m^[22m[39m[31m[1m^[22m[39
m
 [90m 37 |[39m
 [90m 38 |[39m [36mconst[39m [33mGOLD[39m [33m=[39m [32m"#D4AF37"[39m[33m;[39m
 [90m 39 |[39m [36mconst[39m [33mWA[39m [33m=[39m [32m"https://wa.me/917737877978?text=Hi%20Yash!%20I%27m%20pl
anning%20a%20destination%20wedding%20in%20Pushkar.%20Can%20you%20check%20availability%3F"[39m[33m;[39m[0m

The export useState was not found in module [project]/node_modules/lucide-react/dist/esm/lucide-react.js [app-ssr] 
(ecmascript).
Did you mean to import UserStar?
All exports of the module are statically known (It doesn't have dynamic exports). So it's known statically that the 
requested export doesn't exist.

Import traces:
  Client Component Browser:
    ./app/anchor-in-pushkar/page.jsx [Client Component Browser]
    ./app/anchor-in-pushkar/page.jsx [Server Component]

  Client Component SSR:
    ./app/anchor-in-pushkar/page.jsx [Client Component SSR]
    ./app/anchor-in-pushkar/page.jsx [Server Component]


./app/anchor-in-ranthambore/page.jsx:30:1
Export useState doesn't exist in target module
[0m [90m 28 |[39m [36mimport[39m { motion[33m,[39m
 [90m 29 |[39m   useInView } [36mfrom[39m [32m"framer-motion"[39m[33m;[39m
[31m[1m>[22m[39m[90m 30 |[39m [36mimport[39m {
 [90m    |[39m [31m[1m^[22m[39m[31m[1m^[22m[39m[31m[1m^[22m[39m[31m[1m^[22m[39m[31m[1m^[22m[39m[
31m[1m^[22m[39m[31m[1m^[22m[39m[31m[1m^[22m[39m
[31m[1m>[22m[39m[90m 31 |[39m   [33mMapPin[39m[33m,[39m
 [90m    |[39m [31m[1m^[22m[39m[31m[1m^[22m[39m[31m[1m^[22m[39m[31m[1m^[22m[39m[31m[1m^[22m[39m[
31m[1m^[22m[39m[31m[1m^[22m[39m[31m[1m^[22m[39m[31m[1m^[22m[39m
[31m[1m>[22m[39m[90m 32 |[39m   useRef[33m,[39m
 [90m    |[39m [31m[1m^[22m[39m[31m[1m^[22m[39m[31m[1m^[22m[39m[31m[1m^[22m[39m[31m[1m^[22m[39m[
31m[1m^[22m[39m[31m[1m^[22m[39m[31m[1m^[22m[39m[31m[1m^[22m[39m
[31m[1m>[22m[39m[90m 33 |[39m   useState
 [90m    |[39m [31m[1m^[22m[39m[31m[1m^[22m[39m[31m[1m^[22m[39m[31m[1m^[22m[39m[31m[1m^[22m[39m[
31m[1m^[22m[39m[31m[1m^[22m[39m[31m[1m^[22m[39m[31m[1m^[22m[39m
[31m[1m>[22m[39m[90m 34 |[39m } [36mfrom[39m [32m"lucide-react"[39m[33m;[39m
 [90m    |[39m [31m[1m^[22m[39m[31m[1m^[22m[39m[31m[1m^[22m[39m[31m[1m^[22m[39m[31m[1m^[22m[39m[
31m[1m^[22m[39m[31m[1m^[22m[39m[31m[1m^[22m[39m[31m[1m^[22m[39m[31m[1m^[22m[39m[31m[1m^[22m[39m
[31m[1m^[22m[39m[31m[1m^[22m[39m[31m[1m^[22m[39m[31m[1m^[22m[39m[31m[1m^[22m[39m[31m[1m^[22m[39m
[31m[1m^[22m[39m[31m[1m^[22m[39m[31m[1m^[22m[39m[31m[1m^[22m[39m[31m[1m^[22m[39m[31m[1m^[22m[39
m
 [90m 35 |[39m
 [90m 36 |[39m [36mconst[39m [33mGOLD[39m [33m=[39m [32m"#D4AF37"[39m[33m;[39m
 [90m 37 |[39m [36mconst[39m [33mWA[39m [33m=[39m [32m"https://wa.me/917737877978?text=Hi%20Yash!%20I%27m%20pl
anning%20a%20jungle%20luxury%20wedding%20in%20Ranthambore.%20Can%20you%20check%20availability%3F"[39m[33m;[39m[0m

The export useState was not found in module [project]/node_modules/lucide-react/dist/esm/lucide-react.js [app-client] 
(ecmascript).
Did you mean to import UserStar?
All exports of the module are statically known (It doesn't have dynamic exports). So it's known statically that the 
requested export doesn't exist.

Import traces:
  Client Component Browser:
    ./app/anchor-in-ranthambore/page.jsx [Client Component Browser]
    ./app/anchor-in-ranthambore/page.jsx [Server Component]

  Client Component SSR:
    ./app/anchor-in-ranthambore/page.jsx [Client Component SSR]
    ./app/anchor-in-ranthambore/page.jsx [Server Component]


./app/anchor-in-ranthambore/page.jsx:30:1
Export useState doesn't exist in target module
[0m [90m 28 |[39m [36mimport[39m { motion[33m,[39m
 [90m 29 |[39m   useInView } [36mfrom[39m [32m"framer-motion"[39m[33m;[39m
[31m[1m>[22m[39m[90m 30 |[39m [36mimport[39m {
 [90m    |[39m [31m[1m^[22m[39m[31m[1m^[22m[39m[31m[1m^[22m[39m[31m[1m^[22m[39m[31m[1m^[22m[39m[
31m[1m^[22m[39m[31m[1m^[22m[39m[31m[1m^[22m[39m
[31m[1m>[22m[39m[90m 31 |[39m   [33mMapPin[39m[33m,[39m
 [90m    |[39m [31m[1m^[22m[39m[31m[1m^[22m[39m[31m[1m^[22m[39m[31m[1m^[22m[39m[31m[1m^[22m[39m[
31m[1m^[22m[39m[31m[1m^[22m[39m[31m[1m^[22m[39m[31m[1m^[22m[39m
[31m[1m>[22m[39m[90m 32 |[39m   useRef[33m,[39m
 [90m    |[39m [31m[1m^[22m[39m[31m[1m^[22m[39m[31m[1m^[22m[39m[31m[1m^[22m[39m[31m[1m^[22m[39m[
31m[1m^[22m[39m[31m[1m^[22m[39m[31m[1m^[22m[39m[31m[1m^[22m[39m
[31m[1m>[22m[39m[90m 33 |[39m   useState
 [90m    |[39m [31m[1m^[22m[39m[31m[1m^[22m[39m[31m[1m^[22m[39m[31m[1m^[22m[39m[31m[1m^[22m[39m[
31m[1m^[22m[39m[31m[1m^[22m[39m[31m[1m^[22m[39m[31m[1m^[22m[39m
[31m[1m>[22m[39m[90m 34 |[39m } [36mfrom[39m [32m"lucide-react"[39m[33m;[39m
 [90m    |[39m [31m[1m^[22m[39m[31m[1m^[22m[39m[31m[1m^[22m[39m[31m[1m^[22m[39m[31m[1m^[22m[39m[
31m[1m^[22m[39m[31m[1m^[22m[39m[31m[1m^[22m[39m[31m[1m^[22m[39m[31m[1m^[22m[39m[31m[1m^[22m[39m
[31m[1m^[22m[39m[31m[1m^[22m[39m[31m[1m^[22m[39m[31m[1m^[22m[39m[31m[1m^[22m[39m[31m[1m^[22m[39m
[31m[1m^[22m[39m[31m[1m^[22m[39m[31m[1m^[22m[39m[31m[1m^[22m[39m[31m[1m^[22m[39m[31m[1m^[22m[39
m
 [90m 35 |[39m
 [90m 36 |[39m [36mconst[39m [33mGOLD[39m [33m=[39m [32m"#D4AF37"[39m[33m;[39m
 [90m 37 |[39m [36mconst[39m [33mWA[39m [33m=[39m [32m"https://wa.me/917737877978?text=Hi%20Yash!%20I%27m%20pl
anning%20a%20jungle%20luxury%20wedding%20in%20Ranthambore.%20Can%20you%20check%20availability%3F"[39m[33m;[39m[0m

The export useState was not found in module [project]/node_modules/lucide-react/dist/esm/lucide-react.js [app-ssr] 
(ecmascript).
Did you mean to import UserStar?
All exports of the module are statically known (It doesn't have dynamic exports). So it's known statically that the 
requested export doesn't exist.

Import traces:
  Client Component Browser:
    ./app/anchor-in-ranthambore/page.jsx [Client Component Browser]
    ./app/anchor-in-ranthambore/page.jsx [Server Component]

  Client Component SSR:
    ./app/anchor-in-ranthambore/page.jsx [Client Component SSR]
    ./app/anchor-in-ranthambore/page.jsx [Server Component]


./app/anchor-in-rishikesh/page.jsx:32:1
Export useState doesn't exist in target module
[0m [90m 30 |[39m [36mimport[39m { motion[33m,[39m
 [90m 31 |[39m   useInView } [36mfrom[39m [32m"framer-motion"[39m[33m;[39m
[31m[1m>[22m[39m[90m 32 |[39m [36mimport[39m {
 [90m    |[39m [31m[1m^[22m[39m[31m[1m^[22m[39m[31m[1m^[22m[39m[31m[1m^[22m[39m[31m[1m^[22m[39m[
31m[1m^[22m[39m[31m[1m^[22m[39m[31m[1m^[22m[39m
[31m[1m>[22m[39m[90m 33 |[39m   [33mMapPin[39m[33m,[39m
 [90m    |[39m [31m[1m^[22m[39m[31m[1m^[22m[39m[31m[1m^[22m[39m[31m[1m^[22m[39m[31m[1m^[22m[39m[
31m[1m^[22m[39m[31m[1m^[22m[39m[31m[1m^[22m[39m[31m[1m^[22m[39m
[31m[1m>[22m[39m[90m 34 |[39m   useRef[33m,[39m
 [90m    |[39m [31m[1m^[22m[39m[31m[1m^[22m[39m[31m[1m^[22m[39m[31m[1m^[22m[39m[31m[1m^[22m[39m[
31m[1m^[22m[39m[31m[1m^[22m[39m[31m[1m^[22m[39m[31m[1m^[22m[39m
[31m[1m>[22m[39m[90m 35 |[39m   useState
 [90m    |[39m [31m[1m^[22m[39m[31m[1m^[22m[39m[31m[1m^[22m[39m[31m[1m^[22m[39m[31m[1m^[22m[39m[
31m[1m^[22m[39m[31m[1m^[22m[39m[31m[1m^[22m[39m[31m[1m^[22m[39m
[31m[1m>[22m[39m[90m 36 |[39m } [36mfrom[39m [32m"lucide-react"[39m[33m;[39m
 [90m    |[39m [31m[1m^[22m[39m[31m[1m^[22m[39m[31m[1m^[22m[39m[31m[1m^[22m[39m[31m[1m^[22m[39m[
31m[1m^[22m[39m[31m[1m^[22m[39m[31m[1m^[22m[39m[31m[1m^[22m[39m[31m[1m^[22m[39m[31m[1m^[22m[39m
[31m[1m^[22m[39m[31m[1m^[22m[39m[31m[1m^[22m[39m[31m[1m^[22m[39m[31m[1m^[22m[39m[31m[1m^[22m[39m
[31m[1m^[22m[39m[31m[1m^[22m[39m[31m[1m^[22m[39m[31m[1m^[22m[39m[31m[1m^[22m[39m[31m[1m^[22m[39
m
 [90m 37 |[39m
 [90m 38 |[39m [36mconst[39m [33mGOLD[39m [33m=[39m [32m"#D4AF37"[39m[33m;[39m
 [90m 39 |[39m [36mconst[39m [33mWA[39m [33m=[39m [32m"https://wa.me/917737877978?text=Hi%20Yash!%20I%27m%20pl
anning%20a%20destination%20wedding%20in%20Rishikesh.%20Can%20you%20check%20availability%3F"[39m[33m;[39m[0m

The export useState was not found in module [project]/node_modules/lucide-react/dist/esm/lucide-react.js [app-client] 
(ecmascript).
Did you mean to import UserStar?
All exports of the module are statically known (It doesn't have dynamic exports). So it's known statically that the 
requested export doesn't exist.

Import traces:
  Client Component Browser:
    ./app/anchor-in-rishikesh/page.jsx [Client Component Browser]
    ./app/anchor-in-rishikesh/page.jsx [Server Component]

  Client Component SSR:
    ./app/anchor-in-rishikesh/page.jsx [Client Component SSR]
    ./app/anchor-in-rishikesh/page.jsx [Server Component]


./app/anchor-in-rishikesh/page.jsx:32:1
Export useState doesn't exist in target module
[0m [90m 30 |[39m [36mimport[39m { motion[33m,[39m
 [90m 31 |[39m   useInView } [36mfrom[39m [32m"framer-motion"[39m[33m;[39m
[31m[1m>[22m[39m[90m 32 |[39m [36mimport[39m {
 [90m    |[39m [31m[1m^[22m[39m[31m[1m^[22m[39m[31m[1m^[22m[39m[31m[1m^[22m[39m[31m[1m^[22m[39m[
31m[1m^[22m[39m[31m[1m^[22m[39m[31m[1m^[22m[39m
[31m[1m>[22m[39m[90m 33 |[39m   [33mMapPin[39m[33m,[39m
 [90m    |[39m [31m[1m^[22m[39m[31m[1m^[22m[39m[31m[1m^[22m[39m[31m[1m^[22m[39m[31m[1m^[22m[39m[
31m[1m^[22m[39m[31m[1m^[22m[39m[31m[1m^[22m[39m[31m[1m^[22m[39m
[31m[1m>[22m[39m[90m 34 |[39m   useRef[33m,[39m
 [90m    |[39m [31m[1m^[22m[39m[31m[1m^[22m[39m[31m[1m^[22m[39m[31m[1m^[22m[39m[31m[1m^[22m[39m[
31m[1m^[22m[39m[31m[1m^[22m[39m[31m[1m^[22m[39m[31m[1m^[22m[39m
[31m[1m>[22m[39m[90m 35 |[39m   useState
 [90m    |[39m [31m[1m^[22m[39m[31m[1m^[22m[39m[31m[1m^[22m[39m[31m[1m^[22m[39m[31m[1m^[22m[39m[
31m[1m^[22m[39m[31m[1m^[22m[39m[31m[1m^[22m[39m[31m[1m^[22m[39m
[31m[1m>[22m[39m[90m 36 |[39m } [36mfrom[39m [32m"lucide-react"[39m[33m;[39m
 [90m    |[39m [31m[1m^[22m[39m[31m[1m^[22m[39m[31m[1m^[22m[39m[31m[1m^[22m[39m[31m[1m^[22m[39m[
31m[1m^[22m[39m[31m[1m^[22m[39m[31m[1m^[22m[39m[31m[1m^[22m[39m[31m[1m^[22m[39m[31m[1m^[22m[39m
[31m[1m^[22m[39m[31m[1m^[22m[39m[31m[1m^[22m[39m[31m[1m^[22m[39m[31m[1m^[22m[39m[31m[1m^[22m[39m
[31m[1m^[22m[39m[31m[1m^[22m[39m[31m[1m^[22m[39m[31m[1m^[22m[39m[31m[1m^[22m[39m[31m[1m^[22m[39
m
 [90m 37 |[39m
 [90m 38 |[39m [36mconst[39m [33mGOLD[39m [33m=[39m [32m"#D4AF37"[39m[33m;[39m
 [90m 39 |[39m [36mconst[39m [33mWA[39m [33m=[39m [32m"https://wa.me/917737877978?text=Hi%20Yash!%20I%27m%20pl
anning%20a%20destination%20wedding%20in%20Rishikesh.%20Can%20you%20check%20availability%3F"[39m[33m;[39m[0m

The export useState was not found in module [project]/node_modules/lucide-react/dist/esm/lucide-react.js [app-ssr] 
(ecmascript).
Did you mean to import UserStar?
All exports of the module are statically known (It doesn't have dynamic exports). So it's known statically that the 
requested export doesn't exist.

Import traces:
  Client Component Browser:
    ./app/anchor-in-rishikesh/page.jsx [Client Component Browser]
    ./app/anchor-in-rishikesh/page.jsx [Server Component]

  Client Component SSR:
    ./app/anchor-in-rishikesh/page.jsx [Client Component SSR]
    ./app/anchor-in-rishikesh/page.jsx [Server Component]


./app/anchor-in-shimla/page.jsx:30:1
Export useState doesn't exist in target module
[0m [90m 28 |[39m [36mimport[39m { motion[33m,[39m
 [90m 29 |[39m   useInView } [36mfrom[39m [32m"framer-motion"[39m[33m;[39m
[31m[1m>[22m[39m[90m 30 |[39m [36mimport[39m {
 [90m    |[39m [31m[1m^[22m[39m[31m[1m^[22m[39m[31m[1m^[22m[39m[31m[1m^[22m[39m[31m[1m^[22m[39m[
31m[1m^[22m[39m[31m[1m^[22m[39m[31m[1m^[22m[39m
[31m[1m>[22m[39m[90m 31 |[39m   [33mMapPin[39m[33m,[39m
 [90m    |[39m [31m[1m^[22m[39m[31m[1m^[22m[39m[31m[1m^[22m[39m[31m[1m^[22m[39m[31m[1m^[22m[39m[
31m[1m^[22m[39m[31m[1m^[22m[39m[31m[1m^[22m[39m[31m[1m^[22m[39m
[31m[1m>[22m[39m[90m 32 |[39m   useRef[33m,[39m
 [90m    |[39m [31m[1m^[22m[39m[31m[1m^[22m[39m[31m[1m^[22m[39m[31m[1m^[22m[39m[31m[1m^[22m[39m[
31m[1m^[22m[39m[31m[1m^[22m[39m[31m[1m^[22m[39m[31m[1m^[22m[39m
[31m[1m>[22m[39m[90m 33 |[39m   useState
 [90m    |[39m [31m[1m^[22m[39m[31m[1m^[22m[39m[31m[1m^[22m[39m[31m[1m^[22m[39m[31m[1m^[22m[39m[
31m[1m^[22m[39m[31m[1m^[22m[39m[31m[1m^[22m[39m[31m[1m^[22m[39m
[31m[1m>[22m[39m[90m 34 |[39m } [36mfrom[39m [32m"lucide-react"[39m[33m;[39m
 [90m    |[39m [31m[1m^[22m[39m[31m[1m^[22m[39m[31m[1m^[22m[39m[31m[1m^[22m[39m[31m[1m^[22m[39m[
31m[1m^[22m[39m[31m[1m^[22m[39m[31m[1m^[22m[39m[31m[1m^[22m[39m[31m[1m^[22m[39m[31m[1m^[22m[39m
[31m[1m^[22m[39m[31m[1m^[22m[39m[31m[1m^[22m[39m[31m[1m^[22m[39m[31m[1m^[22m[39m[31m[1m^[22m[39m
[31m[1m^[22m[39m[31m[1m^[22m[39m[31m[1m^[22m[39m[31m[1m^[22m[39m[31m[1m^[22m[39m[31m[1m^[22m[39
m
 [90m 35 |[39m
 [90m 36 |[39m [36mconst[39m [33mGOLD[39m [33m=[39m [32m"#D4AF37"[39m[33m;[39m
 [90m 37 |[39m [36mconst[39m [33mWA[39m [33m=[39m [32m"https://wa.me/917737877978?text=Hi%20Yash!%20I%27m%20pl
anning%20a%20destination%20wedding%20in%20Shimla.%20Can%20you%20check%20availability%3F"[39m[33m;[39m[0m

The export useState was not found in module [project]/node_modules/lucide-react/dist/esm/lucide-react.js [app-client] 
(ecmascript).
Did you mean to import UserStar?
All exports of the module are statically known (It doesn't have dynamic exports). So it's known statically that the 
requested export doesn't exist.

Import traces:
  Client Component Browser:
    ./app/anchor-in-shimla/page.jsx [Client Component Browser]
    ./app/anchor-in-shimla/page.jsx [Server Component]

  Client Component SSR:
    ./app/anchor-in-shimla/page.jsx [Client Component SSR]
    ./app/anchor-in-shimla/page.jsx [Server Component]


./app/anchor-in-shimla/page.jsx:30:1
Export useState doesn't exist in target module
[0m [90m 28 |[39m [36mimport[39m { motion[33m,[39m
 [90m 29 |[39m   useInView } [36mfrom[39m [32m"framer-motion"[39m[33m;[39m
[31m[1m>[22m[39m[90m 30 |[39m [36mimport[39m {
 [90m    |[39m [31m[1m^[22m[39m[31m[1m^[22m[39m[31m[1m^[22m[39m[31m[1m^[22m[39m[31m[1m^[22m[39m[
31m[1m^[22m[39m[31m[1m^[22m[39m[31m[1m^[22m[39m
[31m[1m>[22m[39m[90m 31 |[39m   [33mMapPin[39m[33m,[39m
 [90m    |[39m [31m[1m^[22m[39m[31m[1m^[22m[39m[31m[1m^[22m[39m[31m[1m^[22m[39m[31m[1m^[22m[39m[
31m[1m^[22m[39m[31m[1m^[22m[39m[31m[1m^[22m[39m[31m[1m^[22m[39m
[31m[1m>[22m[39m[90m 32 |[39m   useRef[33m,[39m
 [90m    |[39m [31m[1m^[22m[39m[31m[1m^[22m[39m[31m[1m^[22m[39m[31m[1m^[22m[39m[31m[1m^[22m[39m[
31m[1m^[22m[39m[31m[1m^[22m[39m[31m[1m^[22m[39m[31m[1m^[22m[39m
[31m[1m>[22m[39m[90m 33 |[39m   useState
 [90m    |[39m [31m[1m^[22m[39m[31m[1m^[22m[39m[31m[1m^[22m[39m[31m[1m^[22m[39m[31m[1m^[22m[39m[
31m[1m^[22m[39m[31m[1m^[22m[39m[31m[1m^[22m[39m[31m[1m^[22m[39m
[31m[1m>[22m[39m[90m 34 |[39m } [36mfrom[39m [32m"lucide-react"[39m[33m;[39m
 [90m    |[39m [31m[1m^[22m[39m[31m[1m^[22m[39m[31m[1m^[22m[39m[31m[1m^[22m[39m[31m[1m^[22m[39m[
31m[1m^[22m[39m[31m[1m^[22m[39m[31m[1m^[22m[39m[31m[1m^[22m[39m[31m[1m^[22m[39m[31m[1m^[22m[39m
[31m[1m^[22m[39m[31m[1m^[22m[39m[31m[1m^[22m[39m[31m[1m^[22m[39m[31m[1m^[22m[39m[31m[1m^[22m[39m
[31m[1m^[22m[39m[31m[1m^[22m[39m[31m[1m^[22m[39m[31m[1m^[22m[39m[31m[1m^[22m[39m[31m[1m^[22m[39
m
 [90m 35 |[39m
 [90m 36 |[39m [36mconst[39m [33mGOLD[39m [33m=[39m [32m"#D4AF37"[39m[33m;[39m
 [90m 37 |[39m [36mconst[39m [33mWA[39m [33m=[39m [32m"https://wa.me/917737877978?text=Hi%20Yash!%20I%27m%20pl
anning%20a%20destination%20wedding%20in%20Shimla.%20Can%20you%20check%20availability%3F"[39m[33m;[39m[0m

The export useState was not found in module [project]/node_modules/lucide-react/dist/esm/lucide-react.js [app-ssr] 
(ecmascript).
Did you mean to import UserStar?
All exports of the module are statically known (It doesn't have dynamic exports). So it's known statically that the 
requested export doesn't exist.

Import traces:
  Client Component Browser:
    ./app/anchor-in-shimla/page.jsx [Client Component Browser]
    ./app/anchor-in-shimla/page.jsx [Server Component]

  Client Component SSR:
    ./app/anchor-in-shimla/page.jsx [Client Component SSR]
    ./app/anchor-in-shimla/page.jsx [Server Component]


./app/anchor-in-varanasi/page.jsx:31:1
Export useState doesn't exist in target module
[0m [90m 29 |[39m [36mimport[39m { motion[33m,[39m
 [90m 30 |[39m   useInView } [36mfrom[39m [32m"framer-motion"[39m[33m;[39m
[31m[1m>[22m[39m[90m 31 |[39m [36mimport[39m {
 [90m    |[39m [31m[1m^[22m[39m[31m[1m^[22m[39m[31m[1m^[22m[39m[31m[1m^[22m[39m[31m[1m^[22m[39m[
31m[1m^[22m[39m[31m[1m^[22m[39m[31m[1m^[22m[39m
[31m[1m>[22m[39m[90m 32 |[39m   [33mMapPin[39m[33m,[39m
 [90m    |[39m [31m[1m^[22m[39m[31m[1m^[22m[39m[31m[1m^[22m[39m[31m[1m^[22m[39m[31m[1m^[22m[39m[
31m[1m^[22m[39m[31m[1m^[22m[39m[31m[1m^[22m[39m[31m[1m^[22m[39m
[31m[1m>[22m[39m[90m 33 |[39m   useRef[33m,[39m
 [90m    |[39m [31m[1m^[22m[39m[31m[1m^[22m[39m[31m[1m^[22m[39m[31m[1m^[22m[39m[31m[1m^[22m[39m[
31m[1m^[22m[39m[31m[1m^[22m[39m[31m[1m^[22m[39m[31m[1m^[22m[39m
[31m[1m>[22m[39m[90m 34 |[39m   useState
 [90m    |[39m [31m[1m^[22m[39m[31m[1m^[22m[39m[31m[1m^[22m[39m[31m[1m^[22m[39m[31m[1m^[22m[39m[
31m[1m^[22m[39m[31m[1m^[22m[39m[31m[1m^[22m[39m[31m[1m^[22m[39m
[31m[1m>[22m[39m[90m 35 |[39m } [36mfrom[39m [32m"lucide-react"[39m[33m;[39m
 [90m    |[39m [31m[1m^[22m[39m[31m[1m^[22m[39m[31m[1m^[22m[39m[31m[1m^[22m[39m[31m[1m^[22m[39m[
31m[1m^[22m[39m[31m[1m^[22m[39m[31m[1m^[22m[39m[31m[1m^[22m[39m[31m[1m^[22m[39m[31m[1m^[22m[39m
[31m[1m^[22m[39m[31m[1m^[22m[39m[31m[1m^[22m[39m[31m[1m^[22m[39m[31m[1m^[22m[39m[31m[1m^[22m[39m
[31m[1m^[22m[39m[31m[1m^[22m[39m[31m[1m^[22m[39m[31m[1m^[22m[39m[31m[1m^[22m[39m[31m[1m^[22m[39
m
 [90m 36 |[39m
 [90m 37 |[39m [36mconst[39m [33mGOLD[39m [33m=[39m [32m"#D4AF37"[39m[33m;[39m
 [90m 38 |[39m [36mconst[39m [33mWA[39m [33m=[39m [32m"https://wa.me/917737877978?text=Hi%20Yash!%20I%27m%20pl
anning%20a%20destination%20wedding%20in%20Varanasi.%20Can%20you%20check%20availability%3F"[39m[33m;[39m[0m

The export useState was not found in module [project]/node_modules/lucide-react/dist/esm/lucide-react.js [app-client] 
(ecmascript).
Did you mean to import UserStar?
All exports of the module are statically known (It doesn't have dynamic exports). So it's known statically that the 
requested export doesn't exist.

Import traces:
  Client Component Browser:
    ./app/anchor-in-varanasi/page.jsx [Client Component Browser]
    ./app/anchor-in-varanasi/page.jsx [Server Component]

  Client Component SSR:
    ./app/anchor-in-varanasi/page.jsx [Client Component SSR]
    ./app/anchor-in-varanasi/page.jsx [Server Component]


./app/anchor-in-varanasi/page.jsx:31:1
Export useState doesn't exist in target module
[0m [90m 29 |[39m [36mimport[39m { motion[33m,[39m
 [90m 30 |[39m   useInView } [36mfrom[39m [32m"framer-motion"[39m[33m;[39m
[31m[1m>[22m[39m[90m 31 |[39m [36mimport[39m {
 [90m    |[39m [31m[1m^[22m[39m[31m[1m^[22m[39m[31m[1m^[22m[39m[31m[1m^[22m[39m[31m[1m^[22m[39m[
31m[1m^[22m[39m[31m[1m^[22m[39m[31m[1m^[22m[39m
[31m[1m>[22m[39m[90m 32 |[39m   [33mMapPin[39m[33m,[39m
 [90m    |[39m [31m[1m^[22m[39m[31m[1m^[22m[39m[31m[1m^[22m[39m[31m[1m^[22m[39m[31m[1m^[22m[39m[
31m[1m^[22m[39m[31m[1m^[22m[39m[31m[1m^[22m[39m[31m[1m^[22m[39m
[31m[1m>[22m[39m[90m 33 |[39m   useRef[33m,[39m
 [90m    |[39m [31m[1m^[22m[39m[31m[1m^[22m[39m[31m[1m^[22m[39m[31m[1m^[22m[39m[31m[1m^[22m[39m[
31m[1m^[22m[39m[31m[1m^[22m[39m[31m[1m^[22m[39m[31m[1m^[22m[39m
[31m[1m>[22m[39m[90m 34 |[39m   useState
 [90m    |[39m [31m[1m^[22m[39m[31m[1m^[22m[39m[31m[1m^[22m[39m[31m[1m^[22m[39m[31m[1m^[22m[39m[
31m[1m^[22m[39m[31m[1m^[22m[39m[31m[1m^[22m[39m[31m[1m^[22m[39m
[31m[1m>[22m[39m[90m 35 |[39m } [36mfrom[39m [32m"lucide-react"[39m[33m;[39m
 [90m    |[39m [31m[1m^[22m[39m[31m[1m^[22m[39m[31m[1m^[22m[39m[31m[1m^[22m[39m[31m[1m^[22m[39m[
31m[1m^[22m[39m[31m[1m^[22m[39m[31m[1m^[22m[39m[31m[1m^[22m[39m[31m[1m^[22m[39m[31m[1m^[22m[39m
[31m[1m^[22m[39m[31m[1m^[22m[39m[31m[1m^[22m[39m[31m[1m^[22m[39m[31m[1m^[22m[39m[31m[1m^[22m[39m
[31m[1m^[22m[39m[31m[1m^[22m[39m[31m[1m^[22m[39m[31m[1m^[22m[39m[31m[1m^[22m[39m[31m[1m^[22m[39
m
 [90m 36 |[39m
 [90m 37 |[39m [36mconst[39m [33mGOLD[39m [33m=[39m [32m"#D4AF37"[39m[33m;[39m
 [90m 38 |[39m [36mconst[39m [33mWA[39m [33m=[39m [32m"https://wa.me/917737877978?text=Hi%20Yash!%20I%27m%20pl
anning%20a%20destination%20wedding%20in%20Varanasi.%20Can%20you%20check%20availability%3F"[39m[33m;[39m[0m

The export useState was not found in module [project]/node_modules/lucide-react/dist/esm/lucide-react.js [app-ssr] 
(ecmascript).
Did you mean to import UserStar?
All exports of the module are statically known (It doesn't have dynamic exports). So it's known statically that the 
requested export doesn't exist.

Import traces:
  Client Component Browser:
    ./app/anchor-in-varanasi/page.jsx [Client Component Browser]
    ./app/anchor-in-varanasi/page.jsx [Server Component]

  Client Component SSR:
    ./app/anchor-in-varanasi/page.jsx [Client Component SSR]
    ./app/anchor-in-varanasi/page.jsx [Server Component]


./app/award-night-anchor-jaipur/page.jsx:27:1
Export useState doesn't exist in target module
[0m [90m 25 |[39m [36mimport[39m { motion[33m,[39m
 [90m 26 |[39m   useInView } [36mfrom[39m [32m"framer-motion"[39m[33m;[39m
[31m[1m>[22m[39m[90m 27 |[39m [36mimport[39m {
 [90m    |[39m [31m[1m^[22m[39m[31m[1m^[22m[39m[31m[1m^[22m[39m[31m[1m^[22m[39m[31m[1m^[22m[39m[
31m[1m^[22m[39m[31m[1m^[22m[39m[31m[1m^[22m[39m
[31m[1m>[22m[39m[90m 28 |[39m   [33mMic2[39m[33m,[39m
 [90m    |[39m [31m[1m^[22m[39m[31m[1m^[22m[39m[31m[1m^[22m[39m[31m[1m^[22m[39m[31m[1m^[22m[39m[
31m[1m^[22m[39m[31m[1m^[22m[39m
[31m[1m>[22m[39m[90m 29 |[39m   useRef[33m,[39m
 [90m    |[39m [31m[1m^[22m[39m[31m[1m^[22m[39m[31m[1m^[22m[39m[31m[1m^[22m[39m[31m[1m^[22m[39m[
31m[1m^[22m[39m[31m[1m^[22m[39m
[31m[1m>[22m[39m[90m 30 |[39m   useState
 [90m    |[39m [31m[1m^[22m[39m[31m[1m^[22m[39m[31m[1m^[22m[39m[31m[1m^[22m[39m[31m[1m^[22m[39m[
31m[1m^[22m[39m[31m[1m^[22m[39m
[31m[1m>[22m[39m[90m 31 |[39m } [36mfrom[39m [32m"lucide-react"[39m[33m;[39m
 [90m    |[39m [31m[1m^[22m[39m[31m[1m^[22m[39m[31m[1m^[22m[39m[31m[1m^[22m[39m[31m[1m^[22m[39m[
31m[1m^[22m[39m[31m[1m^[22m[39m[31m[1m^[22m[39m[31m[1m^[22m[39m[31m[1m^[22m[39m[31m[1m^[22m[39m
[31m[1m^[22m[39m[31m[1m^[22m[39m[31m[1m^[22m[39m[31m[1m^[22m[39m[31m[1m^[22m[39m[31m[1m^[22m[39m
[31m[1m^[22m[39m[31m[1m^[22m[39m[31m[1m^[22m[39m[31m[1m^[22m[39m[31m[1m^[22m[39m[31m[1m^[22m[39
m
 [90m 32 |[39m
 [90m 33 |[39m [36mconst[39m [33mGOLD[39m [33m=[39m [32m"#D4AF37"[39m[33m;[39m
 [90m 34 |[39m [36mconst[39m [33mGOLD_D[39m [33m=[39m [32m"#a8891a"[39m[33m;[39m[0m

The export useState was not found in module [project]/node_modules/lucide-react/dist/esm/lucide-react.js [app-client] 
(ecmascript).
Did you mean to import UserStar?
All exports of the module are statically known (It doesn't have dynamic exports). So it's known statically that the 
requested export doesn't exist.

Import traces:
  Client Component Browser:
    ./app/award-night-anchor-jaipur/page.jsx [Client Component Browser]
    ./app/award-night-anchor-jaipur/page.jsx [Server Component]

  Client Component SSR:
    ./app/award-night-anchor-jaipur/page.jsx [Client Component SSR]
    ./app/award-night-anchor-jaipur/page.jsx [Server Component]


./app/award-night-anchor-jaipur/page.jsx:27:1
Export useState doesn't exist in target module
[0m [90m 25 |[39m [36mimport[39m { motion[33m,[39m
 [90m 26 |[39m   useInView } [36mfrom[39m [32m"framer-motion"[39m[33m;[39m
[31m[1m>[22m[39m[90m 27 |[39m [36mimport[39m {
 [90m    |[39m [31m[1m^[22m[39m[31m[1m^[22m[39m[31m[1m^[22m[39m[31m[1m^[22m[39m[31m[1m^[22m[39m[
31m[1m^[22m[39m[31m[1m^[22m[39m[31m[1m^[22m[39m
[31m[1m>[22m[39m[90m 28 |[39m   [33mMic2[39m[33m,[39m
 [90m    |[39m [31m[1m^[22m[39m[31m[1m^[22m[39m[31m[1m^[22m[39m[31m[1m^[22m[39m[31m[1m^[22m[39m[
31m[1m^[22m[39m[31m[1m^[22m[39m
[31m[1m>[22m[39m[90m 29 |[39m   useRef[33m,[39m
 [90m    |[39m [31m[1m^[22m[39m[31m[1m^[22m[39m[31m[1m^[22m[39m[31m[1m^[22m[39m[31m[1m^[22m[39m[
31m[1m^[22m[39m[31m[1m^[22m[39m
[31m[1m>[22m[39m[90m 30 |[39m   useState
 [90m    |[39m [31m[1m^[22m[39m[31m[1m^[22m[39m[31m[1m^[22m[39m[31m[1m^[22m[39m[31m[1m^[22m[39m[
31m[1m^[22m[39m[31m[1m^[22m[39m
[31m[1m>[22m[39m[90m 31 |[39m } [36mfrom[39m [32m"lucide-react"[39m[33m;[39m
 [90m    |[39m [31m[1m^[22m[39m[31m[1m^[22m[39m[31m[1m^[22m[39m[31m[1m^[22m[39m[31m[1m^[22m[39m[
31m[1m^[22m[39m[31m[1m^[22m[39m[31m[1m^[22m[39m[31m[1m^[22m[39m[31m[1m^[22m[39m[31m[1m^[22m[39m
[31m[1m^[22m[39m[31m[1m^[22m[39m[31m[1m^[22m[39m[31m[1m^[22m[39m[31m[1m^[22m[39m[31m[1m^[22m[39m
[31m[1m^[22m[39m[31m[1m^[22m[39m[31m[1m^[22m[39m[31m[1m^[22m[39m[31m[1m^[22m[39m[31m[1m^[22m[39
m
 [90m 32 |[39m
 [90m 33 |[39m [36mconst[39m [33mGOLD[39m [33m=[39m [32m"#D4AF37"[39m[33m;[39m
 [90m 34 |[39m [36mconst[39m [33mGOLD_D[39m [33m=[39m [32m"#a8891a"[39m[33m;[39m[0m

The export useState was not found in module [project]/node_modules/lucide-react/dist/esm/lucide-react.js [app-ssr] 
(ecmascript).
Did you mean to import UserStar?
All exports of the module are statically known (It doesn't have dynamic exports). So it's known statically that the 
requested export doesn't exist.

Import traces:
  Client Component Browser:
    ./app/award-night-anchor-jaipur/page.jsx [Client Component Browser]
    ./app/award-night-anchor-jaipur/page.jsx [Server Component]

  Client Component SSR:
    ./app/award-night-anchor-jaipur/page.jsx [Client Component SSR]
    ./app/award-night-anchor-jaipur/page.jsx [Server Component]


./app/engagement-roka-ceremony-anchor/page.jsx:29:1
Export useState doesn't exist in target module
[0m [90m 27 |[39m [36mimport[39m { motion[33m,[39m
 [90m 28 |[39m   useInView } [36mfrom[39m [32m"framer-motion"[39m[33m;[39m
[31m[1m>[22m[39m[90m 29 |[39m [36mimport[39m {
 [90m    |[39m [31m[1m^[22m[39m[31m[1m^[22m[39m[31m[1m^[22m[39m[31m[1m^[22m[39m[31m[1m^[22m[39m[
31m[1m^[22m[39m[31m[1m^[22m[39m[31m[1m^[22m[39m
[31m[1m>[22m[39m[90m 30 |[39m   [33mMic2[39m[33m,[39m
 [90m    |[39m [31m[1m^[22m[39m[31m[1m^[22m[39m[31m[1m^[22m[39m[31m[1m^[22m[39m[31m[1m^[22m[39m[
31m[1m^[22m[39m[31m[1m^[22m[39m
[31m[1m>[22m[39m[90m 31 |[39m   useRef[33m,[39m
 [90m    |[39m [31m[1m^[22m[39m[31m[1m^[22m[39m[31m[1m^[22m[39m[31m[1m^[22m[39m[31m[1m^[22m[39m[
31m[1m^[22m[39m[31m[1m^[22m[39m
[31m[1m>[22m[39m[90m 32 |[39m   useState
 [90m    |[39m [31m[1m^[22m[39m[31m[1m^[22m[39m[31m[1m^[22m[39m[31m[1m^[22m[39m[31m[1m^[22m[39m[
31m[1m^[22m[39m[31m[1m^[22m[39m
[31m[1m>[22m[39m[90m 33 |[39m } [36mfrom[39m [32m"lucide-react"[39m[33m;[39m
 [90m    |[39m [31m[1m^[22m[39m[31m[1m^[22m[39m[31m[1m^[22m[39m[31m[1m^[22m[39m[31m[1m^[22m[39m[
31m[1m^[22m[39m[31m[1m^[22m[39m[31m[1m^[22m[39m[31m[1m^[22m[39m[31m[1m^[22m[39m[31m[1m^[22m[39m
[31m[1m^[22m[39m[31m[1m^[22m[39m[31m[1m^[22m[39m[31m[1m^[22m[39m[31m[1m^[22m[39m[31m[1m^[22m[39m
[31m[1m^[22m[39m[31m[1m^[22m[39m[31m[1m^[22m[39m[31m[1m^[22m[39m[31m[1m^[22m[39m[31m[1m^[22m[39
m
 [90m 34 |[39m
 [90m 35 |[39m [36mconst[39m [33mGOLD[39m [33m=[39m [32m"#D4AF37"[39m[33m;[39m
 [90m 36 |[39m [36mconst[39m [33mGOLD_D[39m [33m=[39m [32m"#a8891a"[39m[33m;[39m[0m

The export useState was not found in module [project]/node_modules/lucide-react/dist/esm/lucide-react.js [app-client] 
(ecmascript).
Did you mean to import UserStar?
All exports of the module are statically known (It doesn't have dynamic exports). So it's known statically that the 
requested export doesn't exist.

Import traces:
  Client Component Browser:
    ./app/engagement-roka-ceremony-anchor/page.jsx [Client Component Browser]
    ./app/engagement-roka-ceremony-anchor/page.jsx [Server Component]

  Client Component SSR:
    ./app/engagement-roka-ceremony-anchor/page.jsx [Client Component SSR]
    ./app/engagement-roka-ceremony-anchor/page.jsx [Server Component]


./app/engagement-roka-ceremony-anchor/page.jsx:29:1
Export useState doesn't exist in target module
[0m [90m 27 |[39m [36mimport[39m { motion[33m,[39m
 [90m 28 |[39m   useInView } [36mfrom[39m [32m"framer-motion"[39m[33m;[39m
[31m[1m>[22m[39m[90m 29 |[39m [36mimport[39m {
 [90m    |[39m [31m[1m^[22m[39m[31m[1m^[22m[39m[31m[1m^[22m[39m[31m[1m^[22m[39m[31m[1m^[22m[39m[
31m[1m^[22m[39m[31m[1m^[22m[39m[31m[1m^[22m[39m
[31m[1m>[22m[39m[90m 30 |[39m   [33mMic2[39m[33m,[39m
 [90m    |[39m [31m[1m^[22m[39m[31m[1m^[22m[39m[31m[1m^[22m[39m[31m[1m^[22m[39m[31m[1m^[22m[39m[
31m[1m^[22m[39m[31m[1m^[22m[39m
[31m[1m>[22m[39m[90m 31 |[39m   useRef[33m,[39m
 [90m    |[39m [31m[1m^[22m[39m[31m[1m^[22m[39m[31m[1m^[22m[39m[31m[1m^[22m[39m[31m[1m^[22m[39m[
31m[1m^[22m[39m[31m[1m^[22m[39m
[31m[1m>[22m[39m[90m 32 |[39m   useState
 [90m    |[39m [31m[1m^[22m[39m[31m[1m^[22m[39m[31m[1m^[22m[39m[31m[1m^[22m[39m[31m[1m^[22m[39m[
31m[1m^[22m[39m[31m[1m^[22m[39m
[31m[1m>[22m[39m[90m 33 |[39m } [36mfrom[39m [32m"lucide-react"[39m[33m;[39m
 [90m    |[39m [31m[1m^[22m[39m[31m[1m^[22m[39m[31m[1m^[22m[39m[31m[1m^[22m[39m[31m[1m^[22m[39m[
31m[1m^[22m[39m[31m[1m^[22m[39m[31m[1m^[22m[39m[31m[1m^[22m[39m[31m[1m^[22m[39m[31m[1m^[22m[39m
[31m[1m^[22m[39m[31m[1m^[22m[39m[31m[1m^[22m[39m[31m[1m^[22m[39m[31m[1m^[22m[39m[31m[1m^[22m[39m
[31m[1m^[22m[39m[31m[1m^[22m[39m[31m[1m^[22m[39m[31m[1m^[22m[39m[31m[1m^[22m[39m[31m[1m^[22m[39
m
 [90m 34 |[39m
 [90m 35 |[39m [36mconst[39m [33mGOLD[39m [33m=[39m [32m"#D4AF37"[39m[33m;[39m
 [90m 36 |[39m [36mconst[39m [33mGOLD_D[39m [33m=[39m [32m"#a8891a"[39m[33m;[39m[0m

The export useState was not found in module [project]/node_modules/lucide-react/dist/esm/lucide-react.js [app-ssr] 
(ecmascript).
Did you mean to import UserStar?
All exports of the module are statically known (It doesn't have dynamic exports). So it's known statically that the 
requested export doesn't exist.

Import traces:
  Client Component Browser:
    ./app/engagement-roka-ceremony-anchor/page.jsx [Client Component Browser]
    ./app/engagement-roka-ceremony-anchor/page.jsx [Server Component]

  Client Component SSR:
    ./app/engagement-roka-ceremony-anchor/page.jsx [Client Component SSR]
    ./app/engagement-roka-ceremony-anchor/page.jsx [Server Component]


    at <unknown> (./app/anchor-in-agra/page.jsx:32:3)
    at <unknown> (./app/anchor-in-ajmer/page.jsx:34:3)
    at <unknown> (./app/anchor-in-alibaug/page.jsx:33:3)
    at <unknown> (./app/anchor-in-andaman/page.jsx:33:3)
    at <unknown> (./app/anchor-in-bangalore/page.jsx:31:3)
    at <unknown> (./app/anchor-in-bharatpur/page.jsx:31:3)
    at <unknown> (./app/anchor-in-bikaner/page.jsx:31:3)
    at <unknown> (./app/anchor-in-chennai/page.jsx:32:3)
    at <unknown> (./app/anchor-in-chittorgarh/page.jsx:31:3)
    at <unknown> (./app/anchor-in-coorg/page.jsx:32:3)
    at <unknown> (./app/anchor-in-dharamshala/page.jsx:32:3)
    at <unknown> (./app/anchor-in-goa/page.jsx:32:3)
    at <unknown> (./app/anchor-in-haridwar/page.jsx:32:3)
    at <unknown> (./app/anchor-in-hyderabad/page.jsx:33:3)
    at <unknown> (./app/anchor-in-jaisalmer/page.jsx:32:3)
    at <unknown> (./app/anchor-in-kolkata/page.jsx:33:3)
    at <unknown> (./app/anchor-in-kota/page.jsx:31:3)
    at <unknown> (./app/anchor-in-manali/page.jsx:32:3)
    at <unknown> (./app/anchor-in-mandawa/page.jsx:31:3)
    at <unknown> (./app/anchor-in-mount-abu/page.jsx:31:3)
    at <unknown> (./app/anchor-in-mussoorie/page.jsx:31:3)
    at <unknown> (./app/anchor-in-nainital/page.jsx:33:3)
    at <unknown> (./app/anchor-in-neemrana/page.jsx:33:3)
    at <unknown> (./app/anchor-in-ooty/page.jsx:32:3)
    at <unknown> (./app/anchor-in-pushkar/page.jsx:33:3)
    at <unknown> (./app/anchor-in-ranthambore/page.jsx:31:3)
    at <unknown> (./app/anchor-in-rishikesh/page.jsx:33:3)
    at <unknown> (./app/anchor-in-shimla/page.jsx:31:3)
    at <unknown> (./app/anchor-in-varanasi/page.jsx:32:3)
    at <unknown> (./app/award-night-anchor-jaipur/page.jsx:28:3)
    at <unknown> (./app/engagement-roka-ceremony-anchor/page.jsx:30:3)
    at <unknown> (./app/about/layout.jsx:1:1)
    at <unknown> (./app/about/page.jsx:16:1)
    at <unknown> (./app/anchor-for-birthday-party-jaipur/layout.jsx:1:1)
    at <unknown> (./app/anchor-for-birthday-party-jaipur/page.jsx:35:1)
    at <unknown> (./app/anchor-in-agra/layout.jsx:1:1)
    at <unknown> (./app/anchor-in-ajmer/layout.jsx:1:1)
    at <unknown> (./app/anchor-in-alibaug/layout.jsx:1:1)
    at <unknown> (./app/anchor-in-alwar/layout.jsx:1:1)
    at <unknown> (./app/anchor-in-alwar/page.jsx:37:1)
    at <unknown> (./app/anchor-in-andaman/layout.jsx:1:1)
    at <unknown> (./app/anchor-in-bangalore/layout.jsx:1:1)
    at <unknown> (./app/anchor-in-bharatpur/layout.jsx:1:1)
    at <unknown> (./app/anchor-in-bikaner/layout.jsx:1:1)
    at <unknown> (./app/anchor-in-chennai/layout.jsx:1:1)
    at <unknown> (./app/anchor-in-chittorgarh/layout.jsx:1:1)
    at <unknown> (./app/anchor-in-coorg/layout.jsx:1:1)
    at <unknown> (./app/anchor-in-delhi/layout.jsx:1:1)
    at <unknown> (./app/anchor-in-delhi/page.jsx:38:1)
    at <unknown> (./app/anchor-in-dharamshala/layout.jsx:1:1)
    at <unknown> (./app/anchor-in-goa/layout.jsx:1:1)
    at <unknown> (./app/anchor-in-haridwar/layout.jsx:1:1)
    at <unknown> (./app/anchor-in-hyderabad/layout.jsx:1:1)
    at <unknown> (./app/anchor-in-jaipur/layout.jsx:1:1)
    at <unknown> (./app/anchor-in-jaipur/page.jsx:35:1)
    at <unknown> (./app/anchor-in-jaisalmer/layout.jsx:1:1)
    at <unknown> (./app/anchor-in-jodhpur/layout.jsx:1:1)
    at <unknown> (./app/anchor-in-jodhpur/page.jsx:37:1)
    at <unknown> (./app/anchor-in-kolkata/layout.jsx:1:1)
    at <unknown> (./app/anchor-in-kota/layout.jsx:1:1)
    at <unknown> (./app/anchor-in-kumbhalgarh/layout.jsx:1:1)
    at <unknown> (./app/anchor-in-kumbhalgarh/page.jsx:37:1)
    at <unknown> (./app/anchor-in-manali/layout.jsx:1:1)
    at <unknown> (./app/anchor-in-mandawa/layout.jsx:1:1)
    at <unknown> (./app/anchor-in-mount-abu/layout.jsx:1:1)
    at <unknown> (./app/anchor-in-mumbai/layout.jsx:1:1)
    at <unknown> (./app/anchor-in-mumbai/page.jsx:38:1)
    at <unknown> (./app/anchor-in-mussoorie/layout.jsx:1:1)
    at <unknown> (./app/anchor-in-nainital/layout.jsx:1:1)
    at <unknown> (./app/anchor-in-neemrana/layout.jsx:1:1)
    at <unknown> (./app/anchor-in-ooty/layout.jsx:1:1)
    at <unknown> (./app/anchor-in-pushkar/layout.jsx:1:1)
    at <unknown> (./app/anchor-in-rajasthan/layout.jsx:1:1)
    at <unknown> (./app/anchor-in-rajasthan/page.jsx:36:1)
    at <unknown> (./app/anchor-in-ranthambore/layout.jsx:1:1)
    at <unknown> (./app/anchor-in-rishikesh/layout.jsx:1:1)
    at <unknown> (./app/anchor-in-shimla/layout.jsx:1:1)
    at <unknown> (./app/anchor-in-udaipur/layout.jsx:1:1)
    at <unknown> (./app/anchor-in-udaipur/page.jsx:36:1)
    at <unknown> (./app/anchor-in-varanasi/layout.jsx:1:1)
    at <unknown> (./app/artist-management-jaipur/page.jsx:30:1)
    at <unknown> (./app/award-night-anchor-jaipur/layout.jsx:1:1)
    at <unknown> (./app/best-anchor-in-jaipur/layout.jsx:1:1)
    at <unknown> (./app/best-anchor-in-jaipur/page.jsx:42:1)
    at <unknown> (./app/blog/[slug]/layout.jsx:14:24)
    at <unknown> (./app/blog/[slug]/page.jsx:14:1)
    at <unknown> (./app/blog/page.jsx:3:33)
    at <unknown> (./app/celebrity-public-events-host/layout.jsx:1:1)
    at <unknown> (./app/celebrity-public-events-host/page.jsx:33:1)
    at <unknown> (./app/contact/layout.jsx:1:1)
    at <unknown> (./app/contact/page.jsx:22:1)
    at <unknown> (./app/corporate-event-anchor-jaipur/layout.jsx:1:1)
    at <unknown> (./app/corporate-event-anchor-jaipur/page.jsx:35:1)
    at <unknown> (./app/destination-wedding-anchor/layout.jsx:1:1)
    at <unknown> (./app/destination-wedding-anchor/layout.jsx:1:1)
    at <unknown> (./app/destination-wedding-anchor/page.jsx:32:1)
    at <unknown> (./app/engagement-roka-ceremony-anchor/layout.jsx:1:1)
    at <unknown> (./app/engagement-roka-ceremony-anchor/layout.jsx:1:1)
    at <unknown> (./app/event-designing/layout.jsx:1:1)
    at <unknown> (./app/event-designing/page.jsx:33:1)
    at <unknown> (./app/event-management-jaipur/layout.jsx:1:1)
    at <unknown> (./app/event-management-jaipur/page.jsx:31:1)
    at <unknown> (./app/event-planning-jaipur/page.jsx:19:33)
    at <unknown> (./app/haldi-anchor-jaipur/page.jsx:31:1)
    at <unknown> (./app/layout.tsx:1:1)
    at <unknown> (./app/mehendi-anchor-jaipur/layout.jsx:1:1)
    at <unknown> (./app/mehendi-anchor-jaipur/page.jsx:34:1)
    at <unknown> (./app/page.jsx:28:1)
    at <unknown> (./app/portfolio/page.jsx:17:1)
    at <unknown> (./app/sangeet-anchor-jaipur/layout.jsx:1:1)
    at <unknown> (./app/sangeet-anchor-jaipur/page.jsx:33:1)
    at <unknown> (./app/team-building-host/layout.jsx:1:1)
    at <unknown> (./app/team-building-host/page.jsx:30:1)
    at <unknown> (./app/wedding-anchor-jaipur/layout.jsx:1:1)
    at <unknown> (./app/wedding-anchor-jaipur/layout.jsx:1:1)
    at <unknown> (./app/wedding-anchor-jaipur/page.jsx:30:1)
    at <unknown> (./app/wedding-planning-jaipur/layout.jsx:1:1)
    at <unknown> (./app/wedding-planning-jaipur/layout.jsx:1:1)
    at <unknown> (./app/wedding-planning-jaipur/page.jsx:34:1)
    at <unknown> (./app/anchor-in-agra/page.jsx:31:1)
    at <unknown> (./app/anchor-in-agra/page.jsx:31:1)
    at <unknown> (./app/anchor-in-ajmer/page.jsx:33:1)
    at <unknown> (./app/anchor-in-ajmer/page.jsx:33:1)
    at <unknown> (./app/anchor-in-alibaug/page.jsx:32:1)
    at <unknown> (./app/anchor-in-alibaug/page.jsx:32:1)
    at <unknown> (./app/anchor-in-andaman/page.jsx:32:1)
    at <unknown> (./app/anchor-in-andaman/page.jsx:32:1)
    at <unknown> (./app/anchor-in-bangalore/page.jsx:30:1)
    at <unknown> (./app/anchor-in-bangalore/page.jsx:30:1)
    at <unknown> (./app/anchor-in-bharatpur/page.jsx:30:1)
    at <unknown> (./app/anchor-in-bharatpur/page.jsx:30:1)
    at <unknown> (./app/anchor-in-bikaner/page.jsx:30:1)
    at <unknown> (./app/anchor-in-bikaner/page.jsx:30:1)
    at <unknown> (./app/anchor-in-chennai/page.jsx:31:1)
    at <unknown> (./app/anchor-in-chennai/page.jsx:31:1)
    at <unknown> (./app/anchor-in-chittorgarh/page.jsx:30:1)
    at <unknown> (./app/anchor-in-chittorgarh/page.jsx:30:1)
    at <unknown> (./app/anchor-in-coorg/page.jsx:31:1)
    at <unknown> (./app/anchor-in-coorg/page.jsx:31:1)
    at <unknown> (./app/anchor-in-dharamshala/page.jsx:31:1)
    at <unknown> (./app/anchor-in-dharamshala/page.jsx:31:1)
    at <unknown> (./app/anchor-in-goa/page.jsx:31:1)
    at <unknown> (./app/anchor-in-goa/page.jsx:31:1)
    at <unknown> (./app/anchor-in-haridwar/page.jsx:31:1)
    at <unknown> (./app/anchor-in-haridwar/page.jsx:31:1)
    at <unknown> (./app/anchor-in-hyderabad/page.jsx:32:1)
    at <unknown> (./app/anchor-in-hyderabad/page.jsx:32:1)
    at <unknown> (./app/anchor-in-jaisalmer/page.jsx:31:1)
    at <unknown> (./app/anchor-in-jaisalmer/page.jsx:31:1)
    at <unknown> (./app/anchor-in-kolkata/page.jsx:32:1)
    at <unknown> (./app/anchor-in-kolkata/page.jsx:32:1)
    at <unknown> (./app/anchor-in-kota/page.jsx:30:1)
    at <unknown> (./app/anchor-in-kota/page.jsx:30:1)
    at <unknown> (./app/anchor-in-manali/page.jsx:31:1)
    at <unknown> (./app/anchor-in-manali/page.jsx:31:1)
    at <unknown> (./app/anchor-in-mandawa/page.jsx:30:1)
    at <unknown> (./app/anchor-in-mandawa/page.jsx:30:1)
    at <unknown> (./app/anchor-in-mount-abu/page.jsx:30:1)
    at <unknown> (./app/anchor-in-mount-abu/page.jsx:30:1)
    at <unknown> (./app/anchor-in-mussoorie/page.jsx:30:1)
    at <unknown> (./app/anchor-in-mussoorie/page.jsx:30:1)
    at <unknown> (./app/anchor-in-nainital/page.jsx:32:1)
    at <unknown> (./app/anchor-in-nainital/page.jsx:32:1)
    at <unknown> (./app/anchor-in-neemrana/page.jsx:32:1)
    at <unknown> (./app/anchor-in-neemrana/page.jsx:32:1)
    at <unknown> (./app/anchor-in-ooty/page.jsx:31:1)
    at <unknown> (./app/anchor-in-ooty/page.jsx:31:1)
    at <unknown> (./app/anchor-in-pushkar/page.jsx:32:1)
    at <unknown> (./app/anchor-in-pushkar/page.jsx:32:1)
    at <unknown> (./app/anchor-in-ranthambore/page.jsx:30:1)
    at <unknown> (./app/anchor-in-ranthambore/page.jsx:30:1)
    at <unknown> (./app/anchor-in-rishikesh/page.jsx:32:1)
    at <unknown> (./app/anchor-in-rishikesh/page.jsx:32:1)
    at <unknown> (./app/anchor-in-shimla/page.jsx:30:1)
    at <unknown> (./app/anchor-in-shimla/page.jsx:30:1)
    at <unknown> (./app/anchor-in-varanasi/page.jsx:31:1)
    at <unknown> (./app/anchor-in-varanasi/page.jsx:31:1)
    at <unknown> (./app/award-night-anchor-jaipur/page.jsx:27:1)
    at <unknown> (./app/award-night-anchor-jaipur/page.jsx:27:1)
    at <unknown> (./app/engagement-roka-ceremony-anchor/page.jsx:29:1)
    at <unknown> (./app/engagement-roka-ceremony-anchor/page.jsx:29:1)
    at <unknown> (./app/anchor-in-agra/page.jsx:31:1)
    at <unknown> (./app/anchor-in-agra/page.jsx:31:1)
    at <unknown> (./app/anchor-in-ajmer/page.jsx:33:1)
    at <unknown> (./app/anchor-in-ajmer/page.jsx:33:1)
    at <unknown> (./app/anchor-in-alibaug/page.jsx:32:1)
    at <unknown> (./app/anchor-in-alibaug/page.jsx:32:1)
    at <unknown> (./app/anchor-in-andaman/page.jsx:32:1)
    at <unknown> (./app/anchor-in-andaman/page.jsx:32:1)
    at <unknown> (./app/anchor-in-bangalore/page.jsx:30:1)
    at <unknown> (./app/anchor-in-bangalore/page.jsx:30:1)
    at <unknown> (./app/anchor-in-bharatpur/page.jsx:30:1)
    at <unknown> (./app/anchor-in-bharatpur/page.jsx:30:1)
    at <unknown> (./app/anchor-in-bikaner/page.jsx:30:1)
    at <unknown> (./app/anchor-in-bikaner/page.jsx:30:1)
    at <unknown> (./app/anchor-in-chennai/page.jsx:31:1)
    at <unknown> (./app/anchor-in-chennai/page.jsx:31:1)
    at <unknown> (./app/anchor-in-chittorgarh/page.jsx:30:1)
    at <unknown> (./app/anchor-in-chittorgarh/page.jsx:30:1)
    at <unknown> (./app/anchor-in-coorg/page.jsx:31:1)
    at <unknown> (./app/anchor-in-coorg/page.jsx:31:1)
    at <unknown> (./app/anchor-in-dharamshala/page.jsx:31:1)
    at <unknown> (./app/anchor-in-dharamshala/page.jsx:31:1)
    at <unknown> (./app/anchor-in-goa/page.jsx:31:1)
    at <unknown> (./app/anchor-in-goa/page.jsx:31:1)
    at <unknown> (./app/anchor-in-haridwar/page.jsx:31:1)
    at <unknown> (./app/anchor-in-haridwar/page.jsx:31:1)
    at <unknown> (./app/anchor-in-hyderabad/page.jsx:32:1)
    at <unknown> (./app/anchor-in-hyderabad/page.jsx:32:1)
    at <unknown> (./app/anchor-in-jaisalmer/page.jsx:31:1)
    at <unknown> (./app/anchor-in-jaisalmer/page.jsx:31:1)
    at <unknown> (./app/anchor-in-kolkata/page.jsx:32:1)
    at <unknown> (./app/anchor-in-kolkata/page.jsx:32:1)
    at <unknown> (./app/anchor-in-kota/page.jsx:30:1)
    at <unknown> (./app/anchor-in-kota/page.jsx:30:1)
    at <unknown> (./app/anchor-in-manali/page.jsx:31:1)
    at <unknown> (./app/anchor-in-manali/page.jsx:31:1)
    at <unknown> (./app/anchor-in-mandawa/page.jsx:30:1)
    at <unknown> (./app/anchor-in-mandawa/page.jsx:30:1)
    at <unknown> (./app/anchor-in-mount-abu/page.jsx:30:1)
    at <unknown> (./app/anchor-in-mount-abu/page.jsx:30:1)
    at <unknown> (./app/anchor-in-mussoorie/page.jsx:30:1)
    at <unknown> (./app/anchor-in-mussoorie/page.jsx:30:1)
    at <unknown> (./app/anchor-in-nainital/page.jsx:32:1)
    at <unknown> (./app/anchor-in-nainital/page.jsx:32:1)
    at <unknown> (./app/anchor-in-neemrana/page.jsx:32:1)
    at <unknown> (./app/anchor-in-neemrana/page.jsx:32:1)
    at <unknown> (./app/anchor-in-ooty/page.jsx:31:1)
    at <unknown> (./app/anchor-in-ooty/page.jsx:31:1)
    at <unknown> (./app/anchor-in-pushkar/page.jsx:32:1)
    at <unknown> (./app/anchor-in-pushkar/page.jsx:32:1)
    at <unknown> (./app/anchor-in-ranthambore/page.jsx:30:1)
    at <unknown> (./app/anchor-in-ranthambore/page.jsx:30:1)
    at <unknown> (./app/anchor-in-rishikesh/page.jsx:32:1)
    at <unknown> (./app/anchor-in-rishikesh/page.jsx:32:1)
    at <unknown> (./app/anchor-in-shimla/page.jsx:30:1)
    at <unknown> (./app/anchor-in-shimla/page.jsx:30:1)
    at <unknown> (./app/anchor-in-varanasi/page.jsx:31:1)
    at <unknown> (./app/anchor-in-varanasi/page.jsx:31:1)
    at <unknown> (./app/award-night-anchor-jaipur/page.jsx:27:1)
    at <unknown> (./app/award-night-anchor-jaipur/page.jsx:27:1)
    at <unknown> (./app/engagement-roka-ceremony-anchor/page.jsx:29:1)
    at <unknown> (./app/engagement-roka-ceremony-anchor/page.jsx:29:1)
